
Merging program properties

Removed property 0xc0000002 to merge main.o (0x3) and stage2.o (not found)
Removed property 0xc0000002 to merge main.o (not found) and data.o (0x3)
Removed property 0xc0000002 to merge main.o (not found) and stdlib.o (0x3)
Removed property 0xc0000002 to merge main.o (not found) and string.o (0x3)
Removed property 0xc0000002 to merge main.o (not found) and gui.o (0x3)
Removed property 0xc0000002 to merge main.o (not found) and font8x16.o (0x3)
Removed property 0xc0000002 to merge main.o (not found) and stdio.o (0x3)
Removed property 0xc0000002 to merge main.o (not found) and vsprintf.o (0x3)
Removed property 0xc0000002 to merge main.o (not found) and gdt.o (0x3)
Removed property 0xc0000002 to merge main.o (not found) and idt.o (0x3)
Removed property 0xc0000002 to merge main.o (not found) and exception.o (0x3)
Removed property 0xc0000002 to merge main.o (not found) and irq.o (0x3)
Removed property 0xc0000002 to merge main.o (not found) and pci.o (0x3)
Removed property 0xc0000002 to merge main.o (not found) and ata.o (0x3)
Removed property 0xc0000002 to merge main.o (not found) and ahci.o (0x3)
Removed property 0xc0000002 to merge main.o (not found) and storage.o (0x3)
Removed property 0xc0000002 to merge main.o (not found) and fs.o (0x3)
Removed property 0xc0000002 to merge main.o (not found) and cpuid.o (0x3)
Removed property 0xc0000002 to merge main.o (not found) and msr.o (0x3)
Removed property 0xc0000002 to merge main.o (not found) and paging.o (0x3)
Removed property 0xc0000002 to merge main.o (not found) and bootblock.o (0x3)
Removed property 0xc0000002 to merge main.o (not found) and pic.o (0x3)
Removed property 0xc0000002 to merge main.o (not found) and ps2.o (0x3)
Removed property 0xc0000002 to merge main.o (not found) and mouse.o (0x3)
Removed property 0xc0000002 to merge main.o (not found) and keyboard.o (0x3)
Removed property 0xc0000002 to merge main.o (not found) and ehci.o (0x3)
Removed property 0xc0000002 to merge main.o (not found) and bulk.o (0x3)
Removed property 0xc0000002 to merge main.o (not found) and hub.o (0x3)

Allocating common symbols
Common symbol       size              file

ata_record_channel  0x4               ata.o
mouse_x             0x4               mouse.o
count_mouse         0x4               mouse.o
td2                 0x4               ehci.o
key_buffer          0x2               keyboard.o
dv_uid              0x4               data.o
fs_directory        0x4000            fs.o
qh                  0x4               ehci.o
ATA_BAR1            0x4               main.o
ATA_BAR4            0x4               main.o
qh1                 0x4               ehci.o
td3                 0x4               ehci.o
gdtr1               0xa               gdt.o
gdt2                0x18              gdt.o
ehci_driver         0x4               ehci.o
dmaphys             0x4               ahci.o
CPUID_REQUEST       0x4               main.o
first_time          0x4               mouse.o
gui                 0x4               gui.o
ata_record_dev      0x4               ata.o
ata                 0x800             storage.o
ehci_pool           0x8000            ehci.o
gdtr2               0xa               gdt.o
ATA_BAR0            0x4               main.o
ATA_BAR3            0x4               main.o
qh3                 0x4               ehci.o
HBA_BASE            0x4               ahci.o
gdt1                0x18              gdt.o
buttons             0x1               mouse.o
idt                 0x800             idt.o
ehci_pool_start     0x4               ehci.o
idtr                0xa               idt.o
mouse               0x4               mouse.o
td1                 0x4               ehci.o
dv_num              0x1               data.o
qh2                 0x4               ehci.o
mouse_y             0x4               mouse.o
periodic_list       0x1000            ehci.o
ehci                0xc               ehci.o
hba_mem_space       0x4               ahci.o
ATA_BAR2            0x4               main.o
ATA_BAR5            0x4               main.o
sata_idtfy          0x200             ahci.o
cmd1                0x4               ehci.o

Discarded input sections

 .group         0x0000000000000000        0x8 main.o
 .note.gnu.property
                0x0000000000000000       0x1c main.o
 .group         0x0000000000000000        0x8 data.o
 .note.gnu.property
                0x0000000000000000       0x1c data.o
 .group         0x0000000000000000        0x8 stdlib.o
 .group         0x0000000000000000        0x8 stdlib.o
 .text.__x86.get_pc_thunk.ax
                0x0000000000000000        0x4 stdlib.o
 .text.__x86.get_pc_thunk.bx
                0x0000000000000000        0x4 stdlib.o
 .note.gnu.property
                0x0000000000000000       0x1c stdlib.o
 .group         0x0000000000000000        0x8 string.o
 .text.__x86.get_pc_thunk.ax
                0x0000000000000000        0x4 string.o
 .note.gnu.property
                0x0000000000000000       0x1c string.o
 .group         0x0000000000000000        0x8 gui.o
 .group         0x0000000000000000        0x8 gui.o
 .text.__x86.get_pc_thunk.ax
                0x0000000000000000        0x4 gui.o
 .text.__x86.get_pc_thunk.bx
                0x0000000000000000        0x4 gui.o
 .note.gnu.property
                0x0000000000000000       0x1c gui.o
 .note.gnu.property
                0x0000000000000000       0x1c font8x16.o
 .group         0x0000000000000000        0x8 stdio.o
 .group         0x0000000000000000        0x8 stdio.o
 .group         0x0000000000000000        0x8 stdio.o
 .text.__x86.get_pc_thunk.ax
                0x0000000000000000        0x4 stdio.o
 .text.__x86.get_pc_thunk.bx
                0x0000000000000000        0x4 stdio.o
 .note.gnu.property
                0x0000000000000000       0x1c stdio.o
 .group         0x0000000000000000        0x8 vsprintf.o
 .group         0x0000000000000000        0x8 vsprintf.o
 .text.__x86.get_pc_thunk.ax
                0x0000000000000000        0x4 vsprintf.o
 .text.__x86.get_pc_thunk.bx
                0x0000000000000000        0x4 vsprintf.o
 .note.gnu.property
                0x0000000000000000       0x1c vsprintf.o
 .group         0x0000000000000000        0x8 gdt.o
 .group         0x0000000000000000        0x8 gdt.o
 .text.__x86.get_pc_thunk.ax
                0x0000000000000000        0x4 gdt.o
 .text.__x86.get_pc_thunk.bx
                0x0000000000000000        0x4 gdt.o
 .note.gnu.property
                0x0000000000000000       0x1c gdt.o
 .group         0x0000000000000000        0x8 idt.o
 .group         0x0000000000000000        0x8 idt.o
 .text.__x86.get_pc_thunk.ax
                0x0000000000000000        0x4 idt.o
 .text.__x86.get_pc_thunk.bx
                0x0000000000000000        0x4 idt.o
 .note.gnu.property
                0x0000000000000000       0x1c idt.o
 .group         0x0000000000000000        0x8 exception.o
 .text.__x86.get_pc_thunk.bx
                0x0000000000000000        0x4 exception.o
 .note.gnu.property
                0x0000000000000000       0x1c exception.o
 .group         0x0000000000000000        0x8 irq.o
 .group         0x0000000000000000        0x8 irq.o
 .text.__x86.get_pc_thunk.ax
                0x0000000000000000        0x4 irq.o
 .text.__x86.get_pc_thunk.bx
                0x0000000000000000        0x4 irq.o
 .note.gnu.property
                0x0000000000000000       0x1c irq.o
 .group         0x0000000000000000        0x8 pci.o
 .group         0x0000000000000000        0x8 pci.o
 .text.__x86.get_pc_thunk.ax
                0x0000000000000000        0x4 pci.o
 .text.__x86.get_pc_thunk.bx
                0x0000000000000000        0x4 pci.o
 .note.gnu.property
                0x0000000000000000       0x1c pci.o
 .group         0x0000000000000000        0x8 ata.o
 .group         0x0000000000000000        0x8 ata.o
 .group         0x0000000000000000        0x8 ata.o
 .text.__x86.get_pc_thunk.ax
                0x0000000000000000        0x4 ata.o
 .text.__x86.get_pc_thunk.cx
                0x0000000000000000        0x4 ata.o
 .text.__x86.get_pc_thunk.bx
                0x0000000000000000        0x4 ata.o
 .note.gnu.property
                0x0000000000000000       0x1c ata.o
 .group         0x0000000000000000        0x8 ahci.o
 .group         0x0000000000000000        0x8 ahci.o
 .group         0x0000000000000000        0x8 ahci.o
 .text.__x86.get_pc_thunk.ax
                0x0000000000000000        0x4 ahci.o
 .text.__x86.get_pc_thunk.bx
                0x0000000000000000        0x4 ahci.o
 .note.gnu.property
                0x0000000000000000       0x1c ahci.o
 .group         0x0000000000000000        0x8 storage.o
 .text.__x86.get_pc_thunk.bx
                0x0000000000000000        0x4 storage.o
 .note.gnu.property
                0x0000000000000000       0x1c storage.o
 .group         0x0000000000000000        0x8 fs.o
 .group         0x0000000000000000        0x8 fs.o
 .group         0x0000000000000000        0x8 fs.o
 .text.__x86.get_pc_thunk.ax
                0x0000000000000000        0x4 fs.o
 .text.__x86.get_pc_thunk.cx
                0x0000000000000000        0x4 fs.o
 .text.__x86.get_pc_thunk.bx
                0x0000000000000000        0x4 fs.o
 .note.gnu.property
                0x0000000000000000       0x1c fs.o
 .group         0x0000000000000000        0x8 cpuid.o
 .text.__x86.get_pc_thunk.ax
                0x0000000000000000        0x4 cpuid.o
 .note.gnu.property
                0x0000000000000000       0x1c cpuid.o
 .group         0x0000000000000000        0x8 msr.o
 .text.__x86.get_pc_thunk.ax
                0x0000000000000000        0x4 msr.o
 .note.gnu.property
                0x0000000000000000       0x1c msr.o
 .group         0x0000000000000000        0x8 paging.o
 .group         0x0000000000000000        0x8 paging.o
 .text.__x86.get_pc_thunk.ax
                0x0000000000000000        0x4 paging.o
 .note.gnu.property
                0x0000000000000000       0x1c paging.o
 .group         0x0000000000000000        0x8 bootblock.o
 .text.__x86.get_pc_thunk.bx
                0x0000000000000000        0x4 bootblock.o
 .note.gnu.property
                0x0000000000000000       0x1c bootblock.o
 .group         0x0000000000000000        0x8 pic.o
 .text.__x86.get_pc_thunk.ax
                0x0000000000000000        0x4 pic.o
 .note.gnu.property
                0x0000000000000000       0x1c pic.o
 .group         0x0000000000000000        0x8 ps2.o
 .text.__x86.get_pc_thunk.ax
                0x0000000000000000        0x4 ps2.o
 .note.gnu.property
                0x0000000000000000       0x1c ps2.o
 .group         0x0000000000000000        0x8 mouse.o
 .group         0x0000000000000000        0x8 mouse.o
 .text.__x86.get_pc_thunk.ax
                0x0000000000000000        0x4 mouse.o
 .text.__x86.get_pc_thunk.bx
                0x0000000000000000        0x4 mouse.o
 .note.gnu.property
                0x0000000000000000       0x1c mouse.o
 .group         0x0000000000000000        0x8 keyboard.o
 .group         0x0000000000000000        0x8 keyboard.o
 .text.__x86.get_pc_thunk.ax
                0x0000000000000000        0x4 keyboard.o
 .text.__x86.get_pc_thunk.cx
                0x0000000000000000        0x4 keyboard.o
 .note.gnu.property
                0x0000000000000000       0x1c keyboard.o
 .group         0x0000000000000000        0x8 ehci.o
 .group         0x0000000000000000        0x8 ehci.o
 .text.__x86.get_pc_thunk.ax
                0x0000000000000000        0x4 ehci.o
 .text.__x86.get_pc_thunk.bx
                0x0000000000000000        0x4 ehci.o
 .note.gnu.property
                0x0000000000000000       0x1c ehci.o
 .group         0x0000000000000000        0x8 bulk.o
 .text.__x86.get_pc_thunk.ax
                0x0000000000000000        0x4 bulk.o
 .note.gnu.property
                0x0000000000000000       0x1c bulk.o
 .group         0x0000000000000000        0x8 hub.o
 .text.__x86.get_pc_thunk.bx
                0x0000000000000000        0x4 hub.o
 .note.gnu.property
                0x0000000000000000       0x1c hub.o

Memory Configuration

Name             Origin             Length             Attributes
*default*        0x0000000000000000 0xffffffffffffffff

Linker script and memory map

                0x0000000000011000                . = 0x11000
                0x0000000000011000                _start = .

.text           0x0000000000011000     0x9000
                0x0000000000011000                code = .
                0x0000000000011000                _code = .
                0x0000000000011000                __code = .
                0x0000000000011000                code = .
 *(.text)
 .text          0x0000000000011000       0xd1 stage2.o
                0x0000000000011027                gdt_flush
                0x000000000001104f                idt_flush
                0x000000000001105d                long_mode
                0x000000000001107a                file_sector_count
 .text          0x00000000000110d1      0x2c2 main.o
                0x00000000000110d1                main
 .text          0x0000000000011393       0x41 data.o
                0x0000000000011393                wait
 .text          0x00000000000113d4      0x279 stdlib.o
                0x00000000000113d4                initialize_heap
                0x00000000000113f3                malloc
                0x0000000000011426                free
                0x000000000001143a                i2hex
                0x0000000000011541                itoa
 .text          0x000000000001164d      0x11d string.o
                0x000000000001164d                memset
                0x0000000000011693                memcpy
                0x00000000000116e4                strcpy
                0x0000000000011738                strlen
 .text          0x000000000001176a      0x592 gui.o
                0x000000000001176a                initialize_gui
                0x0000000000011964                put_pixel
                0x00000000000119a5                put_pixel_buff
                0x0000000000011a0c                refresh_rate
                0x0000000000011a79                clears_creen
                0x0000000000011af6                draw_char_transparent
                0x0000000000011ba0                glyph
 .text          0x0000000000011cfc        0x0 font8x16.o
 .text          0x0000000000011cfc      0x3f8 stdio.o
                0x0000000000011cfc                putchar
                0x0000000000011d26                puts
                0x0000000000011d86                printf
                0x0000000000011df4                fopen
                0x0000000000011e38                fclose
                0x0000000000011e62                rewind
                0x0000000000011ead                fseek
                0x0000000000011f55                ftell
                0x0000000000011f7b                fgetc
                0x000000000001206a                fread
 .text          0x00000000000120f4      0x234 vsprintf.o
                0x000000000001213c                vsprintf
 .text          0x0000000000012328      0x436 gdt.o
                0x00000000000125a8                gdt_install
                0x0000000000012683                gdt_execute_long_mode
 .text          0x000000000001275e      0x264 idt.o
                0x00000000000128c5                idt_install
                0x0000000000012938                trap
                0x000000000001297d                interrupter
 *fill*         0x00000000000129c2        0xe 
 .text          0x00000000000129d0      0x308 vetor.o
                0x0000000000012a03                isr00
                0x0000000000012a12                isr01
                0x0000000000012a21                isr02
                0x0000000000012a30                isr03
                0x0000000000012a3f                isr04
                0x0000000000012a4e                isr05
                0x0000000000012a5d                isr06
                0x0000000000012a6c                isr07
                0x0000000000012a7b                isr08
                0x0000000000012a85                isr09
                0x0000000000012a94                isr10
                0x0000000000012a9e                isr11
                0x0000000000012aa8                isr12
                0x0000000000012ab2                isr13
                0x0000000000012abc                isr14
                0x0000000000012ac6                isr15
                0x0000000000012ad5                isr16
                0x0000000000012ae4                isr17
                0x0000000000012aee                isr18
                0x0000000000012afd                isr19
                0x0000000000012b0c                isr20
                0x0000000000012b1b                isr21
                0x0000000000012b2a                isr22
                0x0000000000012b39                isr23
                0x0000000000012b48                isr24
                0x0000000000012b57                isr25
                0x0000000000012b66                isr26
                0x0000000000012b75                isr27
                0x0000000000012b84                isr28
                0x0000000000012b93                isr29
                0x0000000000012ba2                isr30
                0x0000000000012bb1                isr31
                0x0000000000012bc0                irq00
                0x0000000000012bfd                irq01
                0x0000000000012c0c                irq02
                0x0000000000012c1b                irq03
                0x0000000000012c2a                irq04
                0x0000000000012c39                irq05
                0x0000000000012c48                irq06
                0x0000000000012c51                irq07
                0x0000000000012c60                irq08
                0x0000000000012c6f                irq09
                0x0000000000012c7e                irq10
                0x0000000000012c8d                irq11
                0x0000000000012c9c                irq12
                0x0000000000012cab                irq13
                0x0000000000012cba                irq14
                0x0000000000012cc9                irq15
 .text          0x0000000000012cd8      0x31a exception.o
                0x0000000000012cd8                exceptions_install
                0x0000000000012f94                fault_exception
 .text          0x0000000000012ff2      0x2f7 irq.o
                0x0000000000012ff2                irq_install
                0x0000000000013163                default_irq
                0x0000000000013177                irq11_handler
                0x000000000001319a                irq_function
                0x00000000000131ef                irq_enable
                0x000000000001326d                irq_disable
 .text          0x00000000000132e9      0x6a2 pci.o
                0x00000000000132e9                read_pci_config_addr
                0x0000000000013349                write_pci_config_addr
                0x00000000000133a2                pci_read_config_dword
                0x0000000000013402                pci_write_config_dword
                0x000000000001345b                pci_get_info
                0x0000000000013598                pci_scan_bcc
                0x0000000000013668                pci_scan_class
                0x0000000000013746                pci_scan_bcc_scc
                0x0000000000013827                pci_scan_bcc_scc_prog
                0x000000000001391d                pci_scan_vendor
                0x000000000001393f                pci_check_vendor
                0x0000000000013961                pci_size
 .text          0x000000000001398b     0x15ba ata.o
                0x000000000001398b                ata_wait
                0x0000000000013a1f                ata_status_read
                0x0000000000013a59                ata_wait_not_busy
                0x0000000000013aa0                ata_wait_busy
                0x0000000000013ae7                ata_wait_no_drq
                0x0000000000013b2c                ata_wait_drq
                0x0000000000013b71                ata_cmd_write
                0x0000000000013bbb                ata_soft_reset
                0x0000000000013c36                ata_pio_read
                0x0000000000013c70                ata_pio_write
                0x00000000000148d7                ata_read_sector
                0x0000000000014a41                ata_write_sector
                0x0000000000014bf7                ata_initialize
 .text          0x0000000000014f45     0x1326 ahci.o
                0x0000000000014f45                ahci_initialize
                0x0000000000015fe3                sata_read_sector
                0x0000000000016127                sata_write_sector
 .text          0x000000000001626b      0x1c6 storage.o
                0x000000000001626b                read_sector
                0x000000000001634e                write_sector
 .text          0x0000000000016431      0x6de fs.o
                0x0000000000016431                filename_cmp
                0x00000000000164da                read_super_block
                0x000000000001651a                read_directory_entry
                0x000000000001661f                open_file_r
                0x00000000000168ab                open_file
                0x00000000000169b0                file_close
                0x0000000000016a5b                file_read_block
 .text          0x0000000000016b0f      0x19c cpuid.o
                0x0000000000016b0f                cpuid_vendor
                0x0000000000016b60                cpuid_processor_brand
                0x0000000000016c2e                cpuid
                0x0000000000016c57                cpuid_string
 .text          0x0000000000016cab       0x78 msr.o
                0x0000000000016cab                getmsr
                0x0000000000016cd6                setmsr
 .text          0x0000000000016d23      0x64c paging.o
                0x0000000000016d23                load_pae_page_directory_pointer_table
                0x0000000000016d53                load_pml4_table
                0x0000000000016d6d                enable_pae
                0x0000000000016d8a                page_enable
                0x0000000000016da9                page_install
 .text          0x000000000001736f       0xda bootblock.o
                0x000000000001736f                cof_bootblock
 .text          0x0000000000017449       0x82 pic.o
                0x0000000000017449                pic_install
 .text          0x00000000000174cb       0xa1 ps2.o
                0x00000000000174cb                kbdc_wait
                0x0000000000017545                kbdc_set_cmd
 .text          0x000000000001756c      0x523 mouse.o
                0x000000000001756c                mouse_write
                0x00000000000175bd                mouse_read
                0x00000000000175f5                MOUSE_BAT_TEST
                0x000000000001763f                mouse_install
                0x00000000000177b9                mouse_handler
 .text          0x0000000000017a8f      0x1c7 keyboard.o
                0x0000000000017a8f                keyboard_read
                0x0000000000017ac7                keyboard_write
                0x0000000000017b01                KEYBOARD_BAT_TEST
                0x0000000000017b4b                keyboard_install
                0x0000000000017b75                keyboard_handler
 .text          0x0000000000017c56      0xe5a ehci.o
                0x0000000000017c56                ehci_memset
                0x0000000000017d2f                ehc_malloc
                0x0000000000017d75                ehci_start
                0x0000000000017daa                ehci_stop
                0x0000000000017ddf                ehci_periodic_schedule_enable
                0x0000000000017e04                ehci_periodic_schedule_disable
                0x0000000000017e29                ehci_asynchronous_schedule_enable
                0x0000000000017e5d                ehci_asynchronous_schedule_disable
                0x0000000000017e82                ehci_reset
                0x0000000000017f89                ehci_init
                0x00000000000182fc                ehci_sondagem
                0x00000000000183ce                ehci_port_init
                0x00000000000185c1                ehci_set_device_address
                0x00000000000186f3                ehci_get_device_descriptor
                0x000000000001884b                ehci_set_device_configuration
                0x0000000000018984                ehci_handler
 .text          0x0000000000018ab0      0x29b bulk.o
                0x0000000000018ab0                ehci_wait_for_completion
                0x0000000000018bb2                ehci_int_td
                0x0000000000018c58                ehci_init_qh
 .text          0x0000000000018d4b      0x9dd hub.o
                0x0000000000018d4b                usb_hub_init
                0x0000000000019077                usb_control_msg
                0x00000000000191a1                ehci_recieve_bulk
                0x000000000001936a                ehci_send_bulk
                0x000000000001950a                usb_stick_send_and_recieve_scsi_command
                0x000000000001a000                . = ALIGN (0x1000)
 *fill*         0x0000000000019728      0x8d8 

.iplt           0x000000000001a000        0x0
 .iplt          0x000000000001a000        0x0 stage2.o

.text.__x86.get_pc_thunk.bx
                0x000000000001a000        0x4
 .text.__x86.get_pc_thunk.bx
                0x000000000001a000        0x4 main.o
                0x000000000001a000                __x86.get_pc_thunk.bx

.text.__x86.get_pc_thunk.ax
                0x000000000001a004        0x4
 .text.__x86.get_pc_thunk.ax
                0x000000000001a004        0x4 data.o
                0x000000000001a004                __x86.get_pc_thunk.ax

.text.__x86.get_pc_thunk.cx
                0x000000000001a008        0x4
 .text.__x86.get_pc_thunk.cx
                0x000000000001a008        0x4 stdio.o
                0x000000000001a008                __x86.get_pc_thunk.cx

.text.__x86.get_pc_thunk.dx
                0x000000000001a00c        0x4
 .text.__x86.get_pc_thunk.dx
                0x000000000001a00c        0x4 ahci.o
                0x000000000001a00c                __x86.get_pc_thunk.dx

.text.__x86.get_pc_thunk.di
                0x000000000001a010        0x4
 .text.__x86.get_pc_thunk.di
                0x000000000001a010        0x4 paging.o
                0x000000000001a010                __x86.get_pc_thunk.di

.data           0x000000000001a020     0x3fe0
                0x000000000001a020                data = .
                0x000000000001a020                _data = .
                0x000000000001a020                __data = .
 *(.data)
 .data          0x000000000001a020        0x0 main.o
 .data          0x000000000001a020        0x0 data.o
 .data          0x000000000001a020        0x0 stdlib.o
 .data          0x000000000001a020        0x0 string.o
 .data          0x000000000001a020        0x0 gui.o
 .data          0x000000000001a020     0x1000 font8x16.o
                0x000000000001a020                font8x16
 .data          0x000000000001b020        0x0 stdio.o
 .data          0x000000000001b020        0x0 vsprintf.o
 .data          0x000000000001b020        0x0 gdt.o
 .data          0x000000000001b020        0x0 idt.o
 .data          0x000000000001b020        0x0 exception.o
 .data          0x000000000001b020        0x0 irq.o
 .data          0x000000000001b020        0x0 pci.o
 .data          0x000000000001b020        0x0 ata.o
 .data          0x000000000001b020        0x0 ahci.o
 .data          0x000000000001b020        0x0 storage.o
 .data          0x000000000001b020        0x0 fs.o
 .data          0x000000000001b020        0x0 cpuid.o
 .data          0x000000000001b020        0x0 msr.o
 .data          0x000000000001b020       0x10 paging.o
                0x000000000001b020                pml4e
                0x000000000001b024                pdpte
                0x000000000001b028                pae_pde
                0x000000000001b02c                pae_pte
 .data          0x000000000001b030        0x0 bootblock.o
 .data          0x000000000001b030        0x0 pic.o
 .data          0x000000000001b030        0x0 ps2.o
 .data          0x000000000001b030        0xc mouse.o
                0x000000000001b038                speed
 .data          0x000000000001b03c        0x0 keyboard.o
 .data          0x000000000001b03c        0x0 ehci.o
 .data          0x000000000001b03c        0x0 bulk.o
 .data          0x000000000001b03c        0x0 hub.o
 *(.rodata)
 .rodata        0x000000000001b03c       0xd6 main.o
 *fill*         0x000000000001b112        0x2 
 .rodata        0x000000000001b114       0x88 vsprintf.o
 .rodata        0x000000000001b19c      0x3d8 exception.o
 .rodata        0x000000000001b574     0x1532 pci.o
 *fill*         0x000000000001caa6        0x2 
 .rodata        0x000000000001caa8      0x1c9 ata.o
 *fill*         0x000000000001cc71        0x3 
 .rodata        0x000000000001cc74       0xdb ahci.o
 .rodata        0x000000000001cd4f       0x1d mouse.o
 *fill*         0x000000000001cd6c       0x14 
 .rodata        0x000000000001cd80      0x200 keyboard.o
                0x000000000001cd80                ascii_minusculas
                0x000000000001ce80                ascii_maiusculas
 .rodata        0x000000000001cf80      0x39f ehci.o
 *fill*         0x000000000001d31f        0x1 
 .rodata        0x000000000001d320       0xd9 bulk.o
 *fill*         0x000000000001d3f9        0x3 
 .rodata        0x000000000001d3fc      0x31f hub.o
                0x000000000001e000                . = ALIGN (0x1000)
 *fill*         0x000000000001d71b      0x8e5 

.got            0x000000000001e000        0x0
 .got           0x000000000001e000        0x0 stage2.o

.got.plt        0x000000000001e000        0xc
 .got.plt       0x000000000001e000        0xc stage2.o
                0x000000000001e000                _GLOBAL_OFFSET_TABLE_

.igot.plt       0x000000000001e00c        0x0
 .igot.plt      0x000000000001e00c        0x0 stage2.o

.data.rel.local
                0x000000000001e020      0xcac
 .data.rel.local
                0x000000000001e020       0x80 exception.o
                0x000000000001e020                exception_mensagem
 .data.rel.local
                0x000000000001e0a0      0xc00 pci.o
                0x000000000001e0a0                pci_classes
                0x000000000001e4a0                pci_class_names
 .data.rel.local
                0x000000000001eca0       0x1c ahci.o
                0x000000000001eca0                ahci_type
 .data.rel.local
                0x000000000001ecbc       0x10 mouse.o
                0x000000000001ecbc                id_mouse_strings

.data.rel       0x000000000001ece0       0x40
 .data.rel      0x000000000001ece0       0x40 irq.o

.bss            0x000000000001f000    0x1a000
                0x000000000001f000                bss = .
                0x000000000001f000                _bss = .
                0x000000000001f000                __bss = .
 *(.bss)
 .bss           0x000000000001f000     0x8000 stage2.o
 .bss           0x0000000000027000        0x0 main.o
 .bss           0x0000000000027000        0x4 data.o
                0x0000000000027000                heap
 .bss           0x0000000000027004        0x0 stdlib.o
 .bss           0x0000000000027004        0x0 string.o
 .bss           0x0000000000027004        0x0 gui.o
 .bss           0x0000000000027004        0x0 font8x16.o
 .bss           0x0000000000027004        0x0 stdio.o
 .bss           0x0000000000027004        0x0 vsprintf.o
 .bss           0x0000000000027004        0x0 gdt.o
 .bss           0x0000000000027004        0x0 idt.o
 .bss           0x0000000000027004        0x0 exception.o
 .bss           0x0000000000027004        0x0 irq.o
 .bss           0x0000000000027004        0x0 pci.o
 .bss           0x0000000000027004        0x4 ata.o
                0x0000000000027004                ata_pci
 .bss           0x0000000000027008        0x0 ahci.o
 .bss           0x0000000000027008        0x0 storage.o
 .bss           0x0000000000027008        0x0 fs.o
 .bss           0x0000000000027008        0x0 cpuid.o
 .bss           0x0000000000027008        0x0 msr.o
 .bss           0x0000000000027008        0x0 paging.o
 .bss           0x0000000000027008        0x0 bootblock.o
 .bss           0x0000000000027008        0x0 pic.o
 .bss           0x0000000000027008        0x0 ps2.o
 .bss           0x0000000000027008        0x5 mouse.o
                0x0000000000027008                mouse_position
 *fill*         0x000000000002700d        0x3 
 .bss           0x0000000000027010       0x10 keyboard.o
                0x0000000000027010                keyboard_charset
                0x0000000000027014                count
 .bss           0x0000000000027020        0x0 ehci.o
 .bss           0x0000000000027020        0x0 bulk.o
 .bss           0x0000000000027020        0x0 hub.o
 *(COMMON)
 COMMON         0x0000000000027020       0x1c main.o
                0x0000000000027020                ATA_BAR1
                0x0000000000027024                ATA_BAR4
                0x0000000000027028                CPUID_REQUEST
                0x000000000002702c                ATA_BAR0
                0x0000000000027030                ATA_BAR3
                0x0000000000027034                ATA_BAR2
                0x0000000000027038                ATA_BAR5
 COMMON         0x000000000002703c        0x5 data.o
                0x000000000002703c                dv_uid
                0x0000000000027040                dv_num
 *fill*         0x0000000000027041        0x3 
 COMMON         0x0000000000027044        0x4 gui.o
                0x0000000000027044                gui
 COMMON         0x0000000000027048       0x48 gdt.o
                0x0000000000027048                gdtr1
                0x0000000000027054                gdt2
                0x000000000002706c                gdtr2
                0x0000000000027078                gdt1
 *fill*         0x0000000000027090       0x10 
 COMMON         0x00000000000270a0      0x80a idt.o
                0x00000000000270a0                idt
                0x00000000000278a0                idtr
 *fill*         0x00000000000278aa        0x2 
 COMMON         0x00000000000278ac        0x8 ata.o
                0x00000000000278ac                ata_record_channel
                0x00000000000278b0                ata_record_dev
 *fill*         0x00000000000278b4        0xc 
 COMMON         0x00000000000278c0      0x220 ahci.o
                0x00000000000278c0                dmaphys
                0x00000000000278c4                HBA_BASE
                0x00000000000278c8                hba_mem_space
                0x00000000000278e0                sata_idtfy
 COMMON         0x0000000000027ae0      0x800 storage.o
                0x0000000000027ae0                ata
 COMMON         0x00000000000282e0     0x4000 fs.o
                0x00000000000282e0                fs_directory
 COMMON         0x000000000002c2e0       0x18 mouse.o
                0x000000000002c2e0                mouse_x
                0x000000000002c2e4                count_mouse
                0x000000000002c2e8                first_time
                0x000000000002c2ec                buttons
                0x000000000002c2f0                mouse
                0x000000000002c2f4                mouse_y
 COMMON         0x000000000002c2f8        0x2 keyboard.o
                0x000000000002c2f8                key_buffer
 *fill*         0x000000000002c2fa      0xd06 
 COMMON         0x000000000002d000     0xb010 ehci.o
                0x000000000002d000                td2
                0x000000000002d004                qh
                0x000000000002d008                qh1
                0x000000000002d00c                td3
                0x000000000002d010                ehci_driver
                0x000000000002e000                ehci_pool
                0x0000000000036000                qh3
                0x0000000000036004                ehci_pool_start
                0x0000000000036008                td1
                0x000000000003600c                qh2
                0x0000000000037000                periodic_list
                0x0000000000038000                ehci
                0x000000000003800c                cmd1
                0x0000000000039000                . = ALIGN (0x1000)
 *fill*         0x0000000000038010      0xff0 

.eh_frame       0x0000000000039000     0x2000
                0x0000000000039000                eh_frame = .
 *(.eh_frame)
 .eh_frame      0x0000000000039000       0x64 main.o
 .eh_frame      0x0000000000039064       0x34 data.o
                                         0x4c (size before relaxing)
 .eh_frame      0x0000000000039098       0xa4 stdlib.o
                                         0xe4 (size before relaxing)
 .eh_frame      0x000000000003913c       0x80 string.o
                                         0xac (size before relaxing)
 .eh_frame      0x00000000000391bc       0xfc gui.o
                                        0x13c (size before relaxing)
 .eh_frame      0x00000000000392b8      0x16c stdio.o
                                        0x1ac (size before relaxing)
 .eh_frame      0x0000000000039424       0x44 vsprintf.o
                                         0x84 (size before relaxing)
 .eh_frame      0x0000000000039468       0x78 gdt.o
                                         0xb8 (size before relaxing)
 .eh_frame      0x00000000000394e0       0x94 idt.o
                                         0xd4 (size before relaxing)
 .eh_frame      0x0000000000039574       0x40 exception.o
                                         0x6c (size before relaxing)
 .eh_frame      0x00000000000395b4       0xc8 irq.o
                                        0x108 (size before relaxing)
 .eh_frame      0x000000000003967c      0x184 pci.o
                                        0x1c4 (size before relaxing)
 .eh_frame      0x0000000000039800      0x270 ata.o
                                        0x2c4 (size before relaxing)
 .eh_frame      0x0000000000039a70      0x250 ahci.o
                                        0x290 (size before relaxing)
 .eh_frame      0x0000000000039cc0       0x58 storage.o
                                         0x84 (size before relaxing)
 .eh_frame      0x0000000000039d18      0x10c fs.o
                                        0x160 (size before relaxing)
 .eh_frame      0x0000000000039e24       0xac cpuid.o
                                         0xd8 (size before relaxing)
 .eh_frame      0x0000000000039ed0       0x40 msr.o
                                         0x6c (size before relaxing)
 .eh_frame      0x0000000000039f10       0xc8 paging.o
                                         0xf4 (size before relaxing)
 .eh_frame      0x0000000000039fd8       0x24 bootblock.o
                                         0x50 (size before relaxing)
 .eh_frame      0x0000000000039ffc       0x20 pic.o
                                         0x4c (size before relaxing)
 .eh_frame      0x000000000003a01c       0x40 ps2.o
                                         0x6c (size before relaxing)
 .eh_frame      0x000000000003a05c       0xdc mouse.o
                                        0x11c (size before relaxing)
 .eh_frame      0x000000000003a138       0xb0 keyboard.o
                                         0xf0 (size before relaxing)
 .eh_frame      0x000000000003a1e8      0x248 ehci.o
                                        0x288 (size before relaxing)
 .eh_frame      0x000000000003a430       0x64 bulk.o
                                         0x90 (size before relaxing)
 .eh_frame      0x000000000003a494       0xc0 hub.o
                                         0xec (size before relaxing)
                0x000000000003b000                . = ALIGN (0x1000)
 *fill*         0x000000000003a554      0xaac 
                0x000000000003b000                end = .
                0x000000000003b000                _end = .
                0x000000000003b000                __end = .
LOAD stage2.o
LOAD main.o
LOAD data.o
LOAD stdlib.o
LOAD string.o
LOAD gui.o
LOAD font8x16.o
LOAD stdio.o
LOAD vsprintf.o
LOAD gdt.o
LOAD idt.o
LOAD vetor.o
LOAD exception.o
LOAD irq.o
LOAD pci.o
LOAD ata.o
LOAD ahci.o
LOAD storage.o
LOAD fs.o
LOAD cpuid.o
LOAD msr.o
LOAD paging.o
LOAD bootblock.o
LOAD pic.o
LOAD ps2.o
LOAD mouse.o
LOAD keyboard.o
LOAD ehci.o
LOAD bulk.o
LOAD hub.o
OUTPUT(stage2.bin elf32-i386)

.rel.dyn        0x000000000003b000        0x0
 .rel.got       0x000000000003b000        0x0 stage2.o
 .rel.iplt      0x000000000003b000        0x0 stage2.o
 .rel.text      0x000000000003b000        0x0 stage2.o

.comment        0x0000000000000000       0x2a
 .comment       0x0000000000000000       0x2a main.o
                                         0x2b (size before relaxing)
 .comment       0x000000000000002a       0x2b data.o
 .comment       0x000000000000002a       0x2b stdlib.o
 .comment       0x000000000000002a       0x2b string.o
 .comment       0x000000000000002a       0x2b gui.o
 .comment       0x000000000000002a       0x2b font8x16.o
 .comment       0x000000000000002a       0x2b stdio.o
 .comment       0x000000000000002a       0x2b vsprintf.o
 .comment       0x000000000000002a       0x2b gdt.o
 .comment       0x000000000000002a       0x2b idt.o
 .comment       0x000000000000002a       0x2b exception.o
 .comment       0x000000000000002a       0x2b irq.o
 .comment       0x000000000000002a       0x2b pci.o
 .comment       0x000000000000002a       0x2b ata.o
 .comment       0x000000000000002a       0x2b ahci.o
 .comment       0x000000000000002a       0x2b storage.o
 .comment       0x000000000000002a       0x2b fs.o
 .comment       0x000000000000002a       0x2b cpuid.o
 .comment       0x000000000000002a       0x2b msr.o
 .comment       0x000000000000002a       0x2b paging.o
 .comment       0x000000000000002a       0x2b bootblock.o
 .comment       0x000000000000002a       0x2b pic.o
 .comment       0x000000000000002a       0x2b ps2.o
 .comment       0x000000000000002a       0x2b mouse.o
 .comment       0x000000000000002a       0x2b keyboard.o
 .comment       0x000000000000002a       0x2b ehci.o
 .comment       0x000000000000002a       0x2b bulk.o
 .comment       0x000000000000002a       0x2b hub.o

.note.GNU-stack
                0x0000000000000000        0x0
 .note.GNU-stack
                0x0000000000000000        0x0 main.o
 .note.GNU-stack
                0x0000000000000000        0x0 data.o
 .note.GNU-stack
                0x0000000000000000        0x0 stdlib.o
 .note.GNU-stack
                0x0000000000000000        0x0 string.o
 .note.GNU-stack
                0x0000000000000000        0x0 gui.o
 .note.GNU-stack
                0x0000000000000000        0x0 font8x16.o
 .note.GNU-stack
                0x0000000000000000        0x0 stdio.o
 .note.GNU-stack
                0x0000000000000000        0x0 vsprintf.o
 .note.GNU-stack
                0x0000000000000000        0x0 gdt.o
 .note.GNU-stack
                0x0000000000000000        0x0 idt.o
 .note.GNU-stack
                0x0000000000000000        0x0 exception.o
 .note.GNU-stack
                0x0000000000000000        0x0 irq.o
 .note.GNU-stack
                0x0000000000000000        0x0 pci.o
 .note.GNU-stack
                0x0000000000000000        0x0 ata.o
 .note.GNU-stack
                0x0000000000000000        0x0 ahci.o
 .note.GNU-stack
                0x0000000000000000        0x0 storage.o
 .note.GNU-stack
                0x0000000000000000        0x0 fs.o
 .note.GNU-stack
                0x0000000000000000        0x0 cpuid.o
 .note.GNU-stack
                0x0000000000000000        0x0 msr.o
 .note.GNU-stack
                0x0000000000000000        0x0 paging.o
 .note.GNU-stack
                0x0000000000000000        0x0 bootblock.o
 .note.GNU-stack
                0x0000000000000000        0x0 pic.o
 .note.GNU-stack
                0x0000000000000000        0x0 ps2.o
 .note.GNU-stack
                0x0000000000000000        0x0 mouse.o
 .note.GNU-stack
                0x0000000000000000        0x0 keyboard.o
 .note.GNU-stack
                0x0000000000000000        0x0 ehci.o
 .note.GNU-stack
                0x0000000000000000        0x0 bulk.o
 .note.GNU-stack
                0x0000000000000000        0x0 hub.o
