
Merging program properties

Removed property 0xc0000002 to merge main.o (0x3) and setup.o (not found)
Removed property 0xc0000002 to merge main.o (not found) and io.o (0x3)
Removed property 0xc0000002 to merge main.o (not found) and gdt.o (0x3)
Removed property 0xc0000002 to merge main.o (not found) and tss.o (0x3)
Removed property 0xc0000002 to merge main.o (not found) and idt.o (0x3)
Removed property 0xc0000002 to merge main.o (not found) and exception.o (0x3)
Removed property 0xc0000002 to merge main.o (not found) and data.o (0x3)
Removed property 0xc0000002 to merge main.o (not found) and server.o (0x3)
Removed property 0xc0000002 to merge main.o (not found) and smp.o (0x3)
Removed property 0xc0000002 to merge main.o (not found) and delay.o (0x3)
Removed property 0xc0000002 to merge main.o (not found) and paging.o (0x3)
Removed property 0xc0000002 to merge main.o (not found) and mm.o (0x3)
Removed property 0xc0000002 to merge main.o (not found) and cpuid.o (0x3)
Removed property 0xc0000002 to merge main.o (not found) and msr.o (0x3)
Removed property 0xc0000002 to merge main.o (not found) and lvt.o (0x3)
Removed property 0xc0000002 to merge main.o (not found) and irq.o (0x3)
Removed property 0xc0000002 to merge main.o (not found) and apic.o (0x3)
Removed property 0xc0000002 to merge main.o (not found) and ioapic.o (0x3)
Removed property 0xc0000002 to merge main.o (not found) and intr.o (0x3)
Removed property 0xc0000002 to merge main.o (not found) and sleep.o (0x3)
Removed property 0xc0000002 to merge main.o (not found) and thread.o (0x3)
Removed property 0xc0000002 to merge main.o (not found) and exectve.o (0x3)
Removed property 0xc0000002 to merge main.o (not found) and syscall.o (0x3)
Removed property 0xc0000002 to merge main.o (not found) and console.o (0x3)
Removed property 0xc0000002 to merge main.o (not found) and exit.o (0x3)
Removed property 0xc0000002 to merge main.o (not found) and sse.o (0x3)
Removed property 0xc0000002 to merge main.o (not found) and pci.o (0x3)
Removed property 0xc0000002 to merge main.o (not found) and i965.o (0x3)
Removed property 0xc0000002 to merge main.o (not found) and cursor.o (0x3)
Removed property 0xc0000002 to merge main.o (not found) and acpi.o (0x3)
Removed property 0xc0000002 to merge main.o (not found) and hpet.o (0x3)
Removed property 0xc0000002 to merge main.o (not found) and lpc.o (0x3)
Removed property 0xc0000002 to merge main.o (not found) and pit.o (0x3)
Removed property 0xc0000002 to merge main.o (not found) and ps2.o (0x3)
Removed property 0xc0000002 to merge main.o (not found) and mouse.o (0x3)
Removed property 0xc0000002 to merge main.o (not found) and keyboard.o (0x3)
Removed property 0xc0000002 to merge main.o (not found) and ahci.o (0x3)
Removed property 0xc0000002 to merge main.o (not found) and ide.o (0x3)
Removed property 0xc0000002 to merge main.o (not found) and storage.o (0x3)
Removed property 0xc0000002 to merge main.o (not found) and rtc.o (0x3)
Removed property 0xc0000002 to merge main.o (not found) and hda.o (0x3)
Removed property 0xc0000002 to merge main.o (not found) and speaker.o (0x3)
Removed property 0xc0000002 to merge main.o (not found) and e1000.o (0x3)
Removed property 0xc0000002 to merge main.o (not found) and ethernet.o (0x3)
Removed property 0xc0000002 to merge main.o (not found) and arp.o (0x3)
Removed property 0xc0000002 to merge main.o (not found) and udp.o (0x3)
Removed property 0xc0000002 to merge main.o (not found) and ipv4.o (0x3)
Removed property 0xc0000002 to merge main.o (not found) and dhcp.o (0x3)
Removed property 0xc0000002 to merge main.o (not found) and gui.o (0x3)
Removed property 0xc0000002 to merge main.o (not found) and compositor.o (0x3)
Removed property 0xc0000002 to merge main.o (not found) and font8x16.o (0x3)
Removed property 0xc0000002 to merge main.o (not found) and std.o (0x3)
Removed property 0xc0000002 to merge main.o (not found) and cfs.o (0x3)
Removed property 0xc0000002 to merge main.o (not found) and pipe.o (0x3)
Removed property 0xc0000002 to merge main.o (not found) and socket.o (0x3)
Removed property 0xc0000002 to merge main.o (not found) and string.o (0x3)
Removed property 0xc0000002 to merge main.o (not found) and vsprintf.o (0x3)
Removed property 0xc0000002 to merge main.o (not found) and stdio.o (0x3)
Removed property 0xc0000002 to merge main.o (not found) and stdlib.o (0x3)
Removed property 0xc0000002 to merge main.o (not found) and sse_memcpy.o (0x3)

Allocating common symbols
Common symbol       size              file

tx_descs            0x40              e1000.o
mult_task           0x1               main.o
interrupt_status    0x4               data.o
gdtr                0xa               gdt.o
our_ip              0x4               ethernet.o
stdout              0x8               std.o
corb_pointer        0x4               hda.o
ata_record_channel  0x4               ide.o
mouse_x             0x4               mouse.o
count_mouse         0x4               mouse.o
alloc_pte           0x8               mm.o
dmavirt             0x8               ahci.o
key_buffer          0x2               keyboard.o
rx_memory           0x20              e1000.o
context_rcx         0x8               thread.o
dmaphy              0x8               ahci.o
HDBARL              0x4               hda.o
window_count        0x8               compositor.o
screan_spin_lock    0x4               compositor.o
thread_id           0x8               server.o
_stderr             0x8               std.o
paint               0x8               compositor.o
fadt                0x8               acpi.o
server_id           0x30              server.o
gid                 0x8               compositor.o
kernelmouse         0x8               data.o
context_r12         0x8               thread.o
context_rax         0x8               thread.o
dv_uid              0x4               data.o
acpi_physical_init  0x8               acpi.o
eticks              0x8               pit.o
mouse2              0x8               mouse.o
fs_directory        0x8               cfs.o
gdt                 0x100             gdt.o
ATA_BAR1            0x4               main.o
ATA_BAR4            0x4               main.o
context_ds          0x8               thread.o
hda_base            0x8               hda.o
alloc_pde           0x8               mm.o
ipv4_cache          0x8               ipv4.o
current_saddr       0x8               socket.o
rx_descs            0x100             e1000.o
_stdin              0x8               std.o
SLP_TYPa            0x2               acpi.o
current_thread      0x8               thread.o
HDA_MEM_SIZE        0x4               hda.o
beep_node           0x4               hda.o
fb                  0x20              i965.o
current_thread2     0x8               thread.o
context_rsi         0x8               thread.o
hpet                0x8               acpi.o
user                0x8               main.o
context_r9          0x8               thread.o
tss                 0x68              tss.o
router_ip           0x4               ethernet.o
localId             0x4               apic.o
context_rdx         0x8               thread.o
core                0x112             smp.o
context_rflag       0x8               thread.o
current_thread1     0x8               thread.o
context_fxsave      0x8               thread.o
pipe_launcher       0x8               data.o
CPUID_REQUEST       0x4               main.o
mode                0x10              i965.o
first_time          0x4               mouse.o
xsdt                0x8               acpi.o
context_cs          0x8               thread.o
context_rsp0        0x8               thread.o
gui                 0x68              gui.o
paint_ready_queue   0x8               compositor.o
tx_memory           0x20              e1000.o
stdin               0x8               std.o
thread_ready_queue  0x8               thread.o
ata_record_dev      0x4               ide.o
ata                 0x800             storage.o
hda_widget          0x80              hda.o
context_cr3         0x8               thread.o
ioapic_redir_table  0xc0              ioapic.o
launcher            0x4               main.o
context_rsp         0x8               thread.o
context_fs          0x8               thread.o
context_rbp         0x8               thread.o
output_node         0x4               hda.o
context_r8          0x8               thread.o
ATA_BAR0            0x4               main.o
ATA_BAR3            0x4               main.o
HBA_BASE            0x8               ahci.o
timer_ticks         0x8               pit.o
context_r15         0x8               thread.o
gtt                 0x38              i965.o
HDA_STREAM_MEMORY   0x8               hda.o
RIRB_MEMORY         0x8               hda.o
no                  0x4               main.o
buttons             0x1               mouse.o
_stdout             0x8               std.o
hpet_register       0x8               hpet.o
ioapic_base         0x8               ioapic.o
context_ss          0x8               thread.o
rsdt                0x8               acpi.o
tmpnam              0x4               data.o
RAM_BITMAP          0x8               mm.o
idt                 0x1000            idt.o
syspwd              0x8               main.o
next_pid            0x8               thread.o
context_gs          0x8               thread.o
packege_desc_buffer
                    0x280             ethernet.o
context_r11         0x8               thread.o
alloc_spin_lock     0x4               mm.o
arp_cache           0x2800            arp.o
stderr              0x8               std.o
HDA_MEM             0x8               hda.o
idtr                0xa               idt.o
saddr_ready_queue   0x8               socket.o
keyboard_charset    0x1               keyboard.o
socket_next_id      0x4               socket.o
mouse               0x8               mouse.o
period              0x8               hpet.o
default_ethernet_device
                    0x20              ethernet.o
VERBOSE             0x4               stdio.o
context_r13         0x8               thread.o
dv_num              0x1               data.o
dns_ip              0x4               ethernet.o
dsdt                0x8               acpi.o
mouse_y             0x4               mouse.o
context_r10         0x8               thread.o
lapicbase           0x8               apic.o
device_pde          0x8               mm.o
context_rip         0x8               thread.o
context_pid         0x8               thread.o
context_rbx         0x8               thread.o
hba_mem_space       0x8               ahci.o
context_r14         0x8               thread.o
ret                 0x8               syscall.o
dhcp_ip             0x4               ethernet.o
clock               0x8               rtc.o
ATA_BAR2            0x4               main.o
ATA_BAR5            0x4               main.o
SLP_TYPb            0x2               acpi.o
acpi_virtual_addr   0x8               acpi.o
rsdp                0x8               acpi.o
CORB_MEMORY         0x8               hda.o
g_mm_mp_index       0x8               mm.o
sata_idtfy          0x200             ahci.o
context_rdi         0x8               thread.o
default_ethernet_package_descriptor
                    0x14              ethernet.o
hda_max_volume      0x4               hda.o
HDBARU              0x4               hda.o
context_es          0x8               thread.o
input_node          0x4               hda.o

Discarded input sections

 .note.gnu.property
                0x0000000000000000       0x20 main.o
 .note.gnu.property
                0x0000000000000000       0x20 io.o
 .note.gnu.property
                0x0000000000000000       0x20 gdt.o
 .note.gnu.property
                0x0000000000000000       0x20 tss.o
 .note.gnu.property
                0x0000000000000000       0x20 idt.o
 .note.gnu.property
                0x0000000000000000       0x20 exception.o
 .note.gnu.property
                0x0000000000000000       0x20 data.o
 .note.gnu.property
                0x0000000000000000       0x20 server.o
 .note.gnu.property
                0x0000000000000000       0x20 smp.o
 .note.gnu.property
                0x0000000000000000       0x20 delay.o
 .note.gnu.property
                0x0000000000000000       0x20 paging.o
 .note.gnu.property
                0x0000000000000000       0x20 mm.o
 .note.gnu.property
                0x0000000000000000       0x20 cpuid.o
 .note.gnu.property
                0x0000000000000000       0x20 msr.o
 .note.gnu.property
                0x0000000000000000       0x20 lvt.o
 .note.gnu.property
                0x0000000000000000       0x20 irq.o
 .note.gnu.property
                0x0000000000000000       0x20 apic.o
 .note.gnu.property
                0x0000000000000000       0x20 ioapic.o
 .note.gnu.property
                0x0000000000000000       0x20 intr.o
 .note.gnu.property
                0x0000000000000000       0x20 sleep.o
 .note.gnu.property
                0x0000000000000000       0x20 thread.o
 .note.gnu.property
                0x0000000000000000       0x20 exectve.o
 .note.gnu.property
                0x0000000000000000       0x20 syscall.o
 .note.gnu.property
                0x0000000000000000       0x20 console.o
 .note.gnu.property
                0x0000000000000000       0x20 exit.o
 .note.gnu.property
                0x0000000000000000       0x20 sse.o
 .note.gnu.property
                0x0000000000000000       0x20 pci.o
 .note.gnu.property
                0x0000000000000000       0x20 i965.o
 .note.gnu.property
                0x0000000000000000       0x20 cursor.o
 .note.gnu.property
                0x0000000000000000       0x20 acpi.o
 .note.gnu.property
                0x0000000000000000       0x20 hpet.o
 .note.gnu.property
                0x0000000000000000       0x20 lpc.o
 .note.gnu.property
                0x0000000000000000       0x20 pit.o
 .note.gnu.property
                0x0000000000000000       0x20 ps2.o
 .note.gnu.property
                0x0000000000000000       0x20 mouse.o
 .note.gnu.property
                0x0000000000000000       0x20 keyboard.o
 .note.gnu.property
                0x0000000000000000       0x20 ahci.o
 .note.gnu.property
                0x0000000000000000       0x20 ide.o
 .note.gnu.property
                0x0000000000000000       0x20 storage.o
 .note.gnu.property
                0x0000000000000000       0x20 rtc.o
 .note.gnu.property
                0x0000000000000000       0x20 hda.o
 .note.gnu.property
                0x0000000000000000       0x20 speaker.o
 .note.gnu.property
                0x0000000000000000       0x20 e1000.o
 .note.gnu.property
                0x0000000000000000       0x20 ethernet.o
 .note.gnu.property
                0x0000000000000000       0x20 arp.o
 .note.gnu.property
                0x0000000000000000       0x20 udp.o
 .note.gnu.property
                0x0000000000000000       0x20 ipv4.o
 .note.gnu.property
                0x0000000000000000       0x20 dhcp.o
 .note.gnu.property
                0x0000000000000000       0x20 gui.o
 .note.gnu.property
                0x0000000000000000       0x20 compositor.o
 .note.gnu.property
                0x0000000000000000       0x20 font8x16.o
 .note.gnu.property
                0x0000000000000000       0x20 std.o
 .note.gnu.property
                0x0000000000000000       0x20 cfs.o
 .note.gnu.property
                0x0000000000000000       0x20 pipe.o
 .note.gnu.property
                0x0000000000000000       0x20 socket.o
 .note.gnu.property
                0x0000000000000000       0x20 string.o
 .note.gnu.property
                0x0000000000000000       0x20 vsprintf.o
 .note.gnu.property
                0x0000000000000000       0x20 stdio.o
 .note.gnu.property
                0x0000000000000000       0x20 stdlib.o
 .note.gnu.property
                0x0000000000000000       0x20 sse_memcpy.o

Memory Configuration

Name             Origin             Length             Attributes
*default*        0x0000000000000000 0xffffffffffffffff

Linker script and memory map

                0x0000000000401000                . = 0x401000
                0x0000000000401000                _start = .

.text           0x0000000000401000    0x1e000
                0x0000000000401000                code = .
                0x0000000000401000                _code = .
                0x0000000000401000                __code = .
                0x0000000000401000                code = .
 *(.text)
 .text          0x0000000000401000       0xc2 setup.o
                0x0000000000401031                gdt_flush
                0x0000000000401054                idt_flush
                0x000000000040105b                call_function
                0x0000000000401070                copymem
                0x00000000004010a4                DisableSSE
                0x00000000004010af                EnableSSE
                0x00000000004010ba                SaveSSE
                0x00000000004010be                RestoreSSE
 .text          0x00000000004010c2      0xa88 main.o
                0x00000000004010c2                main
 .text          0x0000000000401b4a       0x42 io.o
                0x0000000000401b4a                wait
 .text          0x0000000000401b8c      0x5c5 gdt.o
                0x0000000000401e55                gdt_install
 .text          0x0000000000402151       0xa6 tss.o
                0x0000000000402151                load_ltr
                0x0000000000402184                tss_install
 .text          0x00000000004021f7      0x4cb idt.o
                0x0000000000402409                idt_install
                0x0000000000402527                idt_gate
                0x000000000040258f                _idt_gate
                0x000000000040266e                intr_null_function
 *fill*         0x00000000004026c2        0xe 
 .text          0x00000000004026d0      0x9dd vetor.o
                0x000000000040272e                isr00
                0x000000000040273d                isr01
                0x000000000040274c                isr02
                0x000000000040275b                isr03
                0x000000000040276a                isr04
                0x0000000000402779                isr05
                0x0000000000402788                isr06
                0x0000000000402797                isr07
                0x00000000004027a6                isr08
                0x00000000004027b0                isr09
                0x00000000004027bf                isr10
                0x00000000004027c9                isr11
                0x00000000004027d3                isr12
                0x00000000004027dd                isr13
                0x00000000004027e7                isr14
                0x00000000004027f1                isr15
                0x0000000000402800                isr16
                0x000000000040280f                isr17
                0x0000000000402819                isr18
                0x0000000000402828                isr19
                0x0000000000402837                isr20
                0x0000000000402846                isr21
                0x0000000000402855                isr22
                0x0000000000402864                isr23
                0x0000000000402873                isr24
                0x0000000000402882                isr25
                0x0000000000402891                isr26
                0x00000000004028a0                isr27
                0x00000000004028af                isr28
                0x00000000004028be                isr29
                0x00000000004028cd                isr30
                0x00000000004028dc                isr31
                0x0000000000402987                lvt0
                0x0000000000402b8e                lvt1
                0x0000000000402b9d                lvt2
                0x0000000000402bac                lvt3
                0x0000000000402bbb                lvt4
                0x0000000000402bcb                timer1
                0x0000000000402dca                timer2
                0x0000000000402dd9                timer3
                0x0000000000402de8                timer4
                0x0000000000402df7                timer5
                0x0000000000402e06                timer6
                0x0000000000402e15                timer7
                0x0000000000402e24                timer8
                0x0000000000402e81                irq0
                0x0000000000402e90                irq1
                0x0000000000402e9f                irq2
                0x0000000000402eae                irq3
                0x0000000000402ebd                irq4
                0x0000000000402ecc                irq5
                0x0000000000402edb                irq6
                0x0000000000402eea                irq7
                0x0000000000402ef9                irq8
                0x0000000000402f08                irq9
                0x0000000000402f17                irq10
                0x0000000000402f26                irq11
                0x0000000000402f35                irq12
                0x0000000000402f44                irq13
                0x0000000000402f53                irq14
                0x0000000000402f62                irq15
                0x0000000000402f71                irq16
                0x0000000000402f80                irq17
                0x0000000000402f8f                irq18
                0x0000000000402f9e                irq19
                0x0000000000402fad                irq20
                0x0000000000402fbc                irq21
                0x0000000000402fcb                irq22
                0x0000000000402fda                irq23
                0x0000000000403047                intr255
                0x0000000000403056                intr_null
 .text          0x00000000004030ad      0x7e8 exception.o
                0x00000000004030ad                exceptions_install
                0x00000000004036f6                fault_exception
 .text          0x0000000000403895        0x0 data.o
 .text          0x0000000000403895      0x6a1 server.o
                0x0000000000403895                foco
                0x000000000040396e                foco_default
                0x00000000004039e2                server
 .text          0x0000000000403f36      0x67b smp.o
                0x0000000000403f36                setup_smp
                0x00000000004044a2                done
                0x00000000004044db                ap_startup
 .text          0x00000000004045b1       0x8e delay.o
                0x00000000004045b1                mdelay
                0x00000000004045f8                udelay
 .text          0x000000000040463f      0x1b9 paging.o
                0x000000000040463f                flush_tlb
                0x0000000000404699                load_pae_page_directory_pointer_table
                0x00000000004046cb                load_pml4_table
                0x00000000004046fd                enable_pae
                0x0000000000404729                page_enable
                0x0000000000404757                page_install
 .text          0x00000000004047f8     0x1482 mm.o
                0x00000000004047f8                initialize_mm_mp
                0x0000000000404997                mm_mp
                0x0000000000404df2                ram_setup
                0x0000000000404ebb                alloc_frame
                0x0000000000404fb3                free_frame
                0x000000000040503e                alloc_pages_setup
                0x0000000000405434                v_pool
                0x00000000004054b2                alloc_pages
                0x0000000000405751                free_pages
                0x0000000000405aa8                get_phy_addr
 .text          0x0000000000405c7a      0x1f9 cpuid.o
                0x0000000000405c7a                cpuid_vendor
                0x0000000000405ce8                cpuid_processor_brand
                0x0000000000405dbf                cpuid
                0x0000000000405e0a                cpuid_string
 .text          0x0000000000405e73       0xb9 msr.o
                0x0000000000405e73                getmsr
                0x0000000000405ebe                setmsr
 .text          0x0000000000405f2c      0x4ec lvt.o
                0x0000000000405f2c                lvt_function
                0x0000000000406172                lvt_install
 .text          0x0000000000406418      0x5f4 irq.o
                0x0000000000406418                default_irq
                0x0000000000406474                irq_function
                0x000000000040654b                irq_install
 .text          0x0000000000406a0c      0x54b apic.o
                0x0000000000406a0c                local_apic_read_command
                0x0000000000406a4f                local_apic_write_command
                0x0000000000406a9c                getapicbase
                0x0000000000406aef                enableapic
                0x0000000000406b5a                apic_eoi_register
                0x0000000000406b97                setup_apic
                0x0000000000406e09                local_apic_get_id
                0x0000000000406e43                local_apic_send_init
                0x0000000000406eca                local_apic_send_startup
 .text          0x0000000000406f57      0x7f6 ioapic.o
                0x0000000000406f57                read_ioapic_register
                0x0000000000406fa7                write_ioapic_register
                0x0000000000407001                ioapic_masked
                0x00000000004070a0                ioapic_umasked
                0x000000000040713f                set_ioapic_redir_table
                0x00000000004073f9                ioapic_cofiguration
                0x0000000000407493                setup_ioapic
                0x000000000040755f                apic_initial_count_timer
                0x00000000004075ad                apic_timer
                0x000000000040763d                apic_timer_umasked
                0x00000000004076e1                apic_timer_masked
 .text          0x000000000040774d       0xc6 intr.o
                0x000000000040774d                intr_install
                0x00000000004077ae                intr_function
 .text          0x0000000000407813       0x6b sleep.o
                0x0000000000407813                sleep
 .text          0x000000000040787e     0x1a95 thread.o
                0x000000000040787e                thread_setup
                0x0000000000407bba                create_thread
                0x00000000004080f1                create_thread_child
                0x0000000000408498                task_switch
                0x0000000000408d23                task_switch2
                0x00000000004092a3                thread
 .text          0x0000000000409313     0x161f exectve.o
                0x0000000000409313                exectve
                0x0000000000409e1a                exectve_child
 .text          0x000000000040a932      0x9ab syscall.o
                0x000000000040a932                default_syscall
                0x000000000040a99d                syscall_puts
                0x000000000040a9f5                syscall_window
                0x000000000040aa4d                syscall_kbd_foco
                0x000000000040aac2                syscall_alloc_pages
                0x000000000040ab43                syscall_free_pages
                0x000000000040ab9b                syscall_readsector
                0x000000000040ac17                syscall_writesector
                0x000000000040ac93                syscall_geral
                0x000000000040adda                syscall_tmpnam
                0x000000000040aea8                syscall_io
                0x000000000040afe2                syscall_register_pipe_launcher
                0x000000000040b02e                syscall_get_pipe_launcher
                0x000000000040b073                syscall_get_paint_list
                0x000000000040b0b8                syscall_get_thread_id
                0x000000000040b101                syscall_create_socket
                0x000000000040b186                syscall_get_socket_ready_queue
                0x000000000040b1cb                syscall_function_handler
                0x000000000040b276                syscall_install
 *fill*         0x000000000040b2dd        0x3 
 .text          0x000000000040b2e0       0x86 asyscall.o
                0x000000000040b357                int114
 .text          0x000000000040b366      0xaa9 console.o
                0x000000000040b366                console
                0x000000000040b60e                cmd_version
                0x000000000040b671                cmd_time
                0x000000000040b6d4                cmd_shutdown
                0x000000000040b72e                cmd_rename
                0x000000000040b791                cmd_reboot
                0x000000000040b7eb                cmd_new
                0x000000000040b84e                cmd_mov
                0x000000000040b8b1                cmd_info
                0x000000000040b98f                cmd_help
                0x000000000040bb00                cmd_exit
                0x000000000040bb63                cmd_echo
                0x000000000040bbc6                cmd_dir
                0x000000000040bc29                cmd_del
                0x000000000040bc8c                cmd_date
                0x000000000040bcef                cmd_copy
                0x000000000040bd52                cmd_clear
                0x000000000040bdac                cmd_cd
 .text          0x000000000040be0f      0x593 exit.o
                0x000000000040be0f                user_free
                0x000000000040bebb                exit
 .text          0x000000000040c3a2      0x1c7 sse.o
                0x000000000040c3a2                fpu_cw
                0x000000000040c3d2                sse_cr
                0x000000000040c406                sse_cw
                0x000000000040c434                fpu_save
                0x000000000040c463                fpu_restore
                0x000000000040c492                setup_sse
 .text          0x000000000040c569      0x876 pci.o
                0x000000000040c569                read_pci_config_addr
                0x000000000040c5e3                write_pci_config_addr
                0x000000000040c65d                pci_read_config_dword
                0x000000000040c6d7                pci_write_config_dword
                0x000000000040c751                pci_get_info
                0x000000000040c953                pci_scan_bcc
                0x000000000040ca36                pci_scan_class
                0x000000000040cb27                pci_scan_bcc_scc
                0x000000000040cc25                pci_scan_bcc_scc_prog
                0x000000000040cd34                pci_scan_vendor
                0x000000000040cd65                pci_check_vendor
                0x000000000040cd9f                pci_size
 .text          0x000000000040cddf     0x109f i965.o
                0x000000000040cddf                i965_pci_init
                0x000000000040cf8e                setup_i965
                0x000000000040d540                timings
                0x000000000040d7de                disable_dac
                0x000000000040d85b                enable_dac
                0x000000000040d8d8                disable_plane
                0x000000000040d957                enable_plane
                0x000000000040d9d6                disable_pipe
                0x000000000040da55                enable_pipe
                0x000000000040dad4                disable_dpll
                0x000000000040daff                enable_dpll
                0x000000000040db3e                disable_legacy_vga_emul
                0x000000000040dc06                gmbus_reset
                0x000000000040dc31                gmbus_stoptransaction
                0x000000000040dc70                gmbus_wait
                0x000000000040dcb6                gmbus_read
                0x000000000040de4d                gmbus_write
 .text          0x000000000040de7e      0x26f cursor.o
                0x000000000040de7e                DrawMouse
                0x000000000040df68                setup_cursor
                0x000000000040e074                update_graphic_cursor
 .text          0x000000000040e0ed      0xa96 acpi.o
                0x000000000040e476                acpi_probe
                0x000000000040e54c                acpi_enable
                0x000000000040e7a2                setup_acpi
                0x000000000040ea42                poweroff
                0x000000000040eac8                reboot
 .text          0x000000000040eb83      0x21c hpet.o
                0x000000000040eccb                setup_hpet
                0x000000000040ed2d                hpet_sleep
 .text          0x000000000040ed9f       0xf9 lpc.o
                0x000000000040edd3                setup_lpc
 .text          0x000000000040ee98      0x1de pit.o
                0x000000000040ef2c                pit_set_frequencia
                0x000000000040ef8a                pit_enable
                0x000000000040f021                timer_wait
 .text          0x000000000040f076      0x1b3 ps2.o
                0x000000000040f076                kbdc_wait
                0x000000000040f115                kbdc_set_cmd
                0x000000000040f1a7                kbdc_wait_ack
 .text          0x000000000040f229      0x94a mouse.o
                0x000000000040f229                mouse_write
                0x000000000040f2a2                mouse_read
                0x000000000040f2f6                MOUSE_BAT_TEST
                0x000000000040f36b                mouse_handler
                0x000000000040f748                mouse_install
 .text          0x000000000040fb73      0x62f keyboard.o
                0x000000000040fb73                keyboard_read
                0x000000000040fbc7                keyboard_write
                0x000000000040fc1c                KEYBOARD_BAT_TEST
                0x000000000040fc91                keyboard_handler
                0x000000000041010c                keyboard_install
 .text          0x00000000004101a2     0x19af ahci.o
                0x00000000004101a2                ahci_initialize
                0x0000000000411829                sata_read_sector
                0x00000000004119bd                sata_write_sector
 .text          0x0000000000411b51     0x167e ide.o
                0x0000000000411b51                ata_wait
                0x0000000000411c33                ata_status_read
                0x0000000000411c8e                ata_wait_not_busy
                0x0000000000411d05                ata_wait_busy
                0x0000000000411d7c                ata_wait_no_drq
                0x0000000000411df1                ata_wait_drq
                0x0000000000411e66                ata_cmd_write
                0x0000000000411eec                ata_soft_reset
                0x0000000000411f9e                ata_pio_read
                0x0000000000412003                ata_pio_write
                0x0000000000412068                ata_bus_install
                0x000000000041243f                ata_identify_device
                0x0000000000412d72                ata_read_sector
                0x0000000000412f6e                ata_write_sector
 .text          0x00000000004131cf      0xe04 storage.o
                0x0000000000413817                ata_initialize
                0x0000000000413da7                read_sector
                0x0000000000413ebd                write_sector
 .text          0x0000000000413fd3      0x3ee rtc.o
                0x0000000000413fd3                disable_NMI
                0x000000000041401a                enable_NMI
                0x00000000004140a6                rtc_setup
                0x00000000004141e1                rtc_handler
 .text          0x00000000004143c1     0x20ee hda.o
                0x00000000004143c1                hda_wait
                0x0000000000414410                hda_outb
                0x0000000000414461                hda_outw
                0x00000000004144b4                hda_outl
                0x0000000000414502                hda_inb
                0x000000000041454a                hda_inw
                0x0000000000414592                hda_inl
                0x00000000004145d9                corb_write_command
                0x0000000000414780                hda_reset
                0x000000000041484c                setup_hda
                0x0000000000415ace                hda_response
                0x0000000000415b0e                hda_send_verb
                0x0000000000415e60                hda_ic_verbe
                0x0000000000415fa2                hda_set_output_node
                0x0000000000416237                hda_play_sound
                0x0000000000416414                hda_volume
 .text          0x00000000004164af      0x129 speaker.o
                0x00000000004164af                turn_speaker_on
                0x00000000004164ee                turn_speaker_off
                0x000000000041652f                set_speaker_frequence
                0x000000000041657f                play_speaker
 .text          0x00000000004165d8     0x1261 e1000.o
                0x00000000004165d8                e1000_read_command
                0x000000000041661b                e1000_write_command
                0x0000000000416668                e1000_is_eeprom
                0x00000000004166dd                e1000_enable_int
                0x0000000000416774                e1000_link_up
                0x0000000000416803                irq_e1000
                0x00000000004169e0                init_e1000
                0x00000000004174ae                e1000_send_package
                0x0000000000417676                e1000_recieve_package
 .text          0x0000000000417839     0x10ec ethernet.o
                0x00000000004178cb                get_default_ethernet_device
                0x0000000000417931                ethernet_set_link_status
                0x0000000000417970                register_ethernet_device
                0x0000000000417a12                get_ethernet_package
                0x0000000000417a56                send_ethernet_package
                0x0000000000417ace                handler_ethernet_package_received
                0x0000000000418057                int_ethernet_device
                0x00000000004181ea                fillMac
                0x000000000041824c                fillIP
                0x00000000004182ae                initialise_ethernet
 .text          0x0000000000418925     0x11f8 arp.o
                0x0000000000418964                init_arp
                0x0000000000418a30                arp_save_address
                0x0000000000418e76                arp_get_address
                0x0000000000419004                arp_request
                0x000000000041923b                arp_replay
                0x0000000000419465                arp_replay2
                0x0000000000419689                arp_hexdump
 .text          0x0000000000419b1d      0x3d4 udp.o
                0x0000000000419b5c                udp_send
                0x0000000000419dbf                udp_receive
 .text          0x0000000000419ef1      0x316 ipv4.o
                0x0000000000419f30                ipv4_send
 .text          0x000000000041a207      0x745 dhcp.o
                0x000000000041a299                dhcp_send
                0x000000000041a6b1                dhcp_parse_options
 .text          0x000000000041a94c      0x880 gui.o
                0x000000000041a94c                initialize_gui
                0x000000000041aaa5                update_gui
                0x000000000041abfd                put_pixel
                0x000000000041ac70                put_pixel_buff
                0x000000000041ad0f                refresh_rate
                0x000000000041adb4                clears_creen
                0x000000000041ae6c                draw_char_transparent
                0x000000000041af76                glyph
 .text          0x000000000041b1cc      0xd67 compositor.o
                0x000000000041b2bd                window_add
                0x000000000041b467                window_remove
                0x000000000041b590                window_foco
                0x000000000041b6b5                paint_desktop
                0x000000000041ba9f                paint_cursor
                0x000000000041bc30                compose
 .text          0x000000000041bf33        0x0 font8x16.o
 .text          0x000000000041bf33      0x481 std.o
                0x000000000041bf33                std_open_file
                0x000000000041c0e2                std_file_close
                0x000000000041c151                std_putc
                0x000000000041c262                std_getc
 .text          0x000000000041c3b4      0xaaa cfs.o
                0x000000000041c3b4                filename_cmp
                0x000000000041c49b                read_super_block
                0x000000000041c504                read_directory_entry
                0x000000000041c68f                open_file_r
                0x000000000041ca10                open_file
                0x000000000041cc77                file_close
                0x000000000041cd80                file_read_block
 .text          0x000000000041ce5e      0x2dd pipe.o
                0x000000000041ce5e                pipe_open_file
                0x000000000041cf4a                pipe_write
                0x000000000041d046                pipe_read
 .text          0x000000000041d13b      0x745 socket.o
                0x000000000041d17a                init_socket
                0x000000000041d33d                socket
                0x000000000041d4bc                socket_server_transmit
                0x000000000041d77e                socket_server_receive
 .text          0x000000000041d880      0x2b0 string.o
                0x000000000041d880                memset
                0x000000000041d8e2                memcpy
                0x000000000041d959                strcpy
                0x000000000041d9d4                strlen
                0x000000000041da20                strcmp
                0x000000000041daba                memcmp
 .text          0x000000000041db30      0x4e4 vsprintf.o
                0x000000000041db9c                vsprintf
 .text          0x000000000041e014      0x818 stdio.o
                0x000000000041e014                putchar
                0x000000000041e074                puts
                0x000000000041e104                printf
                0x000000000041e231                fopen
                0x000000000041e352                fclose
                0x000000000041e3f6                rewind
                0x000000000041e45f                fseek
                0x000000000041e53d                ftell
                0x000000000041e57e                fputc
                0x000000000041e5fc                fgetc
                0x000000000041e76f                fread
 .text          0x000000000041e82c      0x4fb stdlib.o
                0x000000000041e82c                malloc
                0x000000000041e89b                free
                0x000000000041e8e7                i2hex
                0x000000000041eb55                utoa
                0x000000000041ebe0                itoa
 .text          0x000000000041ed27      0x19a sse_memcpy.o
                0x000000000041ed27                sse_memcpy
                0x000000000041f000                . = ALIGN (0x1000)
 *fill*         0x000000000041eec1      0x13f 

.iplt           0x000000000041f000        0x0
 .iplt          0x000000000041f000        0x0 setup.o

.data           0x000000000041f000    0x16000
                0x000000000041f000                data = .
                0x000000000041f000                _data = .
                0x000000000041f000                __data = .
 *(.data)
 .data          0x000000000041f000        0x8 setup.o
                0x000000000041f000                _rsp0
 .data          0x000000000041f008        0x0 main.o
 .data          0x000000000041f008        0x0 io.o
 .data          0x000000000041f008        0x0 gdt.o
 .data          0x000000000041f008        0x0 tss.o
 .data          0x000000000041f008        0x0 idt.o
 *fill*         0x000000000041f008        0x8 
 .data          0x000000000041f010      0x400 vetor.o
                0x000000000041f010                SavedFloats
                0x000000000041f210                SavedFloats2
 .data          0x000000000041f410        0x0 exception.o
 .data          0x000000000041f410        0x0 data.o
 .data          0x000000000041f410        0x0 server.o
 .data          0x000000000041f410        0x0 smp.o
 .data          0x000000000041f410        0x0 delay.o
 .data          0x000000000041f410        0x0 paging.o
 .data          0x000000000041f410        0x0 mm.o
 .data          0x000000000041f410        0x0 cpuid.o
 .data          0x000000000041f410        0x0 msr.o
 .data          0x000000000041f410        0x0 lvt.o
 .data          0x000000000041f410        0x0 irq.o
 .data          0x000000000041f410        0x0 apic.o
 .data          0x000000000041f410        0x0 ioapic.o
 .data          0x000000000041f410        0x0 intr.o
 .data          0x000000000041f410        0x0 sleep.o
 .data          0x000000000041f410        0x0 thread.o
 .data          0x000000000041f410        0x0 exectve.o
 .data          0x000000000041f410        0x0 syscall.o
 .data          0x000000000041f410        0x0 console.o
 .data          0x000000000041f410        0x0 exit.o
 .data          0x000000000041f410        0x0 sse.o
 .data          0x000000000041f410        0x0 pci.o
 .data          0x000000000041f410        0x0 i965.o
 *fill*         0x000000000041f410       0x10 
 .data          0x000000000041f420      0x168 cursor.o
                0x000000000041f420                cursor18x18
 .data          0x000000000041f588        0x0 acpi.o
 .data          0x000000000041f588        0x0 hpet.o
 .data          0x000000000041f588        0x0 lpc.o
 .data          0x000000000041f588        0x0 pit.o
 .data          0x000000000041f588        0x0 ps2.o
 .data          0x000000000041f588        0x4 mouse.o
                0x000000000041f588                speed
 .data          0x000000000041f58c        0x0 keyboard.o
 .data          0x000000000041f58c        0x0 ahci.o
 .data          0x000000000041f58c        0x0 ide.o
 .data          0x000000000041f58c        0x0 storage.o
 .data          0x000000000041f58c        0x0 rtc.o
 .data          0x000000000041f58c        0x0 hda.o
 .data          0x000000000041f58c        0x0 speaker.o
 .data          0x000000000041f58c        0x0 e1000.o
 .data          0x000000000041f58c        0x0 ethernet.o
 .data          0x000000000041f58c        0x0 arp.o
 .data          0x000000000041f58c        0x0 udp.o
 .data          0x000000000041f58c        0x0 ipv4.o
 .data          0x000000000041f58c        0x0 dhcp.o
 .data          0x000000000041f58c        0x0 gui.o
 .data          0x000000000041f58c        0x0 compositor.o
 *fill*         0x000000000041f58c       0x14 
 .data          0x000000000041f5a0     0x1000 font8x16.o
                0x000000000041f5a0                font8x16
 .data          0x00000000004205a0        0x0 std.o
 .data          0x00000000004205a0        0x0 cfs.o
 .data          0x00000000004205a0        0x0 pipe.o
 .data          0x00000000004205a0        0x0 socket.o
 .data          0x00000000004205a0        0x0 string.o
 .data          0x00000000004205a0        0x0 vsprintf.o
 .data          0x00000000004205a0        0x0 stdio.o
 .data          0x00000000004205a0        0x0 stdlib.o
 .data          0x00000000004205a0        0x0 sse_memcpy.o
 *(.rodata)
 .rodata        0x00000000004205a0      0x1a3 main.o
 .rodata        0x0000000000420743        0xb idt.o
 *fill*         0x000000000042074e        0x2 
 .rodata        0x0000000000420750      0x409 exception.o
 *fill*         0x0000000000420b59        0x7 
 .rodata        0x0000000000420b60       0x50 server.o
 .rodata        0x0000000000420bb0       0xf8 smp.o
 .rodata        0x0000000000420ca8       0x70 mm.o
 .rodata        0x0000000000420d18       0xc8 lvt.o
 .rodata        0x0000000000420de0       0x1c irq.o
 .rodata        0x0000000000420dfc       0x19 apic.o
 .rodata        0x0000000000420e15        0xa intr.o
 .rodata        0x0000000000420e1f       0x19 thread.o
 .rodata        0x0000000000420e38        0x9 exectve.o
 *fill*         0x0000000000420e41        0x7 
 .rodata        0x0000000000420e48       0x48 syscall.o
 .rodata        0x0000000000420e90      0x215 console.o
 .rodata        0x00000000004210a5       0x2e sse.o
 *fill*         0x00000000004210d3        0x5 
 .rodata        0x00000000004210d8     0x15a6 pci.o
 *fill*         0x000000000042267e        0x2 
 .rodata        0x0000000000422680       0x7d i965.o
 *fill*         0x00000000004226fd        0x3 
 .rodata        0x0000000000422700       0xc7 acpi.o
 .rodata        0x00000000004227c7       0x14 hpet.o
 *fill*         0x00000000004227db        0x5 
 .rodata        0x00000000004227e0       0x31 lpc.o
 .rodata        0x0000000000422811       0x1d mouse.o
 *fill*         0x000000000042282e       0x12 
 .rodata        0x0000000000422840      0x200 keyboard.o
                0x0000000000422840                ascii_minusculas
                0x0000000000422940                ascii_maiusculas
 *fill*         0x0000000000422a40      0x5c0 
 .rodata        0x0000000000423000    0x108cf ahci.o
 *fill*         0x00000000004338cf        0x1 
 .rodata        0x00000000004338d0       0xb1 ide.o
 *fill*         0x0000000000433981        0x7 
 .rodata        0x0000000000433988      0x139 storage.o
 .rodata        0x0000000000433ac1       0x12 rtc.o
 *fill*         0x0000000000433ad3        0x5 
 .rodata        0x0000000000433ad8      0x342 hda.o
 *fill*         0x0000000000433e1a        0x6 
 .rodata        0x0000000000433e20      0x216 e1000.o
 *fill*         0x0000000000434036        0x2 
 .rodata        0x0000000000434038      0x1dd ethernet.o
 *fill*         0x0000000000434215        0x3 
 .rodata        0x0000000000434218      0x1b1 arp.o
 .rodata        0x00000000004343c9       0x13 udp.o
 .rodata        0x00000000004343dc       0xa5 dhcp.o
 .rodata        0x0000000000434481       0x14 std.o
 *fill*         0x0000000000434495        0x3 
 .rodata        0x0000000000434498      0x110 vsprintf.o
 .rodata        0x00000000004345a8        0x9 stdio.o
                0x0000000000435000                . = ALIGN (0x1000)
 *fill*         0x00000000004345b1      0xa4f 

.got            0x0000000000435000      0x408
 .got           0x0000000000435000      0x408 setup.o

.got.plt        0x0000000000435408       0x18
 .got.plt       0x0000000000435408       0x18 setup.o
                0x0000000000435408                _GLOBAL_OFFSET_TABLE_

.igot.plt       0x0000000000435420        0x0
 .igot.plt      0x0000000000435420        0x0 setup.o

.data.rel.local
                0x0000000000435420     0x18c8
 .data.rel.local
                0x0000000000435420      0x100 exception.o
                0x0000000000435420                exception_mensagem
 .data.rel.local
                0x0000000000435520       0xc0 irq.o
                0x0000000000435520                fnvetors_handler
 .data.rel.local
                0x00000000004355e0       0x88 syscall.o
                0x00000000004355e0                fnvetors_syscall
 *fill*         0x0000000000435668       0x18 
 .data.rel.local
                0x0000000000435680      0x1b0 console.o
                0x0000000000435680                cmd_table
 *fill*         0x0000000000435830       0x10 
 .data.rel.local
                0x0000000000435840     0x1400 pci.o
                0x0000000000435840                pci_classes
                0x0000000000436040                pci_class_names
 .data.rel.local
                0x0000000000436c40       0x20 mouse.o
                0x0000000000436c40                id_mouse_strings
 .data.rel.local
                0x0000000000436c60       0x38 ahci.o
                0x0000000000436c60                ahci_type
 *fill*         0x0000000000436c98        0x8 
 .data.rel.local
                0x0000000000436ca0       0x48 dhcp.o
                0x0000000000436ca0                string_dhcp_message

.bss            0x0000000000436d00    0x25300
                0x0000000000436d00                bss = .
                0x0000000000436d00                _bss = .
                0x0000000000436d00                __bss = .
 *(.bss)
 .bss           0x0000000000436d00    0x20000 setup.o
 .bss           0x0000000000456d00        0x0 main.o
 .bss           0x0000000000456d00        0x0 io.o
 .bss           0x0000000000456d00        0x0 gdt.o
 .bss           0x0000000000456d00        0x0 tss.o
 .bss           0x0000000000456d00        0x0 idt.o
 .bss           0x0000000000456d00        0x0 exception.o
 .bss           0x0000000000456d00        0x0 data.o
 .bss           0x0000000000456d00        0x0 server.o
 .bss           0x0000000000456d00        0x0 smp.o
 .bss           0x0000000000456d00        0x0 delay.o
 .bss           0x0000000000456d00       0x20 paging.o
                0x0000000000456d00                pml4e
                0x0000000000456d08                pdpte
                0x0000000000456d10                pae_pde
                0x0000000000456d18                pae_pte
 .bss           0x0000000000456d20        0x0 mm.o
 .bss           0x0000000000456d20        0x0 cpuid.o
 .bss           0x0000000000456d20        0x0 msr.o
 .bss           0x0000000000456d20        0x0 lvt.o
 .bss           0x0000000000456d20        0x0 irq.o
 .bss           0x0000000000456d20        0x0 apic.o
 .bss           0x0000000000456d20        0x0 ioapic.o
 .bss           0x0000000000456d20        0x0 intr.o
 .bss           0x0000000000456d20        0x0 sleep.o
 .bss           0x0000000000456d20        0x0 thread.o
 .bss           0x0000000000456d20        0x0 exectve.o
 .bss           0x0000000000456d20        0x0 syscall.o
 .bss           0x0000000000456d20        0x8 console.o
                0x0000000000456d20                call_loader
 .bss           0x0000000000456d28        0x0 exit.o
 .bss           0x0000000000456d28        0x0 sse.o
 .bss           0x0000000000456d28        0x0 pci.o
 .bss           0x0000000000456d28        0x0 i965.o
 .bss           0x0000000000456d28        0x0 cursor.o
 .bss           0x0000000000456d28        0x0 acpi.o
 *fill*         0x0000000000456d28       0x18 
 .bss           0x0000000000456d40      0x100 hpet.o
 .bss           0x0000000000456e40        0x0 lpc.o
 .bss           0x0000000000456e40        0x0 pit.o
 .bss           0x0000000000456e40        0x0 ps2.o
 .bss           0x0000000000456e40        0x4 mouse.o
                0x0000000000456e40                mouse_position
 .bss           0x0000000000456e44       0x10 keyboard.o
 .bss           0x0000000000456e54        0x0 ahci.o
 .bss           0x0000000000456e54        0x0 ide.o
 *fill*         0x0000000000456e54        0x4 
 .bss           0x0000000000456e58        0x8 storage.o
                0x0000000000456e58                ata_pci
 .bss           0x0000000000456e60        0x1 rtc.o
 .bss           0x0000000000456e61        0x0 hda.o
 .bss           0x0000000000456e61        0x0 speaker.o
 *fill*         0x0000000000456e61        0x7 
 .bss           0x0000000000456e68       0x18 e1000.o
 .bss           0x0000000000456e80        0x8 ethernet.o
                0x0000000000456e80                package_recieved_ack
 .bss           0x0000000000456e88        0x0 arp.o
 .bss           0x0000000000456e88        0x0 udp.o
 .bss           0x0000000000456e88        0x0 ipv4.o
 .bss           0x0000000000456e88        0x0 dhcp.o
 .bss           0x0000000000456e88        0x0 gui.o
 .bss           0x0000000000456e88        0x0 compositor.o
 .bss           0x0000000000456e88        0x0 font8x16.o
 .bss           0x0000000000456e88        0x0 std.o
 .bss           0x0000000000456e88        0x0 cfs.o
 .bss           0x0000000000456e88        0x0 pipe.o
 .bss           0x0000000000456e88        0x2 socket.o
 .bss           0x0000000000456e8a        0x0 string.o
 .bss           0x0000000000456e8a        0x0 vsprintf.o
 .bss           0x0000000000456e8a        0x0 stdio.o
 .bss           0x0000000000456e8a        0x0 stdlib.o
 .bss           0x0000000000456e8a        0x0 sse_memcpy.o
 *(COMMON)
 *fill*         0x0000000000456e8a        0x6 
 COMMON         0x0000000000456e90       0x40 main.o
                0x0000000000456e90                mult_task
                0x0000000000456e94                ATA_BAR1
                0x0000000000456e98                ATA_BAR4
                0x0000000000456ea0                user
                0x0000000000456ea8                CPUID_REQUEST
                0x0000000000456eac                launcher
                0x0000000000456eb0                ATA_BAR0
                0x0000000000456eb4                ATA_BAR3
                0x0000000000456eb8                no
                0x0000000000456ec0                syspwd
                0x0000000000456ec8                ATA_BAR2
                0x0000000000456ecc                ATA_BAR5
 *fill*         0x0000000000456ed0       0x10 
 COMMON         0x0000000000456ee0      0x120 gdt.o
                0x0000000000456ee0                gdtr
                0x0000000000456f00                gdt
 COMMON         0x0000000000457000       0x68 tss.o
                0x0000000000457000                tss
 *fill*         0x0000000000457068       0x18 
 COMMON         0x0000000000457080     0x100a idt.o
                0x0000000000457080                idt
                0x0000000000458080                idtr
 *fill*         0x000000000045808a        0x6 
 COMMON         0x0000000000458090       0x25 data.o
                0x0000000000458090                interrupt_status
                0x0000000000458098                kernelmouse
                0x00000000004580a0                dv_uid
                0x00000000004580a8                pipe_launcher
                0x00000000004580b0                tmpnam
                0x00000000004580b4                dv_num
 *fill*         0x00000000004580b5        0xb 
 COMMON         0x00000000004580c0       0x50 server.o
                0x00000000004580c0                thread_id
                0x00000000004580e0                server_id
 *fill*         0x0000000000458110       0x10 
 COMMON         0x0000000000458120      0x112 smp.o
                0x0000000000458120                core
 *fill*         0x0000000000458232        0x6 
 COMMON         0x0000000000458238       0x30 mm.o
                0x0000000000458238                alloc_pte
                0x0000000000458240                alloc_pde
                0x0000000000458248                RAM_BITMAP
                0x0000000000458250                alloc_spin_lock
                0x0000000000458258                device_pde
                0x0000000000458260                g_mm_mp_index
 COMMON         0x0000000000458268       0x10 apic.o
                0x0000000000458268                localId
                0x0000000000458270                lapicbase
 *fill*         0x0000000000458278        0x8 
 COMMON         0x0000000000458280       0xc8 ioapic.o
                0x0000000000458280                ioapic_redir_table
                0x0000000000458340                ioapic_base
 COMMON         0x0000000000458348      0x108 thread.o
                0x0000000000458348                context_rcx
                0x0000000000458350                context_r12
                0x0000000000458358                context_rax
                0x0000000000458360                context_ds
                0x0000000000458368                current_thread
                0x0000000000458370                current_thread2
                0x0000000000458378                context_rsi
                0x0000000000458380                context_r9
                0x0000000000458388                context_rdx
                0x0000000000458390                context_rflag
                0x0000000000458398                current_thread1
                0x00000000004583a0                context_fxsave
                0x00000000004583a8                context_cs
                0x00000000004583b0                context_rsp0
                0x00000000004583b8                thread_ready_queue
                0x00000000004583c0                context_cr3
                0x00000000004583c8                context_rsp
                0x00000000004583d0                context_fs
                0x00000000004583d8                context_rbp
                0x00000000004583e0                context_r8
                0x00000000004583e8                context_r15
                0x00000000004583f0                context_ss
                0x00000000004583f8                next_pid
                0x0000000000458400                context_gs
                0x0000000000458408                context_r11
                0x0000000000458410                context_r13
                0x0000000000458418                context_r10
                0x0000000000458420                context_rip
                0x0000000000458428                context_pid
                0x0000000000458430                context_rbx
                0x0000000000458438                context_r14
                0x0000000000458440                context_rdi
                0x0000000000458448                context_es
 COMMON         0x0000000000458450        0x8 syscall.o
                0x0000000000458450                ret
 *fill*         0x0000000000458458        0x8 
 COMMON         0x0000000000458460       0x78 i965.o
                0x0000000000458460                fb
                0x0000000000458480                mode
                0x00000000004584a0                gtt
 COMMON         0x00000000004584d8       0x50 acpi.o
                0x00000000004584d8                fadt
                0x00000000004584e0                acpi_physical_init
                0x00000000004584e8                SLP_TYPa
                0x00000000004584f0                hpet
                0x00000000004584f8                xsdt
                0x0000000000458500                rsdt
                0x0000000000458508                dsdt
                0x0000000000458510                SLP_TYPb
                0x0000000000458518                acpi_virtual_addr
                0x0000000000458520                rsdp
 COMMON         0x0000000000458528       0x10 hpet.o
                0x0000000000458528                hpet_register
                0x0000000000458530                period
 COMMON         0x0000000000458538       0x10 pit.o
                0x0000000000458538                eticks
                0x0000000000458540                timer_ticks
 COMMON         0x0000000000458548       0x24 mouse.o
                0x0000000000458548                mouse_x
                0x000000000045854c                count_mouse
                0x0000000000458550                mouse2
                0x0000000000458558                first_time
                0x000000000045855c                buttons
                0x0000000000458560                mouse
                0x0000000000458568                mouse_y
 COMMON         0x000000000045856c        0x3 keyboard.o
                0x000000000045856c                key_buffer
                0x000000000045856e                keyboard_charset
 *fill*         0x000000000045856f       0x11 
 COMMON         0x0000000000458580      0x220 ahci.o
                0x0000000000458580                dmavirt
                0x0000000000458588                dmaphy
                0x0000000000458590                HBA_BASE
                0x0000000000458598                hba_mem_space
                0x00000000004585a0                sata_idtfy
 COMMON         0x00000000004587a0        0x8 ide.o
                0x00000000004587a0                ata_record_channel
                0x00000000004587a4                ata_record_dev
 *fill*         0x00000000004587a8       0x18 
 COMMON         0x00000000004587c0      0x800 storage.o
                0x00000000004587c0                ata
 COMMON         0x0000000000458fc0        0x8 rtc.o
                0x0000000000458fc0                clock
 *fill*         0x0000000000458fc8       0x18 
 COMMON         0x0000000000458fe0       0xd4 hda.o
                0x0000000000458fe0                corb_pointer
                0x0000000000458fe4                HDBARL
                0x0000000000458fe8                hda_base
                0x0000000000458ff0                HDA_MEM_SIZE
                0x0000000000458ff4                beep_node
                0x0000000000459000                hda_widget
                0x0000000000459080                output_node
                0x0000000000459088                HDA_STREAM_MEMORY
                0x0000000000459090                RIRB_MEMORY
                0x0000000000459098                HDA_MEM
                0x00000000004590a0                CORB_MEMORY
                0x00000000004590a8                hda_max_volume
                0x00000000004590ac                HDBARU
                0x00000000004590b0                input_node
 *fill*         0x00000000004590b4        0xc 
 COMMON         0x00000000004590c0      0x180 e1000.o
                0x00000000004590c0                tx_descs
                0x0000000000459100                rx_memory
                0x0000000000459120                rx_descs
                0x0000000000459220                tx_memory
 COMMON         0x0000000000459240      0x2e4 ethernet.o
                0x0000000000459240                our_ip
                0x0000000000459244                router_ip
                0x0000000000459260                packege_desc_buffer
                0x00000000004594e0                default_ethernet_device
                0x0000000000459500                dns_ip
                0x0000000000459504                dhcp_ip
                0x0000000000459510                default_ethernet_package_descriptor
 *fill*         0x0000000000459524       0x1c 
 COMMON         0x0000000000459540     0x2800 arp.o
                0x0000000000459540                arp_cache
 COMMON         0x000000000045bd40        0x8 ipv4.o
                0x000000000045bd40                ipv4_cache
 *fill*         0x000000000045bd48       0x18 
 COMMON         0x000000000045bd60       0x68 gui.o
                0x000000000045bd60                gui
 COMMON         0x000000000045bdc8       0x28 compositor.o
                0x000000000045bdc8                window_count
                0x000000000045bdd0                screan_spin_lock
                0x000000000045bdd8                paint
                0x000000000045bde0                gid
                0x000000000045bde8                paint_ready_queue
 COMMON         0x000000000045bdf0       0x30 std.o
                0x000000000045bdf0                stdout
                0x000000000045bdf8                _stderr
                0x000000000045be00                _stdin
                0x000000000045be08                stdin
                0x000000000045be10                _stdout
                0x000000000045be18                stderr
 COMMON         0x000000000045be20        0x8 cfs.o
                0x000000000045be20                fs_directory
 COMMON         0x000000000045be28       0x14 socket.o
                0x000000000045be28                current_saddr
                0x000000000045be30                saddr_ready_queue
                0x000000000045be38                socket_next_id
 COMMON         0x000000000045be3c        0x4 stdio.o
                0x000000000045be3c                VERBOSE
                0x000000000045c000                . = ALIGN (0x1000)
 *fill*         0x000000000045be40      0x1c0 

.eh_frame       0x000000000045c000     0x4000
                0x000000000045c000                eh_frame = .
 *(.eh_frame)
 .eh_frame      0x000000000045c000       0x48 main.o
 .eh_frame      0x000000000045c048       0x20 io.o
                                         0x38 (size before relaxing)
 .eh_frame      0x000000000045c068       0x50 gdt.o
                                         0x68 (size before relaxing)
 .eh_frame      0x000000000045c0b8       0x48 tss.o
                                         0x60 (size before relaxing)
 .eh_frame      0x000000000045c100       0xd8 idt.o
                                         0xf0 (size before relaxing)
 .eh_frame      0x000000000045c1d8       0x50 exception.o
                                         0x68 (size before relaxing)
 .eh_frame      0x000000000045c228       0x68 server.o
                                         0x80 (size before relaxing)
 .eh_frame      0x000000000045c290       0x70 smp.o
                                         0x88 (size before relaxing)
 .eh_frame      0x000000000045c300       0x40 delay.o
                                         0x58 (size before relaxing)
 .eh_frame      0x000000000045c340       0xc0 paging.o
                                         0xd8 (size before relaxing)
 .eh_frame      0x000000000045c400      0x188 mm.o
                                        0x1a0 (size before relaxing)
 .eh_frame      0x000000000045c588       0x90 cpuid.o
                                         0xa8 (size before relaxing)
 .eh_frame      0x000000000045c618       0x40 msr.o
                                         0x58 (size before relaxing)
 .eh_frame      0x000000000045c658       0x58 lvt.o
                                         0x70 (size before relaxing)
 .eh_frame      0x000000000045c6b0       0x78 irq.o
                                         0x90 (size before relaxing)
 .eh_frame      0x000000000045c728      0x140 apic.o
                                        0x158 (size before relaxing)
 .eh_frame      0x000000000045c868      0x190 ioapic.o
                                        0x1a8 (size before relaxing)
 .eh_frame      0x000000000045c9f8       0x50 intr.o
                                         0x68 (size before relaxing)
 .eh_frame      0x000000000045ca48       0x28 sleep.o
                                         0x40 (size before relaxing)
 .eh_frame      0x000000000045ca70       0xf0 thread.o
                                        0x108 (size before relaxing)
 .eh_frame      0x000000000045cb60       0x58 exectve.o
                                         0x70 (size before relaxing)
 .eh_frame      0x000000000045cbb8      0x2b0 syscall.o
                                        0x2c8 (size before relaxing)
 .eh_frame      0x000000000045ce68      0x290 console.o
                                        0x2a8 (size before relaxing)
 .eh_frame      0x000000000045d0f8       0x58 exit.o
                                         0x70 (size before relaxing)
 .eh_frame      0x000000000045d150       0xc8 sse.o
                                         0xe0 (size before relaxing)
 .eh_frame      0x000000000045d218      0x190 pci.o
                                        0x1a8 (size before relaxing)
 .eh_frame      0x000000000045d3a8      0x240 i965.o
                                        0x258 (size before relaxing)
 .eh_frame      0x000000000045d5e8       0x68 cursor.o
                                         0x80 (size before relaxing)
 .eh_frame      0x000000000045d650      0x148 acpi.o
                                        0x160 (size before relaxing)
 .eh_frame      0x000000000045d798       0xa0 hpet.o
                                         0xb8 (size before relaxing)
 .eh_frame      0x000000000045d838       0x48 lpc.o
                                         0x60 (size before relaxing)
 .eh_frame      0x000000000045d880       0x88 pit.o
                                         0xa0 (size before relaxing)
 .eh_frame      0x000000000045d908       0x88 ps2.o
                                         0xa0 (size before relaxing)
 .eh_frame      0x000000000045d990       0xf0 mouse.o
                                        0x108 (size before relaxing)
 .eh_frame      0x000000000045da80       0xb8 keyboard.o
                                         0xd0 (size before relaxing)
 .eh_frame      0x000000000045db38      0x218 ahci.o
                                        0x230 (size before relaxing)
 .eh_frame      0x000000000045dd50      0x248 ide.o
                                        0x260 (size before relaxing)
 .eh_frame      0x000000000045df98       0xb0 storage.o
                                         0xc8 (size before relaxing)
 .eh_frame      0x000000000045e048       0xb8 rtc.o
                                         0xd0 (size before relaxing)
 .eh_frame      0x000000000045e100      0x270 hda.o
                                        0x288 (size before relaxing)
 .eh_frame      0x000000000045e370       0x88 speaker.o
                                         0xa0 (size before relaxing)
 .eh_frame      0x000000000045e3f8      0x160 e1000.o
                                        0x178 (size before relaxing)
 .eh_frame      0x000000000045e558      0x1a8 ethernet.o
                                        0x1c0 (size before relaxing)
 .eh_frame      0x000000000045e700      0x150 arp.o
                                        0x168 (size before relaxing)
 .eh_frame      0x000000000045e850       0x78 udp.o
                                         0x90 (size before relaxing)
 .eh_frame      0x000000000045e8c8       0x50 ipv4.o
                                         0x68 (size before relaxing)
 .eh_frame      0x000000000045e918       0x98 dhcp.o
                                         0xb0 (size before relaxing)
 .eh_frame      0x000000000045e9b0      0x128 gui.o
                                        0x140 (size before relaxing)
 .eh_frame      0x000000000045ead8      0x110 compositor.o
                                        0x128 (size before relaxing)
 .eh_frame      0x000000000045ebe8       0x98 std.o
                                         0xb0 (size before relaxing)
 .eh_frame      0x000000000045ec80      0x118 cfs.o
                                        0x130 (size before relaxing)
 .eh_frame      0x000000000045ed98       0x68 pipe.o
                                         0x80 (size before relaxing)
 .eh_frame      0x000000000045ee00       0xd0 socket.o
                                         0xe8 (size before relaxing)
 .eh_frame      0x000000000045eed0       0xc0 string.o
                                         0xd8 (size before relaxing)
 .eh_frame      0x000000000045ef90       0x50 vsprintf.o
                                         0x68 (size before relaxing)
 .eh_frame      0x000000000045efe0      0x198 stdio.o
                                        0x1b0 (size before relaxing)
 .eh_frame      0x000000000045f178       0xd8 stdlib.o
                                         0xf0 (size before relaxing)
 .eh_frame      0x000000000045f250       0x20 sse_memcpy.o
                                         0x38 (size before relaxing)
                0x0000000000460000                . = ALIGN (0x1000)
 *fill*         0x000000000045f270      0xd90 
                0x0000000000460000                end = .
                0x0000000000460000                _end = .
                0x0000000000460000                __end = .
LOAD setup.o
LOAD main.o
LOAD io.o
LOAD gdt.o
LOAD tss.o
LOAD idt.o
LOAD vetor.o
LOAD exception.o
LOAD data.o
LOAD server.o
LOAD smp.o
LOAD delay.o
LOAD paging.o
LOAD mm.o
LOAD cpuid.o
LOAD msr.o
LOAD lvt.o
LOAD irq.o
LOAD apic.o
LOAD ioapic.o
LOAD intr.o
LOAD sleep.o
LOAD thread.o
LOAD exectve.o
LOAD syscall.o
LOAD asyscall.o
LOAD console.o
LOAD exit.o
LOAD sse.o
LOAD pci.o
LOAD i965.o
LOAD cursor.o
LOAD acpi.o
LOAD hpet.o
LOAD lpc.o
LOAD pit.o
LOAD ps2.o
LOAD mouse.o
LOAD keyboard.o
LOAD ahci.o
LOAD ide.o
LOAD storage.o
LOAD rtc.o
LOAD hda.o
LOAD speaker.o
LOAD e1000.o
LOAD ethernet.o
LOAD arp.o
LOAD udp.o
LOAD ipv4.o
LOAD dhcp.o
LOAD gui.o
LOAD compositor.o
LOAD font8x16.o
LOAD std.o
LOAD cfs.o
LOAD pipe.o
LOAD socket.o
LOAD string.o
LOAD vsprintf.o
LOAD stdio.o
LOAD stdlib.o
LOAD sse_memcpy.o
OUTPUT(kernel.bin elf64-x86-64)

.rela.dyn       0x0000000000460000        0x0
 .rela.got      0x0000000000460000        0x0 setup.o
 .rela.iplt     0x0000000000460000        0x0 setup.o
 .rela.text     0x0000000000460000        0x0 setup.o

.comment        0x0000000000000000       0x2a
 .comment       0x0000000000000000       0x2a main.o
                                         0x2b (size before relaxing)
 .comment       0x000000000000002a       0x2b io.o
 .comment       0x000000000000002a       0x2b gdt.o
 .comment       0x000000000000002a       0x2b tss.o
 .comment       0x000000000000002a       0x2b idt.o
 .comment       0x000000000000002a       0x2b exception.o
 .comment       0x000000000000002a       0x2b data.o
 .comment       0x000000000000002a       0x2b server.o
 .comment       0x000000000000002a       0x2b smp.o
 .comment       0x000000000000002a       0x2b delay.o
 .comment       0x000000000000002a       0x2b paging.o
 .comment       0x000000000000002a       0x2b mm.o
 .comment       0x000000000000002a       0x2b cpuid.o
 .comment       0x000000000000002a       0x2b msr.o
 .comment       0x000000000000002a       0x2b lvt.o
 .comment       0x000000000000002a       0x2b irq.o
 .comment       0x000000000000002a       0x2b apic.o
 .comment       0x000000000000002a       0x2b ioapic.o
 .comment       0x000000000000002a       0x2b intr.o
 .comment       0x000000000000002a       0x2b sleep.o
 .comment       0x000000000000002a       0x2b thread.o
 .comment       0x000000000000002a       0x2b exectve.o
 .comment       0x000000000000002a       0x2b syscall.o
 .comment       0x000000000000002a       0x2b console.o
 .comment       0x000000000000002a       0x2b exit.o
 .comment       0x000000000000002a       0x2b sse.o
 .comment       0x000000000000002a       0x2b pci.o
 .comment       0x000000000000002a       0x2b i965.o
 .comment       0x000000000000002a       0x2b cursor.o
 .comment       0x000000000000002a       0x2b acpi.o
 .comment       0x000000000000002a       0x2b hpet.o
 .comment       0x000000000000002a       0x2b lpc.o
 .comment       0x000000000000002a       0x2b pit.o
 .comment       0x000000000000002a       0x2b ps2.o
 .comment       0x000000000000002a       0x2b mouse.o
 .comment       0x000000000000002a       0x2b keyboard.o
 .comment       0x000000000000002a       0x2b ahci.o
 .comment       0x000000000000002a       0x2b ide.o
 .comment       0x000000000000002a       0x2b storage.o
 .comment       0x000000000000002a       0x2b rtc.o
 .comment       0x000000000000002a       0x2b hda.o
 .comment       0x000000000000002a       0x2b speaker.o
 .comment       0x000000000000002a       0x2b e1000.o
 .comment       0x000000000000002a       0x2b ethernet.o
 .comment       0x000000000000002a       0x2b arp.o
 .comment       0x000000000000002a       0x2b udp.o
 .comment       0x000000000000002a       0x2b ipv4.o
 .comment       0x000000000000002a       0x2b dhcp.o
 .comment       0x000000000000002a       0x2b gui.o
 .comment       0x000000000000002a       0x2b compositor.o
 .comment       0x000000000000002a       0x2b font8x16.o
 .comment       0x000000000000002a       0x2b std.o
 .comment       0x000000000000002a       0x2b cfs.o
 .comment       0x000000000000002a       0x2b pipe.o
 .comment       0x000000000000002a       0x2b socket.o
 .comment       0x000000000000002a       0x2b string.o
 .comment       0x000000000000002a       0x2b vsprintf.o
 .comment       0x000000000000002a       0x2b stdio.o
 .comment       0x000000000000002a       0x2b stdlib.o
 .comment       0x000000000000002a       0x2b sse_memcpy.o

.note.GNU-stack
                0x0000000000000000        0x0
 .note.GNU-stack
                0x0000000000000000        0x0 main.o
 .note.GNU-stack
                0x0000000000000000        0x0 io.o
 .note.GNU-stack
                0x0000000000000000        0x0 gdt.o
 .note.GNU-stack
                0x0000000000000000        0x0 tss.o
 .note.GNU-stack
                0x0000000000000000        0x0 idt.o
 .note.GNU-stack
                0x0000000000000000        0x0 exception.o
 .note.GNU-stack
                0x0000000000000000        0x0 data.o
 .note.GNU-stack
                0x0000000000000000        0x0 server.o
 .note.GNU-stack
                0x0000000000000000        0x0 smp.o
 .note.GNU-stack
                0x0000000000000000        0x0 delay.o
 .note.GNU-stack
                0x0000000000000000        0x0 paging.o
 .note.GNU-stack
                0x0000000000000000        0x0 mm.o
 .note.GNU-stack
                0x0000000000000000        0x0 cpuid.o
 .note.GNU-stack
                0x0000000000000000        0x0 msr.o
 .note.GNU-stack
                0x0000000000000000        0x0 lvt.o
 .note.GNU-stack
                0x0000000000000000        0x0 irq.o
 .note.GNU-stack
                0x0000000000000000        0x0 apic.o
 .note.GNU-stack
                0x0000000000000000        0x0 ioapic.o
 .note.GNU-stack
                0x0000000000000000        0x0 intr.o
 .note.GNU-stack
                0x0000000000000000        0x0 sleep.o
 .note.GNU-stack
                0x0000000000000000        0x0 thread.o
 .note.GNU-stack
                0x0000000000000000        0x0 exectve.o
 .note.GNU-stack
                0x0000000000000000        0x0 syscall.o
 .note.GNU-stack
                0x0000000000000000        0x0 console.o
 .note.GNU-stack
                0x0000000000000000        0x0 exit.o
 .note.GNU-stack
                0x0000000000000000        0x0 sse.o
 .note.GNU-stack
                0x0000000000000000        0x0 pci.o
 .note.GNU-stack
                0x0000000000000000        0x0 i965.o
 .note.GNU-stack
                0x0000000000000000        0x0 cursor.o
 .note.GNU-stack
                0x0000000000000000        0x0 acpi.o
 .note.GNU-stack
                0x0000000000000000        0x0 hpet.o
 .note.GNU-stack
                0x0000000000000000        0x0 lpc.o
 .note.GNU-stack
                0x0000000000000000        0x0 pit.o
 .note.GNU-stack
                0x0000000000000000        0x0 ps2.o
 .note.GNU-stack
                0x0000000000000000        0x0 mouse.o
 .note.GNU-stack
                0x0000000000000000        0x0 keyboard.o
 .note.GNU-stack
                0x0000000000000000        0x0 ahci.o
 .note.GNU-stack
                0x0000000000000000        0x0 ide.o
 .note.GNU-stack
                0x0000000000000000        0x0 storage.o
 .note.GNU-stack
                0x0000000000000000        0x0 rtc.o
 .note.GNU-stack
                0x0000000000000000        0x0 hda.o
 .note.GNU-stack
                0x0000000000000000        0x0 speaker.o
 .note.GNU-stack
                0x0000000000000000        0x0 e1000.o
 .note.GNU-stack
                0x0000000000000000        0x0 ethernet.o
 .note.GNU-stack
                0x0000000000000000        0x0 arp.o
 .note.GNU-stack
                0x0000000000000000        0x0 udp.o
 .note.GNU-stack
                0x0000000000000000        0x0 ipv4.o
 .note.GNU-stack
                0x0000000000000000        0x0 dhcp.o
 .note.GNU-stack
                0x0000000000000000        0x0 gui.o
 .note.GNU-stack
                0x0000000000000000        0x0 compositor.o
 .note.GNU-stack
                0x0000000000000000        0x0 font8x16.o
 .note.GNU-stack
                0x0000000000000000        0x0 std.o
 .note.GNU-stack
                0x0000000000000000        0x0 cfs.o
 .note.GNU-stack
                0x0000000000000000        0x0 pipe.o
 .note.GNU-stack
                0x0000000000000000        0x0 socket.o
 .note.GNU-stack
                0x0000000000000000        0x0 string.o
 .note.GNU-stack
                0x0000000000000000        0x0 vsprintf.o
 .note.GNU-stack
                0x0000000000000000        0x0 stdio.o
 .note.GNU-stack
                0x0000000000000000        0x0 stdlib.o
 .note.GNU-stack
                0x0000000000000000        0x0 sse_memcpy.o
