
Merging program properties

Removed property 0xc0000002 to merge main.o (0x3) and setup.o (not found)
Removed property 0xc0000002 to merge main.o (not found) and io.o (0x3)
Removed property 0xc0000002 to merge main.o (not found) and gdt.o (0x3)
Removed property 0xc0000002 to merge main.o (not found) and tss.o (0x3)
Removed property 0xc0000002 to merge main.o (not found) and idt.o (0x3)
Removed property 0xc0000002 to merge main.o (not found) and exception.o (0x3)
Removed property 0xc0000002 to merge main.o (not found) and data.o (0x3)
Removed property 0xc0000002 to merge main.o (not found) and server.o (0x3)
Removed property 0xc0000002 to merge main.o (not found) and smp.o (0x3)
Removed property 0xc0000002 to merge main.o (not found) and delay.o (0x3)
Removed property 0xc0000002 to merge main.o (not found) and paging.o (0x3)
Removed property 0xc0000002 to merge main.o (not found) and mm.o (0x3)
Removed property 0xc0000002 to merge main.o (not found) and cpuid.o (0x3)
Removed property 0xc0000002 to merge main.o (not found) and msr.o (0x3)
Removed property 0xc0000002 to merge main.o (not found) and lvt.o (0x3)
Removed property 0xc0000002 to merge main.o (not found) and irq.o (0x3)
Removed property 0xc0000002 to merge main.o (not found) and apic.o (0x3)
Removed property 0xc0000002 to merge main.o (not found) and apic_timer.o (0x3)
Removed property 0xc0000002 to merge main.o (not found) and ioapic.o (0x3)
Removed property 0xc0000002 to merge main.o (not found) and intr.o (0x3)
Removed property 0xc0000002 to merge main.o (not found) and sleep.o (0x3)
Removed property 0xc0000002 to merge main.o (not found) and thread.o (0x3)
Removed property 0xc0000002 to merge main.o (not found) and exectve.o (0x3)
Removed property 0xc0000002 to merge main.o (not found) and syscall.o (0x3)
Removed property 0xc0000002 to merge main.o (not found) and console.o (0x3)
Removed property 0xc0000002 to merge main.o (not found) and exit.o (0x3)
Removed property 0xc0000002 to merge main.o (not found) and sse.o (0x3)
Removed property 0xc0000002 to merge main.o (not found) and pci.o (0x3)
Removed property 0xc0000002 to merge main.o (not found) and i965.o (0x3)
Removed property 0xc0000002 to merge main.o (not found) and cursor.o (0x3)
Removed property 0xc0000002 to merge main.o (not found) and acpi.o (0x3)
Removed property 0xc0000002 to merge main.o (not found) and hpet.o (0x3)
Removed property 0xc0000002 to merge main.o (not found) and lpc.o (0x3)
Removed property 0xc0000002 to merge main.o (not found) and pit.o (0x3)
Removed property 0xc0000002 to merge main.o (not found) and ps2.o (0x3)
Removed property 0xc0000002 to merge main.o (not found) and mouse.o (0x3)
Removed property 0xc0000002 to merge main.o (not found) and keyboard.o (0x3)
Removed property 0xc0000002 to merge main.o (not found) and ahci.o (0x3)
Removed property 0xc0000002 to merge main.o (not found) and ide.o (0x3)
Removed property 0xc0000002 to merge main.o (not found) and storage.o (0x3)
Removed property 0xc0000002 to merge main.o (not found) and rtc.o (0x3)
Removed property 0xc0000002 to merge main.o (not found) and hda.o (0x3)
Removed property 0xc0000002 to merge main.o (not found) and speaker.o (0x3)
Removed property 0xc0000002 to merge main.o (not found) and e1000.o (0x3)
Removed property 0xc0000002 to merge main.o (not found) and ethernet.o (0x3)
Removed property 0xc0000002 to merge main.o (not found) and arp.o (0x3)
Removed property 0xc0000002 to merge main.o (not found) and udp.o (0x3)
Removed property 0xc0000002 to merge main.o (not found) and ipv4.o (0x3)
Removed property 0xc0000002 to merge main.o (not found) and dhcp.o (0x3)
Removed property 0xc0000002 to merge main.o (not found) and tcp.o (0x3)
Removed property 0xc0000002 to merge main.o (not found) and checksum.o (0x3)
Removed property 0xc0000002 to merge main.o (not found) and rtl8169.o (0x3)
Removed property 0xc0000002 to merge main.o (not found) and pcnet.o (0x3)
Removed property 0xc0000002 to merge main.o (not found) and vmnet.o (0x3)
Removed property 0xc0000002 to merge main.o (not found) and port.o (0x3)
Removed property 0xc0000002 to merge main.o (not found) and bga.o (0x3)
Removed property 0xc0000002 to merge main.o (not found) and video.o (0x3)
Removed property 0xc0000002 to merge main.o (not found) and gui.o (0x3)
Removed property 0xc0000002 to merge main.o (not found) and compositor.o (0x3)
Removed property 0xc0000002 to merge main.o (not found) and window_server.o (0x3)
Removed property 0xc0000002 to merge main.o (not found) and font8x16.o (0x3)
Removed property 0xc0000002 to merge main.o (not found) and terminal.o (0x3)
Removed property 0xc0000002 to merge main.o (not found) and std.o (0x3)
Removed property 0xc0000002 to merge main.o (not found) and cfs.o (0x3)
Removed property 0xc0000002 to merge main.o (not found) and pipe.o (0x3)
Removed property 0xc0000002 to merge main.o (not found) and socket.o (0x3)
Removed property 0xc0000002 to merge main.o (not found) and elf.o (0x3)
[...]
Memory Configuration

Name             Origin             Length             Attributes
*default*        0x0000000000000000 0xffffffffffffffff

Linker script and memory map

                0x0000000000401000                . = 0x401000
                0x0000000000401000                _start = .

.text           0x0000000000401000    0x29000
                0x0000000000401000                code = .
                0x0000000000401000                _code = .
                0x0000000000401000                __code = .
 *(.text)
 .text          0x0000000000401000       0xc2 setup.o
                0x0000000000401031                gdt_flush
                0x0000000000401054                idt_flush
                0x000000000040105b                call_function
                0x0000000000401070                copymem
                0x00000000004010a4                DisableSSE
                0x00000000004010af                EnableSSE
                0x00000000004010ba                SaveSSE
                0x00000000004010be                RestoreSSE
 .text          0x00000000004010c2      0xe1c main.o
                0x00000000004010c2                main
 .text          0x0000000000401ede       0x42 io.o
                0x0000000000401ede                wait
 .text          0x0000000000401f20      0x5c5 gdt.o
                0x00000000004021e9                gdt_install
 .text          0x00000000004024e5       0xa6 tss.o
                0x00000000004024e5                load_ltr
                0x0000000000402518                tss_install
 .text          0x000000000040258b      0x517 idt.o
                0x000000000040279d                idt_install
                0x0000000000402907                idt_gate
                0x000000000040296f                _idt_gate
                0x0000000000402a4e                intr_null_function
 *fill*         0x0000000000402aa2        0xe 
 .text          0x0000000000402ab0      0xc49 vetor.o
                0x0000000000402b0e                isr00
                0x0000000000402b1d                isr01
                0x0000000000402b2c                isr02
                0x0000000000402b3b                isr03
                0x0000000000402b4a                isr04
                0x0000000000402b59                isr05
                0x0000000000402b68                isr06
                0x0000000000402b77                isr07
                0x0000000000402b86                isr08
                0x0000000000402b90                isr09
                0x0000000000402b9f                isr10
                0x0000000000402ba9                isr11
                0x0000000000402bb3                isr12
                0x0000000000402bbd                isr13
                0x0000000000402bc7                isr14
                0x0000000000402bd1                isr15
                0x0000000000402be0                isr16
                0x0000000000402bef                isr17
                0x0000000000402bf9                isr18
                0x0000000000402c08                isr19
                0x0000000000402c17                isr20
                0x0000000000402c26                isr21
                0x0000000000402c35                isr22
                0x0000000000402c44                isr23
                0x0000000000402c53                isr24
                0x0000000000402c62                isr25
                0x0000000000402c71                isr26
                0x0000000000402c80                isr27
                0x0000000000402c8f                isr28
                0x0000000000402c9e                isr29
                0x0000000000402cad                isr30
                0x0000000000402cbc                isr31
                0x0000000000402d67                lvt0
                0x0000000000402f5e                lvt1
                0x0000000000402f6d                lvt2
                0x0000000000402f7c                lvt3
                0x0000000000402f8b                lvt4
                0x0000000000402f9a                timer1
                0x0000000000403191                timer2
                0x00000000004031a0                timer3
                0x00000000004031af                timer4
                0x00000000004031be                timer5
                0x00000000004031cd                timer6
                0x00000000004031dc                timer7
                0x00000000004031eb                timer8
                0x0000000000403248                irq0
                0x0000000000403257                irq1
                0x0000000000403266                irq2
                0x0000000000403275                irq3
                0x0000000000403284                irq4
                0x0000000000403293                irq5
                0x00000000004032a2                irq6
                0x00000000004032b1                irq7
                0x00000000004032c0                irq8
                0x00000000004032cf                irq9
                0x00000000004032de                irq10
                0x00000000004032ed                irq11
                0x00000000004032fc                irq12
                0x000000000040330b                irq13
                0x000000000040331a                irq14
                0x0000000000403329                irq15
                0x0000000000403338                irq16
                0x0000000000403347                irq17
                0x0000000000403356                irq18
                0x0000000000403365                irq19
                0x0000000000403374                irq20
                0x0000000000403383                irq21
                0x0000000000403392                irq22
                0x00000000004033a1                irq23
                0x000000000040340e                intr255
                0x000000000040341d                intr_null
                0x00000000004034c2                msi0
                0x00000000004034d1                msi1
                0x00000000004034e0                msi2
                0x00000000004034ef                msi3
                0x00000000004034fe                msi4
                0x000000000040350d                msi5
                0x000000000040351c                msi6
                0x000000000040352b                msi7
                0x000000000040353a                msi8
                0x0000000000403549                msi9
                0x0000000000403558                msi10
                0x0000000000403567                msi11
                0x0000000000403576                msi12
                0x0000000000403585                msi13
                0x0000000000403594                msi14
                0x00000000004035a3                msi15
                0x00000000004035b2                msi16
                0x00000000004035c1                msi17
                0x00000000004035d0                msi18
                0x00000000004035df                msi19
                0x00000000004035ee                msi20
                0x00000000004035fd                msi21
                0x000000000040360c                msi22
                0x000000000040361b                msi23
                0x000000000040362a                msi24
                0x0000000000403639                msi25
                0x0000000000403648                msi26
                0x0000000000403657                msi27
                0x0000000000403666                msi28
                0x0000000000403675                msi29
                0x0000000000403684                msi30
                0x0000000000403693                msi31
                0x00000000004036a2                intr_vmnet
 .text          0x00000000004036f9      0x98f exception.o
                0x00000000004036f9                exceptions_install
                0x0000000000403d42                fault_exception
                0x0000000000403f3c                die
 .text          0x0000000000404088        0x0 data.o
 .text          0x0000000000404088      0x21c server.o
                0x0000000000404088                foco
                0x000000000040419d                foco_default
                0x0000000000404249                server
 .text          0x00000000004042a4      0x69e smp.o
                0x00000000004042a4                setup_smp
                0x0000000000404833                done
                0x000000000040486c                ap_startup
 .text          0x0000000000404942       0x8e delay.o
                0x0000000000404942                mdelay
                0x0000000000404989                udelay
 .text          0x00000000004049d0      0x1b9 paging.o
                0x00000000004049d0                flush_tlb
                0x0000000000404a2a                load_pae_page_directory_pointer_table
                0x0000000000404a5c                load_pml4_table
                0x0000000000404a8e                enable_pae
                0x0000000000404aba                page_enable
                0x0000000000404ae8                page_install
 .text          0x0000000000404b89     0x16be mm.o
                0x0000000000404b89                initialize_mm_mp
                0x0000000000404d28                mm_mp
                0x0000000000405183                ram_setup
                0x000000000040524c                alloc_frame
                0x0000000000405314                free_frame
                0x00000000004053b7                alloc_pages_setup
                0x00000000004057ec                v_pool
                0x0000000000405a80                get_free_page
                0x0000000000405b72                get_busy_page_size
                0x0000000000405c69                alloc_pages
                0x0000000000405e8c                free_pages
                0x0000000000406075                get_phy_addr
 .text          0x0000000000406247      0x1f9 cpuid.o
                0x0000000000406247                cpuid_vendor
                0x00000000004062b5                cpuid_processor_brand
                0x000000000040638c                cpuid
                0x00000000004063d7                cpuid_string
 .text          0x0000000000406440       0xb9 msr.o
                0x0000000000406440                getmsr
                0x000000000040648b                setmsr
 .text          0x00000000004064f9      0x6be lvt.o
                0x00000000004064f9                lvt_function
                0x0000000000406705                lvt_function2
                0x0000000000406911                lvt_install
 .text          0x0000000000406bb7      0x623 irq.o
                0x0000000000406bb7                default_irq
                0x0000000000406c13                irq_function
                0x0000000000406cea                irq_vetor_mapping
                0x0000000000406d19                irq_install
 .text          0x00000000004071da      0x579 apic.o
                0x00000000004071da                local_apic_read_command
                0x000000000040721d                local_apic_write_command
                0x000000000040726a                getapicbase
                0x00000000004072bd                enableapic
                0x0000000000407328                apic_eoi_register
                0x0000000000407365                setup_apic
                0x00000000004075fc                local_apic_get_id
                0x0000000000407639                local_apic_send_init
                0x00000000004076c3                local_apic_send_startup
 .text          0x0000000000407753      0x309 apic_timer.o
                0x0000000000407753                apic_initial_count_timer
                0x00000000004077a1                apic_timer
                0x0000000000407984                apic_timer_umasked
                0x00000000004079f0                apic_timer_masked
 .text          0x0000000000407a5c      0x5d6 ioapic.o
                0x0000000000407a5c                read_ioapic_register
                0x0000000000407aac                write_ioapic_register
                0x0000000000407b06                ioapic_masked
                0x0000000000407ba3                ioapic_umasked
                0x0000000000407c40                set_ioapic_redir_table
                0x0000000000407ecc                ioapic_cofiguration
                0x0000000000407f66                setup_ioapic
 .text          0x0000000000408032       0xc6 intr.o
                0x0000000000408032                intr_install
                0x0000000000408093                intr_function
 .text          0x00000000004080f8       0x6b sleep.o
                0x00000000004080f8                sleep
 .text          0x0000000000408163     0x21a8 thread.o
                0x0000000000408163                thread_setup
                0x0000000000408598                create_thread
                0x0000000000408b0e                create_thread_child
                0x0000000000408f1c                pthread_create
                0x000000000040930e                pthread_join
                0x000000000040935a                task_switch
                0x0000000000409b98                task_switch2
                0x000000000040a201                getpid
                0x000000000040a238                getpid2
                0x000000000040a29b                get_thread
 .text          0x000000000040a30b     0x12ac exectve.o
                0x000000000040a30b                exectve
                0x000000000040ac53                exectve_child
 .text          0x000000000040b5b7      0xed3 syscall.o
                0x000000000040b5b7                default_syscall
                0x000000000040b622                syscall_getpid
                0x000000000040b6b9                syscall_window
                0x000000000040b711                syscall_kbd_foco
                0x000000000040b7ec                syscall_alloc_pages
                0x000000000040b86d                syscall_free_pages
                0x000000000040b8c5                __malloc_syscall
                0x000000000040b990                __free_syscall
                0x000000000040ba46                malloc_syscall
                0x000000000040bab9                free_syscall
                0x000000000040bb17                realloc_syscall
                0x000000000040bb5b                syscall_readsector
                0x000000000040bbd7                syscall_writesector
                0x000000000040bc53                syscall_geral
                0x000000000040bd9a                syscall_tmpnam
                0x000000000040be68                syscall_io
                0x000000000040bfa2                syscall_register_pipe_launcher
                0x000000000040bfee                syscall_get_pipe_launcher
                0x000000000040c033                syscall_get_paint_list
                0x000000000040c078                syscall_get_thread_id
                0x000000000040c0c1                syscall_create_socket
                0x000000000040c146                syscall_get_socket_ready_queue
                0x000000000040c18b                syscall_pthread_create
                0x000000000040c213                syscall_pthread_join
                0x000000000040c279                syscall_wait_state
                0x000000000040c2f5                syscall_wait
                0x000000000040c378                syscall_function_handler
                0x000000000040c423                syscall_install
 *fill*         0x000000000040c48a        0x6 
 .text          0x000000000040c490       0x86 asyscall.o
                0x000000000040c507                int114
 .text          0x000000000040c516      0xaa9 console.o
                0x000000000040c516                console
                0x000000000040c7be                cmd_version
                0x000000000040c821                cmd_time
                0x000000000040c884                cmd_shutdown
                0x000000000040c8de                cmd_rename
                0x000000000040c941                cmd_reboot
                0x000000000040c99b                cmd_new
                0x000000000040c9fe                cmd_mov
                0x000000000040ca61                cmd_info
                0x000000000040cb3f                cmd_help
                0x000000000040ccb0                cmd_exit
                0x000000000040cd13                cmd_echo
                0x000000000040cd76                cmd_dir
                0x000000000040cdd9                cmd_del
                0x000000000040ce3c                cmd_date
                0x000000000040ce9f                cmd_copy
                0x000000000040cf02                cmd_clear
                0x000000000040cf5c                cmd_cd
 .text          0x000000000040cfbf      0x5e2 exit.o
                0x000000000040cfbf                user_free
                0x000000000040d071                exit
 .text          0x000000000040d5a1      0x1c7 sse.o
                0x000000000040d5a1                fpu_cw
                0x000000000040d5d1                sse_cr
                0x000000000040d605                sse_cw
                0x000000000040d633                fpu_save
                0x000000000040d662                fpu_restore
                0x000000000040d691                setup_sse
 .text          0x000000000040d768      0xcfb pci.o
                0x000000000040d768                read_pci_config_addr
                0x000000000040d7e2                write_pci_config_addr
                0x000000000040d85c                pci_read_config_dword
                0x000000000040d8d6                pci_write_config_dword
                0x000000000040d950                pci_read_config_word
                0x000000000040d9f0                pci_write_config_word
                0x000000000040dab9                pci_read_config_byte
                0x000000000040db59                pci_write_config_byte
                0x000000000040dc21                pci_get_info
                0x000000000040decf                pci_scan_bcc
                0x000000000040dfb2                pci_scan_class
                0x000000000040e0a3                pci_scan_class_subclass
                0x000000000040e1ab                pci_scan_bcc_scc
                0x000000000040e2a9                pci_scan_bcc_scc_prog
                0x000000000040e3b8                pci_scan_vendor
                0x000000000040e3e9                pci_check_vendor
                0x000000000040e423                pci_size
 .text          0x000000000040e463     0x1014 i965.o
                0x000000000040e463                i965_pci_init
                0x000000000040e612                setup_i965
                0x000000000040eb39                timings
                0x000000000040edd7                disable_dac
                0x000000000040ee54                enable_dac
                0x000000000040eed1                disable_plane
                0x000000000040ef50                enable_plane
                0x000000000040efcf                disable_pipe
                0x000000000040f04e                enable_pipe
                0x000000000040f0cd                disable_dpll
                0x000000000040f0f8                enable_dpll
                0x000000000040f137                disable_legacy_vga_emul
                0x000000000040f1ff                gmbus_reset
                0x000000000040f22a                gmbus_stoptransaction
                0x000000000040f269                gmbus_wait
                0x000000000040f2af                gmbus_read
                0x000000000040f446                gmbus_write
 .text          0x000000000040f477      0x26f cursor.o
                0x000000000040f477                DrawMouse
                0x000000000040f561                setup_cursor
                0x000000000040f66d                update_graphic_cursor
 .text          0x000000000040f6e6      0xa96 acpi.o
                0x000000000040fa6f                acpi_probe
                0x000000000040fb45                acpi_enable
                0x000000000040fd9b                setup_acpi
                0x000000000041003b                poweroff
                0x00000000004100c1                reboot
 .text          0x000000000041017c      0x21c hpet.o
                0x00000000004102c4                setup_hpet
                0x0000000000410326                hpet_sleep
 .text          0x0000000000410398       0xf9 lpc.o
                0x00000000004103cc                setup_lpc
 .text          0x0000000000410491      0x2df pit.o
                0x0000000000410525                pit_set_frequencia
                0x0000000000410583                pit_enable
                0x000000000041061a                timer_wait
                0x000000000041066f                pit_prepare_sleep
                0x00000000004106fd                pit_perform_sleep
 .text          0x0000000000410770      0x1b3 ps2.o
                0x0000000000410770                kbdc_wait
                0x000000000041080f                kbdc_set_cmd
                0x00000000004108a1                kbdc_wait_ack
 .text          0x0000000000410923      0x911 mouse.o
                0x0000000000410923                mouse_write
                0x000000000041099c                mouse_read
                0x00000000004109f0                MOUSE_BAT_TEST
                0x0000000000410a65                mouse_handler
                0x0000000000410e09                mouse_install
 .text          0x0000000000411234      0x93f keyboard.o
                0x0000000000411234                keyboard_read
                0x0000000000411288                keyboard_write
                0x00000000004112dd                KEYBOARD_BAT_TEST
                0x0000000000411352                keyboard_handler
                0x00000000004119a8                kbd_wait_irq_ack
                0x0000000000411a68                keyboard_install
 .text          0x0000000000411b73     0x19af ahci.o
                0x0000000000411b73                ahci_initialize
                0x00000000004131fa                sata_read_sector
                0x000000000041338e                sata_write_sector
 .text          0x0000000000413522     0x161a ide.o
                0x0000000000413522                ata_wait
                0x0000000000413604                ata_status_read
                0x000000000041365f                ata_wait_not_busy
                0x00000000004136d6                ata_wait_busy
                0x000000000041374d                ata_wait_no_drq
                0x00000000004137c2                ata_wait_drq
                0x0000000000413837                ata_cmd_write
                0x00000000004138bd                ata_soft_reset
                0x000000000041396f                ata_pio_read
                0x00000000004139d4                ata_pio_write
                0x0000000000413a39                ata_bus_install
                0x0000000000413e10                ata_identify_device
                0x00000000004146df                ata_read_sector
                0x00000000004148db                ata_write_sector
 .text          0x0000000000414b3c      0xe04 storage.o
                0x0000000000415184                ata_initialize
                0x0000000000415714                read_sector
                0x000000000041582a                write_sector
 .text          0x0000000000415940      0x680 rtc.o
                0x0000000000415940                disable_NMI
                0x0000000000415987                enable_NMI
                0x0000000000415a13                rtc_setup
                0x0000000000415b4e                rtc_handler
                0x0000000000415d2e                swait_init
                0x0000000000415eb6                swait
 .text          0x0000000000415fc0     0x20ee hda.o
                0x0000000000415fc0                hda_wait
                0x000000000041600f                hda_outb
                0x0000000000416060                hda_outw
                0x00000000004160b3                hda_outl
                0x0000000000416101                hda_inb
                0x0000000000416149                hda_inw
                0x0000000000416191                hda_inl
                0x00000000004161d8                corb_write_command
                0x000000000041637f                hda_reset
                0x000000000041644b                setup_hda
                0x00000000004176cd                hda_response
                0x000000000041770d                hda_send_verb
                0x0000000000417a5f                hda_ic_verbe
                0x0000000000417ba1                hda_set_output_node
                0x0000000000417e36                hda_play_sound
                0x0000000000418013                hda_volume
 .text          0x00000000004180ae      0x129 speaker.o
                0x00000000004180ae                turn_speaker_on
                0x00000000004180ed                turn_speaker_off
                0x000000000041812e                set_speaker_frequence
                0x000000000041817e                play_speaker
 .text          0x00000000004181d7     0x1305 e1000.o
                0x00000000004181d7                e1000_read_command
                0x000000000041821a                e1000_write_command
                0x0000000000418267                e1000_is_eeprom
                0x00000000004182dc                e1000_enable_int
                0x0000000000418373                e1000_link_up
                0x00000000004183fe                irq_e1000
                0x00000000004185db                init_e1000
                0x0000000000418fca                e1000_send_package
                0x0000000000419192                e1000_recieve_package
 .text          0x00000000004194dc     0x1428 ethernet.o
                0x000000000041956e                get_default_ethernet_device
                0x00000000004195d4                ethernet_set_link_status
                0x0000000000419613                ethernet_set_interrupt_status
                0x0000000000419652                register_ethernet_device
                0x00000000004196f4                get_ethernet_package
                0x0000000000419769                send_ethernet_package
                0x0000000000419811                handler_ethernet_package_received
                0x0000000000419fd1                int_ethernet_device
                0x000000000041a1f9                fillMac
                0x000000000041a25b                fillIP
                0x000000000041a2bd                initialise_ethernet
 .text          0x000000000041a904     0x10ca arp.o
                0x000000000041a943                init_arp
                0x000000000041aa0f                arp_save_address
                0x000000000041afe3                get_hardwere_ethernet
                0x000000000041b0b0                arp_request
                0x000000000041b2fa                arp_replay
                0x000000000041b537                arp_hexdump
 .text          0x000000000041b9ce      0x3c7 udp.o
                0x000000000041ba0d                udp_send
                0x000000000041bb70                udp_receive
 .text          0x000000000041bd95      0x2d5 ipv4.o
                0x000000000041bdd4                ipv4_send
 .text          0x000000000041c06a      0x745 dhcp.o
                0x000000000041c0fc                dhcp_send
                0x000000000041c514                dhcp_parse_options
 .text          0x000000000041c7af      0xa89 tcp.o
                0x000000000041c841                init_tcp
                0x000000000041c8e3                tcp_send
                0x000000000041cc43                tcp_connect
                0x000000000041cda7                tcp_ack
                0x000000000041d03f                tcp_send_payload
                0x000000000041d187                tcp_finish
 .text          0x000000000041d238      0x134 checksum.o
                0x000000000041d277                net_checksum
 .text          0x000000000041d36c     0x1ef6 rtl8169.o
                0x000000000041d36c                re_read_command
                0x000000000041d3af                re_write_command
                0x000000000041d3fc                re_read_command_word
                0x000000000041d440                re_write_command_word
                0x000000000041d492                re_read_command_byte
                0x000000000041d4d6                re_write_command_byte
                0x000000000041d528                re_probe
                0x000000000041e6ab                setup_realtek
                0x000000000041efa4                re_handle
 .text          0x000000000041f262     0x102b pcnet.o
                0x000000000041f37a                pcnetWriteBCR
                0x000000000041f813                setup_pcnet
                0x000000000041febb                pcnet_send_package
                0x000000000042002d                pcnet_recieve_package
 .text          0x000000000042028d      0x9a7 vmnet.o
                0x000000000042044b                setup_vmnet
                0x00000000004204d4                handler_vmnet
                0x0000000000420705                vmnet_send_package
                0x00000000004209ec                vmipv4_send
                0x0000000000420ad3                vmnet_udp_send
 .text          0x0000000000420c34      0x291 port.o
                0x0000000000420c34                ethernet_port_setup
                0x0000000000420ce7                get_port
                0x0000000000420da9                set_port
                0x0000000000420e46                clean_port
 .text          0x0000000000420ec5      0x336 bga.o
                0x0000000000420ec5                bga_write_register
                0x0000000000420f0e                bga_read_register
                0x0000000000420f56                bga_is_available
                0x0000000000420f97                bga_set_video_mode
                0x0000000000421085                bga_set_bank
                0x00000000004210cd                setup_bga
 .text          0x00000000004211fb      0x1f9 video.o
                0x00000000004211fb                initialize_graphic_adapter
 .text          0x00000000004213f4      0x880 gui.o
                0x00000000004213f4                initialize_gui
                0x000000000042154d                update_gui
                0x00000000004216a5                put_pixel
                0x0000000000421718                put_pixel_buff
                0x00000000004217b7                refresh_rate
                0x000000000042185c                clears_creen
                0x0000000000421914                draw_char_transparent
                0x0000000000421a1e                glyph
 .text          0x0000000000421c74      0xd6e compositor.o
                0x0000000000421d65                window_add
                0x0000000000421f24                window_remove
                0x00000000004220ca                window_foco
                0x0000000000422201                paint_desktop
                0x00000000004225ea                paint_cursor
                0x000000000042277b                compose
 .text          0x00000000004229e2      0x50b window_server.o
                0x00000000004229e2                window_server
                0x0000000000422cae                window_server_handle
 .text          0x0000000000422eed        0x0 font8x16.o
 .text          0x0000000000422eed     0x1367 terminal.o
                0x0000000000422eed                put_pixel_sirius
                0x0000000000422f8e                drawchar
                0x00000000004230dc                drawline
                0x0000000000423888                window_putchar
                0x000000000042400d                terminal_mouse_click
 .text          0x0000000000424254      0x556 std.o
                0x0000000000424254                std_open_file
                0x0000000000424403                std_file_close
                0x0000000000424472                std_putc
                0x00000000004245ea                std_getc
 .text          0x00000000004247aa      0xaaa cfs.o
                0x00000000004247aa                filename_cmp
                0x0000000000424891                read_super_block
                0x00000000004248fa                read_directory_entry
                0x0000000000424a85                open_file_r
                0x0000000000424e06                open_file
                0x000000000042506d                file_close
                0x0000000000425176                file_read_block
 .text          0x0000000000425254      0x2e7 pipe.o
                0x0000000000425254                pipe_open_file
                0x0000000000425340                pipe_write
                0x0000000000425444                pipe_read
 .text          0x000000000042553b     0x1179 socket.o
                0x000000000042557a                init_socket
                0x00000000004257fa                socket_address
                0x000000000042585c                socket
                0x00000000004259db                socket_server_transmit
                0x0000000000426111                socket_execute_row
                0x00000000004263c6                socket_server_receive
                0x0000000000426561                socket_server_receive_offline
 .text          0x00000000004266b4      0x2b2 elf.o
                0x00000000004266b4                load_elf64_header
                0x0000000000426887                load_elf64_segment
 .text          0x0000000000426966      0x224 bind.o
                0x00000000004269a5                bind
 .text          0x0000000000426b8a       0x5d inet.o
                0x0000000000426b8a                inet_addr
 .text          0x0000000000426be7      0x169 recvfrom.o
                0x0000000000426be7                recvfrom
 .text          0x0000000000426d50      0x14e sendto.o
                0x0000000000426d50                sendto
 .text          0x0000000000426e9e      0x2b3 string.o
                0x0000000000426e9e                memset
                0x0000000000426f03                memcpy
                0x0000000000426f7a                strcpy
                0x0000000000426ff5                strlen
                0x0000000000427041                strcmp
                0x00000000004270db                memcmp
 .text          0x0000000000427151      0x4e4 vsprintf.o
                0x00000000004271bd                vsprintf
 .text          0x0000000000427635      0x818 stdio.o
                0x0000000000427635                putchar
                0x0000000000427695                puts
                0x0000000000427725                printf
                0x0000000000427852                fopen
                0x0000000000427973                fclose
                0x0000000000427a17                rewind
                0x0000000000427a80                fseek
                0x0000000000427b5e                ftell
                0x0000000000427b9f                fputc
                0x0000000000427c1d                fgetc
                0x0000000000427d90                fread
 .text          0x0000000000427e4d      0x4fb stdlib.o
                0x0000000000427e4d                malloc
                0x0000000000427ebc                free
                0x0000000000427f08                i2hex
                0x0000000000428176                utoa
                0x0000000000428201                itoa
 .text          0x0000000000428348      0x14a sse_memcpy.o
                0x0000000000428348                sse_memcpy
 .text          0x0000000000428492      0x140 panic.o
                0x0000000000428492                kernel_panic
 .text          0x00000000004285d2      0xa9d msi.o
                0x00000000004285d2                msi_vector_install
                0x0000000000428c2c                default_mas
                0x0000000000428c8b                msi_function
                0x0000000000428d41                apic_send_msi
                0x000000000042903c                apic_send_msix
 .text          0x000000000042906f      0x6f2 communication.o
                0x0000000000429101                commun_switch
                0x0000000000429526                kernel_thread_communication
 .text          0x0000000000429761      0x1e4 argv.o
                0x0000000000429816                format_argv
                0x000000000042a000                . = ALIGN (0x1000)
 *fill*         0x0000000000429945      0x6bb 

.iplt           0x000000000042a000        0x0
 .iplt          0x000000000042a000        0x0 setup.o

.data           0x000000000042a000    0x16000
                0x000000000042a000                data = .
                0x000000000042a000                _data = .
                0x000000000042a000                __data = .
 *(.data)
 .data          0x000000000042a000        0x8 setup.o
                0x000000000042a000                _rsp0
 .data          0x000000000042a008        0x0 main.o
 .data          0x000000000042a008        0x0 io.o
 .data          0x000000000042a008        0x0 gdt.o
 .data          0x000000000042a008        0x0 tss.o
 .data          0x000000000042a008        0x0 idt.o
 *fill*         0x000000000042a008        0x8 
 .data          0x000000000042a010      0x600 vetor.o
                0x000000000042a010                SavedFloats
                0x000000000042a210                SavedFloats2
                0x000000000042a410                SavedFloats3
 .data          0x000000000042a610        0x0 exception.o
 .data          0x000000000042a610        0x0 data.o
 .data          0x000000000042a610        0x0 server.o
 .data          0x000000000042a610        0x0 smp.o
 .data          0x000000000042a610        0x0 delay.o
 .data          0x000000000042a610        0x0 paging.o
 .data          0x000000000042a610        0x0 mm.o
 .data          0x000000000042a610        0x0 cpuid.o
 .data          0x000000000042a610        0x0 msr.o
 .data          0x000000000042a610        0x0 lvt.o
 .data          0x000000000042a610        0x0 irq.o
 .data          0x000000000042a610        0x0 apic.o
 .data          0x000000000042a610        0x0 apic_timer.o
 .data          0x000000000042a610        0x0 ioapic.o
 .data          0x000000000042a610        0x0 intr.o
 .data          0x000000000042a610        0x0 sleep.o
 .data          0x000000000042a610        0x0 thread.o
 .data          0x000000000042a610        0x0 exectve.o
 .data          0x000000000042a610        0x0 syscall.o
 .data          0x000000000042a610        0x0 console.o
 .data          0x000000000042a610        0x0 exit.o
 .data          0x000000000042a610        0x0 sse.o
 .data          0x000000000042a610        0x0 pci.o
 .data          0x000000000042a610        0x0 i965.o
 *fill*         0x000000000042a610       0x10 
 .data          0x000000000042a620      0x168 cursor.o
                0x000000000042a620                cursor18x18
 .data          0x000000000042a788        0x0 acpi.o
 .data          0x000000000042a788        0x0 hpet.o
 .data          0x000000000042a788        0x0 lpc.o
 .data          0x000000000042a788        0x0 pit.o
 .data          0x000000000042a788        0x0 ps2.o
 .data          0x000000000042a788        0x4 mouse.o
                0x000000000042a788                speed
 .data          0x000000000042a78c        0x0 keyboard.o
 .data          0x000000000042a78c        0x0 ahci.o
 .data          0x000000000042a78c        0x0 ide.o
 .data          0x000000000042a78c        0x0 storage.o
 .data          0x000000000042a78c        0x0 rtc.o
 .data          0x000000000042a78c        0x0 hda.o
 .data          0x000000000042a78c        0x0 speaker.o
 .data          0x000000000042a78c        0x0 e1000.o
 .data          0x000000000042a78c        0x0 ethernet.o
 .data          0x000000000042a78c        0x0 arp.o
 .data          0x000000000042a78c        0x0 udp.o
 .data          0x000000000042a78c        0x0 ipv4.o
 .data          0x000000000042a78c        0x0 dhcp.o
 .data          0x000000000042a78c        0x0 tcp.o
 .data          0x000000000042a78c        0x0 checksum.o
 .data          0x000000000042a78c        0x0 rtl8169.o
 .data          0x000000000042a78c        0x0 pcnet.o
 .data          0x000000000042a78c        0x0 vmnet.o
 .data          0x000000000042a78c        0x0 port.o
 .data          0x000000000042a78c        0x0 bga.o
 .data          0x000000000042a78c        0x0 video.o
 .data          0x000000000042a78c        0x0 gui.o
 .data          0x000000000042a78c        0x0 compositor.o
 .data          0x000000000042a78c        0x0 window_server.o
 *fill*         0x000000000042a78c       0x14 
 .data          0x000000000042a7a0     0x1000 font8x16.o
                0x000000000042a7a0                font8x16
 .data          0x000000000042b7a0       0x40 terminal.o
 .data          0x000000000042b7e0        0x0 std.o
 .data          0x000000000042b7e0        0x0 cfs.o
 .data          0x000000000042b7e0        0x0 pipe.o
 .data          0x000000000042b7e0        0x0 socket.o
 .data          0x000000000042b7e0        0x0 elf.o
 .data          0x000000000042b7e0        0x0 bind.o
 .data          0x000000000042b7e0        0x0 inet.o
 .data          0x000000000042b7e0        0x0 recvfrom.o
 .data          0x000000000042b7e0        0x0 sendto.o
 .data          0x000000000042b7e0        0x0 string.o
 .data          0x000000000042b7e0        0x0 vsprintf.o
 .data          0x000000000042b7e0        0x0 stdio.o
 .data          0x000000000042b7e0        0x0 stdlib.o
 .data          0x000000000042b7e0        0x0 sse_memcpy.o
 .data          0x000000000042b7e0        0x0 panic.o
 .data          0x000000000042b7e0        0x0 msi.o
 .data          0x000000000042b7e0        0x0 communication.o
 .data          0x000000000042b7e0        0x0 argv.o
 *(.rodata)
 .rodata        0x000000000042b7e0      0x25b main.o
 .rodata        0x000000000042ba3b        0xa idt.o
 *fill*         0x000000000042ba45        0x3 
 .rodata        0x000000000042ba48      0x438 exception.o
 .rodata        0x000000000042be80       0xf8 smp.o
 .rodata        0x000000000042bf78       0x5d mm.o
 *fill*         0x000000000042bfd5        0x3 
 .rodata        0x000000000042bfd8      0x130 lvt.o
 .rodata        0x000000000042c108       0x1c irq.o
 .rodata        0x000000000042c124       0x33 apic.o
 .rodata        0x000000000042c157       0x15 apic_timer.o
 .rodata        0x000000000042c16c        0xa intr.o
 .rodata        0x000000000042c176       0x19 thread.o
 *fill*         0x000000000042c18f        0x1 
 .rodata        0x000000000042c190       0x48 syscall.o
 .rodata        0x000000000042c1d8      0x215 console.o
 .rodata        0x000000000042c3ed       0x2e sse.o
 *fill*         0x000000000042c41b        0x5 
 .rodata        0x000000000042c420     0x15ff pci.o
 *fill*         0x000000000042da1f        0x1 
 .rodata        0x000000000042da20       0x3d i965.o
 *fill*         0x000000000042da5d        0x3 
 .rodata        0x000000000042da60       0xc7 acpi.o
 .rodata        0x000000000042db27       0x14 hpet.o
 *fill*         0x000000000042db3b        0x5 
 .rodata        0x000000000042db40       0x31 lpc.o
 .rodata        0x000000000042db71       0x1d mouse.o
 *fill*         0x000000000042db8e       0x12 
 .rodata        0x000000000042dba0      0x253 keyboard.o
                0x000000000042dba0                ascii_minusculas
                0x000000000042dca0                ascii_maiusculas
 *fill*         0x000000000042ddf3      0x20d 
 .rodata        0x000000000042e000    0x108cf ahci.o
 *fill*         0x000000000043e8cf        0x1 
 .rodata        0x000000000043e8d0       0xb1 ide.o
 *fill*         0x000000000043e981        0x7 
 .rodata        0x000000000043e988      0x139 storage.o
 .rodata        0x000000000043eac1       0x12 rtc.o
 *fill*         0x000000000043ead3        0x5 
 .rodata        0x000000000043ead8      0x342 hda.o
 *fill*         0x000000000043ee1a        0x6 
 .rodata        0x000000000043ee20      0x223 e1000.o
 *fill*         0x000000000043f043        0x5 
 .rodata        0x000000000043f048      0x1f1 ethernet.o
 *fill*         0x000000000043f239        0x7 
 .rodata        0x000000000043f240      0x1b1 arp.o
 .rodata        0x000000000043f3f1       0x15 ipv4.o
 .rodata        0x000000000043f406       0xa5 dhcp.o
 *fill*         0x000000000043f4ab        0x5 
 .rodata        0x000000000043f4b0      0x1f3 rtl8169.o
 *fill*         0x000000000043f6a3        0x5 
 .rodata        0x000000000043f6a8      0x1ae pcnet.o
 *fill*         0x000000000043f856        0x2 
 .rodata        0x000000000043f858       0x74 vmnet.o
 *fill*         0x000000000043f8cc        0x4 
 .rodata        0x000000000043f8d0       0x71 video.o
 *fill*         0x000000000043f941        0x7 
 .rodata        0x000000000043f948        0x8 terminal.o
 .rodata        0x000000000043f950       0x14 std.o
 .rodata        0x000000000043f964       0x24 socket.o
 .rodata        0x000000000043f988       0xad elf.o
 *fill*         0x000000000043fa35        0x3 
 .rodata        0x000000000043fa38      0x110 vsprintf.o
 .rodata        0x000000000043fb48        0x9 stdio.o
 .rodata        0x000000000043fb51        0xf panic.o
 .rodata        0x000000000043fb60       0x2b msi.o
 *fill*         0x000000000043fb8b        0x5 
 .rodata        0x000000000043fb90       0xae communication.o
                0x0000000000440000                . = ALIGN (0x1000)
 *fill*         0x000000000043fc3e      0x3c2 

.got            0x0000000000440000      0x548
 .got           0x0000000000440000      0x548 setup.o

.got.plt        0x0000000000440548       0x18
 .got.plt       0x0000000000440548       0x18 setup.o
                0x0000000000440548                _GLOBAL_OFFSET_TABLE_

.igot.plt       0x0000000000440560        0x0
 .igot.plt      0x0000000000440560        0x0 setup.o

.data.rel.local
                0x0000000000440560     0x1e40
 .data.rel.local
                0x0000000000440560      0x100 exception.o
                0x0000000000440560                exception_mensagem
 .data.rel.local
                0x0000000000440660       0xc0 irq.o
                0x0000000000440660                fnvetors_handler
 .data.rel.local
                0x0000000000440720      0x118 syscall.o
                0x0000000000440720                fnvetors_syscall
 *fill*         0x0000000000440838        0x8 
 .data.rel.local
                0x0000000000440840      0x1b0 console.o
                0x0000000000440840                cmd_table
 *fill*         0x00000000004409f0       0x10 
 .data.rel.local
                0x0000000000440a00     0x1400 pci.o
                0x0000000000440a00                pci_classes
                0x0000000000441200                pci_class_names
 .data.rel.local
                0x0000000000441e00       0x20 mouse.o
                0x0000000000441e00                id_mouse_strings
 .data.rel.local
                0x0000000000441e20       0x38 ahci.o
                0x0000000000441e20                ahci_type
 *fill*         0x0000000000441e58        0x8 
 .data.rel.local
                0x0000000000441e60       0x48 dhcp.o
                0x0000000000441e60                string_dhcp_message
 *fill*         0x0000000000441ea8       0x18 
 .data.rel.local
                0x0000000000441ec0      0x3d0 rtl8169.o
 *fill*         0x0000000000442290       0x10 
 .data.rel.local
                0x00000000004422a0      0x100 msi.o

.bss            0x00000000004423a0    0x27c60
                0x00000000004423a0                bss = .
                0x00000000004423a0                _bss = .
                0x00000000004423a0                __bss = .
 *(.bss)
 .bss           0x00000000004423a0    0x20000 setup.o
 .bss           0x00000000004623a0        0x0 main.o
 .bss           0x00000000004623a0        0x0 io.o
 .bss           0x00000000004623a0        0x0 gdt.o
 .bss           0x00000000004623a0        0x0 tss.o
 .bss           0x00000000004623a0        0x0 idt.o
 .bss           0x00000000004623a0        0x0 exception.o
 .bss           0x00000000004623a0        0x0 data.o
 .bss           0x00000000004623a0        0x0 server.o
 .bss           0x00000000004623a0        0x0 smp.o
 .bss           0x00000000004623a0        0x0 delay.o
 .bss           0x00000000004623a0       0x20 paging.o
                0x00000000004623a0                pml4e
                0x00000000004623a8                pdpte
                0x00000000004623b0                pae_pde
                0x00000000004623b8                pae_pte
 .bss           0x00000000004623c0        0x0 mm.o
 .bss           0x00000000004623c0        0x0 cpuid.o
 .bss           0x00000000004623c0        0x0 msr.o
 .bss           0x00000000004623c0        0x0 lvt.o
 .bss           0x00000000004623c0        0x0 irq.o
 .bss           0x00000000004623c0        0x0 apic.o
 .bss           0x00000000004623c0        0x0 apic_timer.o
 .bss           0x00000000004623c0        0x0 ioapic.o
 .bss           0x00000000004623c0        0x0 intr.o
 .bss           0x00000000004623c0        0x0 sleep.o
 .bss           0x00000000004623c0        0x0 thread.o
 .bss           0x00000000004623c0        0x0 exectve.o
 .bss           0x00000000004623c0        0x0 syscall.o
 .bss           0x00000000004623c0        0x8 console.o
                0x00000000004623c0                call_loader
 .bss           0x00000000004623c8        0x0 exit.o
 .bss           0x00000000004623c8        0x0 sse.o
 .bss           0x00000000004623c8        0x0 pci.o
 .bss           0x00000000004623c8        0x0 i965.o
 .bss           0x00000000004623c8        0x0 cursor.o
 .bss           0x00000000004623c8        0x0 acpi.o
 *fill*         0x00000000004623c8       0x18 
 .bss           0x00000000004623e0      0x100 hpet.o
 .bss           0x00000000004624e0        0x0 lpc.o
 .bss           0x00000000004624e0        0x0 pit.o
 .bss           0x00000000004624e0        0x0 ps2.o
 .bss           0x00000000004624e0        0x4 mouse.o
                0x00000000004624e0                mouse_position
 *fill*         0x00000000004624e4        0x4 
 .bss           0x00000000004624e8       0x18 keyboard.o
                0x00000000004624e8                kbd_irq_ack
 .bss           0x0000000000462500        0x0 ahci.o
 .bss           0x0000000000462500        0x0 ide.o
 .bss           0x0000000000462500        0x8 storage.o
                0x0000000000462500                ata_pci
 .bss           0x0000000000462508        0x1 rtc.o
 .bss           0x0000000000462509        0x0 hda.o
 .bss           0x0000000000462509        0x0 speaker.o
 *fill*         0x0000000000462509        0x7 
 .bss           0x0000000000462510       0x10 e1000.o
 .bss           0x0000000000462520        0x8 ethernet.o
                0x0000000000462520                package_recieved_ack
 .bss           0x0000000000462528        0x0 arp.o
 .bss           0x0000000000462528        0x0 udp.o
 .bss           0x0000000000462528        0x4 ipv4.o
                0x0000000000462528                ipv4_count
 .bss           0x000000000046252c        0x0 dhcp.o
 .bss           0x000000000046252c        0x0 tcp.o
 .bss           0x000000000046252c        0x0 checksum.o
 .bss           0x000000000046252c        0x0 rtl8169.o
 .bss           0x000000000046252c        0x4 pcnet.o
 .bss           0x0000000000462530        0x8 vmnet.o
 .bss           0x0000000000462538        0x0 port.o
 .bss           0x0000000000462538        0x0 bga.o
 .bss           0x0000000000462538        0x0 video.o
 .bss           0x0000000000462538        0x0 gui.o
 .bss           0x0000000000462538        0x0 compositor.o
 .bss           0x0000000000462538        0x0 window_server.o
 .bss           0x0000000000462538        0x0 font8x16.o
 .bss           0x0000000000462538        0x4 terminal.o
 .bss           0x000000000046253c        0x0 std.o
 .bss           0x000000000046253c        0x0 cfs.o
 .bss           0x000000000046253c        0x0 pipe.o
 .bss           0x000000000046253c        0x2 socket.o
 .bss           0x000000000046253e        0x0 elf.o
 .bss           0x000000000046253e        0x0 bind.o
 .bss           0x000000000046253e        0x0 inet.o
 .bss           0x000000000046253e        0x0 recvfrom.o
 .bss           0x000000000046253e        0x0 sendto.o
 .bss           0x000000000046253e        0x0 string.o
 .bss           0x000000000046253e        0x0 vsprintf.o
 .bss           0x000000000046253e        0x0 stdio.o
 .bss           0x000000000046253e        0x0 stdlib.o
 .bss           0x000000000046253e        0x0 sse_memcpy.o
 .bss           0x000000000046253e        0x0 panic.o
 .bss           0x000000000046253e        0x0 msi.o
 *fill*         0x000000000046253e        0x2 
 .bss           0x0000000000462540        0x8 communication.o
                0x0000000000462540                memory
 .bss           0x0000000000462548        0x0 argv.o
 *(COMMON)
 COMMON         0x0000000000462548       0x20 main.o
                0x0000000000462548                mult_task
                0x0000000000462550                user
                0x0000000000462558                launcher
                0x000000000046255c                no
                0x0000000000462560                syspwd
 *fill*         0x0000000000462568       0x18 
 COMMON         0x0000000000462580      0x120 gdt.o
                0x0000000000462580                gdtr
                0x00000000004625a0                gdt
 COMMON         0x00000000004626a0       0x68 tss.o
                0x00000000004626a0                tss
 *fill*         0x0000000000462708       0x18 
 COMMON         0x0000000000462720     0x100a idt.o
                0x0000000000462720                idt
                0x0000000000463720                idtr
 *fill*         0x000000000046372a        0x6 
 COMMON         0x0000000000463730       0x25 data.o
                0x0000000000463730                interrupt_status
                0x0000000000463738                kernelmouse
                0x0000000000463740                dv_uid
                0x0000000000463748                pipe_launcher
                0x0000000000463750                tmpnam
                0x0000000000463754                dv_num
 *fill*         0x0000000000463755        0xb 
 COMMON         0x0000000000463760       0x50 server.o
                0x0000000000463760                thread_id
                0x0000000000463780                server_id
 *fill*         0x00000000004637b0       0x10 
 COMMON         0x00000000004637c0      0x112 smp.o
                0x00000000004637c0                core
 *fill*         0x00000000004638d2        0x6 
 COMMON         0x00000000004638d8       0x38 mm.o
                0x00000000004638d8                PAGE_BITMAP
                0x00000000004638e0                alloc_pte
                0x00000000004638e8                alloc_pde
                0x00000000004638f0                RAM_BITMAP
                0x00000000004638f8                alloc_spin_lock
                0x0000000000463900                device_pde
                0x0000000000463908                g_mm_mp_index
 COMMON         0x0000000000463910        0x4 cpuid.o
                0x0000000000463910                CPUID_REQUEST
 *fill*         0x0000000000463914        0x4 
 COMMON         0x0000000000463918       0x10 apic.o
                0x0000000000463918                localId
                0x0000000000463920                lapicbase
 COMMON         0x0000000000463928        0x4 apic_timer.o
                0x0000000000463928                apic_timer_ticks
 *fill*         0x000000000046392c       0x14 
 COMMON         0x0000000000463940       0xc8 ioapic.o
                0x0000000000463940                ioapic_redir_table
                0x0000000000463a00                ioapic_base
 COMMON         0x0000000000463a08      0x1f8 thread.o
                0x0000000000463a08                context2_r15
                0x0000000000463a10                context2_rsp0
                0x0000000000463a18                context2_r12
                0x0000000000463a20                context2_gs
                0x0000000000463a28                context_rcx
                0x0000000000463a30                context2_ds
                0x0000000000463a38                context_r12
                0x0000000000463a40                context_rax
                0x0000000000463a48                context_ds
                0x0000000000463a50                context2_ss
                0x0000000000463a58                current_thread
                0x0000000000463a60                context2_cs
                0x0000000000463a68                current_thread2
                0x0000000000463a70                context2_pid
                0x0000000000463a78                context_rsi
                0x0000000000463a80                context2_r13
                0x0000000000463a88                context2_rbp
                0x0000000000463a90                context_r9
                0x0000000000463a98                context_rdx
                0x0000000000463aa0                context_rflag
                0x0000000000463aa8                current_thread1
                0x0000000000463ab0                context_fxsave
                0x0000000000463ab8                context2_rdx
                0x0000000000463ac0                context_cs
                0x0000000000463ac8                context_rsp0
                0x0000000000463ad0                context2_es
                0x0000000000463ad8                thread_ready_queue
                0x0000000000463ae0                context_cr3
                0x0000000000463ae8                context_rsp
                0x0000000000463af0                context_fs
                0x0000000000463af8                context2_rax
                0x0000000000463b00                context_rbp
                0x0000000000463b08                context_r8
                0x0000000000463b10                threadz
                0x0000000000463b18                context2_rcx
                0x0000000000463b20                context_r15
                0x0000000000463b28                context2_rflag
                0x0000000000463b30                context_ss
                0x0000000000463b38                context2_r14
                0x0000000000463b40                context2_fs
                0x0000000000463b48                context2_rbx
                0x0000000000463b50                context2_r11
                0x0000000000463b58                context2_cr3
                0x0000000000463b60                next_pid
                0x0000000000463b68                context_gs
                0x0000000000463b70                context_r11
                0x0000000000463b78                context2_r9
                0x0000000000463b80                first_thread2
                0x0000000000463b88                context2_r10
                0x0000000000463b90                context2_rip
                0x0000000000463b98                context2_fxsave
                0x0000000000463ba0                context2_rsp
                0x0000000000463ba8                context_r13
                0x0000000000463bb0                context_r10
                0x0000000000463bb8                context_rip
                0x0000000000463bc0                context_pid
                0x0000000000463bc8                context_rbx
                0x0000000000463bd0                context_r14
                0x0000000000463bd8                context2_r8
                0x0000000000463be0                context2_rsi
                0x0000000000463be8                context_rdi
                0x0000000000463bf0                context2_rdi
                0x0000000000463bf8                context_es
 COMMON         0x0000000000463c00        0x8 syscall.o
                0x0000000000463c00                ret
 *fill*         0x0000000000463c08       0x18 
 COMMON         0x0000000000463c20       0x78 i965.o
                0x0000000000463c20                fb
                0x0000000000463c40                mode
                0x0000000000463c60                gtt
 COMMON         0x0000000000463c98       0x50 acpi.o
                0x0000000000463c98                fadt
                0x0000000000463ca0                acpi_physical_init
                0x0000000000463ca8                SLP_TYPa
                0x0000000000463cb0                hpet
                0x0000000000463cb8                xsdt
                0x0000000000463cc0                rsdt
                0x0000000000463cc8                dsdt
                0x0000000000463cd0                SLP_TYPb
                0x0000000000463cd8                acpi_virtual_addr
                0x0000000000463ce0                rsdp
 COMMON         0x0000000000463ce8       0x10 hpet.o
                0x0000000000463ce8                hpet_register
                0x0000000000463cf0                period
 COMMON         0x0000000000463cf8       0x10 pit.o
                0x0000000000463cf8                eticks
                0x0000000000463d00                timer_ticks
 COMMON         0x0000000000463d08       0x24 mouse.o
                0x0000000000463d08                mouse_x
                0x0000000000463d0c                count_mouse
                0x0000000000463d10                mouse2
                0x0000000000463d18                first_time
                0x0000000000463d1c                buttons
                0x0000000000463d20                mouse
                0x0000000000463d28                mouse_y
 COMMON         0x0000000000463d2c        0x4 keyboard.o
                0x0000000000463d2c                key_buffer
                0x0000000000463d2e                led_status
                0x0000000000463d2f                keyboard_charset
 *fill*         0x0000000000463d30       0x10 
 COMMON         0x0000000000463d40      0x220 ahci.o
                0x0000000000463d40                dmavirt
                0x0000000000463d48                dmaphy
                0x0000000000463d50                HBA_BASE
                0x0000000000463d58                hba_mem_space
                0x0000000000463d60                sata_idtfy
 COMMON         0x0000000000463f60        0x8 ide.o
                0x0000000000463f60                ata_record_channel
                0x0000000000463f64                ata_record_dev
 *fill*         0x0000000000463f68       0x18 
 COMMON         0x0000000000463f80      0x830 storage.o
                0x0000000000463f80                ATA_BAR1
                0x0000000000463f84                ATA_BAR4
                0x0000000000463fa0                ata
                0x00000000004647a0                ATA_BAR0
                0x00000000004647a4                ATA_BAR3
                0x00000000004647a8                ATA_BAR2
                0x00000000004647ac                ATA_BAR5
 COMMON         0x00000000004647b0        0x8 rtc.o
                0x00000000004647b0                clock
 *fill*         0x00000000004647b8        0x8 
 COMMON         0x00000000004647c0       0xd4 hda.o
                0x00000000004647c0                corb_pointer
                0x00000000004647c4                HDBARL
                0x00000000004647c8                hda_base
                0x00000000004647d0                HDA_MEM_SIZE
                0x00000000004647d4                beep_node
                0x00000000004647e0                hda_widget
                0x0000000000464860                output_node
                0x0000000000464868                HDA_STREAM_MEMORY
                0x0000000000464870                RIRB_MEMORY
                0x0000000000464878                HDA_MEM
                0x0000000000464880                CORB_MEMORY
                0x0000000000464888                hda_max_volume
                0x000000000046488c                HDBARU
                0x0000000000464890                input_node
 *fill*         0x0000000000464894        0xc 
 COMMON         0x00000000004648a0      0x180 e1000.o
                0x00000000004648a0                tx_descs
                0x00000000004648e0                rx_memory
                0x0000000000464900                rx_descs
                0x0000000000464a00                tx_memory
 COMMON         0x0000000000464a20      0x304 ethernet.o
                0x0000000000464a20                local_ip
                0x0000000000464a24                router_ip
                0x0000000000464a40                packege_desc_buffer
                0x0000000000464cc0                your_ip
                0x0000000000464ce0                default_ethernet_device
                0x0000000000464d01                dns_ip
                0x0000000000464d05                dhcp_ip
                0x0000000000464d10                default_ethernet_package_descriptor
 *fill*         0x0000000000464d24       0x1c 
 COMMON         0x0000000000464d40     0x2800 arp.o
                0x0000000000464d40                arp_cache
 COMMON         0x0000000000467540        0x8 tcp.o
                0x0000000000467540                queue_conn
 *fill*         0x0000000000467548       0x18 
 COMMON         0x0000000000467560     0x1068 rtl8169.o
                0x0000000000467560                re_soft
                0x00000000004685c0                re_base_addr
 *fill*         0x00000000004685c8       0x18 
 COMMON         0x00000000004685e0      0x1d0 pcnet.o
                0x00000000004685e0                pcnet_block
                0x0000000000468600                pcnet_softc
 *fill*         0x00000000004687b0       0x10 
 COMMON         0x00000000004687c0      0x800 vmnet.o
                0x00000000004687c0                rx_desc
 COMMON         0x0000000000468fc0        0x8 port.o
                0x0000000000468fc0                port_bitmap
 *fill*         0x0000000000468fc8       0x18 
 COMMON         0x0000000000468fe0       0x68 gui.o
                0x0000000000468fe0                gui
 COMMON         0x0000000000469048       0x38 compositor.o
                0x0000000000469048                rf
                0x0000000000469050                window_count
                0x0000000000469058                screan_spin_lock
                0x0000000000469060                paint
                0x0000000000469068                gid
                0x0000000000469070                paint_ready_queue
                0x0000000000469078                paint_foco
 COMMON         0x0000000000469080        0x4 window_server.o
                0x0000000000469080                w_remove_spinlock
 *fill*         0x0000000000469084        0x4 
 COMMON         0x0000000000469088       0x30 std.o
                0x0000000000469088                stdout
                0x0000000000469090                _stderr
                0x0000000000469098                _stdin
                0x00000000004690a0                stdin
                0x00000000004690a8                _stdout
                0x00000000004690b0                stderr
 COMMON         0x00000000004690b8        0x8 cfs.o
                0x00000000004690b8                fs_directory
 COMMON         0x00000000004690c0      0x4cc socket.o
                0x00000000004690c0                current_saddr
                0x00000000004690c8                row_cur
                0x00000000004690e0                sockt_receive_row
                0x0000000000469580                saddr_ready_queue
                0x0000000000469588                socket_next_id
 COMMON         0x000000000046958c        0x4 stdio.o
                0x000000000046958c                VERBOSE
 COMMON         0x0000000000469590        0x4 msi.o
                0x0000000000469590                vector_msi
                0x000000000046a000                . = ALIGN (0x1000)
 *fill*         0x0000000000469594      0xa6c 

.eh_frame       0x000000000046a000     0x5000
                0x000000000046a000                eh_frame = .
 *(.eh_frame)
 .eh_frame      0x000000000046a000       0x48 main.o
 .eh_frame      0x000000000046a048       0x20 io.o
                                         0x38 (size before relaxing)
 .eh_frame      0x000000000046a068       0x50 gdt.o
                                         0x68 (size before relaxing)
 .eh_frame      0x000000000046a0b8       0x48 tss.o
                                         0x60 (size before relaxing)
 .eh_frame      0x000000000046a100       0xd8 idt.o
                                         0xf0 (size before relaxing)
 .eh_frame      0x000000000046a1d8       0x70 exception.o
                                         0x88 (size before relaxing)
 .eh_frame      0x000000000046a248       0x68 server.o
                                         0x80 (size before relaxing)
 .eh_frame      0x000000000046a2b0       0x70 smp.o
                                         0x88 (size before relaxing)
 .eh_frame      0x000000000046a320       0x40 delay.o
                                         0x58 (size before relaxing)
 .eh_frame      0x000000000046a360       0xc0 paging.o
                                         0xd8 (size before relaxing)
 .eh_frame      0x000000000046a420      0x228 mm.o
                                        0x240 (size before relaxing)
 .eh_frame      0x000000000046a648       0x90 cpuid.o
                                         0xa8 (size before relaxing)
 .eh_frame      0x000000000046a6d8       0x40 msr.o
                                         0x58 (size before relaxing)
 .eh_frame      0x000000000046a718       0x88 lvt.o
                                         0xa0 (size before relaxing)
 .eh_frame      0x000000000046a7a0       0x98 irq.o
                                         0xb0 (size before relaxing)
 .eh_frame      0x000000000046a838      0x140 apic.o
                                        0x158 (size before relaxing)
 .eh_frame      0x000000000046a978       0xa0 apic_timer.o
                                         0xb8 (size before relaxing)
 .eh_frame      0x000000000046aa18       0xf8 ioapic.o
                                        0x110 (size before relaxing)
 .eh_frame      0x000000000046ab10       0x50 intr.o
                                         0x68 (size before relaxing)
 .eh_frame      0x000000000046ab60       0x28 sleep.o
                                         0x40 (size before relaxing)
 .eh_frame      0x000000000046ab88      0x178 thread.o
                                        0x190 (size before relaxing)
 .eh_frame      0x000000000046ad00       0x58 exectve.o
                                         0x70 (size before relaxing)
 .eh_frame      0x000000000046ad58      0x3f0 syscall.o
                                        0x408 (size before relaxing)
 .eh_frame      0x000000000046b148      0x290 console.o
                                        0x2a8 (size before relaxing)
 .eh_frame      0x000000000046b3d8       0x58 exit.o
                                         0x70 (size before relaxing)
 .eh_frame      0x000000000046b430       0xc8 sse.o
                                         0xe0 (size before relaxing)
 .eh_frame      0x000000000046b4f8      0x238 pci.o
                                        0x250 (size before relaxing)
 .eh_frame      0x000000000046b730      0x240 i965.o
                                        0x258 (size before relaxing)
 .eh_frame      0x000000000046b970       0x68 cursor.o
                                         0x80 (size before relaxing)
 .eh_frame      0x000000000046b9d8      0x148 acpi.o
                                        0x160 (size before relaxing)
 .eh_frame      0x000000000046bb20       0xa0 hpet.o
                                         0xb8 (size before relaxing)
 .eh_frame      0x000000000046bbc0       0x48 lpc.o
                                         0x60 (size before relaxing)
 .eh_frame      0x000000000046bc08       0xc8 pit.o
                                         0xe0 (size before relaxing)
 .eh_frame      0x000000000046bcd0       0x88 ps2.o
                                         0xa0 (size before relaxing)
 .eh_frame      0x000000000046bd58       0xf0 mouse.o
                                        0x108 (size before relaxing)
 .eh_frame      0x000000000046be48      0x128 keyboard.o
                                        0x140 (size before relaxing)
 .eh_frame      0x000000000046bf70      0x218 ahci.o
                                        0x230 (size before relaxing)
 .eh_frame      0x000000000046c188      0x248 ide.o
                                        0x260 (size before relaxing)
 .eh_frame      0x000000000046c3d0       0xb0 storage.o
                                         0xc8 (size before relaxing)
 .eh_frame      0x000000000046c480      0x100 rtc.o
                                        0x118 (size before relaxing)
 .eh_frame      0x000000000046c580      0x270 hda.o
                                        0x288 (size before relaxing)
 .eh_frame      0x000000000046c7f0       0x88 speaker.o
                                         0xa0 (size before relaxing)
 .eh_frame      0x000000000046c878      0x190 e1000.o
                                        0x1a8 (size before relaxing)
 .eh_frame      0x000000000046ca08      0x1d8 ethernet.o
                                        0x1f0 (size before relaxing)
 .eh_frame      0x000000000046cbe0      0x148 arp.o
                                        0x160 (size before relaxing)
 .eh_frame      0x000000000046cd28       0x78 udp.o
                                         0x90 (size before relaxing)
 .eh_frame      0x000000000046cda0       0x50 ipv4.o
                                         0x68 (size before relaxing)
 .eh_frame      0x000000000046cdf0       0x98 dhcp.o
                                         0xb0 (size before relaxing)
 .eh_frame      0x000000000046ce88      0x120 tcp.o
                                        0x138 (size before relaxing)
 .eh_frame      0x000000000046cfa8       0x40 checksum.o
                                         0x58 (size before relaxing)
 .eh_frame      0x000000000046cfe8      0x2c8 rtl8169.o
                                        0x2e0 (size before relaxing)
 .eh_frame      0x000000000046d2b0      0x1a0 pcnet.o
                                        0x1b8 (size before relaxing)
 .eh_frame      0x000000000046d450      0x138 vmnet.o
                                        0x150 (size before relaxing)
 .eh_frame      0x000000000046d588       0x88 port.o
                                         0xa0 (size before relaxing)
 .eh_frame      0x000000000046d610       0xd0 bga.o
                                         0xe8 (size before relaxing)
 .eh_frame      0x000000000046d6e0       0x30 video.o
                                         0x48 (size before relaxing)
 .eh_frame      0x000000000046d710      0x128 gui.o
                                        0x140 (size before relaxing)
 .eh_frame      0x000000000046d838      0x110 compositor.o
                                        0x128 (size before relaxing)
 .eh_frame      0x000000000046d948       0x48 window_server.o
                                         0x60 (size before relaxing)
 .eh_frame      0x000000000046d990      0x100 terminal.o
                                        0x118 (size before relaxing)
 .eh_frame      0x000000000046da90       0x98 std.o
                                         0xb0 (size before relaxing)
 .eh_frame      0x000000000046db28      0x118 cfs.o
                                        0x130 (size before relaxing)
 .eh_frame      0x000000000046dc40       0x68 pipe.o
                                         0x80 (size before relaxing)
 .eh_frame      0x000000000046dca8      0x180 socket.o
                                        0x198 (size before relaxing)
 .eh_frame      0x000000000046de28       0x48 elf.o
                                         0x60 (size before relaxing)
 .eh_frame      0x000000000046de70       0x50 bind.o
                                         0x68 (size before relaxing)
 .eh_frame      0x000000000046dec0       0x20 inet.o
                                         0x38 (size before relaxing)
 .eh_frame      0x000000000046dee0       0x30 recvfrom.o
                                         0x48 (size before relaxing)
 .eh_frame      0x000000000046df10       0x30 sendto.o
                                         0x48 (size before relaxing)
 .eh_frame      0x000000000046df40       0xc0 string.o
                                         0xd8 (size before relaxing)
 .eh_frame      0x000000000046e000       0x50 vsprintf.o
                                         0x68 (size before relaxing)
 .eh_frame      0x000000000046e050      0x198 stdio.o
                                        0x1b0 (size before relaxing)
 .eh_frame      0x000000000046e1e8       0xd8 stdlib.o
                                         0xf0 (size before relaxing)
 .eh_frame      0x000000000046e2c0       0x20 sse_memcpy.o
                                         0x38 (size before relaxing)
 .eh_frame      0x000000000046e2e0       0x20 panic.o
                                         0x38 (size before relaxing)
 .eh_frame      0x000000000046e300       0xc8 msi.o
                                         0xe0 (size before relaxing)
 .eh_frame      0x000000000046e3c8       0x90 communication.o
                                         0xa8 (size before relaxing)
 .eh_frame      0x000000000046e458       0x4c argv.o
                                         0x68 (size before relaxing)
                0x000000000046f000                . = ALIGN (0x1000)
 *fill*         0x000000000046e4a4      0xb5c 
                0x000000000046f000                end = .
                0x000000000046f000                _end = .
                0x000000000046f000                __end = .
LOAD setup.o
LOAD main.o
LOAD io.o
LOAD gdt.o
LOAD tss.o
LOAD idt.o
LOAD vetor.o
LOAD exception.o
LOAD data.o
LOAD server.o
LOAD smp.o
LOAD delay.o
LOAD paging.o
LOAD mm.o
LOAD cpuid.o
LOAD msr.o
LOAD lvt.o
LOAD irq.o
LOAD apic.o
LOAD apic_timer.o
LOAD ioapic.o
LOAD intr.o
LOAD sleep.o
LOAD thread.o
LOAD exectve.o
LOAD syscall.o
LOAD asyscall.o
LOAD console.o
LOAD exit.o
LOAD sse.o
LOAD pci.o
LOAD i965.o
LOAD cursor.o
LOAD acpi.o
LOAD hpet.o
LOAD lpc.o
LOAD pit.o
LOAD ps2.o
LOAD mouse.o
LOAD keyboard.o
LOAD ahci.o
LOAD ide.o
LOAD storage.o
LOAD rtc.o
LOAD hda.o
LOAD speaker.o
LOAD e1000.o
LOAD ethernet.o
LOAD arp.o
LOAD udp.o
LOAD ipv4.o
LOAD dhcp.o
LOAD tcp.o
LOAD checksum.o
LOAD rtl8169.o
LOAD pcnet.o
LOAD vmnet.o
LOAD port.o
LOAD bga.o
LOAD video.o
LOAD gui.o
LOAD compositor.o
LOAD window_server.o
LOAD font8x16.o
LOAD terminal.o
LOAD std.o
LOAD cfs.o
LOAD pipe.o
LOAD socket.o
LOAD elf.o
LOAD bind.o
LOAD inet.o
LOAD recvfrom.o
LOAD sendto.o
LOAD string.o
LOAD vsprintf.o
LOAD stdio.o
LOAD stdlib.o
LOAD sse_memcpy.o
LOAD panic.o
LOAD msi.o
LOAD communication.o
LOAD argv.o
OUTPUT(kernel.bin elf64-x86-64)

.rela.dyn       0x000000000046f000        0x0
 .rela.got      0x000000000046f000        0x0 setup.o
 .rela.iplt     0x000000000046f000        0x0 setup.o
 .rela.text     0x000000000046f000        0x0 setup.o

.comment        0x0000000000000000       0x2b
 .comment       0x0000000000000000       0x2b main.o
                                         0x2c (size before relaxing)
 .comment       0x000000000000002b       0x2c io.o
 .comment       0x000000000000002b       0x2c gdt.o
 .comment       0x000000000000002b       0x2c tss.o
 .comment       0x000000000000002b       0x2c idt.o
 .comment       0x000000000000002b       0x2c exception.o
 .comment       0x000000000000002b       0x2c data.o
 .comment       0x000000000000002b       0x2c server.o
 .comment       0x000000000000002b       0x2c smp.o
 .comment       0x000000000000002b       0x2c delay.o
 .comment       0x000000000000002b       0x2c paging.o
 .comment       0x000000000000002b       0x2c mm.o
 .comment       0x000000000000002b       0x2c cpuid.o
 .comment       0x000000000000002b       0x2c msr.o
 .comment       0x000000000000002b       0x2c lvt.o
 .comment       0x000000000000002b       0x2c irq.o
 .comment       0x000000000000002b       0x2c apic.o
 .comment       0x000000000000002b       0x2c apic_timer.o
 .comment       0x000000000000002b       0x2c ioapic.o
 .comment       0x000000000000002b       0x2c intr.o
 .comment       0x000000000000002b       0x2c sleep.o
 .comment       0x000000000000002b       0x2c thread.o
 .comment       0x000000000000002b       0x2c exectve.o
 .comment       0x000000000000002b       0x2c syscall.o
 .comment       0x000000000000002b       0x2c console.o
 .comment       0x000000000000002b       0x2c exit.o
 .comment       0x000000000000002b       0x2c sse.o
 .comment       0x000000000000002b       0x2c pci.o
 .comment       0x000000000000002b       0x2c i965.o
 .comment       0x000000000000002b       0x2c cursor.o
 .comment       0x000000000000002b       0x2c acpi.o
 .comment       0x000000000000002b       0x2c hpet.o
 .comment       0x000000000000002b       0x2c lpc.o
 .comment       0x000000000000002b       0x2c pit.o
 .comment       0x000000000000002b       0x2c ps2.o
 .comment       0x000000000000002b       0x2c mouse.o
 .comment       0x000000000000002b       0x2c keyboard.o
 .comment       0x000000000000002b       0x2c ahci.o
 .comment       0x000000000000002b       0x2c ide.o
 .comment       0x000000000000002b       0x2c storage.o
 .comment       0x000000000000002b       0x2c rtc.o
 .comment       0x000000000000002b       0x2c hda.o
 .comment       0x000000000000002b       0x2c speaker.o
 .comment       0x000000000000002b       0x2c e1000.o
 .comment       0x000000000000002b       0x2c ethernet.o
 .comment       0x000000000000002b       0x2c arp.o
 .comment       0x000000000000002b       0x2c udp.o
 .comment       0x000000000000002b       0x2c ipv4.o
 .comment       0x000000000000002b       0x2c dhcp.o
 .comment       0x000000000000002b       0x2c tcp.o
 .comment       0x000000000000002b       0x2c checksum.o
 .comment       0x000000000000002b       0x2c rtl8169.o
 .comment       0x000000000000002b       0x2c pcnet.o
 .comment       0x000000000000002b       0x2c vmnet.o
 .comment       0x000000000000002b       0x2c port.o
 .comment       0x000000000000002b       0x2c bga.o
 .comment       0x000000000000002b       0x2c video.o
 .comment       0x000000000000002b       0x2c gui.o
 .comment       0x000000000000002b       0x2c compositor.o
 .comment       0x000000000000002b       0x2c window_server.o
 .comment       0x000000000000002b       0x2c font8x16.o
 .comment       0x000000000000002b       0x2c terminal.o
 .comment       0x000000000000002b       0x2c std.o
 .comment       0x000000000000002b       0x2c cfs.o
 .comment       0x000000000000002b       0x2c pipe.o
 .comment       0x000000000000002b       0x2c socket.o
 .comment       0x000000000000002b       0x2c elf.o
 .comment       0x000000000000002b       0x2c bind.o
 .comment       0x000000000000002b       0x2c inet.o
 .comment       0x000000000000002b       0x2c recvfrom.o
 .comment       0x000000000000002b       0x2c sendto.o
 .comment       0x000000000000002b       0x2c string.o
 .comment       0x000000000000002b       0x2c vsprintf.o
 .comment       0x000000000000002b       0x2c stdio.o
 .comment       0x000000000000002b       0x2c stdlib.o
 .comment       0x000000000000002b       0x2c sse_memcpy.o
 .comment       0x000000000000002b       0x2c panic.o
 .comment       0x000000000000002b       0x2c msi.o
 .comment       0x000000000000002b       0x2c communication.o
 .comment       0x000000000000002b       0x2c argv.o

.note.GNU-stack
                0x0000000000000000        0x0
 .note.GNU-stack
                0x0000000000000000        0x0 main.o
 .note.GNU-stack
                0x0000000000000000        0x0 io.o
 .note.GNU-stack
                0x0000000000000000        0x0 gdt.o
 .note.GNU-stack
                0x0000000000000000        0x0 tss.o
 .note.GNU-stack
                0x0000000000000000        0x0 idt.o
 .note.GNU-stack
                0x0000000000000000        0x0 exception.o
 .note.GNU-stack
                0x0000000000000000        0x0 data.o
 .note.GNU-stack
                0x0000000000000000        0x0 server.o
 .note.GNU-stack
                0x0000000000000000        0x0 smp.o
 .note.GNU-stack
                0x0000000000000000        0x0 delay.o
 .note.GNU-stack
                0x0000000000000000        0x0 paging.o
 .note.GNU-stack
                0x0000000000000000        0x0 mm.o
 .note.GNU-stack
                0x0000000000000000        0x0 cpuid.o
 .note.GNU-stack
                0x0000000000000000        0x0 msr.o
 .note.GNU-stack
                0x0000000000000000        0x0 lvt.o
 .note.GNU-stack
                0x0000000000000000        0x0 irq.o
 .note.GNU-stack
                0x0000000000000000        0x0 apic.o
 .note.GNU-stack
                0x0000000000000000        0x0 apic_timer.o
 .note.GNU-stack
                0x0000000000000000        0x0 ioapic.o
 .note.GNU-stack
                0x0000000000000000        0x0 intr.o
 .note.GNU-stack
                0x0000000000000000        0x0 sleep.o
 .note.GNU-stack
                0x0000000000000000        0x0 thread.o
 .note.GNU-stack
                0x0000000000000000        0x0 exectve.o
 .note.GNU-stack
                0x0000000000000000        0x0 syscall.o
 .note.GNU-stack
                0x0000000000000000        0x0 console.o
 .note.GNU-stack
                0x0000000000000000        0x0 exit.o
 .note.GNU-stack
                0x0000000000000000        0x0 sse.o
 .note.GNU-stack
                0x0000000000000000        0x0 pci.o
 .note.GNU-stack
                0x0000000000000000        0x0 i965.o
 .note.GNU-stack
                0x0000000000000000        0x0 cursor.o
 .note.GNU-stack
                0x0000000000000000        0x0 acpi.o
 .note.GNU-stack
                0x0000000000000000        0x0 hpet.o
 .note.GNU-stack
                0x0000000000000000        0x0 lpc.o
 .note.GNU-stack
                0x0000000000000000        0x0 pit.o
 .note.GNU-stack
                0x0000000000000000        0x0 ps2.o
 .note.GNU-stack
                0x0000000000000000        0x0 mouse.o
 .note.GNU-stack
                0x0000000000000000        0x0 keyboard.o
 .note.GNU-stack
                0x0000000000000000        0x0 ahci.o
 .note.GNU-stack
                0x0000000000000000        0x0 ide.o
 .note.GNU-stack
                0x0000000000000000        0x0 storage.o
 .note.GNU-stack
                0x0000000000000000        0x0 rtc.o
 .note.GNU-stack
                0x0000000000000000        0x0 hda.o
 .note.GNU-stack
                0x0000000000000000        0x0 speaker.o
 .note.GNU-stack
                0x0000000000000000        0x0 e1000.o
 .note.GNU-stack
                0x0000000000000000        0x0 ethernet.o
 .note.GNU-stack
                0x0000000000000000        0x0 arp.o
 .note.GNU-stack
                0x0000000000000000        0x0 udp.o
 .note.GNU-stack
                0x0000000000000000        0x0 ipv4.o
 .note.GNU-stack
                0x0000000000000000        0x0 dhcp.o
 .note.GNU-stack
                0x0000000000000000        0x0 tcp.o
 .note.GNU-stack
                0x0000000000000000        0x0 checksum.o
 .note.GNU-stack
                0x0000000000000000        0x0 rtl8169.o
 .note.GNU-stack
                0x0000000000000000        0x0 pcnet.o
 .note.GNU-stack
                0x0000000000000000        0x0 vmnet.o
 .note.GNU-stack
                0x0000000000000000        0x0 port.o
 .note.GNU-stack
                0x0000000000000000        0x0 bga.o
 .note.GNU-stack
                0x0000000000000000        0x0 video.o
 .note.GNU-stack
                0x0000000000000000        0x0 gui.o
 .note.GNU-stack
                0x0000000000000000        0x0 compositor.o
 .note.GNU-stack
                0x0000000000000000        0x0 window_server.o
 .note.GNU-stack
                0x0000000000000000        0x0 font8x16.o
 .note.GNU-stack
                0x0000000000000000        0x0 terminal.o
 .note.GNU-stack
                0x0000000000000000        0x0 std.o
 .note.GNU-stack
                0x0000000000000000        0x0 cfs.o
 .note.GNU-stack
                0x0000000000000000        0x0 pipe.o
 .note.GNU-stack
                0x0000000000000000        0x0 socket.o
 .note.GNU-stack
                0x0000000000000000        0x0 elf.o
 .note.GNU-stack
                0x0000000000000000        0x0 bind.o
 .note.GNU-stack
                0x0000000000000000        0x0 inet.o
 .note.GNU-stack
                0x0000000000000000        0x0 recvfrom.o
 .note.GNU-stack
                0x0000000000000000        0x0 sendto.o
 .note.GNU-stack
                0x0000000000000000        0x0 string.o
 .note.GNU-stack
                0x0000000000000000        0x0 vsprintf.o
 .note.GNU-stack
                0x0000000000000000        0x0 stdio.o
 .note.GNU-stack
                0x0000000000000000        0x0 stdlib.o
 .note.GNU-stack
                0x0000000000000000        0x0 sse_memcpy.o
 .note.GNU-stack
                0x0000000000000000        0x0 panic.o
 .note.GNU-stack
                0x0000000000000000        0x0 msi.o
 .note.GNU-stack
                0x0000000000000000        0x0 communication.o
 .note.GNU-stack
                0x0000000000000000        0x0 argv.o
