
Merging program properties

Removed property 0xc0000002 to merge main.o (0x3) and setup.o (not found)
Removed property 0xc0000002 to merge main.o (not found) and io.o (0x3)
Removed property 0xc0000002 to merge main.o (not found) and gdt.o (0x3)
Removed property 0xc0000002 to merge main.o (not found) and tss.o (0x3)
Removed property 0xc0000002 to merge main.o (not found) and idt.o (0x3)
Removed property 0xc0000002 to merge main.o (not found) and exception.o (0x3)
Removed property 0xc0000002 to merge main.o (not found) and data.o (0x3)
Removed property 0xc0000002 to merge main.o (not found) and server.o (0x3)
Removed property 0xc0000002 to merge main.o (not found) and smp.o (0x3)
Removed property 0xc0000002 to merge main.o (not found) and delay.o (0x3)
Removed property 0xc0000002 to merge main.o (not found) and paging.o (0x3)
Removed property 0xc0000002 to merge main.o (not found) and mm.o (0x3)
Removed property 0xc0000002 to merge main.o (not found) and cpuid.o (0x3)
Removed property 0xc0000002 to merge main.o (not found) and msr.o (0x3)
Removed property 0xc0000002 to merge main.o (not found) and lvt.o (0x3)
Removed property 0xc0000002 to merge main.o (not found) and irq.o (0x3)
Removed property 0xc0000002 to merge main.o (not found) and apic.o (0x3)
Removed property 0xc0000002 to merge main.o (not found) and apic_timer.o (0x3)
Removed property 0xc0000002 to merge main.o (not found) and ioapic.o (0x3)
Removed property 0xc0000002 to merge main.o (not found) and intr.o (0x3)
Removed property 0xc0000002 to merge main.o (not found) and sleep.o (0x3)
Removed property 0xc0000002 to merge main.o (not found) and thread.o (0x3)
Removed property 0xc0000002 to merge main.o (not found) and exectve.o (0x3)
Removed property 0xc0000002 to merge main.o (not found) and syscall.o (0x3)
Removed property 0xc0000002 to merge main.o (not found) and console.o (0x3)
Removed property 0xc0000002 to merge main.o (not found) and exit.o (0x3)
Removed property 0xc0000002 to merge main.o (not found) and sse.o (0x3)
Removed property 0xc0000002 to merge main.o (not found) and pci.o (0x3)
Removed property 0xc0000002 to merge main.o (not found) and i965.o (0x3)
Removed property 0xc0000002 to merge main.o (not found) and cursor.o (0x3)
Removed property 0xc0000002 to merge main.o (not found) and acpi.o (0x3)
Removed property 0xc0000002 to merge main.o (not found) and hpet.o (0x3)
Removed property 0xc0000002 to merge main.o (not found) and lpc.o (0x3)
Removed property 0xc0000002 to merge main.o (not found) and pit.o (0x3)
Removed property 0xc0000002 to merge main.o (not found) and ps2.o (0x3)
Removed property 0xc0000002 to merge main.o (not found) and mouse.o (0x3)
Removed property 0xc0000002 to merge main.o (not found) and keyboard.o (0x3)
Removed property 0xc0000002 to merge main.o (not found) and ahci.o (0x3)
Removed property 0xc0000002 to merge main.o (not found) and ide.o (0x3)
Removed property 0xc0000002 to merge main.o (not found) and storage.o (0x3)
Removed property 0xc0000002 to merge main.o (not found) and rtc.o (0x3)
Removed property 0xc0000002 to merge main.o (not found) and hda.o (0x3)
Removed property 0xc0000002 to merge main.o (not found) and speaker.o (0x3)
Removed property 0xc0000002 to merge main.o (not found) and e1000.o (0x3)
Removed property 0xc0000002 to merge main.o (not found) and ethernet.o (0x3)
Removed property 0xc0000002 to merge main.o (not found) and arp.o (0x3)
Removed property 0xc0000002 to merge main.o (not found) and udp.o (0x3)
Removed property 0xc0000002 to merge main.o (not found) and ipv4.o (0x3)
Removed property 0xc0000002 to merge main.o (not found) and dhcp.o (0x3)
Removed property 0xc0000002 to merge main.o (not found) and tcp.o (0x3)
Removed property 0xc0000002 to merge main.o (not found) and checksum.o (0x3)
Removed property 0xc0000002 to merge main.o (not found) and rtl8169.o (0x3)
Removed property 0xc0000002 to merge main.o (not found) and pcnet.o (0x3)
Removed property 0xc0000002 to merge main.o (not found) and vmnet.o (0x3)
Removed property 0xc0000002 to merge main.o (not found) and port.o (0x3)
Removed property 0xc0000002 to merge main.o (not found) and bga.o (0x3)
Removed property 0xc0000002 to merge main.o (not found) and video.o (0x3)
Removed property 0xc0000002 to merge main.o (not found) and gui.o (0x3)
Removed property 0xc0000002 to merge main.o (not found) and compositor.o (0x3)
Removed property 0xc0000002 to merge main.o (not found) and window_server.o (0x3)
Removed property 0xc0000002 to merge main.o (not found) and font8x16.o (0x3)
Removed property 0xc0000002 to merge main.o (not found) and terminal.o (0x3)
Removed property 0xc0000002 to merge main.o (not found) and std.o (0x3)
Removed property 0xc0000002 to merge main.o (not found) and cfs.o (0x3)
Removed property 0xc0000002 to merge main.o (not found) and pipe.o (0x3)
Removed property 0xc0000002 to merge main.o (not found) and socket.o (0x3)
Removed property 0xc0000002 to merge main.o (not found) and elf.o (0x3)
[...]
Memory Configuration

Name             Origin             Length             Attributes
*default*        0x0000000000000000 0xffffffffffffffff

Linker script and memory map

                0x0000000000401000                . = 0x401000
                0x0000000000401000                _start = .

.text           0x0000000000401000    0x29000
                0x0000000000401000                code = .
                0x0000000000401000                _code = .
                0x0000000000401000                __code = .
 *(.text)
 .text          0x0000000000401000       0xc2 setup.o
                0x0000000000401031                gdt_flush
                0x0000000000401054                idt_flush
                0x000000000040105b                call_function
                0x0000000000401070                copymem
                0x00000000004010a4                DisableSSE
                0x00000000004010af                EnableSSE
                0x00000000004010ba                SaveSSE
                0x00000000004010be                RestoreSSE
 .text          0x00000000004010c2      0xe1c main.o
                0x00000000004010c2                main
 .text          0x0000000000401ede       0x42 io.o
                0x0000000000401ede                wait
 .text          0x0000000000401f20      0x5c5 gdt.o
                0x00000000004021e9                gdt_install
 .text          0x00000000004024e5       0xa6 tss.o
                0x00000000004024e5                load_ltr
                0x0000000000402518                tss_install
 .text          0x000000000040258b      0x517 idt.o
                0x000000000040279d                idt_install
                0x0000000000402907                idt_gate
                0x000000000040296f                _idt_gate
                0x0000000000402a4e                intr_null_function
 *fill*         0x0000000000402aa2        0xe 
 .text          0x0000000000402ab0      0xc49 vetor.o
                0x0000000000402b0e                isr00
                0x0000000000402b1d                isr01
                0x0000000000402b2c                isr02
                0x0000000000402b3b                isr03
                0x0000000000402b4a                isr04
                0x0000000000402b59                isr05
                0x0000000000402b68                isr06
                0x0000000000402b77                isr07
                0x0000000000402b86                isr08
                0x0000000000402b90                isr09
                0x0000000000402b9f                isr10
                0x0000000000402ba9                isr11
                0x0000000000402bb3                isr12
                0x0000000000402bbd                isr13
                0x0000000000402bc7                isr14
                0x0000000000402bd1                isr15
                0x0000000000402be0                isr16
                0x0000000000402bef                isr17
                0x0000000000402bf9                isr18
                0x0000000000402c08                isr19
                0x0000000000402c17                isr20
                0x0000000000402c26                isr21
                0x0000000000402c35                isr22
                0x0000000000402c44                isr23
                0x0000000000402c53                isr24
                0x0000000000402c62                isr25
                0x0000000000402c71                isr26
                0x0000000000402c80                isr27
                0x0000000000402c8f                isr28
                0x0000000000402c9e                isr29
                0x0000000000402cad                isr30
                0x0000000000402cbc                isr31
                0x0000000000402d67                lvt0
                0x0000000000402f5e                lvt1
                0x0000000000402f6d                lvt2
                0x0000000000402f7c                lvt3
                0x0000000000402f8b                lvt4
                0x0000000000402f9a                timer1
                0x0000000000403191                timer2
                0x00000000004031a0                timer3
                0x00000000004031af                timer4
                0x00000000004031be                timer5
                0x00000000004031cd                timer6
                0x00000000004031dc                timer7
                0x00000000004031eb                timer8
                0x0000000000403248                irq0
                0x0000000000403257                irq1
                0x0000000000403266                irq2
                0x0000000000403275                irq3
                0x0000000000403284                irq4
                0x0000000000403293                irq5
                0x00000000004032a2                irq6
                0x00000000004032b1                irq7
                0x00000000004032c0                irq8
                0x00000000004032cf                irq9
                0x00000000004032de                irq10
                0x00000000004032ed                irq11
                0x00000000004032fc                irq12
                0x000000000040330b                irq13
                0x000000000040331a                irq14
                0x0000000000403329                irq15
                0x0000000000403338                irq16
                0x0000000000403347                irq17
                0x0000000000403356                irq18
                0x0000000000403365                irq19
                0x0000000000403374                irq20
                0x0000000000403383                irq21
                0x0000000000403392                irq22
                0x00000000004033a1                irq23
                0x000000000040340e                intr255
                0x000000000040341d                intr_null
                0x00000000004034c2                msi0
                0x00000000004034d1                msi1
                0x00000000004034e0                msi2
                0x00000000004034ef                msi3
                0x00000000004034fe                msi4
                0x000000000040350d                msi5
                0x000000000040351c                msi6
                0x000000000040352b                msi7
                0x000000000040353a                msi8
                0x0000000000403549                msi9
                0x0000000000403558                msi10
                0x0000000000403567                msi11
                0x0000000000403576                msi12
                0x0000000000403585                msi13
                0x0000000000403594                msi14
                0x00000000004035a3                msi15
                0x00000000004035b2                msi16
                0x00000000004035c1                msi17
                0x00000000004035d0                msi18
                0x00000000004035df                msi19
                0x00000000004035ee                msi20
                0x00000000004035fd                msi21
                0x000000000040360c                msi22
                0x000000000040361b                msi23
                0x000000000040362a                msi24
                0x0000000000403639                msi25
                0x0000000000403648                msi26
                0x0000000000403657                msi27
                0x0000000000403666                msi28
                0x0000000000403675                msi29
                0x0000000000403684                msi30
                0x0000000000403693                msi31
                0x00000000004036a2                intr_vmnet
 .text          0x00000000004036f9      0x98f exception.o
                0x00000000004036f9                exceptions_install
                0x0000000000403d42                fault_exception
                0x0000000000403f3c                die
 .text          0x0000000000404088        0x0 data.o
 .text          0x0000000000404088      0x21c server.o
                0x0000000000404088                foco
                0x000000000040419d                foco_default
                0x0000000000404249                server
 .text          0x00000000004042a4      0x69e smp.o
                0x00000000004042a4                setup_smp
                0x0000000000404833                done
                0x000000000040486c                ap_startup
 .text          0x0000000000404942       0x8e delay.o
                0x0000000000404942                mdelay
                0x0000000000404989                udelay
 .text          0x00000000004049d0      0x1b9 paging.o
                0x00000000004049d0                flush_tlb
                0x0000000000404a2a                load_pae_page_directory_pointer_table
                0x0000000000404a5c                load_pml4_table
                0x0000000000404a8e                enable_pae
                0x0000000000404aba                page_enable
                0x0000000000404ae8                page_install
 .text          0x0000000000404b89     0x167e mm.o
                0x0000000000404b89                initialize_mm_mp
                0x0000000000404d28                mm_mp
                0x0000000000405183                ram_setup
                0x000000000040524c                alloc_frame
                0x0000000000405314                free_frame
                0x00000000004053b7                alloc_pages_setup
                0x00000000004057ec                v_pool
                0x0000000000405a80                get_free_page
                0x0000000000405b72                get_busy_page_size
                0x0000000000405c69                alloc_pages
                0x0000000000405e4c                free_pages
                0x0000000000406035                get_phy_addr
 .text          0x0000000000406207      0x1f9 cpuid.o
                0x0000000000406207                cpuid_vendor
                0x0000000000406275                cpuid_processor_brand
                0x000000000040634c                cpuid
                0x0000000000406397                cpuid_string
 .text          0x0000000000406400       0xb9 msr.o
                0x0000000000406400                getmsr
                0x000000000040644b                setmsr
 .text          0x00000000004064b9      0x6be lvt.o
                0x00000000004064b9                lvt_function
                0x00000000004066c5                lvt_function2
                0x00000000004068d1                lvt_install
 .text          0x0000000000406b77      0x623 irq.o
                0x0000000000406b77                default_irq
                0x0000000000406bd3                irq_function
                0x0000000000406caa                irq_vetor_mapping
                0x0000000000406cd9                irq_install
 .text          0x000000000040719a      0x579 apic.o
                0x000000000040719a                local_apic_read_command
                0x00000000004071dd                local_apic_write_command
                0x000000000040722a                getapicbase
                0x000000000040727d                enableapic
                0x00000000004072e8                apic_eoi_register
                0x0000000000407325                setup_apic
                0x00000000004075bc                local_apic_get_id
                0x00000000004075f9                local_apic_send_init
                0x0000000000407683                local_apic_send_startup
 .text          0x0000000000407713      0x309 apic_timer.o
                0x0000000000407713                apic_initial_count_timer
                0x0000000000407761                apic_timer
                0x0000000000407944                apic_timer_umasked
                0x00000000004079b0                apic_timer_masked
 .text          0x0000000000407a1c      0x5d6 ioapic.o
                0x0000000000407a1c                read_ioapic_register
                0x0000000000407a6c                write_ioapic_register
                0x0000000000407ac6                ioapic_masked
                0x0000000000407b63                ioapic_umasked
                0x0000000000407c00                set_ioapic_redir_table
                0x0000000000407e8c                ioapic_cofiguration
                0x0000000000407f26                setup_ioapic
 .text          0x0000000000407ff2       0xc6 intr.o
                0x0000000000407ff2                intr_install
                0x0000000000408053                intr_function
 .text          0x00000000004080b8       0x6b sleep.o
                0x00000000004080b8                sleep
 .text          0x0000000000408123     0x20d9 thread.o
                0x0000000000408123                thread_setup
                0x0000000000408558                create_thread
                0x0000000000408ab8                create_thread_child
                0x0000000000408eb0                pthread_create
                0x0000000000409237                pthread_join
                0x0000000000409283                task_switch
                0x0000000000409a9e                task_switch2
                0x000000000040a0f2                getpid
                0x000000000040a129                getpid2
                0x000000000040a18c                get_thread
 .text          0x000000000040a1fc     0x12ac exectve.o
                0x000000000040a1fc                exectve
                0x000000000040ab44                exectve_child
 .text          0x000000000040b4a8      0xdd7 syscall.o
                0x000000000040b4a8                default_syscall
                0x000000000040b513                syscall_getpid
                0x000000000040b5aa                syscall_window
                0x000000000040b602                syscall_kbd_foco
                0x000000000040b6dd                syscall_alloc_pages
                0x000000000040b75e                syscall_free_pages
                0x000000000040b7b6                __malloc_syscall
                0x000000000040b881                __free_syscall
                0x000000000040b937                malloc_syscall
                0x000000000040b9ad                free_syscall
                0x000000000040ba0b                realloc_syscall
                0x000000000040ba4f                syscall_readsector
                0x000000000040bacb                syscall_writesector
                0x000000000040bb47                syscall_geral
                0x000000000040bc8e                syscall_tmpnam
                0x000000000040bd5c                syscall_io
                0x000000000040be96                syscall_register_pipe_launcher
                0x000000000040bee2                syscall_get_pipe_launcher
                0x000000000040bf27                syscall_get_paint_list
                0x000000000040bf6c                syscall_get_thread_id
                0x000000000040bfb5                syscall_create_socket
                0x000000000040c03a                syscall_get_socket_ready_queue
                0x000000000040c07f                syscall_pthread_create
                0x000000000040c107                syscall_pthread_join
                0x000000000040c16d                syscall_function_handler
                0x000000000040c218                syscall_install
 *fill*         0x000000000040c27f        0x1 
 .text          0x000000000040c280       0x86 asyscall.o
                0x000000000040c2f7                int114
 .text          0x000000000040c306      0xaa9 console.o
                0x000000000040c306                console
                0x000000000040c5ae                cmd_version
                0x000000000040c611                cmd_time
                0x000000000040c674                cmd_shutdown
                0x000000000040c6ce                cmd_rename
                0x000000000040c731                cmd_reboot
                0x000000000040c78b                cmd_new
                0x000000000040c7ee                cmd_mov
                0x000000000040c851                cmd_info
                0x000000000040c92f                cmd_help
                0x000000000040caa0                cmd_exit
                0x000000000040cb03                cmd_echo
                0x000000000040cb66                cmd_dir
                0x000000000040cbc9                cmd_del
                0x000000000040cc2c                cmd_date
                0x000000000040cc8f                cmd_copy
                0x000000000040ccf2                cmd_clear
                0x000000000040cd4c                cmd_cd
 .text          0x000000000040cdaf      0x596 exit.o
                0x000000000040cdaf                user_free
                0x000000000040ce5e                exit
 .text          0x000000000040d345      0x1c7 sse.o
                0x000000000040d345                fpu_cw
                0x000000000040d375                sse_cr
                0x000000000040d3a9                sse_cw
                0x000000000040d3d7                fpu_save
                0x000000000040d406                fpu_restore
                0x000000000040d435                setup_sse
 .text          0x000000000040d50c      0xcfb pci.o
                0x000000000040d50c                read_pci_config_addr
                0x000000000040d586                write_pci_config_addr
                0x000000000040d600                pci_read_config_dword
                0x000000000040d67a                pci_write_config_dword
                0x000000000040d6f4                pci_read_config_word
                0x000000000040d794                pci_write_config_word
                0x000000000040d85d                pci_read_config_byte
                0x000000000040d8fd                pci_write_config_byte
                0x000000000040d9c5                pci_get_info
                0x000000000040dc73                pci_scan_bcc
                0x000000000040dd56                pci_scan_class
                0x000000000040de47                pci_scan_class_subclass
                0x000000000040df4f                pci_scan_bcc_scc
                0x000000000040e04d                pci_scan_bcc_scc_prog
                0x000000000040e15c                pci_scan_vendor
                0x000000000040e18d                pci_check_vendor
                0x000000000040e1c7                pci_size
 .text          0x000000000040e207     0x1014 i965.o
                0x000000000040e207                i965_pci_init
                0x000000000040e3b6                setup_i965
                0x000000000040e8dd                timings
                0x000000000040eb7b                disable_dac
                0x000000000040ebf8                enable_dac
                0x000000000040ec75                disable_plane
                0x000000000040ecf4                enable_plane
                0x000000000040ed73                disable_pipe
                0x000000000040edf2                enable_pipe
                0x000000000040ee71                disable_dpll
                0x000000000040ee9c                enable_dpll
                0x000000000040eedb                disable_legacy_vga_emul
                0x000000000040efa3                gmbus_reset
                0x000000000040efce                gmbus_stoptransaction
                0x000000000040f00d                gmbus_wait
                0x000000000040f053                gmbus_read
                0x000000000040f1ea                gmbus_write
 .text          0x000000000040f21b      0x26f cursor.o
                0x000000000040f21b                DrawMouse
                0x000000000040f305                setup_cursor
                0x000000000040f411                update_graphic_cursor
 .text          0x000000000040f48a      0xa96 acpi.o
                0x000000000040f813                acpi_probe
                0x000000000040f8e9                acpi_enable
                0x000000000040fb3f                setup_acpi
                0x000000000040fddf                poweroff
                0x000000000040fe65                reboot
 .text          0x000000000040ff20      0x21c hpet.o
                0x0000000000410068                setup_hpet
                0x00000000004100ca                hpet_sleep
 .text          0x000000000041013c       0xf9 lpc.o
                0x0000000000410170                setup_lpc
 .text          0x0000000000410235      0x2df pit.o
                0x00000000004102c9                pit_set_frequencia
                0x0000000000410327                pit_enable
                0x00000000004103be                timer_wait
                0x0000000000410413                pit_prepare_sleep
                0x00000000004104a1                pit_perform_sleep
 .text          0x0000000000410514      0x1b3 ps2.o
                0x0000000000410514                kbdc_wait
                0x00000000004105b3                kbdc_set_cmd
                0x0000000000410645                kbdc_wait_ack
 .text          0x00000000004106c7      0x911 mouse.o
                0x00000000004106c7                mouse_write
                0x0000000000410740                mouse_read
                0x0000000000410794                MOUSE_BAT_TEST
                0x0000000000410809                mouse_handler
                0x0000000000410bad                mouse_install
 .text          0x0000000000410fd8      0x93f keyboard.o
                0x0000000000410fd8                keyboard_read
                0x000000000041102c                keyboard_write
                0x0000000000411081                KEYBOARD_BAT_TEST
                0x00000000004110f6                keyboard_handler
                0x000000000041174c                kbd_wait_irq_ack
                0x000000000041180c                keyboard_install
 .text          0x0000000000411917     0x19af ahci.o
                0x0000000000411917                ahci_initialize
                0x0000000000412f9e                sata_read_sector
                0x0000000000413132                sata_write_sector
 .text          0x00000000004132c6     0x161a ide.o
                0x00000000004132c6                ata_wait
                0x00000000004133a8                ata_status_read
                0x0000000000413403                ata_wait_not_busy
                0x000000000041347a                ata_wait_busy
                0x00000000004134f1                ata_wait_no_drq
                0x0000000000413566                ata_wait_drq
                0x00000000004135db                ata_cmd_write
                0x0000000000413661                ata_soft_reset
                0x0000000000413713                ata_pio_read
                0x0000000000413778                ata_pio_write
                0x00000000004137dd                ata_bus_install
                0x0000000000413bb4                ata_identify_device
                0x0000000000414483                ata_read_sector
                0x000000000041467f                ata_write_sector
 .text          0x00000000004148e0      0xe04 storage.o
                0x0000000000414f28                ata_initialize
                0x00000000004154b8                read_sector
                0x00000000004155ce                write_sector
 .text          0x00000000004156e4      0x680 rtc.o
                0x00000000004156e4                disable_NMI
                0x000000000041572b                enable_NMI
                0x00000000004157b7                rtc_setup
                0x00000000004158f2                rtc_handler
                0x0000000000415ad2                swait_init
                0x0000000000415c5a                swait
 .text          0x0000000000415d64     0x20ee hda.o
                0x0000000000415d64                hda_wait
                0x0000000000415db3                hda_outb
                0x0000000000415e04                hda_outw
                0x0000000000415e57                hda_outl
                0x0000000000415ea5                hda_inb
                0x0000000000415eed                hda_inw
                0x0000000000415f35                hda_inl
                0x0000000000415f7c                corb_write_command
                0x0000000000416123                hda_reset
                0x00000000004161ef                setup_hda
                0x0000000000417471                hda_response
                0x00000000004174b1                hda_send_verb
                0x0000000000417803                hda_ic_verbe
                0x0000000000417945                hda_set_output_node
                0x0000000000417bda                hda_play_sound
                0x0000000000417db7                hda_volume
 .text          0x0000000000417e52      0x129 speaker.o
                0x0000000000417e52                turn_speaker_on
                0x0000000000417e91                turn_speaker_off
                0x0000000000417ed2                set_speaker_frequence
                0x0000000000417f22                play_speaker
 .text          0x0000000000417f7b     0x1305 e1000.o
                0x0000000000417f7b                e1000_read_command
                0x0000000000417fbe                e1000_write_command
                0x000000000041800b                e1000_is_eeprom
                0x0000000000418080                e1000_enable_int
                0x0000000000418117                e1000_link_up
                0x00000000004181a2                irq_e1000
                0x000000000041837f                init_e1000
                0x0000000000418d6e                e1000_send_package
                0x0000000000418f36                e1000_recieve_package
 .text          0x0000000000419280     0x1428 ethernet.o
                0x0000000000419312                get_default_ethernet_device
                0x0000000000419378                ethernet_set_link_status
                0x00000000004193b7                ethernet_set_interrupt_status
                0x00000000004193f6                register_ethernet_device
                0x0000000000419498                get_ethernet_package
                0x000000000041950d                send_ethernet_package
                0x00000000004195b5                handler_ethernet_package_received
                0x0000000000419d75                int_ethernet_device
                0x0000000000419f9d                fillMac
                0x0000000000419fff                fillIP
                0x000000000041a061                initialise_ethernet
 .text          0x000000000041a6a8     0x10ca arp.o
                0x000000000041a6e7                init_arp
                0x000000000041a7b3                arp_save_address
                0x000000000041ad87                get_hardwere_ethernet
                0x000000000041ae54                arp_request
                0x000000000041b09e                arp_replay
                0x000000000041b2db                arp_hexdump
 .text          0x000000000041b772      0x3c7 udp.o
                0x000000000041b7b1                udp_send
                0x000000000041b914                udp_receive
 .text          0x000000000041bb39      0x2d5 ipv4.o
                0x000000000041bb78                ipv4_send
 .text          0x000000000041be0e      0x745 dhcp.o
                0x000000000041bea0                dhcp_send
                0x000000000041c2b8                dhcp_parse_options
 .text          0x000000000041c553      0xa89 tcp.o
                0x000000000041c5e5                init_tcp
                0x000000000041c687                tcp_send
                0x000000000041c9e7                tcp_connect
                0x000000000041cb4b                tcp_ack
                0x000000000041cde3                tcp_send_payload
                0x000000000041cf2b                tcp_finish
 .text          0x000000000041cfdc      0x134 checksum.o
                0x000000000041d01b                net_checksum
 .text          0x000000000041d110     0x1ef6 rtl8169.o
                0x000000000041d110                re_read_command
                0x000000000041d153                re_write_command
                0x000000000041d1a0                re_read_command_word
                0x000000000041d1e4                re_write_command_word
                0x000000000041d236                re_read_command_byte
                0x000000000041d27a                re_write_command_byte
                0x000000000041d2cc                re_probe
                0x000000000041e44f                setup_realtek
                0x000000000041ed48                re_handle
 .text          0x000000000041f006     0x102b pcnet.o
                0x000000000041f11e                pcnetWriteBCR
                0x000000000041f5b7                setup_pcnet
                0x000000000041fc5f                pcnet_send_package
                0x000000000041fdd1                pcnet_recieve_package
 .text          0x0000000000420031      0x9a7 vmnet.o
                0x00000000004201ef                setup_vmnet
                0x0000000000420278                handler_vmnet
                0x00000000004204a9                vmnet_send_package
                0x0000000000420790                vmipv4_send
                0x0000000000420877                vmnet_udp_send
 .text          0x00000000004209d8      0x291 port.o
                0x00000000004209d8                ethernet_port_setup
                0x0000000000420a8b                get_port
                0x0000000000420b4d                set_port
                0x0000000000420bea                clean_port
 .text          0x0000000000420c69      0x336 bga.o
                0x0000000000420c69                bga_write_register
                0x0000000000420cb2                bga_read_register
                0x0000000000420cfa                bga_is_available
                0x0000000000420d3b                bga_set_video_mode
                0x0000000000420e29                bga_set_bank
                0x0000000000420e71                setup_bga
 .text          0x0000000000420f9f      0x1f9 video.o
                0x0000000000420f9f                initialize_graphic_adapter
 .text          0x0000000000421198      0x880 gui.o
                0x0000000000421198                initialize_gui
                0x00000000004212f1                update_gui
                0x0000000000421449                put_pixel
                0x00000000004214bc                put_pixel_buff
                0x000000000042155b                refresh_rate
                0x0000000000421600                clears_creen
                0x00000000004216b8                draw_char_transparent
                0x00000000004217c2                glyph
 .text          0x0000000000421a18      0xd56 compositor.o
                0x0000000000421b09                window_add
                0x0000000000421cc8                window_remove
                0x0000000000421e6e                window_foco
                0x0000000000421fa5                paint_desktop
                0x0000000000422376                paint_cursor
                0x0000000000422507                compose
 .text          0x000000000042276e      0x50a window_server.o
                0x000000000042276e                window_server
                0x0000000000422a3a                window_server_handle
 .text          0x0000000000422c78        0x0 font8x16.o
 .text          0x0000000000422c78     0x1364 terminal.o
                0x0000000000422c78                put_pixel_sirius
                0x0000000000422d19                drawchar
                0x0000000000422e67                drawline
                0x0000000000423611                window_putchar
                0x0000000000423d95                terminal_mouse_click
 .text          0x0000000000423fdc      0x556 std.o
                0x0000000000423fdc                std_open_file
                0x000000000042418b                std_file_close
                0x00000000004241fa                std_putc
                0x0000000000424372                std_getc
 .text          0x0000000000424532      0xaaa cfs.o
                0x0000000000424532                filename_cmp
                0x0000000000424619                read_super_block
                0x0000000000424682                read_directory_entry
                0x000000000042480d                open_file_r
                0x0000000000424b8e                open_file
                0x0000000000424df5                file_close
                0x0000000000424efe                file_read_block
 .text          0x0000000000424fdc      0x2e7 pipe.o
                0x0000000000424fdc                pipe_open_file
                0x00000000004250c8                pipe_write
                0x00000000004251cc                pipe_read
 .text          0x00000000004252c3     0x1154 socket.o
                0x0000000000425302                init_socket
                0x0000000000425582                socket_address
                0x00000000004255e4                socket
                0x0000000000425763                socket_server_transmit
                0x0000000000425e74                socket_execute_row
                0x0000000000426129                socket_server_receive
                0x00000000004262c4                socket_server_receive_offline
 .text          0x0000000000426417      0x2b2 elf.o
                0x0000000000426417                load_elf64_header
                0x00000000004265ea                load_elf64_segment
 .text          0x00000000004266c9      0x224 bind.o
                0x0000000000426708                bind
 .text          0x00000000004268ed       0x5d inet.o
                0x00000000004268ed                inet_addr
 .text          0x000000000042694a      0x169 recvfrom.o
                0x000000000042694a                recvfrom
 .text          0x0000000000426ab3      0x14e sendto.o
                0x0000000000426ab3                sendto
 .text          0x0000000000426c01      0x2b3 string.o
                0x0000000000426c01                memset
                0x0000000000426c66                memcpy
                0x0000000000426cdd                strcpy
                0x0000000000426d58                strlen
                0x0000000000426da4                strcmp
                0x0000000000426e3e                memcmp
 .text          0x0000000000426eb4      0x4e4 vsprintf.o
                0x0000000000426f20                vsprintf
 .text          0x0000000000427398      0x818 stdio.o
                0x0000000000427398                putchar
                0x00000000004273f8                puts
                0x0000000000427488                printf
                0x00000000004275b5                fopen
                0x00000000004276d6                fclose
                0x000000000042777a                rewind
                0x00000000004277e3                fseek
                0x00000000004278c1                ftell
                0x0000000000427902                fputc
                0x0000000000427980                fgetc
                0x0000000000427af3                fread
 .text          0x0000000000427bb0      0x4fb stdlib.o
                0x0000000000427bb0                malloc
                0x0000000000427c1f                free
                0x0000000000427c6b                i2hex
                0x0000000000427ed9                utoa
                0x0000000000427f64                itoa
 .text          0x00000000004280ab      0x14a sse_memcpy.o
                0x00000000004280ab                sse_memcpy
 .text          0x00000000004281f5      0x140 panic.o
                0x00000000004281f5                kernel_panic
 .text          0x0000000000428335      0xa9d msi.o
                0x0000000000428335                msi_vector_install
                0x000000000042898f                default_mas
                0x00000000004289ee                msi_function
                0x0000000000428aa4                apic_send_msi
                0x0000000000428d9f                apic_send_msix
 .text          0x0000000000428dd2      0x6f6 communication.o
                0x0000000000428e64                commun_switch
                0x000000000042928a                kernel_thread_communication
 .text          0x00000000004294c8      0x1e4 argv.o
                0x000000000042957d                format_argv
                0x000000000042a000                . = ALIGN (0x1000)
 *fill*         0x00000000004296ac      0x954 

.iplt           0x000000000042a000        0x0
 .iplt          0x000000000042a000        0x0 setup.o

.data           0x000000000042a000    0x16000
                0x000000000042a000                data = .
                0x000000000042a000                _data = .
                0x000000000042a000                __data = .
 *(.data)
 .data          0x000000000042a000        0x8 setup.o
                0x000000000042a000                _rsp0
 .data          0x000000000042a008        0x0 main.o
 .data          0x000000000042a008        0x0 io.o
 .data          0x000000000042a008        0x0 gdt.o
 .data          0x000000000042a008        0x0 tss.o
 .data          0x000000000042a008        0x0 idt.o
 *fill*         0x000000000042a008        0x8 
 .data          0x000000000042a010      0x600 vetor.o
                0x000000000042a010                SavedFloats
                0x000000000042a210                SavedFloats2
                0x000000000042a410                SavedFloats3
 .data          0x000000000042a610        0x0 exception.o
 .data          0x000000000042a610        0x0 data.o
 .data          0x000000000042a610        0x0 server.o
 .data          0x000000000042a610        0x0 smp.o
 .data          0x000000000042a610        0x0 delay.o
 .data          0x000000000042a610        0x0 paging.o
 .data          0x000000000042a610        0x0 mm.o
 .data          0x000000000042a610        0x0 cpuid.o
 .data          0x000000000042a610        0x0 msr.o
 .data          0x000000000042a610        0x0 lvt.o
 .data          0x000000000042a610        0x0 irq.o
 .data          0x000000000042a610        0x0 apic.o
 .data          0x000000000042a610        0x0 apic_timer.o
 .data          0x000000000042a610        0x0 ioapic.o
 .data          0x000000000042a610        0x0 intr.o
 .data          0x000000000042a610        0x0 sleep.o
 .data          0x000000000042a610        0x0 thread.o
 .data          0x000000000042a610        0x0 exectve.o
 .data          0x000000000042a610        0x0 syscall.o
 .data          0x000000000042a610        0x0 console.o
 .data          0x000000000042a610        0x0 exit.o
 .data          0x000000000042a610        0x0 sse.o
 .data          0x000000000042a610        0x0 pci.o
 .data          0x000000000042a610        0x0 i965.o
 *fill*         0x000000000042a610       0x10 
 .data          0x000000000042a620      0x168 cursor.o
                0x000000000042a620                cursor18x18
 .data          0x000000000042a788        0x0 acpi.o
 .data          0x000000000042a788        0x0 hpet.o
 .data          0x000000000042a788        0x0 lpc.o
 .data          0x000000000042a788        0x0 pit.o
 .data          0x000000000042a788        0x0 ps2.o
 .data          0x000000000042a788        0x4 mouse.o
                0x000000000042a788                speed
 .data          0x000000000042a78c        0x0 keyboard.o
 .data          0x000000000042a78c        0x0 ahci.o
 .data          0x000000000042a78c        0x0 ide.o
 .data          0x000000000042a78c        0x0 storage.o
 .data          0x000000000042a78c        0x0 rtc.o
 .data          0x000000000042a78c        0x0 hda.o
 .data          0x000000000042a78c        0x0 speaker.o
 .data          0x000000000042a78c        0x0 e1000.o
 .data          0x000000000042a78c        0x0 ethernet.o
 .data          0x000000000042a78c        0x0 arp.o
 .data          0x000000000042a78c        0x0 udp.o
 .data          0x000000000042a78c        0x0 ipv4.o
 .data          0x000000000042a78c        0x0 dhcp.o
 .data          0x000000000042a78c        0x0 tcp.o
 .data          0x000000000042a78c        0x0 checksum.o
 .data          0x000000000042a78c        0x0 rtl8169.o
 .data          0x000000000042a78c        0x0 pcnet.o
 .data          0x000000000042a78c        0x0 vmnet.o
 .data          0x000000000042a78c        0x0 port.o
 .data          0x000000000042a78c        0x0 bga.o
 .data          0x000000000042a78c        0x0 video.o
 .data          0x000000000042a78c        0x0 gui.o
 .data          0x000000000042a78c        0x0 compositor.o
 .data          0x000000000042a78c        0x0 window_server.o
 *fill*         0x000000000042a78c       0x14 
 .data          0x000000000042a7a0     0x1000 font8x16.o
                0x000000000042a7a0                font8x16
 .data          0x000000000042b7a0       0x40 terminal.o
 .data          0x000000000042b7e0        0x0 std.o
 .data          0x000000000042b7e0        0x0 cfs.o
 .data          0x000000000042b7e0        0x0 pipe.o
 .data          0x000000000042b7e0        0x0 socket.o
 .data          0x000000000042b7e0        0x0 elf.o
 .data          0x000000000042b7e0        0x0 bind.o
 .data          0x000000000042b7e0        0x0 inet.o
 .data          0x000000000042b7e0        0x0 recvfrom.o
 .data          0x000000000042b7e0        0x0 sendto.o
 .data          0x000000000042b7e0        0x0 string.o
 .data          0x000000000042b7e0        0x0 vsprintf.o
 .data          0x000000000042b7e0        0x0 stdio.o
 .data          0x000000000042b7e0        0x0 stdlib.o
 .data          0x000000000042b7e0        0x0 sse_memcpy.o
 .data          0x000000000042b7e0        0x0 panic.o
 .data          0x000000000042b7e0        0x0 msi.o
 .data          0x000000000042b7e0        0x0 communication.o
 .data          0x000000000042b7e0        0x0 argv.o
 *(.rodata)
 .rodata        0x000000000042b7e0      0x25b main.o
 .rodata        0x000000000042ba3b        0xa idt.o
 *fill*         0x000000000042ba45        0x3 
 .rodata        0x000000000042ba48      0x438 exception.o
 .rodata        0x000000000042be80       0xf8 smp.o
 .rodata        0x000000000042bf78       0x5d mm.o
 *fill*         0x000000000042bfd5        0x3 
 .rodata        0x000000000042bfd8      0x130 lvt.o
 .rodata        0x000000000042c108       0x1c irq.o
 .rodata        0x000000000042c124       0x33 apic.o
 .rodata        0x000000000042c157       0x15 apic_timer.o
 .rodata        0x000000000042c16c        0xa intr.o
 .rodata        0x000000000042c176       0x19 thread.o
 *fill*         0x000000000042c18f        0x1 
 .rodata        0x000000000042c190       0x48 syscall.o
 .rodata        0x000000000042c1d8      0x215 console.o
 .rodata        0x000000000042c3ed       0x2e sse.o
 *fill*         0x000000000042c41b        0x5 
 .rodata        0x000000000042c420     0x15ff pci.o
 *fill*         0x000000000042da1f        0x1 
 .rodata        0x000000000042da20       0x3d i965.o
 *fill*         0x000000000042da5d        0x3 
 .rodata        0x000000000042da60       0xc7 acpi.o
 .rodata        0x000000000042db27       0x14 hpet.o
 *fill*         0x000000000042db3b        0x5 
 .rodata        0x000000000042db40       0x31 lpc.o
 .rodata        0x000000000042db71       0x1d mouse.o
 *fill*         0x000000000042db8e       0x12 
 .rodata        0x000000000042dba0      0x253 keyboard.o
                0x000000000042dba0                ascii_minusculas
                0x000000000042dca0                ascii_maiusculas
 *fill*         0x000000000042ddf3      0x20d 
 .rodata        0x000000000042e000    0x108cf ahci.o
 *fill*         0x000000000043e8cf        0x1 
 .rodata        0x000000000043e8d0       0xb1 ide.o
 *fill*         0x000000000043e981        0x7 
 .rodata        0x000000000043e988      0x139 storage.o
 .rodata        0x000000000043eac1       0x12 rtc.o
 *fill*         0x000000000043ead3        0x5 
 .rodata        0x000000000043ead8      0x342 hda.o
 *fill*         0x000000000043ee1a        0x6 
 .rodata        0x000000000043ee20      0x223 e1000.o
 *fill*         0x000000000043f043        0x5 
 .rodata        0x000000000043f048      0x1f1 ethernet.o
 *fill*         0x000000000043f239        0x7 
 .rodata        0x000000000043f240      0x1b1 arp.o
 .rodata        0x000000000043f3f1       0x15 ipv4.o
 .rodata        0x000000000043f406       0xa5 dhcp.o
 *fill*         0x000000000043f4ab        0x5 
 .rodata        0x000000000043f4b0      0x1f3 rtl8169.o
 *fill*         0x000000000043f6a3        0x5 
 .rodata        0x000000000043f6a8      0x1ae pcnet.o
 *fill*         0x000000000043f856        0x2 
 .rodata        0x000000000043f858       0x74 vmnet.o
 *fill*         0x000000000043f8cc        0x4 
 .rodata        0x000000000043f8d0       0x71 video.o
 *fill*         0x000000000043f941        0x7 
 .rodata        0x000000000043f948        0x8 terminal.o
 .rodata        0x000000000043f950       0x14 std.o
 .rodata        0x000000000043f964       0x1a socket.o
 *fill*         0x000000000043f97e        0x2 
 .rodata        0x000000000043f980       0xad elf.o
 *fill*         0x000000000043fa2d        0x3 
 .rodata        0x000000000043fa30      0x110 vsprintf.o
 .rodata        0x000000000043fb40        0x9 stdio.o
 .rodata        0x000000000043fb49        0xf panic.o
 .rodata        0x000000000043fb58       0x2b msi.o
 *fill*         0x000000000043fb83        0x5 
 .rodata        0x000000000043fb88       0xb8 communication.o
                0x0000000000440000                . = ALIGN (0x1000)
 *fill*         0x000000000043fc40      0x3c0 

.got            0x0000000000440000      0x550
 .got           0x0000000000440000      0x550 setup.o

.got.plt        0x0000000000440550       0x18
 .got.plt       0x0000000000440550       0x18 setup.o
                0x0000000000440550                _GLOBAL_OFFSET_TABLE_

.igot.plt       0x0000000000440568        0x0
 .igot.plt      0x0000000000440568        0x0 setup.o

.data.rel.local
                0x0000000000440580     0x1e40
 .data.rel.local
                0x0000000000440580      0x100 exception.o
                0x0000000000440580                exception_mensagem
 .data.rel.local
                0x0000000000440680       0xc0 irq.o
                0x0000000000440680                fnvetors_handler
 .data.rel.local
                0x0000000000440740      0x118 syscall.o
                0x0000000000440740                fnvetors_syscall
 *fill*         0x0000000000440858        0x8 
 .data.rel.local
                0x0000000000440860      0x1b0 console.o
                0x0000000000440860                cmd_table
 *fill*         0x0000000000440a10       0x10 
 .data.rel.local
                0x0000000000440a20     0x1400 pci.o
                0x0000000000440a20                pci_classes
                0x0000000000441220                pci_class_names
 .data.rel.local
                0x0000000000441e20       0x20 mouse.o
                0x0000000000441e20                id_mouse_strings
 .data.rel.local
                0x0000000000441e40       0x38 ahci.o
                0x0000000000441e40                ahci_type
 *fill*         0x0000000000441e78        0x8 
 .data.rel.local
                0x0000000000441e80       0x48 dhcp.o
                0x0000000000441e80                string_dhcp_message
 *fill*         0x0000000000441ec8       0x18 
 .data.rel.local
                0x0000000000441ee0      0x3d0 rtl8169.o
 *fill*         0x00000000004422b0       0x10 
 .data.rel.local
                0x00000000004422c0      0x100 msi.o

.bss            0x00000000004423c0    0x27c40
                0x00000000004423c0                bss = .
                0x00000000004423c0                _bss = .
                0x00000000004423c0                __bss = .
 *(.bss)
 .bss           0x00000000004423c0    0x20000 setup.o
 .bss           0x00000000004623c0        0x0 main.o
 .bss           0x00000000004623c0        0x0 io.o
 .bss           0x00000000004623c0        0x0 gdt.o
 .bss           0x00000000004623c0        0x0 tss.o
 .bss           0x00000000004623c0        0x0 idt.o
 .bss           0x00000000004623c0        0x0 exception.o
 .bss           0x00000000004623c0        0x0 data.o
 .bss           0x00000000004623c0        0x0 server.o
 .bss           0x00000000004623c0        0x0 smp.o
 .bss           0x00000000004623c0        0x0 delay.o
 .bss           0x00000000004623c0       0x20 paging.o
                0x00000000004623c0                pml4e
                0x00000000004623c8                pdpte
                0x00000000004623d0                pae_pde
                0x00000000004623d8                pae_pte
 .bss           0x00000000004623e0        0x0 mm.o
 .bss           0x00000000004623e0        0x0 cpuid.o
 .bss           0x00000000004623e0        0x0 msr.o
 .bss           0x00000000004623e0        0x0 lvt.o
 .bss           0x00000000004623e0        0x0 irq.o
 .bss           0x00000000004623e0        0x0 apic.o
 .bss           0x00000000004623e0        0x0 apic_timer.o
 .bss           0x00000000004623e0        0x0 ioapic.o
 .bss           0x00000000004623e0        0x0 intr.o
 .bss           0x00000000004623e0        0x0 sleep.o
 .bss           0x00000000004623e0        0x0 thread.o
 .bss           0x00000000004623e0        0x0 exectve.o
 .bss           0x00000000004623e0        0x0 syscall.o
 .bss           0x00000000004623e0        0x8 console.o
                0x00000000004623e0                call_loader
 .bss           0x00000000004623e8        0x0 exit.o
 .bss           0x00000000004623e8        0x0 sse.o
 .bss           0x00000000004623e8        0x0 pci.o
 .bss           0x00000000004623e8        0x0 i965.o
 .bss           0x00000000004623e8        0x0 cursor.o
 .bss           0x00000000004623e8        0x0 acpi.o
 *fill*         0x00000000004623e8       0x18 
 .bss           0x0000000000462400      0x100 hpet.o
 .bss           0x0000000000462500        0x0 lpc.o
 .bss           0x0000000000462500        0x0 pit.o
 .bss           0x0000000000462500        0x0 ps2.o
 .bss           0x0000000000462500        0x4 mouse.o
                0x0000000000462500                mouse_position
 *fill*         0x0000000000462504        0x4 
 .bss           0x0000000000462508       0x18 keyboard.o
                0x0000000000462508                kbd_irq_ack
 .bss           0x0000000000462520        0x0 ahci.o
 .bss           0x0000000000462520        0x0 ide.o
 .bss           0x0000000000462520        0x8 storage.o
                0x0000000000462520                ata_pci
 .bss           0x0000000000462528        0x1 rtc.o
 .bss           0x0000000000462529        0x0 hda.o
 .bss           0x0000000000462529        0x0 speaker.o
 *fill*         0x0000000000462529        0x7 
 .bss           0x0000000000462530       0x10 e1000.o
 .bss           0x0000000000462540        0x8 ethernet.o
                0x0000000000462540                package_recieved_ack
 .bss           0x0000000000462548        0x0 arp.o
 .bss           0x0000000000462548        0x0 udp.o
 .bss           0x0000000000462548        0x4 ipv4.o
                0x0000000000462548                ipv4_count
 .bss           0x000000000046254c        0x0 dhcp.o
 .bss           0x000000000046254c        0x0 tcp.o
 .bss           0x000000000046254c        0x0 checksum.o
 .bss           0x000000000046254c        0x0 rtl8169.o
 .bss           0x000000000046254c        0x4 pcnet.o
 .bss           0x0000000000462550        0x8 vmnet.o
 .bss           0x0000000000462558        0x0 port.o
 .bss           0x0000000000462558        0x0 bga.o
 .bss           0x0000000000462558        0x0 video.o
 .bss           0x0000000000462558        0x0 gui.o
 .bss           0x0000000000462558        0x0 compositor.o
 .bss           0x0000000000462558        0x0 window_server.o
 .bss           0x0000000000462558        0x0 font8x16.o
 .bss           0x0000000000462558        0x4 terminal.o
 .bss           0x000000000046255c        0x0 std.o
 .bss           0x000000000046255c        0x0 cfs.o
 .bss           0x000000000046255c        0x0 pipe.o
 .bss           0x000000000046255c        0x2 socket.o
 .bss           0x000000000046255e        0x0 elf.o
 .bss           0x000000000046255e        0x0 bind.o
 .bss           0x000000000046255e        0x0 inet.o
 .bss           0x000000000046255e        0x0 recvfrom.o
 .bss           0x000000000046255e        0x0 sendto.o
 .bss           0x000000000046255e        0x0 string.o
 .bss           0x000000000046255e        0x0 vsprintf.o
 .bss           0x000000000046255e        0x0 stdio.o
 .bss           0x000000000046255e        0x0 stdlib.o
 .bss           0x000000000046255e        0x0 sse_memcpy.o
 .bss           0x000000000046255e        0x0 panic.o
 .bss           0x000000000046255e        0x0 msi.o
 *fill*         0x000000000046255e        0x2 
 .bss           0x0000000000462560        0x8 communication.o
                0x0000000000462560                memory
 .bss           0x0000000000462568        0x0 argv.o
 *(COMMON)
 COMMON         0x0000000000462568       0x20 main.o
                0x0000000000462568                mult_task
                0x0000000000462570                user
                0x0000000000462578                launcher
                0x000000000046257c                no
                0x0000000000462580                syspwd
 *fill*         0x0000000000462588       0x18 
 COMMON         0x00000000004625a0      0x120 gdt.o
                0x00000000004625a0                gdtr
                0x00000000004625c0                gdt
 COMMON         0x00000000004626c0       0x68 tss.o
                0x00000000004626c0                tss
 *fill*         0x0000000000462728       0x18 
 COMMON         0x0000000000462740     0x100a idt.o
                0x0000000000462740                idt
                0x0000000000463740                idtr
 *fill*         0x000000000046374a        0x6 
 COMMON         0x0000000000463750       0x25 data.o
                0x0000000000463750                interrupt_status
                0x0000000000463758                kernelmouse
                0x0000000000463760                dv_uid
                0x0000000000463768                pipe_launcher
                0x0000000000463770                tmpnam
                0x0000000000463774                dv_num
 *fill*         0x0000000000463775        0xb 
 COMMON         0x0000000000463780       0x50 server.o
                0x0000000000463780                thread_id
                0x00000000004637a0                server_id
 *fill*         0x00000000004637d0       0x10 
 COMMON         0x00000000004637e0      0x112 smp.o
                0x00000000004637e0                core
 *fill*         0x00000000004638f2        0x6 
 COMMON         0x00000000004638f8       0x38 mm.o
                0x00000000004638f8                PAGE_BITMAP
                0x0000000000463900                alloc_pte
                0x0000000000463908                alloc_pde
                0x0000000000463910                RAM_BITMAP
                0x0000000000463918                alloc_spin_lock
                0x0000000000463920                device_pde
                0x0000000000463928                g_mm_mp_index
 COMMON         0x0000000000463930        0x4 cpuid.o
                0x0000000000463930                CPUID_REQUEST
 *fill*         0x0000000000463934        0x4 
 COMMON         0x0000000000463938       0x10 apic.o
                0x0000000000463938                localId
                0x0000000000463940                lapicbase
 COMMON         0x0000000000463948        0x4 apic_timer.o
                0x0000000000463948                apic_timer_ticks
 *fill*         0x000000000046394c       0x14 
 COMMON         0x0000000000463960       0xc8 ioapic.o
                0x0000000000463960                ioapic_redir_table
                0x0000000000463a20                ioapic_base
 COMMON         0x0000000000463a28      0x1f8 thread.o
                0x0000000000463a28                context2_r15
                0x0000000000463a30                context2_rsp0
                0x0000000000463a38                context2_r12
                0x0000000000463a40                context2_gs
                0x0000000000463a48                context_rcx
                0x0000000000463a50                context2_ds
                0x0000000000463a58                context_r12
                0x0000000000463a60                context_rax
                0x0000000000463a68                context_ds
                0x0000000000463a70                context2_ss
                0x0000000000463a78                current_thread
                0x0000000000463a80                context2_cs
                0x0000000000463a88                current_thread2
                0x0000000000463a90                context2_pid
                0x0000000000463a98                context_rsi
                0x0000000000463aa0                context2_r13
                0x0000000000463aa8                context2_rbp
                0x0000000000463ab0                context_r9
                0x0000000000463ab8                context_rdx
                0x0000000000463ac0                context_rflag
                0x0000000000463ac8                current_thread1
                0x0000000000463ad0                context_fxsave
                0x0000000000463ad8                context2_rdx
                0x0000000000463ae0                context_cs
                0x0000000000463ae8                context_rsp0
                0x0000000000463af0                context2_es
                0x0000000000463af8                thread_ready_queue
                0x0000000000463b00                context_cr3
                0x0000000000463b08                context_rsp
                0x0000000000463b10                context_fs
                0x0000000000463b18                context2_rax
                0x0000000000463b20                context_rbp
                0x0000000000463b28                context_r8
                0x0000000000463b30                threadz
                0x0000000000463b38                context2_rcx
                0x0000000000463b40                context_r15
                0x0000000000463b48                context2_rflag
                0x0000000000463b50                context_ss
                0x0000000000463b58                context2_r14
                0x0000000000463b60                context2_fs
                0x0000000000463b68                context2_rbx
                0x0000000000463b70                context2_r11
                0x0000000000463b78                context2_cr3
                0x0000000000463b80                next_pid
                0x0000000000463b88                context_gs
                0x0000000000463b90                context_r11
                0x0000000000463b98                context2_r9
                0x0000000000463ba0                first_thread2
                0x0000000000463ba8                context2_r10
                0x0000000000463bb0                context2_rip
                0x0000000000463bb8                context2_fxsave
                0x0000000000463bc0                context2_rsp
                0x0000000000463bc8                context_r13
                0x0000000000463bd0                context_r10
                0x0000000000463bd8                context_rip
                0x0000000000463be0                context_pid
                0x0000000000463be8                context_rbx
                0x0000000000463bf0                context_r14
                0x0000000000463bf8                context2_r8
                0x0000000000463c00                context2_rsi
                0x0000000000463c08                context_rdi
                0x0000000000463c10                context2_rdi
                0x0000000000463c18                context_es
 COMMON         0x0000000000463c20        0x8 syscall.o
                0x0000000000463c20                ret
 *fill*         0x0000000000463c28       0x18 
 COMMON         0x0000000000463c40       0x78 i965.o
                0x0000000000463c40                fb
                0x0000000000463c60                mode
                0x0000000000463c80                gtt
 COMMON         0x0000000000463cb8       0x50 acpi.o
                0x0000000000463cb8                fadt
                0x0000000000463cc0                acpi_physical_init
                0x0000000000463cc8                SLP_TYPa
                0x0000000000463cd0                hpet
                0x0000000000463cd8                xsdt
                0x0000000000463ce0                rsdt
                0x0000000000463ce8                dsdt
                0x0000000000463cf0                SLP_TYPb
                0x0000000000463cf8                acpi_virtual_addr
                0x0000000000463d00                rsdp
 COMMON         0x0000000000463d08       0x10 hpet.o
                0x0000000000463d08                hpet_register
                0x0000000000463d10                period
 COMMON         0x0000000000463d18       0x10 pit.o
                0x0000000000463d18                eticks
                0x0000000000463d20                timer_ticks
 COMMON         0x0000000000463d28       0x24 mouse.o
                0x0000000000463d28                mouse_x
                0x0000000000463d2c                count_mouse
                0x0000000000463d30                mouse2
                0x0000000000463d38                first_time
                0x0000000000463d3c                buttons
                0x0000000000463d40                mouse
                0x0000000000463d48                mouse_y
 COMMON         0x0000000000463d4c        0x4 keyboard.o
                0x0000000000463d4c                key_buffer
                0x0000000000463d4e                led_status
                0x0000000000463d4f                keyboard_charset
 *fill*         0x0000000000463d50       0x10 
 COMMON         0x0000000000463d60      0x220 ahci.o
                0x0000000000463d60                dmavirt
                0x0000000000463d68                dmaphy
                0x0000000000463d70                HBA_BASE
                0x0000000000463d78                hba_mem_space
                0x0000000000463d80                sata_idtfy
 COMMON         0x0000000000463f80        0x8 ide.o
                0x0000000000463f80                ata_record_channel
                0x0000000000463f84                ata_record_dev
 *fill*         0x0000000000463f88       0x18 
 COMMON         0x0000000000463fa0      0x830 storage.o
                0x0000000000463fa0                ATA_BAR1
                0x0000000000463fa4                ATA_BAR4
                0x0000000000463fc0                ata
                0x00000000004647c0                ATA_BAR0
                0x00000000004647c4                ATA_BAR3
                0x00000000004647c8                ATA_BAR2
                0x00000000004647cc                ATA_BAR5
 COMMON         0x00000000004647d0        0x8 rtc.o
                0x00000000004647d0                clock
 *fill*         0x00000000004647d8        0x8 
 COMMON         0x00000000004647e0       0xd4 hda.o
                0x00000000004647e0                corb_pointer
                0x00000000004647e4                HDBARL
                0x00000000004647e8                hda_base
                0x00000000004647f0                HDA_MEM_SIZE
                0x00000000004647f4                beep_node
                0x0000000000464800                hda_widget
                0x0000000000464880                output_node
                0x0000000000464888                HDA_STREAM_MEMORY
                0x0000000000464890                RIRB_MEMORY
                0x0000000000464898                HDA_MEM
                0x00000000004648a0                CORB_MEMORY
                0x00000000004648a8                hda_max_volume
                0x00000000004648ac                HDBARU
                0x00000000004648b0                input_node
 *fill*         0x00000000004648b4        0xc 
 COMMON         0x00000000004648c0      0x180 e1000.o
                0x00000000004648c0                tx_descs
                0x0000000000464900                rx_memory
                0x0000000000464920                rx_descs
                0x0000000000464a20                tx_memory
 COMMON         0x0000000000464a40      0x2e4 ethernet.o
                0x0000000000464a40                our_ip
                0x0000000000464a44                local_ip
                0x0000000000464a48                router_ip
                0x0000000000464a60                packege_desc_buffer
                0x0000000000464ce0                default_ethernet_device
                0x0000000000464d01                dns_ip
                0x0000000000464d05                dhcp_ip
                0x0000000000464d10                default_ethernet_package_descriptor
 *fill*         0x0000000000464d24       0x1c 
 COMMON         0x0000000000464d40     0x2800 arp.o
                0x0000000000464d40                arp_cache
 COMMON         0x0000000000467540        0x8 tcp.o
                0x0000000000467540                queue_conn
 *fill*         0x0000000000467548       0x18 
 COMMON         0x0000000000467560     0x1068 rtl8169.o
                0x0000000000467560                re_soft
                0x00000000004685c0                re_base_addr
 *fill*         0x00000000004685c8       0x18 
 COMMON         0x00000000004685e0      0x1d0 pcnet.o
                0x00000000004685e0                pcnet_block
                0x0000000000468600                pcnet_softc
 *fill*         0x00000000004687b0       0x10 
 COMMON         0x00000000004687c0      0x800 vmnet.o
                0x00000000004687c0                rx_desc
 COMMON         0x0000000000468fc0        0x8 port.o
                0x0000000000468fc0                port_bitmap
 *fill*         0x0000000000468fc8       0x18 
 COMMON         0x0000000000468fe0       0x68 gui.o
                0x0000000000468fe0                gui
 COMMON         0x0000000000469048       0x38 compositor.o
                0x0000000000469048                rf
                0x0000000000469050                window_count
                0x0000000000469058                screan_spin_lock
                0x0000000000469060                paint
                0x0000000000469068                gid
                0x0000000000469070                paint_ready_queue
                0x0000000000469078                paint_foco
 COMMON         0x0000000000469080        0x4 window_server.o
                0x0000000000469080                w_remove_spinlock
 *fill*         0x0000000000469084        0x4 
 COMMON         0x0000000000469088       0x30 std.o
                0x0000000000469088                stdout
                0x0000000000469090                _stderr
                0x0000000000469098                _stdin
                0x00000000004690a0                stdin
                0x00000000004690a8                _stdout
                0x00000000004690b0                stderr
 COMMON         0x00000000004690b8        0x8 cfs.o
                0x00000000004690b8                fs_directory
 COMMON         0x00000000004690c0      0x4cc socket.o
                0x00000000004690c0                current_saddr
                0x00000000004690c8                row_cur
                0x00000000004690e0                sockt_receive_row
                0x0000000000469580                saddr_ready_queue
                0x0000000000469588                socket_next_id
 COMMON         0x000000000046958c        0x4 stdio.o
                0x000000000046958c                VERBOSE
 COMMON         0x0000000000469590        0x4 msi.o
                0x0000000000469590                vector_msi
                0x000000000046a000                . = ALIGN (0x1000)
 *fill*         0x0000000000469594      0xa6c 

.eh_frame       0x000000000046a000     0x5000
                0x000000000046a000                eh_frame = .
 *(.eh_frame)
 .eh_frame      0x000000000046a000       0x48 main.o
 .eh_frame      0x000000000046a048       0x20 io.o
                                         0x38 (size before relaxing)
 .eh_frame      0x000000000046a068       0x50 gdt.o
                                         0x68 (size before relaxing)
 .eh_frame      0x000000000046a0b8       0x48 tss.o
                                         0x60 (size before relaxing)
 .eh_frame      0x000000000046a100       0xd8 idt.o
                                         0xf0 (size before relaxing)
 .eh_frame      0x000000000046a1d8       0x70 exception.o
                                         0x88 (size before relaxing)
 .eh_frame      0x000000000046a248       0x68 server.o
                                         0x80 (size before relaxing)
 .eh_frame      0x000000000046a2b0       0x70 smp.o
                                         0x88 (size before relaxing)
 .eh_frame      0x000000000046a320       0x40 delay.o
                                         0x58 (size before relaxing)
 .eh_frame      0x000000000046a360       0xc0 paging.o
                                         0xd8 (size before relaxing)
 .eh_frame      0x000000000046a420      0x228 mm.o
                                        0x240 (size before relaxing)
 .eh_frame      0x000000000046a648       0x90 cpuid.o
                                         0xa8 (size before relaxing)
 .eh_frame      0x000000000046a6d8       0x40 msr.o
                                         0x58 (size before relaxing)
 .eh_frame      0x000000000046a718       0x88 lvt.o
                                         0xa0 (size before relaxing)
 .eh_frame      0x000000000046a7a0       0x98 irq.o
                                         0xb0 (size before relaxing)
 .eh_frame      0x000000000046a838      0x140 apic.o
                                        0x158 (size before relaxing)
 .eh_frame      0x000000000046a978       0xa0 apic_timer.o
                                         0xb8 (size before relaxing)
 .eh_frame      0x000000000046aa18       0xf8 ioapic.o
                                        0x110 (size before relaxing)
 .eh_frame      0x000000000046ab10       0x50 intr.o
                                         0x68 (size before relaxing)
 .eh_frame      0x000000000046ab60       0x28 sleep.o
                                         0x40 (size before relaxing)
 .eh_frame      0x000000000046ab88      0x178 thread.o
                                        0x190 (size before relaxing)
 .eh_frame      0x000000000046ad00       0x58 exectve.o
                                         0x70 (size before relaxing)
 .eh_frame      0x000000000046ad58      0x3b0 syscall.o
                                        0x3c8 (size before relaxing)
 .eh_frame      0x000000000046b108      0x290 console.o
                                        0x2a8 (size before relaxing)
 .eh_frame      0x000000000046b398       0x58 exit.o
                                         0x70 (size before relaxing)
 .eh_frame      0x000000000046b3f0       0xc8 sse.o
                                         0xe0 (size before relaxing)
 .eh_frame      0x000000000046b4b8      0x238 pci.o
                                        0x250 (size before relaxing)
 .eh_frame      0x000000000046b6f0      0x240 i965.o
                                        0x258 (size before relaxing)
 .eh_frame      0x000000000046b930       0x68 cursor.o
                                         0x80 (size before relaxing)
 .eh_frame      0x000000000046b998      0x148 acpi.o
                                        0x160 (size before relaxing)
 .eh_frame      0x000000000046bae0       0xa0 hpet.o
                                         0xb8 (size before relaxing)
 .eh_frame      0x000000000046bb80       0x48 lpc.o
                                         0x60 (size before relaxing)
 .eh_frame      0x000000000046bbc8       0xc8 pit.o
                                         0xe0 (size before relaxing)
 .eh_frame      0x000000000046bc90       0x88 ps2.o
                                         0xa0 (size before relaxing)
 .eh_frame      0x000000000046bd18       0xf0 mouse.o
                                        0x108 (size before relaxing)
 .eh_frame      0x000000000046be08      0x128 keyboard.o
                                        0x140 (size before relaxing)
 .eh_frame      0x000000000046bf30      0x218 ahci.o
                                        0x230 (size before relaxing)
 .eh_frame      0x000000000046c148      0x248 ide.o
                                        0x260 (size before relaxing)
 .eh_frame      0x000000000046c390       0xb0 storage.o
                                         0xc8 (size before relaxing)
 .eh_frame      0x000000000046c440      0x100 rtc.o
                                        0x118 (size before relaxing)
 .eh_frame      0x000000000046c540      0x270 hda.o
                                        0x288 (size before relaxing)
 .eh_frame      0x000000000046c7b0       0x88 speaker.o
                                         0xa0 (size before relaxing)
 .eh_frame      0x000000000046c838      0x190 e1000.o
                                        0x1a8 (size before relaxing)
 .eh_frame      0x000000000046c9c8      0x1d8 ethernet.o
                                        0x1f0 (size before relaxing)
 .eh_frame      0x000000000046cba0      0x148 arp.o
                                        0x160 (size before relaxing)
 .eh_frame      0x000000000046cce8       0x78 udp.o
                                         0x90 (size before relaxing)
 .eh_frame      0x000000000046cd60       0x50 ipv4.o
                                         0x68 (size before relaxing)
 .eh_frame      0x000000000046cdb0       0x98 dhcp.o
                                         0xb0 (size before relaxing)
 .eh_frame      0x000000000046ce48      0x120 tcp.o
                                        0x138 (size before relaxing)
 .eh_frame      0x000000000046cf68       0x40 checksum.o
                                         0x58 (size before relaxing)
 .eh_frame      0x000000000046cfa8      0x2c8 rtl8169.o
                                        0x2e0 (size before relaxing)
 .eh_frame      0x000000000046d270      0x1a0 pcnet.o
                                        0x1b8 (size before relaxing)
 .eh_frame      0x000000000046d410      0x138 vmnet.o
                                        0x150 (size before relaxing)
 .eh_frame      0x000000000046d548       0x88 port.o
                                         0xa0 (size before relaxing)
 .eh_frame      0x000000000046d5d0       0xd0 bga.o
                                         0xe8 (size before relaxing)
 .eh_frame      0x000000000046d6a0       0x30 video.o
                                         0x48 (size before relaxing)
 .eh_frame      0x000000000046d6d0      0x128 gui.o
                                        0x140 (size before relaxing)
 .eh_frame      0x000000000046d7f8      0x110 compositor.o
                                        0x128 (size before relaxing)
 .eh_frame      0x000000000046d908       0x48 window_server.o
                                         0x60 (size before relaxing)
 .eh_frame      0x000000000046d950      0x100 terminal.o
                                        0x118 (size before relaxing)
 .eh_frame      0x000000000046da50       0x98 std.o
                                         0xb0 (size before relaxing)
 .eh_frame      0x000000000046dae8      0x118 cfs.o
                                        0x130 (size before relaxing)
 .eh_frame      0x000000000046dc00       0x68 pipe.o
                                         0x80 (size before relaxing)
 .eh_frame      0x000000000046dc68      0x180 socket.o
                                        0x198 (size before relaxing)
 .eh_frame      0x000000000046dde8       0x48 elf.o
                                         0x60 (size before relaxing)
 .eh_frame      0x000000000046de30       0x50 bind.o
                                         0x68 (size before relaxing)
 .eh_frame      0x000000000046de80       0x20 inet.o
                                         0x38 (size before relaxing)
 .eh_frame      0x000000000046dea0       0x30 recvfrom.o
                                         0x48 (size before relaxing)
 .eh_frame      0x000000000046ded0       0x30 sendto.o
                                         0x48 (size before relaxing)
 .eh_frame      0x000000000046df00       0xc0 string.o
                                         0xd8 (size before relaxing)
 .eh_frame      0x000000000046dfc0       0x50 vsprintf.o
                                         0x68 (size before relaxing)
 .eh_frame      0x000000000046e010      0x198 stdio.o
                                        0x1b0 (size before relaxing)
 .eh_frame      0x000000000046e1a8       0xd8 stdlib.o
                                         0xf0 (size before relaxing)
 .eh_frame      0x000000000046e280       0x20 sse_memcpy.o
                                         0x38 (size before relaxing)
 .eh_frame      0x000000000046e2a0       0x20 panic.o
                                         0x38 (size before relaxing)
 .eh_frame      0x000000000046e2c0       0xc8 msi.o
                                         0xe0 (size before relaxing)
 .eh_frame      0x000000000046e388       0x90 communication.o
                                         0xa8 (size before relaxing)
 .eh_frame      0x000000000046e418       0x4c argv.o
                                         0x68 (size before relaxing)
                0x000000000046f000                . = ALIGN (0x1000)
 *fill*         0x000000000046e464      0xb9c 
                0x000000000046f000                end = .
                0x000000000046f000                _end = .
                0x000000000046f000                __end = .
LOAD setup.o
LOAD main.o
LOAD io.o
LOAD gdt.o
LOAD tss.o
LOAD idt.o
LOAD vetor.o
LOAD exception.o
LOAD data.o
LOAD server.o
LOAD smp.o
LOAD delay.o
LOAD paging.o
LOAD mm.o
LOAD cpuid.o
LOAD msr.o
LOAD lvt.o
LOAD irq.o
LOAD apic.o
LOAD apic_timer.o
LOAD ioapic.o
LOAD intr.o
LOAD sleep.o
LOAD thread.o
LOAD exectve.o
LOAD syscall.o
LOAD asyscall.o
LOAD console.o
LOAD exit.o
LOAD sse.o
LOAD pci.o
LOAD i965.o
LOAD cursor.o
LOAD acpi.o
LOAD hpet.o
LOAD lpc.o
LOAD pit.o
LOAD ps2.o
LOAD mouse.o
LOAD keyboard.o
LOAD ahci.o
LOAD ide.o
LOAD storage.o
LOAD rtc.o
LOAD hda.o
LOAD speaker.o
LOAD e1000.o
LOAD ethernet.o
LOAD arp.o
LOAD udp.o
LOAD ipv4.o
LOAD dhcp.o
LOAD tcp.o
LOAD checksum.o
LOAD rtl8169.o
LOAD pcnet.o
LOAD vmnet.o
LOAD port.o
LOAD bga.o
LOAD video.o
LOAD gui.o
LOAD compositor.o
LOAD window_server.o
LOAD font8x16.o
LOAD terminal.o
LOAD std.o
LOAD cfs.o
LOAD pipe.o
LOAD socket.o
LOAD elf.o
LOAD bind.o
LOAD inet.o
LOAD recvfrom.o
LOAD sendto.o
LOAD string.o
LOAD vsprintf.o
LOAD stdio.o
LOAD stdlib.o
LOAD sse_memcpy.o
LOAD panic.o
LOAD msi.o
LOAD communication.o
LOAD argv.o
OUTPUT(kernel.bin elf64-x86-64)

.rela.dyn       0x000000000046f000        0x0
 .rela.got      0x000000000046f000        0x0 setup.o
 .rela.iplt     0x000000000046f000        0x0 setup.o
 .rela.text     0x000000000046f000        0x0 setup.o

.comment        0x0000000000000000       0x2b
 .comment       0x0000000000000000       0x2b main.o
                                         0x2c (size before relaxing)
 .comment       0x000000000000002b       0x2c io.o
 .comment       0x000000000000002b       0x2c gdt.o
 .comment       0x000000000000002b       0x2c tss.o
 .comment       0x000000000000002b       0x2c idt.o
 .comment       0x000000000000002b       0x2c exception.o
 .comment       0x000000000000002b       0x2c data.o
 .comment       0x000000000000002b       0x2c server.o
 .comment       0x000000000000002b       0x2c smp.o
 .comment       0x000000000000002b       0x2c delay.o
 .comment       0x000000000000002b       0x2c paging.o
 .comment       0x000000000000002b       0x2c mm.o
 .comment       0x000000000000002b       0x2c cpuid.o
 .comment       0x000000000000002b       0x2c msr.o
 .comment       0x000000000000002b       0x2c lvt.o
 .comment       0x000000000000002b       0x2c irq.o
 .comment       0x000000000000002b       0x2c apic.o
 .comment       0x000000000000002b       0x2c apic_timer.o
 .comment       0x000000000000002b       0x2c ioapic.o
 .comment       0x000000000000002b       0x2c intr.o
 .comment       0x000000000000002b       0x2c sleep.o
 .comment       0x000000000000002b       0x2c thread.o
 .comment       0x000000000000002b       0x2c exectve.o
 .comment       0x000000000000002b       0x2c syscall.o
 .comment       0x000000000000002b       0x2c console.o
 .comment       0x000000000000002b       0x2c exit.o
 .comment       0x000000000000002b       0x2c sse.o
 .comment       0x000000000000002b       0x2c pci.o
 .comment       0x000000000000002b       0x2c i965.o
 .comment       0x000000000000002b       0x2c cursor.o
 .comment       0x000000000000002b       0x2c acpi.o
 .comment       0x000000000000002b       0x2c hpet.o
 .comment       0x000000000000002b       0x2c lpc.o
 .comment       0x000000000000002b       0x2c pit.o
 .comment       0x000000000000002b       0x2c ps2.o
 .comment       0x000000000000002b       0x2c mouse.o
 .comment       0x000000000000002b       0x2c keyboard.o
 .comment       0x000000000000002b       0x2c ahci.o
 .comment       0x000000000000002b       0x2c ide.o
 .comment       0x000000000000002b       0x2c storage.o
 .comment       0x000000000000002b       0x2c rtc.o
 .comment       0x000000000000002b       0x2c hda.o
 .comment       0x000000000000002b       0x2c speaker.o
 .comment       0x000000000000002b       0x2c e1000.o
 .comment       0x000000000000002b       0x2c ethernet.o
 .comment       0x000000000000002b       0x2c arp.o
 .comment       0x000000000000002b       0x2c udp.o
 .comment       0x000000000000002b       0x2c ipv4.o
 .comment       0x000000000000002b       0x2c dhcp.o
 .comment       0x000000000000002b       0x2c tcp.o
 .comment       0x000000000000002b       0x2c checksum.o
 .comment       0x000000000000002b       0x2c rtl8169.o
 .comment       0x000000000000002b       0x2c pcnet.o
 .comment       0x000000000000002b       0x2c vmnet.o
 .comment       0x000000000000002b       0x2c port.o
 .comment       0x000000000000002b       0x2c bga.o
 .comment       0x000000000000002b       0x2c video.o
 .comment       0x000000000000002b       0x2c gui.o
 .comment       0x000000000000002b       0x2c compositor.o
 .comment       0x000000000000002b       0x2c window_server.o
 .comment       0x000000000000002b       0x2c font8x16.o
 .comment       0x000000000000002b       0x2c terminal.o
 .comment       0x000000000000002b       0x2c std.o
 .comment       0x000000000000002b       0x2c cfs.o
 .comment       0x000000000000002b       0x2c pipe.o
 .comment       0x000000000000002b       0x2c socket.o
 .comment       0x000000000000002b       0x2c elf.o
 .comment       0x000000000000002b       0x2c bind.o
 .comment       0x000000000000002b       0x2c inet.o
 .comment       0x000000000000002b       0x2c recvfrom.o
 .comment       0x000000000000002b       0x2c sendto.o
 .comment       0x000000000000002b       0x2c string.o
 .comment       0x000000000000002b       0x2c vsprintf.o
 .comment       0x000000000000002b       0x2c stdio.o
 .comment       0x000000000000002b       0x2c stdlib.o
 .comment       0x000000000000002b       0x2c sse_memcpy.o
 .comment       0x000000000000002b       0x2c panic.o
 .comment       0x000000000000002b       0x2c msi.o
 .comment       0x000000000000002b       0x2c communication.o
 .comment       0x000000000000002b       0x2c argv.o

.note.GNU-stack
                0x0000000000000000        0x0
 .note.GNU-stack
                0x0000000000000000        0x0 main.o
 .note.GNU-stack
                0x0000000000000000        0x0 io.o
 .note.GNU-stack
                0x0000000000000000        0x0 gdt.o
 .note.GNU-stack
                0x0000000000000000        0x0 tss.o
 .note.GNU-stack
                0x0000000000000000        0x0 idt.o
 .note.GNU-stack
                0x0000000000000000        0x0 exception.o
 .note.GNU-stack
                0x0000000000000000        0x0 data.o
 .note.GNU-stack
                0x0000000000000000        0x0 server.o
 .note.GNU-stack
                0x0000000000000000        0x0 smp.o
 .note.GNU-stack
                0x0000000000000000        0x0 delay.o
 .note.GNU-stack
                0x0000000000000000        0x0 paging.o
 .note.GNU-stack
                0x0000000000000000        0x0 mm.o
 .note.GNU-stack
                0x0000000000000000        0x0 cpuid.o
 .note.GNU-stack
                0x0000000000000000        0x0 msr.o
 .note.GNU-stack
                0x0000000000000000        0x0 lvt.o
 .note.GNU-stack
                0x0000000000000000        0x0 irq.o
 .note.GNU-stack
                0x0000000000000000        0x0 apic.o
 .note.GNU-stack
                0x0000000000000000        0x0 apic_timer.o
 .note.GNU-stack
                0x0000000000000000        0x0 ioapic.o
 .note.GNU-stack
                0x0000000000000000        0x0 intr.o
 .note.GNU-stack
                0x0000000000000000        0x0 sleep.o
 .note.GNU-stack
                0x0000000000000000        0x0 thread.o
 .note.GNU-stack
                0x0000000000000000        0x0 exectve.o
 .note.GNU-stack
                0x0000000000000000        0x0 syscall.o
 .note.GNU-stack
                0x0000000000000000        0x0 console.o
 .note.GNU-stack
                0x0000000000000000        0x0 exit.o
 .note.GNU-stack
                0x0000000000000000        0x0 sse.o
 .note.GNU-stack
                0x0000000000000000        0x0 pci.o
 .note.GNU-stack
                0x0000000000000000        0x0 i965.o
 .note.GNU-stack
                0x0000000000000000        0x0 cursor.o
 .note.GNU-stack
                0x0000000000000000        0x0 acpi.o
 .note.GNU-stack
                0x0000000000000000        0x0 hpet.o
 .note.GNU-stack
                0x0000000000000000        0x0 lpc.o
 .note.GNU-stack
                0x0000000000000000        0x0 pit.o
 .note.GNU-stack
                0x0000000000000000        0x0 ps2.o
 .note.GNU-stack
                0x0000000000000000        0x0 mouse.o
 .note.GNU-stack
                0x0000000000000000        0x0 keyboard.o
 .note.GNU-stack
                0x0000000000000000        0x0 ahci.o
 .note.GNU-stack
                0x0000000000000000        0x0 ide.o
 .note.GNU-stack
                0x0000000000000000        0x0 storage.o
 .note.GNU-stack
                0x0000000000000000        0x0 rtc.o
 .note.GNU-stack
                0x0000000000000000        0x0 hda.o
 .note.GNU-stack
                0x0000000000000000        0x0 speaker.o
 .note.GNU-stack
                0x0000000000000000        0x0 e1000.o
 .note.GNU-stack
                0x0000000000000000        0x0 ethernet.o
 .note.GNU-stack
                0x0000000000000000        0x0 arp.o
 .note.GNU-stack
                0x0000000000000000        0x0 udp.o
 .note.GNU-stack
                0x0000000000000000        0x0 ipv4.o
 .note.GNU-stack
                0x0000000000000000        0x0 dhcp.o
 .note.GNU-stack
                0x0000000000000000        0x0 tcp.o
 .note.GNU-stack
                0x0000000000000000        0x0 checksum.o
 .note.GNU-stack
                0x0000000000000000        0x0 rtl8169.o
 .note.GNU-stack
                0x0000000000000000        0x0 pcnet.o
 .note.GNU-stack
                0x0000000000000000        0x0 vmnet.o
 .note.GNU-stack
                0x0000000000000000        0x0 port.o
 .note.GNU-stack
                0x0000000000000000        0x0 bga.o
 .note.GNU-stack
                0x0000000000000000        0x0 video.o
 .note.GNU-stack
                0x0000000000000000        0x0 gui.o
 .note.GNU-stack
                0x0000000000000000        0x0 compositor.o
 .note.GNU-stack
                0x0000000000000000        0x0 window_server.o
 .note.GNU-stack
                0x0000000000000000        0x0 font8x16.o
 .note.GNU-stack
                0x0000000000000000        0x0 terminal.o
 .note.GNU-stack
                0x0000000000000000        0x0 std.o
 .note.GNU-stack
                0x0000000000000000        0x0 cfs.o
 .note.GNU-stack
                0x0000000000000000        0x0 pipe.o
 .note.GNU-stack
                0x0000000000000000        0x0 socket.o
 .note.GNU-stack
                0x0000000000000000        0x0 elf.o
 .note.GNU-stack
                0x0000000000000000        0x0 bind.o
 .note.GNU-stack
                0x0000000000000000        0x0 inet.o
 .note.GNU-stack
                0x0000000000000000        0x0 recvfrom.o
 .note.GNU-stack
                0x0000000000000000        0x0 sendto.o
 .note.GNU-stack
                0x0000000000000000        0x0 string.o
 .note.GNU-stack
                0x0000000000000000        0x0 vsprintf.o
 .note.GNU-stack
                0x0000000000000000        0x0 stdio.o
 .note.GNU-stack
                0x0000000000000000        0x0 stdlib.o
 .note.GNU-stack
                0x0000000000000000        0x0 sse_memcpy.o
 .note.GNU-stack
                0x0000000000000000        0x0 panic.o
 .note.GNU-stack
                0x0000000000000000        0x0 msi.o
 .note.GNU-stack
                0x0000000000000000        0x0 communication.o
 .note.GNU-stack
                0x0000000000000000        0x0 argv.o
