
Merging program properties

Removed property 0xc0000002 to merge main.o (0x3) and setup.o (not found)
Removed property 0xc0000002 to merge main.o (not found) and io.o (0x3)
Removed property 0xc0000002 to merge main.o (not found) and gdt.o (0x3)
Removed property 0xc0000002 to merge main.o (not found) and tss.o (0x3)
Removed property 0xc0000002 to merge main.o (not found) and idt.o (0x3)
Removed property 0xc0000002 to merge main.o (not found) and exception.o (0x3)
Removed property 0xc0000002 to merge main.o (not found) and data.o (0x3)
Removed property 0xc0000002 to merge main.o (not found) and server.o (0x3)
Removed property 0xc0000002 to merge main.o (not found) and smp.o (0x3)
Removed property 0xc0000002 to merge main.o (not found) and delay.o (0x3)
Removed property 0xc0000002 to merge main.o (not found) and paging.o (0x3)
Removed property 0xc0000002 to merge main.o (not found) and mm.o (0x3)
Removed property 0xc0000002 to merge main.o (not found) and cpuid.o (0x3)
Removed property 0xc0000002 to merge main.o (not found) and msr.o (0x3)
Removed property 0xc0000002 to merge main.o (not found) and lvt.o (0x3)
Removed property 0xc0000002 to merge main.o (not found) and irq.o (0x3)
Removed property 0xc0000002 to merge main.o (not found) and apic.o (0x3)
Removed property 0xc0000002 to merge main.o (not found) and ioapic.o (0x3)
Removed property 0xc0000002 to merge main.o (not found) and intr.o (0x3)
Removed property 0xc0000002 to merge main.o (not found) and sleep.o (0x3)
Removed property 0xc0000002 to merge main.o (not found) and thread.o (0x3)
Removed property 0xc0000002 to merge main.o (not found) and exectve.o (0x3)
Removed property 0xc0000002 to merge main.o (not found) and syscall.o (0x3)
Removed property 0xc0000002 to merge main.o (not found) and console.o (0x3)
Removed property 0xc0000002 to merge main.o (not found) and exit.o (0x3)
Removed property 0xc0000002 to merge main.o (not found) and sse.o (0x3)
Removed property 0xc0000002 to merge main.o (not found) and pci.o (0x3)
Removed property 0xc0000002 to merge main.o (not found) and i965.o (0x3)
Removed property 0xc0000002 to merge main.o (not found) and cursor.o (0x3)
Removed property 0xc0000002 to merge main.o (not found) and acpi.o (0x3)
Removed property 0xc0000002 to merge main.o (not found) and hpet.o (0x3)
Removed property 0xc0000002 to merge main.o (not found) and lpc.o (0x3)
Removed property 0xc0000002 to merge main.o (not found) and pit.o (0x3)
Removed property 0xc0000002 to merge main.o (not found) and ps2.o (0x3)
Removed property 0xc0000002 to merge main.o (not found) and mouse.o (0x3)
Removed property 0xc0000002 to merge main.o (not found) and keyboard.o (0x3)
Removed property 0xc0000002 to merge main.o (not found) and ahci.o (0x3)
Removed property 0xc0000002 to merge main.o (not found) and ide.o (0x3)
Removed property 0xc0000002 to merge main.o (not found) and storage.o (0x3)
Removed property 0xc0000002 to merge main.o (not found) and rtc.o (0x3)
Removed property 0xc0000002 to merge main.o (not found) and hda.o (0x3)
Removed property 0xc0000002 to merge main.o (not found) and speaker.o (0x3)
Removed property 0xc0000002 to merge main.o (not found) and e1000.o (0x3)
Removed property 0xc0000002 to merge main.o (not found) and ethernet.o (0x3)
Removed property 0xc0000002 to merge main.o (not found) and arp.o (0x3)
Removed property 0xc0000002 to merge main.o (not found) and udp.o (0x3)
Removed property 0xc0000002 to merge main.o (not found) and ipv4.o (0x3)
Removed property 0xc0000002 to merge main.o (not found) and dhcp.o (0x3)
Removed property 0xc0000002 to merge main.o (not found) and tcp.o (0x3)
Removed property 0xc0000002 to merge main.o (not found) and checksum.o (0x3)
Removed property 0xc0000002 to merge main.o (not found) and rtl8169.o (0x3)
Removed property 0xc0000002 to merge main.o (not found) and pcnet.o (0x3)
Removed property 0xc0000002 to merge main.o (not found) and vmnet.o (0x3)
Removed property 0xc0000002 to merge main.o (not found) and port.o (0x3)
Removed property 0xc0000002 to merge main.o (not found) and bga.o (0x3)
Removed property 0xc0000002 to merge main.o (not found) and video.o (0x3)
Removed property 0xc0000002 to merge main.o (not found) and gui.o (0x3)
Removed property 0xc0000002 to merge main.o (not found) and compositor.o (0x3)
Removed property 0xc0000002 to merge main.o (not found) and window_server.o (0x3)
Removed property 0xc0000002 to merge main.o (not found) and font8x16.o (0x3)
Removed property 0xc0000002 to merge main.o (not found) and std.o (0x3)
Removed property 0xc0000002 to merge main.o (not found) and cfs.o (0x3)
Removed property 0xc0000002 to merge main.o (not found) and pipe.o (0x3)
Removed property 0xc0000002 to merge main.o (not found) and socket.o (0x3)
Removed property 0xc0000002 to merge main.o (not found) and elf.o (0x3)
Removed property 0xc0000002 to merge main.o (not found) and bind.o (0x3)
Removed property 0xc0000002 to merge main.o (not found) and inet.o (0x3)
[...]
Memory Configuration

Name             Origin             Length             Attributes
*default*        0x0000000000000000 0xffffffffffffffff

Linker script and memory map

                0x0000000000401000                . = 0x401000
                0x0000000000401000                _start = .

.text           0x0000000000401000    0x27000
                0x0000000000401000                code = .
                0x0000000000401000                _code = .
                0x0000000000401000                __code = .
 *(.text)
 .text          0x0000000000401000       0xc2 setup.o
                0x0000000000401031                gdt_flush
                0x0000000000401054                idt_flush
                0x000000000040105b                call_function
                0x0000000000401070                copymem
                0x00000000004010a4                DisableSSE
                0x00000000004010af                EnableSSE
                0x00000000004010ba                SaveSSE
                0x00000000004010be                RestoreSSE
 .text          0x00000000004010c2      0xf40 main.o
                0x0000000000401335                main
 .text          0x0000000000402002       0x42 io.o
                0x0000000000402002                wait
 .text          0x0000000000402044      0x5c5 gdt.o
                0x000000000040230d                gdt_install
 .text          0x0000000000402609       0xa6 tss.o
                0x0000000000402609                load_ltr
                0x000000000040263c                tss_install
 .text          0x00000000004026af      0x517 idt.o
                0x00000000004028c1                idt_install
                0x0000000000402a2b                idt_gate
                0x0000000000402a93                _idt_gate
                0x0000000000402b72                intr_null_function
 *fill*         0x0000000000402bc6        0xa 
 .text          0x0000000000402bd0      0xc49 vetor.o
                0x0000000000402c2e                isr00
                0x0000000000402c3d                isr01
                0x0000000000402c4c                isr02
                0x0000000000402c5b                isr03
                0x0000000000402c6a                isr04
                0x0000000000402c79                isr05
                0x0000000000402c88                isr06
                0x0000000000402c97                isr07
                0x0000000000402ca6                isr08
                0x0000000000402cb0                isr09
                0x0000000000402cbf                isr10
                0x0000000000402cc9                isr11
                0x0000000000402cd3                isr12
                0x0000000000402cdd                isr13
                0x0000000000402ce7                isr14
                0x0000000000402cf1                isr15
                0x0000000000402d00                isr16
                0x0000000000402d0f                isr17
                0x0000000000402d19                isr18
                0x0000000000402d28                isr19
                0x0000000000402d37                isr20
                0x0000000000402d46                isr21
                0x0000000000402d55                isr22
                0x0000000000402d64                isr23
                0x0000000000402d73                isr24
                0x0000000000402d82                isr25
                0x0000000000402d91                isr26
                0x0000000000402da0                isr27
                0x0000000000402daf                isr28
                0x0000000000402dbe                isr29
                0x0000000000402dcd                isr30
                0x0000000000402ddc                isr31
                0x0000000000402e87                lvt0
                0x000000000040307e                lvt1
                0x000000000040308d                lvt2
                0x000000000040309c                lvt3
                0x00000000004030ab                lvt4
                0x00000000004030ba                timer1
                0x00000000004032b1                timer2
                0x00000000004032c0                timer3
                0x00000000004032cf                timer4
                0x00000000004032de                timer5
                0x00000000004032ed                timer6
                0x00000000004032fc                timer7
                0x000000000040330b                timer8
                0x0000000000403368                irq0
                0x0000000000403377                irq1
                0x0000000000403386                irq2
                0x0000000000403395                irq3
                0x00000000004033a4                irq4
                0x00000000004033b3                irq5
                0x00000000004033c2                irq6
                0x00000000004033d1                irq7
                0x00000000004033e0                irq8
                0x00000000004033ef                irq9
                0x00000000004033fe                irq10
                0x000000000040340d                irq11
                0x000000000040341c                irq12
                0x000000000040342b                irq13
                0x000000000040343a                irq14
                0x0000000000403449                irq15
                0x0000000000403458                irq16
                0x0000000000403467                irq17
                0x0000000000403476                irq18
                0x0000000000403485                irq19
                0x0000000000403494                irq20
                0x00000000004034a3                irq21
                0x00000000004034b2                irq22
                0x00000000004034c1                irq23
                0x000000000040352e                intr255
                0x000000000040353d                intr_null
                0x00000000004035e2                msi0
                0x00000000004035f1                msi1
                0x0000000000403600                msi2
                0x000000000040360f                msi3
                0x000000000040361e                msi4
                0x000000000040362d                msi5
                0x000000000040363c                msi6
                0x000000000040364b                msi7
                0x000000000040365a                msi8
                0x0000000000403669                msi9
                0x0000000000403678                msi10
                0x0000000000403687                msi11
                0x0000000000403696                msi12
                0x00000000004036a5                msi13
                0x00000000004036b4                msi14
                0x00000000004036c3                msi15
                0x00000000004036d2                msi16
                0x00000000004036e1                msi17
                0x00000000004036f0                msi18
                0x00000000004036ff                msi19
                0x000000000040370e                msi20
                0x000000000040371d                msi21
                0x000000000040372c                msi22
                0x000000000040373b                msi23
                0x000000000040374a                msi24
                0x0000000000403759                msi25
                0x0000000000403768                msi26
                0x0000000000403777                msi27
                0x0000000000403786                msi28
                0x0000000000403795                msi29
                0x00000000004037a4                msi30
                0x00000000004037b3                msi31
                0x00000000004037c2                intr_vmnet
 .text          0x0000000000403819      0x82e exception.o
                0x0000000000403819                exceptions_install
                0x0000000000403e62                fault_exception
 .text          0x0000000000404047        0x0 data.o
 .text          0x0000000000404047      0x57b server.o
                0x0000000000404047                foco
                0x0000000000404120                foco_default
                0x0000000000404194                server
 .text          0x00000000004045c2      0x684 smp.o
                0x00000000004045c2                setup_smp
                0x0000000000404b37                done
                0x0000000000404b70                ap_startup
 .text          0x0000000000404c46       0x8e delay.o
                0x0000000000404c46                mdelay
                0x0000000000404c8d                udelay
 .text          0x0000000000404cd4      0x1b9 paging.o
                0x0000000000404cd4                flush_tlb
                0x0000000000404d2e                load_pae_page_directory_pointer_table
                0x0000000000404d60                load_pml4_table
                0x0000000000404d92                enable_pae
                0x0000000000404dbe                page_enable
                0x0000000000404dec                page_install
 .text          0x0000000000404e8d     0x16fe mm.o
                0x0000000000404e8d                initialize_mm_mp
                0x000000000040502c                mm_mp
                0x0000000000405487                ram_setup
                0x0000000000405550                alloc_frame
                0x0000000000405618                free_frame
                0x00000000004056bb                alloc_pages_setup
                0x0000000000405af0                v_pool
                0x0000000000405d84                get_free_page
                0x0000000000405e76                get_busy_page_size
                0x0000000000405f6d                alloc_pages
                0x0000000000406190                free_pages
                0x00000000004063b9                get_phy_addr
 .text          0x000000000040658b      0x1f9 cpuid.o
                0x000000000040658b                cpuid_vendor
                0x00000000004065f9                cpuid_processor_brand
                0x00000000004066d0                cpuid
                0x000000000040671b                cpuid_string
 .text          0x0000000000406784       0xb9 msr.o
                0x0000000000406784                getmsr
                0x00000000004067cf                setmsr
 .text          0x000000000040683d      0x72a lvt.o
                0x000000000040683d                lvt_function
                0x0000000000406a7f                lvt_function2
                0x0000000000406cc1                lvt_install
 .text          0x0000000000406f67      0x5f4 irq.o
                0x0000000000406f67                default_irq
                0x0000000000406fc3                irq_function
                0x000000000040709a                irq_install
 .text          0x000000000040755b      0x554 apic.o
                0x000000000040755b                local_apic_read_command
                0x000000000040759e                local_apic_write_command
                0x00000000004075eb                getapicbase
                0x000000000040763e                enableapic
                0x00000000004076a9                apic_eoi_register
                0x00000000004076e6                setup_apic
                0x0000000000407958                local_apic_get_id
                0x0000000000407995                local_apic_send_init
                0x0000000000407a1f                local_apic_send_startup
 .text          0x0000000000407aaf      0x7c4 ioapic.o
                0x0000000000407aaf                read_ioapic_register
                0x0000000000407aff                write_ioapic_register
                0x0000000000407b59                ioapic_masked
                0x0000000000407bf6                ioapic_umasked
                0x0000000000407c93                set_ioapic_redir_table
                0x0000000000407f1f                ioapic_cofiguration
                0x0000000000407fb9                setup_ioapic
                0x0000000000408085                apic_initial_count_timer
                0x00000000004080d3                apic_timer
                0x0000000000408163                apic_timer_umasked
                0x0000000000408207                apic_timer_masked
 .text          0x0000000000408273       0xc6 intr.o
                0x0000000000408273                intr_install
                0x00000000004082d4                intr_function
 .text          0x0000000000408339       0x6b sleep.o
                0x0000000000408339                sleep
 .text          0x00000000004083a4     0x1f57 thread.o
                0x00000000004083a4                thread_setup
                0x000000000040873f                create_thread
                0x0000000000408c94                create_thread_child
                0x000000000040905a                pthread_create
                0x00000000004093e8                pthread_join
                0x0000000000409434                task_switch
                0x0000000000409c4f                task_switch2
                0x000000000040a28b                thread
 .text          0x000000000040a2fb     0x12ac exectve.o
                0x000000000040a2fb                exectve
                0x000000000040ac43                exectve_child
 .text          0x000000000040b5a7      0xa99 syscall.o
                0x000000000040b5a7                default_syscall
                0x000000000040b612                syscall_puts
                0x000000000040b66a                syscall_window
                0x000000000040b6c2                syscall_kbd_foco
                0x000000000040b737                syscall_alloc_pages
                0x000000000040b7b8                syscall_free_pages
                0x000000000040b810                syscall_readsector
                0x000000000040b88c                syscall_writesector
                0x000000000040b908                syscall_geral
                0x000000000040ba4f                syscall_tmpnam
                0x000000000040bb1d                syscall_io
                0x000000000040bc57                syscall_register_pipe_launcher
                0x000000000040bca3                syscall_get_pipe_launcher
                0x000000000040bce8                syscall_get_paint_list
                0x000000000040bd2d                syscall_get_thread_id
                0x000000000040bd76                syscall_create_socket
                0x000000000040bdfb                syscall_get_socket_ready_queue
                0x000000000040be40                syscall_pthread_create
                0x000000000040bec8                syscall_pthread_join
                0x000000000040bf2e                syscall_function_handler
                0x000000000040bfd9                syscall_install
 .text          0x000000000040c040       0x86 asyscall.o
                0x000000000040c0b7                int114
 .text          0x000000000040c0c6      0xaa9 console.o
                0x000000000040c0c6                console
                0x000000000040c36e                cmd_version
                0x000000000040c3d1                cmd_time
                0x000000000040c434                cmd_shutdown
                0x000000000040c48e                cmd_rename
                0x000000000040c4f1                cmd_reboot
                0x000000000040c54b                cmd_new
                0x000000000040c5ae                cmd_mov
                0x000000000040c611                cmd_info
                0x000000000040c6ef                cmd_help
                0x000000000040c860                cmd_exit
                0x000000000040c8c3                cmd_echo
                0x000000000040c926                cmd_dir
                0x000000000040c989                cmd_del
                0x000000000040c9ec                cmd_date
                0x000000000040ca4f                cmd_copy
                0x000000000040cab2                cmd_clear
                0x000000000040cb0c                cmd_cd
 .text          0x000000000040cb6f      0x59b exit.o
                0x000000000040cb6f                user_free
                0x000000000040cc23                exit
 .text          0x000000000040d10a      0x1c7 sse.o
                0x000000000040d10a                fpu_cw
                0x000000000040d13a                sse_cr
                0x000000000040d16e                sse_cw
                0x000000000040d19c                fpu_save
                0x000000000040d1cb                fpu_restore
                0x000000000040d1fa                setup_sse
 .text          0x000000000040d2d1      0xcfb pci.o
                0x000000000040d2d1                read_pci_config_addr
                0x000000000040d34b                write_pci_config_addr
                0x000000000040d3c5                pci_read_config_dword
                0x000000000040d43f                pci_write_config_dword
                0x000000000040d4b9                pci_read_config_word
                0x000000000040d559                pci_write_config_word
                0x000000000040d622                pci_read_config_byte
                0x000000000040d6c2                pci_write_config_byte
                0x000000000040d78a                pci_get_info
                0x000000000040da38                pci_scan_bcc
                0x000000000040db1b                pci_scan_class
                0x000000000040dc0c                pci_scan_class_subclass
                0x000000000040dd14                pci_scan_bcc_scc
                0x000000000040de12                pci_scan_bcc_scc_prog
                0x000000000040df21                pci_scan_vendor
                0x000000000040df52                pci_check_vendor
                0x000000000040df8c                pci_size
 .text          0x000000000040dfcc     0x1014 i965.o
                0x000000000040dfcc                i965_pci_init
                0x000000000040e17b                setup_i965
                0x000000000040e6a2                timings
                0x000000000040e940                disable_dac
                0x000000000040e9bd                enable_dac
                0x000000000040ea3a                disable_plane
                0x000000000040eab9                enable_plane
                0x000000000040eb38                disable_pipe
                0x000000000040ebb7                enable_pipe
                0x000000000040ec36                disable_dpll
                0x000000000040ec61                enable_dpll
                0x000000000040eca0                disable_legacy_vga_emul
                0x000000000040ed68                gmbus_reset
                0x000000000040ed93                gmbus_stoptransaction
                0x000000000040edd2                gmbus_wait
                0x000000000040ee18                gmbus_read
                0x000000000040efaf                gmbus_write
 .text          0x000000000040efe0      0x26f cursor.o
                0x000000000040efe0                DrawMouse
                0x000000000040f0ca                setup_cursor
                0x000000000040f1d6                update_graphic_cursor
 .text          0x000000000040f24f      0xa96 acpi.o
                0x000000000040f5d8                acpi_probe
                0x000000000040f6ae                acpi_enable
                0x000000000040f904                setup_acpi
                0x000000000040fba4                poweroff
                0x000000000040fc2a                reboot
 .text          0x000000000040fce5      0x21c hpet.o
                0x000000000040fe2d                setup_hpet
                0x000000000040fe8f                hpet_sleep
 .text          0x000000000040ff01       0xf9 lpc.o
                0x000000000040ff35                setup_lpc
 .text          0x000000000040fffa      0x1de pit.o
                0x000000000041008e                pit_set_frequencia
                0x00000000004100ec                pit_enable
                0x0000000000410183                timer_wait
 .text          0x00000000004101d8      0x1b3 ps2.o
                0x00000000004101d8                kbdc_wait
                0x0000000000410277                kbdc_set_cmd
                0x0000000000410309                kbdc_wait_ack
 .text          0x000000000041038b      0x94a mouse.o
                0x000000000041038b                mouse_write
                0x0000000000410404                mouse_read
                0x0000000000410458                MOUSE_BAT_TEST
                0x00000000004104cd                mouse_handler
                0x00000000004108aa                mouse_install
 .text          0x0000000000410cd5      0x961 keyboard.o
                0x0000000000410cd5                keyboard_read
                0x0000000000410d29                keyboard_write
                0x0000000000410d7e                KEYBOARD_BAT_TEST
                0x0000000000410df3                keyboard_handler
                0x000000000041146b                kbd_wait_irq_ack
                0x000000000041152b                keyboard_install
 .text          0x0000000000411636     0x19af ahci.o
                0x0000000000411636                ahci_initialize
                0x0000000000412cbd                sata_read_sector
                0x0000000000412e51                sata_write_sector
 .text          0x0000000000412fe5     0x161a ide.o
                0x0000000000412fe5                ata_wait
                0x00000000004130c7                ata_status_read
                0x0000000000413122                ata_wait_not_busy
                0x0000000000413199                ata_wait_busy
                0x0000000000413210                ata_wait_no_drq
                0x0000000000413285                ata_wait_drq
                0x00000000004132fa                ata_cmd_write
                0x0000000000413380                ata_soft_reset
                0x0000000000413432                ata_pio_read
                0x0000000000413497                ata_pio_write
                0x00000000004134fc                ata_bus_install
                0x00000000004138d3                ata_identify_device
                0x00000000004141a2                ata_read_sector
                0x000000000041439e                ata_write_sector
 .text          0x00000000004145ff      0xe04 storage.o
                0x0000000000414c47                ata_initialize
                0x00000000004151d7                read_sector
                0x00000000004152ed                write_sector
 .text          0x0000000000415403      0x680 rtc.o
                0x0000000000415403                disable_NMI
                0x000000000041544a                enable_NMI
                0x00000000004154d6                rtc_setup
                0x0000000000415611                rtc_handler
                0x00000000004157f1                swait_init
                0x0000000000415979                swait
 .text          0x0000000000415a83     0x20ee hda.o
                0x0000000000415a83                hda_wait
                0x0000000000415ad2                hda_outb
                0x0000000000415b23                hda_outw
                0x0000000000415b76                hda_outl
                0x0000000000415bc4                hda_inb
                0x0000000000415c0c                hda_inw
                0x0000000000415c54                hda_inl
                0x0000000000415c9b                corb_write_command
                0x0000000000415e42                hda_reset
                0x0000000000415f0e                setup_hda
                0x0000000000417190                hda_response
                0x00000000004171d0                hda_send_verb
                0x0000000000417522                hda_ic_verbe
                0x0000000000417664                hda_set_output_node
                0x00000000004178f9                hda_play_sound
                0x0000000000417ad6                hda_volume
 .text          0x0000000000417b71      0x129 speaker.o
                0x0000000000417b71                turn_speaker_on
                0x0000000000417bb0                turn_speaker_off
                0x0000000000417bf1                set_speaker_frequence
                0x0000000000417c41                play_speaker
 .text          0x0000000000417c9a     0x12c6 e1000.o
                0x0000000000417c9a                e1000_read_command
                0x0000000000417cdd                e1000_write_command
                0x0000000000417d2a                e1000_is_eeprom
                0x0000000000417d9f                e1000_enable_int
                0x0000000000417e36                e1000_link_up
                0x0000000000417ec1                irq_e1000
                0x000000000041809e                init_e1000
                0x0000000000418a4e                e1000_send_package
                0x0000000000418c16                e1000_recieve_package
 .text          0x0000000000418f60     0x153e ethernet.o
                0x0000000000418ff2                get_default_ethernet_device
                0x0000000000419058                ethernet_set_link_status
                0x0000000000419097                ethernet_set_interrupt_status
                0x00000000004190d6                register_ethernet_device
                0x0000000000419178                get_ethernet_package
                0x00000000004191ed                send_ethernet_package
                0x0000000000419295                handler_ethernet_package_received
                0x0000000000419a55                int_ethernet_device
                0x0000000000419c7d                fillMac
                0x0000000000419cdf                fillIP
                0x0000000000419d41                initialise_ethernet
 .text          0x000000000041a49e     0x1301 arp.o
                0x000000000041a4dd                init_arp
                0x000000000041a5a9                arp_save_address
                0x000000000041ab7d                get_hardwere_ethernet
                0x000000000041ac4a                arp_request
                0x000000000041ae94                arp_replay
                0x000000000041b0d1                arp_replay2
                0x000000000041b308                arp_hexdump
 .text          0x000000000041b79f      0x3c7 udp.o
                0x000000000041b7de                udp_send
                0x000000000041b941                udp_receive
 .text          0x000000000041bb66      0x305 ipv4.o
                0x000000000041bba5                ipv4_send
 .text          0x000000000041be6b      0x745 dhcp.o
                0x000000000041befd                dhcp_send
                0x000000000041c315                dhcp_parse_options
 .text          0x000000000041c5b0      0xa85 tcp.o
                0x000000000041c642                init_tcp
                0x000000000041c6e0                tcp_send
                0x000000000041ca40                tcp_connect
                0x000000000041cba4                tcp_ack
                0x000000000041ce3c                tcp_send_payload
                0x000000000041cf84                tcp_finish
 .text          0x000000000041d035      0x134 checksum.o
                0x000000000041d074                net_checksum
 .text          0x000000000041d169     0x1ef6 rtl8169.o
                0x000000000041d169                re_read_command
                0x000000000041d1ac                re_write_command
                0x000000000041d1f9                re_read_command_word
                0x000000000041d23d                re_write_command_word
                0x000000000041d28f                re_read_command_byte
                0x000000000041d2d3                re_write_command_byte
                0x000000000041d325                re_probe
                0x000000000041e4a8                setup_realtek
                0x000000000041eda1                re_handle
 .text          0x000000000041f05f     0x1019 pcnet.o
                0x000000000041f177                pcnetWriteBCR
                0x000000000041f610                setup_pcnet
                0x000000000041fca6                pcnet_send_package
                0x000000000041fe18                pcnet_recieve_package
 .text          0x0000000000420078      0x9c6 vmnet.o
                0x0000000000420225                setup_vmnet
                0x00000000004202ae                handler_vmnet
                0x00000000004204de                vmnet_send_package
                0x00000000004207f6                vmipv4_send
                0x00000000004208dd                vmnet_udp_send
 .text          0x0000000000420a3e      0x291 port.o
                0x0000000000420a3e                ethernet_port_setup
                0x0000000000420af1                get_port
                0x0000000000420bb3                set_port
                0x0000000000420c50                clean_port
 .text          0x0000000000420ccf      0x336 bga.o
                0x0000000000420ccf                bga_write_register
                0x0000000000420d18                bga_read_register
                0x0000000000420d60                bga_is_available
                0x0000000000420da1                bga_set_video_mode
                0x0000000000420e8f                bga_set_bank
                0x0000000000420ed7                setup_bga
 .text          0x0000000000421005      0x1f9 video.o
                0x0000000000421005                initialize_graphic_adapter
 .text          0x00000000004211fe      0x880 gui.o
                0x00000000004211fe                initialize_gui
                0x0000000000421357                update_gui
                0x00000000004214af                put_pixel
                0x0000000000421522                put_pixel_buff
                0x00000000004215c1                refresh_rate
                0x0000000000421666                clears_creen
                0x000000000042171e                draw_char_transparent
                0x0000000000421828                glyph
 .text          0x0000000000421a7e      0xd1e compositor.o
                0x0000000000421b6f                window_add
                0x0000000000421d2b                window_remove
                0x0000000000421ed1                window_foco
                0x0000000000422008                paint_desktop
                0x00000000004223e7                paint_cursor
                0x0000000000422578                compose
 .text          0x000000000042279c      0x750 window_server.o
                0x000000000042279c                window_server
                0x0000000000422a6f                put_pixel_sirius
                0x0000000000422b08                drawchar
                0x0000000000422c56                window_putchar
 .text          0x0000000000422eec        0x0 font8x16.o
 .text          0x0000000000422eec      0x481 std.o
                0x0000000000422eec                std_open_file
                0x000000000042309b                std_file_close
                0x000000000042310a                std_putc
                0x000000000042321b                std_getc
 .text          0x000000000042336d      0xaaa cfs.o
                0x000000000042336d                filename_cmp
                0x0000000000423454                read_super_block
                0x00000000004234bd                read_directory_entry
                0x0000000000423648                open_file_r
                0x00000000004239c9                open_file
                0x0000000000423c30                file_close
                0x0000000000423d39                file_read_block
 .text          0x0000000000423e17      0x2dd pipe.o
                0x0000000000423e17                pipe_open_file
                0x0000000000423f03                pipe_write
                0x0000000000423fff                pipe_read
 .text          0x00000000004240f4      0xfc3 socket.o
                0x0000000000424133                init_socket
                0x00000000004243b3                socket_address
                0x0000000000424415                socket
                0x0000000000424594                socket_server_transmit
                0x0000000000424c57                socket_execute_row
                0x0000000000424f17                socket_server_receive
 .text          0x00000000004250b7      0x2b2 elf.o
                0x00000000004250b7                load_elf64_header
                0x000000000042528a                load_elf64_segment
 .text          0x0000000000425369      0x224 bind.o
                0x00000000004253a8                bind
 .text          0x000000000042558d       0x5d inet.o
                0x000000000042558d                inet_addr
 .text          0x00000000004255ea      0x169 recvfrom.o
                0x00000000004255ea                recvfrom
 .text          0x0000000000425753      0x13b sendto.o
                0x0000000000425753                sendto
 .text          0x000000000042588e      0x2b3 string.o
                0x000000000042588e                memset
                0x00000000004258f3                memcpy
                0x000000000042596a                strcpy
                0x00000000004259e5                strlen
                0x0000000000425a31                strcmp
                0x0000000000425acb                memcmp
 .text          0x0000000000425b41      0x4e4 vsprintf.o
                0x0000000000425bad                vsprintf
 .text          0x0000000000426025      0x818 stdio.o
                0x0000000000426025                putchar
                0x0000000000426085                puts
                0x0000000000426115                printf
                0x0000000000426242                fopen
                0x0000000000426363                fclose
                0x0000000000426407                rewind
                0x0000000000426470                fseek
                0x000000000042654e                ftell
                0x000000000042658f                fputc
                0x000000000042660d                fgetc
                0x0000000000426780                fread
 .text          0x000000000042683d      0x4fb stdlib.o
                0x000000000042683d                malloc
                0x00000000004268ac                free
                0x00000000004268f8                i2hex
                0x0000000000426b66                utoa
                0x0000000000426bf1                itoa
 .text          0x0000000000426d38      0x14a sse_memcpy.o
                0x0000000000426d38                sse_memcpy
 .text          0x0000000000426e82      0x140 panic.o
                0x0000000000426e82                kernel_panic
 .text          0x0000000000426fc2      0xa9d msi.o
                0x0000000000426fc2                msi_vector_install
                0x000000000042761c                default_mas
                0x000000000042767b                msi_function
                0x0000000000427731                apic_send_msi
                0x0000000000427a2c                apic_send_msix
                0x0000000000428000                . = ALIGN (0x1000)
 *fill*         0x0000000000427a5f      0x5a1 

.iplt           0x0000000000428000        0x0
 .iplt          0x0000000000428000        0x0 setup.o

.data           0x0000000000428000    0x16000
                0x0000000000428000                data = .
                0x0000000000428000                _data = .
                0x0000000000428000                __data = .
 *(.data)
 .data          0x0000000000428000        0x8 setup.o
                0x0000000000428000                _rsp0
 .data          0x0000000000428008        0x0 main.o
 .data          0x0000000000428008        0x0 io.o
 .data          0x0000000000428008        0x0 gdt.o
 .data          0x0000000000428008        0x0 tss.o
 .data          0x0000000000428008        0x0 idt.o
 *fill*         0x0000000000428008        0x8 
 .data          0x0000000000428010      0x600 vetor.o
                0x0000000000428010                SavedFloats
                0x0000000000428210                SavedFloats2
                0x0000000000428410                SavedFloats3
 .data          0x0000000000428610        0x0 exception.o
 .data          0x0000000000428610        0x0 data.o
 .data          0x0000000000428610        0x0 server.o
 .data          0x0000000000428610        0x0 smp.o
 .data          0x0000000000428610        0x0 delay.o
 .data          0x0000000000428610        0x0 paging.o
 .data          0x0000000000428610        0x0 mm.o
 .data          0x0000000000428610        0x0 cpuid.o
 .data          0x0000000000428610        0x0 msr.o
 .data          0x0000000000428610        0x0 lvt.o
 .data          0x0000000000428610        0x0 irq.o
 .data          0x0000000000428610        0x0 apic.o
 .data          0x0000000000428610        0x0 ioapic.o
 .data          0x0000000000428610        0x0 intr.o
 .data          0x0000000000428610        0x0 sleep.o
 .data          0x0000000000428610        0x0 thread.o
 .data          0x0000000000428610        0x0 exectve.o
 .data          0x0000000000428610        0x0 syscall.o
 .data          0x0000000000428610        0x0 console.o
 .data          0x0000000000428610        0x0 exit.o
 .data          0x0000000000428610        0x0 sse.o
 .data          0x0000000000428610        0x0 pci.o
 .data          0x0000000000428610        0x0 i965.o
 *fill*         0x0000000000428610       0x10 
 .data          0x0000000000428620      0x168 cursor.o
                0x0000000000428620                cursor18x18
 .data          0x0000000000428788        0x0 acpi.o
 .data          0x0000000000428788        0x0 hpet.o
 .data          0x0000000000428788        0x0 lpc.o
 .data          0x0000000000428788        0x0 pit.o
 .data          0x0000000000428788        0x0 ps2.o
 .data          0x0000000000428788        0x4 mouse.o
                0x0000000000428788                speed
 .data          0x000000000042878c        0x0 keyboard.o
 .data          0x000000000042878c        0x0 ahci.o
 .data          0x000000000042878c        0x0 ide.o
 .data          0x000000000042878c        0x0 storage.o
 .data          0x000000000042878c        0x0 rtc.o
 .data          0x000000000042878c        0x0 hda.o
 .data          0x000000000042878c        0x0 speaker.o
 .data          0x000000000042878c        0x0 e1000.o
 .data          0x000000000042878c        0x0 ethernet.o
 .data          0x000000000042878c        0x0 arp.o
 .data          0x000000000042878c        0x0 udp.o
 .data          0x000000000042878c        0x0 ipv4.o
 .data          0x000000000042878c        0x0 dhcp.o
 .data          0x000000000042878c        0x0 tcp.o
 .data          0x000000000042878c        0x0 checksum.o
 .data          0x000000000042878c        0x0 rtl8169.o
 .data          0x000000000042878c        0x0 pcnet.o
 .data          0x000000000042878c        0x0 vmnet.o
 .data          0x000000000042878c        0x0 port.o
 .data          0x000000000042878c        0x0 bga.o
 .data          0x000000000042878c        0x0 video.o
 .data          0x000000000042878c        0x0 gui.o
 .data          0x000000000042878c        0x0 compositor.o
 .data          0x000000000042878c        0x0 window_server.o
 *fill*         0x000000000042878c       0x14 
 .data          0x00000000004287a0     0x1000 font8x16.o
                0x00000000004287a0                font8x16
 .data          0x00000000004297a0        0x0 std.o
 .data          0x00000000004297a0        0x0 cfs.o
 .data          0x00000000004297a0        0x0 pipe.o
 .data          0x00000000004297a0        0x0 socket.o
 .data          0x00000000004297a0        0x0 elf.o
 .data          0x00000000004297a0        0x0 bind.o
 .data          0x00000000004297a0        0x0 inet.o
 .data          0x00000000004297a0        0x0 recvfrom.o
 .data          0x00000000004297a0        0x0 sendto.o
 .data          0x00000000004297a0        0x0 string.o
 .data          0x00000000004297a0        0x0 vsprintf.o
 .data          0x00000000004297a0        0x0 stdio.o
 .data          0x00000000004297a0        0x0 stdlib.o
 .data          0x00000000004297a0        0x0 sse_memcpy.o
 .data          0x00000000004297a0        0x0 panic.o
 .data          0x00000000004297a0        0x0 msi.o
 *(.rodata)
 .rodata        0x00000000004297a0      0x213 main.o
 .rodata        0x00000000004299b3        0xa idt.o
 *fill*         0x00000000004299bd        0x3 
 .rodata        0x00000000004299c0      0x416 exception.o
 *fill*         0x0000000000429dd6        0x2 
 .rodata        0x0000000000429dd8       0x38 server.o
 .rodata        0x0000000000429e10       0xf8 smp.o
 .rodata        0x0000000000429f08       0x5d mm.o
 *fill*         0x0000000000429f65        0x3 
 .rodata        0x0000000000429f68      0x130 lvt.o
 .rodata        0x000000000042a098       0x1c irq.o
 .rodata        0x000000000042a0b4       0x19 apic.o
 .rodata        0x000000000042a0cd        0xa intr.o
 .rodata        0x000000000042a0d7       0x19 thread.o
 .rodata        0x000000000042a0f0       0x48 syscall.o
 .rodata        0x000000000042a138      0x215 console.o
 .rodata        0x000000000042a34d       0x2e sse.o
 *fill*         0x000000000042a37b        0x5 
 .rodata        0x000000000042a380     0x15ff pci.o
 *fill*         0x000000000042b97f        0x1 
 .rodata        0x000000000042b980       0x3d i965.o
 *fill*         0x000000000042b9bd        0x3 
 .rodata        0x000000000042b9c0       0xc7 acpi.o
 .rodata        0x000000000042ba87       0x14 hpet.o
 *fill*         0x000000000042ba9b        0x5 
 .rodata        0x000000000042baa0       0x31 lpc.o
 .rodata        0x000000000042bad1       0x1d mouse.o
 *fill*         0x000000000042baee       0x12 
 .rodata        0x000000000042bb00      0x253 keyboard.o
                0x000000000042bb00                ascii_minusculas
                0x000000000042bc00                ascii_maiusculas
 *fill*         0x000000000042bd53      0x2ad 
 .rodata        0x000000000042c000    0x108cf ahci.o
 *fill*         0x000000000043c8cf        0x1 
 .rodata        0x000000000043c8d0       0xb1 ide.o
 *fill*         0x000000000043c981        0x7 
 .rodata        0x000000000043c988      0x139 storage.o
 .rodata        0x000000000043cac1       0x12 rtc.o
 *fill*         0x000000000043cad3        0x5 
 .rodata        0x000000000043cad8      0x342 hda.o
 *fill*         0x000000000043ce1a        0x6 
 .rodata        0x000000000043ce20      0x223 e1000.o
 *fill*         0x000000000043d043        0x5 
 .rodata        0x000000000043d048      0x1f1 ethernet.o
 *fill*         0x000000000043d239        0x7 
 .rodata        0x000000000043d240      0x1b1 arp.o
 .rodata        0x000000000043d3f1       0x15 ipv4.o
 .rodata        0x000000000043d406       0xa5 dhcp.o
 *fill*         0x000000000043d4ab        0x5 
 .rodata        0x000000000043d4b0      0x1f3 rtl8169.o
 *fill*         0x000000000043d6a3        0x5 
 .rodata        0x000000000043d6a8      0x1ae pcnet.o
 *fill*         0x000000000043d856        0x2 
 .rodata        0x000000000043d858       0x74 vmnet.o
 *fill*         0x000000000043d8cc        0x4 
 .rodata        0x000000000043d8d0       0x71 video.o
 .rodata        0x000000000043d941       0x14 std.o
 *fill*         0x000000000043d955        0x3 
 .rodata        0x000000000043d958       0xad elf.o
 *fill*         0x000000000043da05        0x3 
 .rodata        0x000000000043da08      0x110 vsprintf.o
 .rodata        0x000000000043db18        0x9 stdio.o
 .rodata        0x000000000043db21        0xf panic.o
 .rodata        0x000000000043db30       0x2b msi.o
                0x000000000043e000                . = ALIGN (0x1000)
 *fill*         0x000000000043db5b      0x4a5 

.got            0x000000000043e000      0x540
 .got           0x000000000043e000      0x540 setup.o

.got.plt        0x000000000043e540       0x18
 .got.plt       0x000000000043e540       0x18 setup.o
                0x000000000043e540                _GLOBAL_OFFSET_TABLE_

.igot.plt       0x000000000043e558        0x0
 .igot.plt      0x000000000043e558        0x0 setup.o

.data.rel.local
                0x000000000043e560     0x1dc0
 .data.rel.local
                0x000000000043e560      0x100 exception.o
                0x000000000043e560                exception_mensagem
 .data.rel.local
                0x000000000043e660       0xc0 irq.o
                0x000000000043e660                fnvetors_handler
 .data.rel.local
                0x000000000043e720       0x98 syscall.o
                0x000000000043e720                fnvetors_syscall
 *fill*         0x000000000043e7b8        0x8 
 .data.rel.local
                0x000000000043e7c0      0x1b0 console.o
                0x000000000043e7c0                cmd_table
 *fill*         0x000000000043e970       0x10 
 .data.rel.local
                0x000000000043e980     0x1400 pci.o
                0x000000000043e980                pci_classes
                0x000000000043f180                pci_class_names
 .data.rel.local
                0x000000000043fd80       0x20 mouse.o
                0x000000000043fd80                id_mouse_strings
 .data.rel.local
                0x000000000043fda0       0x38 ahci.o
                0x000000000043fda0                ahci_type
 *fill*         0x000000000043fdd8        0x8 
 .data.rel.local
                0x000000000043fde0       0x48 dhcp.o
                0x000000000043fde0                string_dhcp_message
 *fill*         0x000000000043fe28       0x18 
 .data.rel.local
                0x000000000043fe40      0x3d0 rtl8169.o
 *fill*         0x0000000000440210       0x10 
 .data.rel.local
                0x0000000000440220      0x100 msi.o

.bss            0x0000000000440320    0x27ce0
                0x0000000000440320                bss = .
                0x0000000000440320                _bss = .
                0x0000000000440320                __bss = .
 *(.bss)
 .bss           0x0000000000440320    0x20000 setup.o
 .bss           0x0000000000460320        0x0 main.o
 .bss           0x0000000000460320        0x0 io.o
 .bss           0x0000000000460320        0x0 gdt.o
 .bss           0x0000000000460320        0x0 tss.o
 .bss           0x0000000000460320        0x0 idt.o
 .bss           0x0000000000460320        0x0 exception.o
 .bss           0x0000000000460320        0x0 data.o
 .bss           0x0000000000460320        0x0 server.o
 .bss           0x0000000000460320        0x0 smp.o
 .bss           0x0000000000460320        0x0 delay.o
 .bss           0x0000000000460320       0x20 paging.o
                0x0000000000460320                pml4e
                0x0000000000460328                pdpte
                0x0000000000460330                pae_pde
                0x0000000000460338                pae_pte
 .bss           0x0000000000460340        0x0 mm.o
 .bss           0x0000000000460340        0x0 cpuid.o
 .bss           0x0000000000460340        0x0 msr.o
 .bss           0x0000000000460340        0x0 lvt.o
 .bss           0x0000000000460340        0x0 irq.o
 .bss           0x0000000000460340        0x0 apic.o
 .bss           0x0000000000460340        0x0 ioapic.o
 .bss           0x0000000000460340        0x0 intr.o
 .bss           0x0000000000460340        0x0 sleep.o
 .bss           0x0000000000460340        0x0 thread.o
 .bss           0x0000000000460340        0x0 exectve.o
 .bss           0x0000000000460340        0x0 syscall.o
 .bss           0x0000000000460340        0x8 console.o
                0x0000000000460340                call_loader
 .bss           0x0000000000460348        0x0 exit.o
 .bss           0x0000000000460348        0x0 sse.o
 .bss           0x0000000000460348        0x0 pci.o
 .bss           0x0000000000460348        0x0 i965.o
 .bss           0x0000000000460348        0x0 cursor.o
 .bss           0x0000000000460348        0x0 acpi.o
 *fill*         0x0000000000460348       0x18 
 .bss           0x0000000000460360      0x100 hpet.o
 .bss           0x0000000000460460        0x0 lpc.o
 .bss           0x0000000000460460        0x0 pit.o
 .bss           0x0000000000460460        0x0 ps2.o
 .bss           0x0000000000460460        0x4 mouse.o
                0x0000000000460460                mouse_position
 *fill*         0x0000000000460464        0x4 
 .bss           0x0000000000460468       0x18 keyboard.o
                0x0000000000460468                kbd_irq_ack
 .bss           0x0000000000460480        0x0 ahci.o
 .bss           0x0000000000460480        0x0 ide.o
 .bss           0x0000000000460480        0x8 storage.o
                0x0000000000460480                ata_pci
 .bss           0x0000000000460488        0x1 rtc.o
 .bss           0x0000000000460489        0x0 hda.o
 .bss           0x0000000000460489        0x0 speaker.o
 *fill*         0x0000000000460489        0x7 
 .bss           0x0000000000460490       0x10 e1000.o
 .bss           0x00000000004604a0        0x8 ethernet.o
                0x00000000004604a0                package_recieved_ack
 .bss           0x00000000004604a8        0x0 arp.o
 .bss           0x00000000004604a8        0x0 udp.o
 .bss           0x00000000004604a8        0x4 ipv4.o
                0x00000000004604a8                ipv4_count
 .bss           0x00000000004604ac        0x0 dhcp.o
 .bss           0x00000000004604ac        0x0 tcp.o
 .bss           0x00000000004604ac        0x0 checksum.o
 .bss           0x00000000004604ac        0x0 rtl8169.o
 .bss           0x00000000004604ac        0x4 pcnet.o
 .bss           0x00000000004604b0        0x4 vmnet.o
 .bss           0x00000000004604b4        0x0 port.o
 .bss           0x00000000004604b4        0x0 bga.o
 .bss           0x00000000004604b4        0x0 video.o
 .bss           0x00000000004604b4        0x0 gui.o
 .bss           0x00000000004604b4        0x0 compositor.o
 .bss           0x00000000004604b4        0x0 window_server.o
 .bss           0x00000000004604b4        0x0 font8x16.o
 .bss           0x00000000004604b4        0x0 std.o
 .bss           0x00000000004604b4        0x0 cfs.o
 .bss           0x00000000004604b4        0x0 pipe.o
 .bss           0x00000000004604b4        0x2 socket.o
 .bss           0x00000000004604b6        0x0 elf.o
 .bss           0x00000000004604b6        0x0 bind.o
 .bss           0x00000000004604b6        0x0 inet.o
 .bss           0x00000000004604b6        0x0 recvfrom.o
 .bss           0x00000000004604b6        0x0 sendto.o
 .bss           0x00000000004604b6        0x0 string.o
 .bss           0x00000000004604b6        0x0 vsprintf.o
 .bss           0x00000000004604b6        0x0 stdio.o
 .bss           0x00000000004604b6        0x0 stdlib.o
 .bss           0x00000000004604b6        0x0 sse_memcpy.o
 .bss           0x00000000004604b6        0x0 panic.o
 .bss           0x00000000004604b6        0x0 msi.o
 *(COMMON)
 *fill*         0x00000000004604b6        0x2 
 COMMON         0x00000000004604b8       0x40 main.o
                0x00000000004604b8                mult_task
                0x00000000004604bc                ATA_BAR1
                0x00000000004604c0                ATA_BAR4
                0x00000000004604c8                user
                0x00000000004604d0                CPUID_REQUEST
                0x00000000004604d4                launcher
                0x00000000004604d8                ATA_BAR0
                0x00000000004604dc                ATA_BAR3
                0x00000000004604e0                no
                0x00000000004604e8                syspwd
                0x00000000004604f0                ATA_BAR2
                0x00000000004604f4                ATA_BAR5
 *fill*         0x00000000004604f8        0x8 
 COMMON         0x0000000000460500      0x120 gdt.o
                0x0000000000460500                gdtr
                0x0000000000460520                gdt
 COMMON         0x0000000000460620       0x68 tss.o
                0x0000000000460620                tss
 *fill*         0x0000000000460688       0x18 
 COMMON         0x00000000004606a0     0x100a idt.o
                0x00000000004606a0                idt
                0x00000000004616a0                idtr
 *fill*         0x00000000004616aa        0x6 
 COMMON         0x00000000004616b0       0x25 data.o
                0x00000000004616b0                interrupt_status
                0x00000000004616b8                kernelmouse
                0x00000000004616c0                dv_uid
                0x00000000004616c8                pipe_launcher
                0x00000000004616d0                tmpnam
                0x00000000004616d4                dv_num
 *fill*         0x00000000004616d5        0xb 
 COMMON         0x00000000004616e0       0x50 server.o
                0x00000000004616e0                thread_id
                0x0000000000461700                server_id
 *fill*         0x0000000000461730       0x10 
 COMMON         0x0000000000461740      0x112 smp.o
                0x0000000000461740                core
 *fill*         0x0000000000461852        0x6 
 COMMON         0x0000000000461858       0x38 mm.o
                0x0000000000461858                PAGE_BITMAP
                0x0000000000461860                alloc_pte
                0x0000000000461868                alloc_pde
                0x0000000000461870                RAM_BITMAP
                0x0000000000461878                alloc_spin_lock
                0x0000000000461880                device_pde
                0x0000000000461888                g_mm_mp_index
 COMMON         0x0000000000461890       0x10 apic.o
                0x0000000000461890                localId
                0x0000000000461898                lapicbase
 COMMON         0x00000000004618a0       0xc8 ioapic.o
                0x00000000004618a0                ioapic_redir_table
                0x0000000000461960                ioapic_base
 COMMON         0x0000000000461968      0x1f0 thread.o
                0x0000000000461968                context2_r15
                0x0000000000461970                context2_rsp0
                0x0000000000461978                context2_r12
                0x0000000000461980                context2_gs
                0x0000000000461988                context_rcx
                0x0000000000461990                context2_ds
                0x0000000000461998                context_r12
                0x00000000004619a0                context_rax
                0x00000000004619a8                context_ds
                0x00000000004619b0                context2_ss
                0x00000000004619b8                current_thread
                0x00000000004619c0                context2_cs
                0x00000000004619c8                current_thread2
                0x00000000004619d0                context2_pid
                0x00000000004619d8                context_rsi
                0x00000000004619e0                context2_r13
                0x00000000004619e8                context2_rbp
                0x00000000004619f0                context_r9
                0x00000000004619f8                context_rdx
                0x0000000000461a00                context_rflag
                0x0000000000461a08                current_thread1
                0x0000000000461a10                context_fxsave
                0x0000000000461a18                context2_rdx
                0x0000000000461a20                context_cs
                0x0000000000461a28                context_rsp0
                0x0000000000461a30                context2_es
                0x0000000000461a38                thread_ready_queue
                0x0000000000461a40                context_cr3
                0x0000000000461a48                context_rsp
                0x0000000000461a50                context_fs
                0x0000000000461a58                context2_rax
                0x0000000000461a60                context_rbp
                0x0000000000461a68                context_r8
                0x0000000000461a70                context2_rcx
                0x0000000000461a78                context_r15
                0x0000000000461a80                context2_rflag
                0x0000000000461a88                context_ss
                0x0000000000461a90                context2_r14
                0x0000000000461a98                context2_fs
                0x0000000000461aa0                context2_rbx
                0x0000000000461aa8                context2_r11
                0x0000000000461ab0                context2_cr3
                0x0000000000461ab8                next_pid
                0x0000000000461ac0                context_gs
                0x0000000000461ac8                context_r11
                0x0000000000461ad0                context2_r9
                0x0000000000461ad8                first_thread2
                0x0000000000461ae0                context2_r10
                0x0000000000461ae8                context2_rip
                0x0000000000461af0                context2_fxsave
                0x0000000000461af8                context2_rsp
                0x0000000000461b00                context_r13
                0x0000000000461b08                context_r10
                0x0000000000461b10                context_rip
                0x0000000000461b18                context_pid
                0x0000000000461b20                context_rbx
                0x0000000000461b28                context_r14
                0x0000000000461b30                context2_r8
                0x0000000000461b38                context2_rsi
                0x0000000000461b40                context_rdi
                0x0000000000461b48                context2_rdi
                0x0000000000461b50                context_es
 COMMON         0x0000000000461b58        0x8 syscall.o
                0x0000000000461b58                ret
 COMMON         0x0000000000461b60       0x78 i965.o
                0x0000000000461b60                fb
                0x0000000000461b80                mode
                0x0000000000461ba0                gtt
 COMMON         0x0000000000461bd8       0x50 acpi.o
                0x0000000000461bd8                fadt
                0x0000000000461be0                acpi_physical_init
                0x0000000000461be8                SLP_TYPa
                0x0000000000461bf0                hpet
                0x0000000000461bf8                xsdt
                0x0000000000461c00                rsdt
                0x0000000000461c08                dsdt
                0x0000000000461c10                SLP_TYPb
                0x0000000000461c18                acpi_virtual_addr
                0x0000000000461c20                rsdp
 COMMON         0x0000000000461c28       0x10 hpet.o
                0x0000000000461c28                hpet_register
                0x0000000000461c30                period
 COMMON         0x0000000000461c38       0x10 pit.o
                0x0000000000461c38                eticks
                0x0000000000461c40                timer_ticks
 COMMON         0x0000000000461c48       0x24 mouse.o
                0x0000000000461c48                mouse_x
                0x0000000000461c4c                count_mouse
                0x0000000000461c50                mouse2
                0x0000000000461c58                first_time
                0x0000000000461c5c                buttons
                0x0000000000461c60                mouse
                0x0000000000461c68                mouse_y
 COMMON         0x0000000000461c6c        0x4 keyboard.o
                0x0000000000461c6c                key_buffer
                0x0000000000461c6e                led_status
                0x0000000000461c6f                keyboard_charset
 *fill*         0x0000000000461c70       0x10 
 COMMON         0x0000000000461c80      0x220 ahci.o
                0x0000000000461c80                dmavirt
                0x0000000000461c88                dmaphy
                0x0000000000461c90                HBA_BASE
                0x0000000000461c98                hba_mem_space
                0x0000000000461ca0                sata_idtfy
 COMMON         0x0000000000461ea0        0x8 ide.o
                0x0000000000461ea0                ata_record_channel
                0x0000000000461ea4                ata_record_dev
 *fill*         0x0000000000461ea8       0x18 
 COMMON         0x0000000000461ec0      0x800 storage.o
                0x0000000000461ec0                ata
 COMMON         0x00000000004626c0        0x8 rtc.o
                0x00000000004626c0                clock
 *fill*         0x00000000004626c8       0x18 
 COMMON         0x00000000004626e0       0xd4 hda.o
                0x00000000004626e0                corb_pointer
                0x00000000004626e4                HDBARL
                0x00000000004626e8                hda_base
                0x00000000004626f0                HDA_MEM_SIZE
                0x00000000004626f4                beep_node
                0x0000000000462700                hda_widget
                0x0000000000462780                output_node
                0x0000000000462788                HDA_STREAM_MEMORY
                0x0000000000462790                RIRB_MEMORY
                0x0000000000462798                HDA_MEM
                0x00000000004627a0                CORB_MEMORY
                0x00000000004627a8                hda_max_volume
                0x00000000004627ac                HDBARU
                0x00000000004627b0                input_node
 *fill*         0x00000000004627b4        0xc 
 COMMON         0x00000000004627c0      0x180 e1000.o
                0x00000000004627c0                tx_descs
                0x0000000000462800                rx_memory
                0x0000000000462820                rx_descs
                0x0000000000462920                tx_memory
 COMMON         0x0000000000462940      0x2e4 ethernet.o
                0x0000000000462940                our_ip
                0x0000000000462944                local_ip
                0x0000000000462948                router_ip
                0x0000000000462960                packege_desc_buffer
                0x0000000000462be0                default_ethernet_device
                0x0000000000462c01                dns_ip
                0x0000000000462c05                dhcp_ip
                0x0000000000462c10                default_ethernet_package_descriptor
 *fill*         0x0000000000462c24       0x1c 
 COMMON         0x0000000000462c40     0x2800 arp.o
                0x0000000000462c40                arp_cache
 COMMON         0x0000000000465440        0x8 ipv4.o
                0x0000000000465440                ipv4_cache
 COMMON         0x0000000000465448        0x8 tcp.o
                0x0000000000465448                queue_conn
 *fill*         0x0000000000465450       0x10 
 COMMON         0x0000000000465460     0x1068 rtl8169.o
                0x0000000000465460                re_soft
                0x00000000004664c0                re_base_addr
 *fill*         0x00000000004664c8       0x18 
 COMMON         0x00000000004664e0      0x1d0 pcnet.o
                0x00000000004664e0                pcnet_block
                0x0000000000466500                pcnet_softc
 *fill*         0x00000000004666b0       0x10 
 COMMON         0x00000000004666c0      0x800 vmnet.o
                0x00000000004666c0                rx_desc
 COMMON         0x0000000000466ec0        0x8 port.o
                0x0000000000466ec0                port_bitmap
 *fill*         0x0000000000466ec8       0x18 
 COMMON         0x0000000000466ee0       0x68 gui.o
                0x0000000000466ee0                gui
 COMMON         0x0000000000466f48       0x38 compositor.o
                0x0000000000466f48                rf
                0x0000000000466f50                window_count
                0x0000000000466f58                screan_spin_lock
                0x0000000000466f60                paint
                0x0000000000466f68                gid
                0x0000000000466f70                paint_ready_queue
                0x0000000000466f78                paint_foco
 COMMON         0x0000000000466f80        0x4 window_server.o
                0x0000000000466f80                w_remove_spinlock
 *fill*         0x0000000000466f84        0x4 
 COMMON         0x0000000000466f88       0x30 std.o
                0x0000000000466f88                stdout
                0x0000000000466f90                _stderr
                0x0000000000466f98                _stdin
                0x0000000000466fa0                stdin
                0x0000000000466fa8                _stdout
                0x0000000000466fb0                stderr
 COMMON         0x0000000000466fb8        0x8 cfs.o
                0x0000000000466fb8                fs_directory
 COMMON         0x0000000000466fc0      0x4cc socket.o
                0x0000000000466fc0                current_saddr
                0x0000000000466fc8                row_cur
                0x0000000000466fe0                sockt_receive_row
                0x0000000000467480                saddr_ready_queue
                0x0000000000467488                socket_next_id
 COMMON         0x000000000046748c        0x4 stdio.o
                0x000000000046748c                VERBOSE
 COMMON         0x0000000000467490        0x4 msi.o
                0x0000000000467490                vector_msi
                0x0000000000468000                . = ALIGN (0x1000)
 *fill*         0x0000000000467494      0xb6c 

.eh_frame       0x0000000000468000     0x5000
                0x0000000000468000                eh_frame = .
 *(.eh_frame)
 .eh_frame      0x0000000000468000       0xa8 main.o
 .eh_frame      0x00000000004680a8       0x20 io.o
                                         0x38 (size before relaxing)
 .eh_frame      0x00000000004680c8       0x50 gdt.o
                                         0x68 (size before relaxing)
 .eh_frame      0x0000000000468118       0x48 tss.o
                                         0x60 (size before relaxing)
 .eh_frame      0x0000000000468160       0xd8 idt.o
                                         0xf0 (size before relaxing)
 .eh_frame      0x0000000000468238       0x50 exception.o
                                         0x68 (size before relaxing)
 .eh_frame      0x0000000000468288       0x68 server.o
                                         0x80 (size before relaxing)
 .eh_frame      0x00000000004682f0       0x70 smp.o
                                         0x88 (size before relaxing)
 .eh_frame      0x0000000000468360       0x40 delay.o
                                         0x58 (size before relaxing)
 .eh_frame      0x00000000004683a0       0xc0 paging.o
                                         0xd8 (size before relaxing)
 .eh_frame      0x0000000000468460      0x228 mm.o
                                        0x240 (size before relaxing)
 .eh_frame      0x0000000000468688       0x90 cpuid.o
                                         0xa8 (size before relaxing)
 .eh_frame      0x0000000000468718       0x40 msr.o
                                         0x58 (size before relaxing)
 .eh_frame      0x0000000000468758       0x88 lvt.o
                                         0xa0 (size before relaxing)
 .eh_frame      0x00000000004687e0       0x78 irq.o
                                         0x90 (size before relaxing)
 .eh_frame      0x0000000000468858      0x140 apic.o
                                        0x158 (size before relaxing)
 .eh_frame      0x0000000000468998      0x190 ioapic.o
                                        0x1a8 (size before relaxing)
 .eh_frame      0x0000000000468b28       0x50 intr.o
                                         0x68 (size before relaxing)
 .eh_frame      0x0000000000468b78       0x28 sleep.o
                                         0x40 (size before relaxing)
 .eh_frame      0x0000000000468ba0      0x138 thread.o
                                        0x150 (size before relaxing)
 .eh_frame      0x0000000000468cd8       0x58 exectve.o
                                         0x70 (size before relaxing)
 .eh_frame      0x0000000000468d30      0x300 syscall.o
                                        0x318 (size before relaxing)
 .eh_frame      0x0000000000469030      0x290 console.o
                                        0x2a8 (size before relaxing)
 .eh_frame      0x00000000004692c0       0x58 exit.o
                                         0x70 (size before relaxing)
 .eh_frame      0x0000000000469318       0xc8 sse.o
                                         0xe0 (size before relaxing)
 .eh_frame      0x00000000004693e0      0x238 pci.o
                                        0x250 (size before relaxing)
 .eh_frame      0x0000000000469618      0x240 i965.o
                                        0x258 (size before relaxing)
 .eh_frame      0x0000000000469858       0x68 cursor.o
                                         0x80 (size before relaxing)
 .eh_frame      0x00000000004698c0      0x148 acpi.o
                                        0x160 (size before relaxing)
 .eh_frame      0x0000000000469a08       0xa0 hpet.o
                                         0xb8 (size before relaxing)
 .eh_frame      0x0000000000469aa8       0x48 lpc.o
                                         0x60 (size before relaxing)
 .eh_frame      0x0000000000469af0       0x88 pit.o
                                         0xa0 (size before relaxing)
 .eh_frame      0x0000000000469b78       0x88 ps2.o
                                         0xa0 (size before relaxing)
 .eh_frame      0x0000000000469c00       0xf0 mouse.o
                                        0x108 (size before relaxing)
 .eh_frame      0x0000000000469cf0      0x128 keyboard.o
                                        0x140 (size before relaxing)
 .eh_frame      0x0000000000469e18      0x218 ahci.o
                                        0x230 (size before relaxing)
 .eh_frame      0x000000000046a030      0x248 ide.o
                                        0x260 (size before relaxing)
 .eh_frame      0x000000000046a278       0xb0 storage.o
                                         0xc8 (size before relaxing)
 .eh_frame      0x000000000046a328      0x100 rtc.o
                                        0x118 (size before relaxing)
 .eh_frame      0x000000000046a428      0x270 hda.o
                                        0x288 (size before relaxing)
 .eh_frame      0x000000000046a698       0x88 speaker.o
                                         0xa0 (size before relaxing)
 .eh_frame      0x000000000046a720      0x190 e1000.o
                                        0x1a8 (size before relaxing)
 .eh_frame      0x000000000046a8b0      0x1d8 ethernet.o
                                        0x1f0 (size before relaxing)
 .eh_frame      0x000000000046aa88      0x178 arp.o
                                        0x190 (size before relaxing)
 .eh_frame      0x000000000046ac00       0x78 udp.o
                                         0x90 (size before relaxing)
 .eh_frame      0x000000000046ac78       0x50 ipv4.o
                                         0x68 (size before relaxing)
 .eh_frame      0x000000000046acc8       0x98 dhcp.o
                                         0xb0 (size before relaxing)
 .eh_frame      0x000000000046ad60      0x120 tcp.o
                                        0x138 (size before relaxing)
 .eh_frame      0x000000000046ae80       0x40 checksum.o
                                         0x58 (size before relaxing)
 .eh_frame      0x000000000046aec0      0x2c8 rtl8169.o
                                        0x2e0 (size before relaxing)
 .eh_frame      0x000000000046b188      0x1a0 pcnet.o
                                        0x1b8 (size before relaxing)
 .eh_frame      0x000000000046b328      0x138 vmnet.o
                                        0x150 (size before relaxing)
 .eh_frame      0x000000000046b460       0x88 port.o
                                         0xa0 (size before relaxing)
 .eh_frame      0x000000000046b4e8       0xd0 bga.o
                                         0xe8 (size before relaxing)
 .eh_frame      0x000000000046b5b8       0x30 video.o
                                         0x48 (size before relaxing)
 .eh_frame      0x000000000046b5e8      0x128 gui.o
                                        0x140 (size before relaxing)
 .eh_frame      0x000000000046b710      0x110 compositor.o
                                        0x128 (size before relaxing)
 .eh_frame      0x000000000046b820       0x88 window_server.o
                                         0xa0 (size before relaxing)
 .eh_frame      0x000000000046b8a8       0x98 std.o
                                         0xb0 (size before relaxing)
 .eh_frame      0x000000000046b940      0x118 cfs.o
                                        0x130 (size before relaxing)
 .eh_frame      0x000000000046ba58       0x68 pipe.o
                                         0x80 (size before relaxing)
 .eh_frame      0x000000000046bac0      0x150 socket.o
                                        0x168 (size before relaxing)
 .eh_frame      0x000000000046bc10       0x48 elf.o
                                         0x60 (size before relaxing)
 .eh_frame      0x000000000046bc58       0x50 bind.o
                                         0x68 (size before relaxing)
 .eh_frame      0x000000000046bca8       0x20 inet.o
                                         0x38 (size before relaxing)
 .eh_frame      0x000000000046bcc8       0x30 recvfrom.o
                                         0x48 (size before relaxing)
 .eh_frame      0x000000000046bcf8       0x30 sendto.o
                                         0x48 (size before relaxing)
 .eh_frame      0x000000000046bd28       0xc0 string.o
                                         0xd8 (size before relaxing)
 .eh_frame      0x000000000046bde8       0x50 vsprintf.o
                                         0x68 (size before relaxing)
 .eh_frame      0x000000000046be38      0x198 stdio.o
                                        0x1b0 (size before relaxing)
 .eh_frame      0x000000000046bfd0       0xd8 stdlib.o
                                         0xf0 (size before relaxing)
 .eh_frame      0x000000000046c0a8       0x20 sse_memcpy.o
                                         0x38 (size before relaxing)
 .eh_frame      0x000000000046c0c8       0x20 panic.o
                                         0x38 (size before relaxing)
 .eh_frame      0x000000000046c0e8       0xc4 msi.o
                                         0xe0 (size before relaxing)
                0x000000000046d000                . = ALIGN (0x1000)
 *fill*         0x000000000046c1ac      0xe54 
                0x000000000046d000                end = .
                0x000000000046d000                _end = .
                0x000000000046d000                __end = .
LOAD setup.o
LOAD main.o
LOAD io.o
LOAD gdt.o
LOAD tss.o
LOAD idt.o
LOAD vetor.o
LOAD exception.o
LOAD data.o
LOAD server.o
LOAD smp.o
LOAD delay.o
LOAD paging.o
LOAD mm.o
LOAD cpuid.o
LOAD msr.o
LOAD lvt.o
LOAD irq.o
LOAD apic.o
LOAD ioapic.o
LOAD intr.o
LOAD sleep.o
LOAD thread.o
LOAD exectve.o
LOAD syscall.o
LOAD asyscall.o
LOAD console.o
LOAD exit.o
LOAD sse.o
LOAD pci.o
LOAD i965.o
LOAD cursor.o
LOAD acpi.o
LOAD hpet.o
LOAD lpc.o
LOAD pit.o
LOAD ps2.o
LOAD mouse.o
LOAD keyboard.o
LOAD ahci.o
LOAD ide.o
LOAD storage.o
LOAD rtc.o
LOAD hda.o
LOAD speaker.o
LOAD e1000.o
LOAD ethernet.o
LOAD arp.o
LOAD udp.o
LOAD ipv4.o
LOAD dhcp.o
LOAD tcp.o
LOAD checksum.o
LOAD rtl8169.o
LOAD pcnet.o
LOAD vmnet.o
LOAD port.o
LOAD bga.o
LOAD video.o
LOAD gui.o
LOAD compositor.o
LOAD window_server.o
LOAD font8x16.o
LOAD std.o
LOAD cfs.o
LOAD pipe.o
LOAD socket.o
LOAD elf.o
LOAD bind.o
LOAD inet.o
LOAD recvfrom.o
LOAD sendto.o
LOAD string.o
LOAD vsprintf.o
LOAD stdio.o
LOAD stdlib.o
LOAD sse_memcpy.o
LOAD panic.o
LOAD msi.o
OUTPUT(kernel.bin elf64-x86-64)

.rela.dyn       0x000000000046d000        0x0
 .rela.got      0x000000000046d000        0x0 setup.o
 .rela.iplt     0x000000000046d000        0x0 setup.o
 .rela.text     0x000000000046d000        0x0 setup.o

.comment        0x0000000000000000       0x2a
 .comment       0x0000000000000000       0x2a main.o
                                         0x2b (size before relaxing)
 .comment       0x000000000000002a       0x2b io.o
 .comment       0x000000000000002a       0x2b gdt.o
 .comment       0x000000000000002a       0x2b tss.o
 .comment       0x000000000000002a       0x2b idt.o
 .comment       0x000000000000002a       0x2b exception.o
 .comment       0x000000000000002a       0x2b data.o
 .comment       0x000000000000002a       0x2b server.o
 .comment       0x000000000000002a       0x2b smp.o
 .comment       0x000000000000002a       0x2b delay.o
 .comment       0x000000000000002a       0x2b paging.o
 .comment       0x000000000000002a       0x2b mm.o
 .comment       0x000000000000002a       0x2b cpuid.o
 .comment       0x000000000000002a       0x2b msr.o
 .comment       0x000000000000002a       0x2b lvt.o
 .comment       0x000000000000002a       0x2b irq.o
 .comment       0x000000000000002a       0x2b apic.o
 .comment       0x000000000000002a       0x2b ioapic.o
 .comment       0x000000000000002a       0x2b intr.o
 .comment       0x000000000000002a       0x2b sleep.o
 .comment       0x000000000000002a       0x2b thread.o
 .comment       0x000000000000002a       0x2b exectve.o
 .comment       0x000000000000002a       0x2b syscall.o
 .comment       0x000000000000002a       0x2b console.o
 .comment       0x000000000000002a       0x2b exit.o
 .comment       0x000000000000002a       0x2b sse.o
 .comment       0x000000000000002a       0x2b pci.o
 .comment       0x000000000000002a       0x2b i965.o
 .comment       0x000000000000002a       0x2b cursor.o
 .comment       0x000000000000002a       0x2b acpi.o
 .comment       0x000000000000002a       0x2b hpet.o
 .comment       0x000000000000002a       0x2b lpc.o
 .comment       0x000000000000002a       0x2b pit.o
 .comment       0x000000000000002a       0x2b ps2.o
 .comment       0x000000000000002a       0x2b mouse.o
 .comment       0x000000000000002a       0x2b keyboard.o
 .comment       0x000000000000002a       0x2b ahci.o
 .comment       0x000000000000002a       0x2b ide.o
 .comment       0x000000000000002a       0x2b storage.o
 .comment       0x000000000000002a       0x2b rtc.o
 .comment       0x000000000000002a       0x2b hda.o
 .comment       0x000000000000002a       0x2b speaker.o
 .comment       0x000000000000002a       0x2b e1000.o
 .comment       0x000000000000002a       0x2b ethernet.o
 .comment       0x000000000000002a       0x2b arp.o
 .comment       0x000000000000002a       0x2b udp.o
 .comment       0x000000000000002a       0x2b ipv4.o
 .comment       0x000000000000002a       0x2b dhcp.o
 .comment       0x000000000000002a       0x2b tcp.o
 .comment       0x000000000000002a       0x2b checksum.o
 .comment       0x000000000000002a       0x2b rtl8169.o
 .comment       0x000000000000002a       0x2b pcnet.o
 .comment       0x000000000000002a       0x2b vmnet.o
 .comment       0x000000000000002a       0x2b port.o
 .comment       0x000000000000002a       0x2b bga.o
 .comment       0x000000000000002a       0x2b video.o
 .comment       0x000000000000002a       0x2b gui.o
 .comment       0x000000000000002a       0x2b compositor.o
 .comment       0x000000000000002a       0x2b window_server.o
 .comment       0x000000000000002a       0x2b font8x16.o
 .comment       0x000000000000002a       0x2b std.o
 .comment       0x000000000000002a       0x2b cfs.o
 .comment       0x000000000000002a       0x2b pipe.o
 .comment       0x000000000000002a       0x2b socket.o
 .comment       0x000000000000002a       0x2b elf.o
 .comment       0x000000000000002a       0x2b bind.o
 .comment       0x000000000000002a       0x2b inet.o
 .comment       0x000000000000002a       0x2b recvfrom.o
 .comment       0x000000000000002a       0x2b sendto.o
 .comment       0x000000000000002a       0x2b string.o
 .comment       0x000000000000002a       0x2b vsprintf.o
 .comment       0x000000000000002a       0x2b stdio.o
 .comment       0x000000000000002a       0x2b stdlib.o
 .comment       0x000000000000002a       0x2b sse_memcpy.o
 .comment       0x000000000000002a       0x2b panic.o
 .comment       0x000000000000002a       0x2b msi.o

.note.GNU-stack
                0x0000000000000000        0x0
 .note.GNU-stack
                0x0000000000000000        0x0 main.o
 .note.GNU-stack
                0x0000000000000000        0x0 io.o
 .note.GNU-stack
                0x0000000000000000        0x0 gdt.o
 .note.GNU-stack
                0x0000000000000000        0x0 tss.o
 .note.GNU-stack
                0x0000000000000000        0x0 idt.o
 .note.GNU-stack
                0x0000000000000000        0x0 exception.o
 .note.GNU-stack
                0x0000000000000000        0x0 data.o
 .note.GNU-stack
                0x0000000000000000        0x0 server.o
 .note.GNU-stack
                0x0000000000000000        0x0 smp.o
 .note.GNU-stack
                0x0000000000000000        0x0 delay.o
 .note.GNU-stack
                0x0000000000000000        0x0 paging.o
 .note.GNU-stack
                0x0000000000000000        0x0 mm.o
 .note.GNU-stack
                0x0000000000000000        0x0 cpuid.o
 .note.GNU-stack
                0x0000000000000000        0x0 msr.o
 .note.GNU-stack
                0x0000000000000000        0x0 lvt.o
 .note.GNU-stack
                0x0000000000000000        0x0 irq.o
 .note.GNU-stack
                0x0000000000000000        0x0 apic.o
 .note.GNU-stack
                0x0000000000000000        0x0 ioapic.o
 .note.GNU-stack
                0x0000000000000000        0x0 intr.o
 .note.GNU-stack
                0x0000000000000000        0x0 sleep.o
 .note.GNU-stack
                0x0000000000000000        0x0 thread.o
 .note.GNU-stack
                0x0000000000000000        0x0 exectve.o
 .note.GNU-stack
                0x0000000000000000        0x0 syscall.o
 .note.GNU-stack
                0x0000000000000000        0x0 console.o
 .note.GNU-stack
                0x0000000000000000        0x0 exit.o
 .note.GNU-stack
                0x0000000000000000        0x0 sse.o
 .note.GNU-stack
                0x0000000000000000        0x0 pci.o
 .note.GNU-stack
                0x0000000000000000        0x0 i965.o
 .note.GNU-stack
                0x0000000000000000        0x0 cursor.o
 .note.GNU-stack
                0x0000000000000000        0x0 acpi.o
 .note.GNU-stack
                0x0000000000000000        0x0 hpet.o
 .note.GNU-stack
                0x0000000000000000        0x0 lpc.o
 .note.GNU-stack
                0x0000000000000000        0x0 pit.o
 .note.GNU-stack
                0x0000000000000000        0x0 ps2.o
 .note.GNU-stack
                0x0000000000000000        0x0 mouse.o
 .note.GNU-stack
                0x0000000000000000        0x0 keyboard.o
 .note.GNU-stack
                0x0000000000000000        0x0 ahci.o
 .note.GNU-stack
                0x0000000000000000        0x0 ide.o
 .note.GNU-stack
                0x0000000000000000        0x0 storage.o
 .note.GNU-stack
                0x0000000000000000        0x0 rtc.o
 .note.GNU-stack
                0x0000000000000000        0x0 hda.o
 .note.GNU-stack
                0x0000000000000000        0x0 speaker.o
 .note.GNU-stack
                0x0000000000000000        0x0 e1000.o
 .note.GNU-stack
                0x0000000000000000        0x0 ethernet.o
 .note.GNU-stack
                0x0000000000000000        0x0 arp.o
 .note.GNU-stack
                0x0000000000000000        0x0 udp.o
 .note.GNU-stack
                0x0000000000000000        0x0 ipv4.o
 .note.GNU-stack
                0x0000000000000000        0x0 dhcp.o
 .note.GNU-stack
                0x0000000000000000        0x0 tcp.o
 .note.GNU-stack
                0x0000000000000000        0x0 checksum.o
 .note.GNU-stack
                0x0000000000000000        0x0 rtl8169.o
 .note.GNU-stack
                0x0000000000000000        0x0 pcnet.o
 .note.GNU-stack
                0x0000000000000000        0x0 vmnet.o
 .note.GNU-stack
                0x0000000000000000        0x0 port.o
 .note.GNU-stack
                0x0000000000000000        0x0 bga.o
 .note.GNU-stack
                0x0000000000000000        0x0 video.o
 .note.GNU-stack
                0x0000000000000000        0x0 gui.o
 .note.GNU-stack
                0x0000000000000000        0x0 compositor.o
 .note.GNU-stack
                0x0000000000000000        0x0 window_server.o
 .note.GNU-stack
                0x0000000000000000        0x0 font8x16.o
 .note.GNU-stack
                0x0000000000000000        0x0 std.o
 .note.GNU-stack
                0x0000000000000000        0x0 cfs.o
 .note.GNU-stack
                0x0000000000000000        0x0 pipe.o
 .note.GNU-stack
                0x0000000000000000        0x0 socket.o
 .note.GNU-stack
                0x0000000000000000        0x0 elf.o
 .note.GNU-stack
                0x0000000000000000        0x0 bind.o
 .note.GNU-stack
                0x0000000000000000        0x0 inet.o
 .note.GNU-stack
                0x0000000000000000        0x0 recvfrom.o
 .note.GNU-stack
                0x0000000000000000        0x0 sendto.o
 .note.GNU-stack
                0x0000000000000000        0x0 string.o
 .note.GNU-stack
                0x0000000000000000        0x0 vsprintf.o
 .note.GNU-stack
                0x0000000000000000        0x0 stdio.o
 .note.GNU-stack
                0x0000000000000000        0x0 stdlib.o
 .note.GNU-stack
                0x0000000000000000        0x0 sse_memcpy.o
 .note.GNU-stack
                0x0000000000000000        0x0 panic.o
 .note.GNU-stack
                0x0000000000000000        0x0 msi.o
