
Merging program properties

Removed property 0xc0000002 to merge main.o (0x3) and setup.o (not found)
Removed property 0xc0000002 to merge main.o (not found) and io.o (0x3)
Removed property 0xc0000002 to merge main.o (not found) and gdt.o (0x3)
Removed property 0xc0000002 to merge main.o (not found) and tss.o (0x3)
Removed property 0xc0000002 to merge main.o (not found) and idt.o (0x3)
Removed property 0xc0000002 to merge main.o (not found) and exception.o (0x3)
Removed property 0xc0000002 to merge main.o (not found) and data.o (0x3)
Removed property 0xc0000002 to merge main.o (not found) and server.o (0x3)
Removed property 0xc0000002 to merge main.o (not found) and smp.o (0x3)
Removed property 0xc0000002 to merge main.o (not found) and delay.o (0x3)
Removed property 0xc0000002 to merge main.o (not found) and paging.o (0x3)
Removed property 0xc0000002 to merge main.o (not found) and mm.o (0x3)
Removed property 0xc0000002 to merge main.o (not found) and cpuid.o (0x3)
Removed property 0xc0000002 to merge main.o (not found) and msr.o (0x3)
Removed property 0xc0000002 to merge main.o (not found) and lvt.o (0x3)
Removed property 0xc0000002 to merge main.o (not found) and irq.o (0x3)
Removed property 0xc0000002 to merge main.o (not found) and apic.o (0x3)
Removed property 0xc0000002 to merge main.o (not found) and apic_timer.o (0x3)
Removed property 0xc0000002 to merge main.o (not found) and ioapic.o (0x3)
Removed property 0xc0000002 to merge main.o (not found) and intr.o (0x3)
Removed property 0xc0000002 to merge main.o (not found) and sleep.o (0x3)
Removed property 0xc0000002 to merge main.o (not found) and thread.o (0x3)
Removed property 0xc0000002 to merge main.o (not found) and exectve.o (0x3)
Removed property 0xc0000002 to merge main.o (not found) and syscall.o (0x3)
Removed property 0xc0000002 to merge main.o (not found) and console.o (0x3)
Removed property 0xc0000002 to merge main.o (not found) and exit.o (0x3)
Removed property 0xc0000002 to merge main.o (not found) and sse.o (0x3)
Removed property 0xc0000002 to merge main.o (not found) and pci.o (0x3)
Removed property 0xc0000002 to merge main.o (not found) and i965.o (0x3)
Removed property 0xc0000002 to merge main.o (not found) and cursor.o (0x3)
Removed property 0xc0000002 to merge main.o (not found) and acpi.o (0x3)
Removed property 0xc0000002 to merge main.o (not found) and hpet.o (0x3)
Removed property 0xc0000002 to merge main.o (not found) and lpc.o (0x3)
Removed property 0xc0000002 to merge main.o (not found) and pit.o (0x3)
Removed property 0xc0000002 to merge main.o (not found) and ps2.o (0x3)
Removed property 0xc0000002 to merge main.o (not found) and mouse.o (0x3)
Removed property 0xc0000002 to merge main.o (not found) and keyboard.o (0x3)
Removed property 0xc0000002 to merge main.o (not found) and ahci.o (0x3)
Removed property 0xc0000002 to merge main.o (not found) and ide.o (0x3)
Removed property 0xc0000002 to merge main.o (not found) and storage.o (0x3)
Removed property 0xc0000002 to merge main.o (not found) and rtc.o (0x3)
Removed property 0xc0000002 to merge main.o (not found) and hda.o (0x3)
Removed property 0xc0000002 to merge main.o (not found) and speaker.o (0x3)
Removed property 0xc0000002 to merge main.o (not found) and e1000.o (0x3)
Removed property 0xc0000002 to merge main.o (not found) and ethernet.o (0x3)
Removed property 0xc0000002 to merge main.o (not found) and arp.o (0x3)
Removed property 0xc0000002 to merge main.o (not found) and udp.o (0x3)
Removed property 0xc0000002 to merge main.o (not found) and ipv4.o (0x3)
Removed property 0xc0000002 to merge main.o (not found) and dhcp.o (0x3)
Removed property 0xc0000002 to merge main.o (not found) and tcp.o (0x3)
Removed property 0xc0000002 to merge main.o (not found) and checksum.o (0x3)
Removed property 0xc0000002 to merge main.o (not found) and rtl8169.o (0x3)
Removed property 0xc0000002 to merge main.o (not found) and pcnet.o (0x3)
Removed property 0xc0000002 to merge main.o (not found) and vmnet.o (0x3)
Removed property 0xc0000002 to merge main.o (not found) and port.o (0x3)
Removed property 0xc0000002 to merge main.o (not found) and bga.o (0x3)
Removed property 0xc0000002 to merge main.o (not found) and video.o (0x3)
Removed property 0xc0000002 to merge main.o (not found) and gui.o (0x3)
Removed property 0xc0000002 to merge main.o (not found) and compositor.o (0x3)
Removed property 0xc0000002 to merge main.o (not found) and window_server.o (0x3)
Removed property 0xc0000002 to merge main.o (not found) and font8x16.o (0x3)
Removed property 0xc0000002 to merge main.o (not found) and std.o (0x3)
Removed property 0xc0000002 to merge main.o (not found) and cfs.o (0x3)
Removed property 0xc0000002 to merge main.o (not found) and pipe.o (0x3)
Removed property 0xc0000002 to merge main.o (not found) and socket.o (0x3)
Removed property 0xc0000002 to merge main.o (not found) and elf.o (0x3)
Removed property 0xc0000002 to merge main.o (not found) and bind.o (0x3)
[...]
Memory Configuration

Name             Origin             Length             Attributes
*default*        0x0000000000000000 0xffffffffffffffff

Linker script and memory map

                0x0000000000401000                . = 0x401000
                0x0000000000401000                _start = .

.text           0x0000000000401000    0x27000
                0x0000000000401000                code = .
                0x0000000000401000                _code = .
                0x0000000000401000                __code = .
 *(.text)
 .text          0x0000000000401000       0xc2 setup.o
                0x0000000000401031                gdt_flush
                0x0000000000401054                idt_flush
                0x000000000040105b                call_function
                0x0000000000401070                copymem
                0x00000000004010a4                DisableSSE
                0x00000000004010af                EnableSSE
                0x00000000004010ba                SaveSSE
                0x00000000004010be                RestoreSSE
 .text          0x00000000004010c2     0x1075 main.o
                0x0000000000401335                main
 .text          0x0000000000402137       0x42 io.o
                0x0000000000402137                wait
 .text          0x0000000000402179      0x5c5 gdt.o
                0x0000000000402442                gdt_install
 .text          0x000000000040273e       0xa6 tss.o
                0x000000000040273e                load_ltr
                0x0000000000402771                tss_install
 .text          0x00000000004027e4      0x517 idt.o
                0x00000000004029f6                idt_install
                0x0000000000402b60                idt_gate
                0x0000000000402bc8                _idt_gate
                0x0000000000402ca7                intr_null_function
 *fill*         0x0000000000402cfb        0x5 
 .text          0x0000000000402d00      0xc49 vetor.o
                0x0000000000402d5e                isr00
                0x0000000000402d6d                isr01
                0x0000000000402d7c                isr02
                0x0000000000402d8b                isr03
                0x0000000000402d9a                isr04
                0x0000000000402da9                isr05
                0x0000000000402db8                isr06
                0x0000000000402dc7                isr07
                0x0000000000402dd6                isr08
                0x0000000000402de0                isr09
                0x0000000000402def                isr10
                0x0000000000402df9                isr11
                0x0000000000402e03                isr12
                0x0000000000402e0d                isr13
                0x0000000000402e17                isr14
                0x0000000000402e21                isr15
                0x0000000000402e30                isr16
                0x0000000000402e3f                isr17
                0x0000000000402e49                isr18
                0x0000000000402e58                isr19
                0x0000000000402e67                isr20
                0x0000000000402e76                isr21
                0x0000000000402e85                isr22
                0x0000000000402e94                isr23
                0x0000000000402ea3                isr24
                0x0000000000402eb2                isr25
                0x0000000000402ec1                isr26
                0x0000000000402ed0                isr27
                0x0000000000402edf                isr28
                0x0000000000402eee                isr29
                0x0000000000402efd                isr30
                0x0000000000402f0c                isr31
                0x0000000000402fb7                lvt0
                0x00000000004031ae                lvt1
                0x00000000004031bd                lvt2
                0x00000000004031cc                lvt3
                0x00000000004031db                lvt4
                0x00000000004031ea                timer1
                0x00000000004033e1                timer2
                0x00000000004033f0                timer3
                0x00000000004033ff                timer4
                0x000000000040340e                timer5
                0x000000000040341d                timer6
                0x000000000040342c                timer7
                0x000000000040343b                timer8
                0x0000000000403498                irq0
                0x00000000004034a7                irq1
                0x00000000004034b6                irq2
                0x00000000004034c5                irq3
                0x00000000004034d4                irq4
                0x00000000004034e3                irq5
                0x00000000004034f2                irq6
                0x0000000000403501                irq7
                0x0000000000403510                irq8
                0x000000000040351f                irq9
                0x000000000040352e                irq10
                0x000000000040353d                irq11
                0x000000000040354c                irq12
                0x000000000040355b                irq13
                0x000000000040356a                irq14
                0x0000000000403579                irq15
                0x0000000000403588                irq16
                0x0000000000403597                irq17
                0x00000000004035a6                irq18
                0x00000000004035b5                irq19
                0x00000000004035c4                irq20
                0x00000000004035d3                irq21
                0x00000000004035e2                irq22
                0x00000000004035f1                irq23
                0x000000000040365e                intr255
                0x000000000040366d                intr_null
                0x0000000000403712                msi0
                0x0000000000403721                msi1
                0x0000000000403730                msi2
                0x000000000040373f                msi3
                0x000000000040374e                msi4
                0x000000000040375d                msi5
                0x000000000040376c                msi6
                0x000000000040377b                msi7
                0x000000000040378a                msi8
                0x0000000000403799                msi9
                0x00000000004037a8                msi10
                0x00000000004037b7                msi11
                0x00000000004037c6                msi12
                0x00000000004037d5                msi13
                0x00000000004037e4                msi14
                0x00000000004037f3                msi15
                0x0000000000403802                msi16
                0x0000000000403811                msi17
                0x0000000000403820                msi18
                0x000000000040382f                msi19
                0x000000000040383e                msi20
                0x000000000040384d                msi21
                0x000000000040385c                msi22
                0x000000000040386b                msi23
                0x000000000040387a                msi24
                0x0000000000403889                msi25
                0x0000000000403898                msi26
                0x00000000004038a7                msi27
                0x00000000004038b6                msi28
                0x00000000004038c5                msi29
                0x00000000004038d4                msi30
                0x00000000004038e3                msi31
                0x00000000004038f2                intr_vmnet
 .text          0x0000000000403949      0x82e exception.o
                0x0000000000403949                exceptions_install
                0x0000000000403f92                fault_exception
 .text          0x0000000000404177        0x0 data.o
 .text          0x0000000000404177      0x57b server.o
                0x0000000000404177                foco
                0x0000000000404250                foco_default
                0x00000000004042c4                server
 .text          0x00000000004046f2      0x69e smp.o
                0x00000000004046f2                setup_smp
                0x0000000000404c81                done
                0x0000000000404cba                ap_startup
 .text          0x0000000000404d90       0x8e delay.o
                0x0000000000404d90                mdelay
                0x0000000000404dd7                udelay
 .text          0x0000000000404e1e      0x1b9 paging.o
                0x0000000000404e1e                flush_tlb
                0x0000000000404e78                load_pae_page_directory_pointer_table
                0x0000000000404eaa                load_pml4_table
                0x0000000000404edc                enable_pae
                0x0000000000404f08                page_enable
                0x0000000000404f36                page_install
 .text          0x0000000000404fd7     0x16fe mm.o
                0x0000000000404fd7                initialize_mm_mp
                0x0000000000405176                mm_mp
                0x00000000004055d1                ram_setup
                0x000000000040569a                alloc_frame
                0x0000000000405762                free_frame
                0x0000000000405805                alloc_pages_setup
                0x0000000000405c3a                v_pool
                0x0000000000405ece                get_free_page
                0x0000000000405fc0                get_busy_page_size
                0x00000000004060b7                alloc_pages
                0x00000000004062da                free_pages
                0x0000000000406503                get_phy_addr
 .text          0x00000000004066d5      0x1f9 cpuid.o
                0x00000000004066d5                cpuid_vendor
                0x0000000000406743                cpuid_processor_brand
                0x000000000040681a                cpuid
                0x0000000000406865                cpuid_string
 .text          0x00000000004068ce       0xb9 msr.o
                0x00000000004068ce                getmsr
                0x0000000000406919                setmsr
 .text          0x0000000000406987      0x6be lvt.o
                0x0000000000406987                lvt_function
                0x0000000000406b93                lvt_function2
                0x0000000000406d9f                lvt_install
 .text          0x0000000000407045      0x5f4 irq.o
                0x0000000000407045                default_irq
                0x00000000004070a1                irq_function
                0x0000000000407178                irq_install
 .text          0x0000000000407639      0x579 apic.o
                0x0000000000407639                local_apic_read_command
                0x000000000040767c                local_apic_write_command
                0x00000000004076c9                getapicbase
                0x000000000040771c                enableapic
                0x0000000000407787                apic_eoi_register
                0x00000000004077c4                setup_apic
                0x0000000000407a5b                local_apic_get_id
                0x0000000000407a98                local_apic_send_init
                0x0000000000407b22                local_apic_send_startup
 .text          0x0000000000407bb2      0x42d apic_timer.o
                0x0000000000407bb2                apic_initial_count_timer
                0x0000000000407c00                pit_prepare_sleep
                0x0000000000407c8e                pit_perform_sleep
                0x0000000000407d01                apic_timer
                0x0000000000407ecf                apic_timer_umasked
                0x0000000000407f73                apic_timer_masked
 .text          0x0000000000407fdf      0x5d6 ioapic.o
                0x0000000000407fdf                read_ioapic_register
                0x000000000040802f                write_ioapic_register
                0x0000000000408089                ioapic_masked
                0x0000000000408126                ioapic_umasked
                0x00000000004081c3                set_ioapic_redir_table
                0x000000000040844f                ioapic_cofiguration
                0x00000000004084e9                setup_ioapic
 .text          0x00000000004085b5       0xc6 intr.o
                0x00000000004085b5                intr_install
                0x0000000000408616                intr_function
 .text          0x000000000040867b       0x6b sleep.o
                0x000000000040867b                sleep
 .text          0x00000000004086e6     0x1f57 thread.o
                0x00000000004086e6                thread_setup
                0x0000000000408a81                create_thread
                0x0000000000408fd6                create_thread_child
                0x000000000040939c                pthread_create
                0x000000000040972a                pthread_join
                0x0000000000409776                task_switch
                0x0000000000409f91                task_switch2
                0x000000000040a5cd                thread
 .text          0x000000000040a63d     0x12ac exectve.o
                0x000000000040a63d                exectve
                0x000000000040af85                exectve_child
 .text          0x000000000040b8e9      0xa99 syscall.o
                0x000000000040b8e9                default_syscall
                0x000000000040b954                syscall_puts
                0x000000000040b9ac                syscall_window
                0x000000000040ba04                syscall_kbd_foco
                0x000000000040ba79                syscall_alloc_pages
                0x000000000040bafa                syscall_free_pages
                0x000000000040bb52                syscall_readsector
                0x000000000040bbce                syscall_writesector
                0x000000000040bc4a                syscall_geral
                0x000000000040bd91                syscall_tmpnam
                0x000000000040be5f                syscall_io
                0x000000000040bf99                syscall_register_pipe_launcher
                0x000000000040bfe5                syscall_get_pipe_launcher
                0x000000000040c02a                syscall_get_paint_list
                0x000000000040c06f                syscall_get_thread_id
                0x000000000040c0b8                syscall_create_socket
                0x000000000040c13d                syscall_get_socket_ready_queue
                0x000000000040c182                syscall_pthread_create
                0x000000000040c20a                syscall_pthread_join
                0x000000000040c270                syscall_function_handler
                0x000000000040c31b                syscall_install
 *fill*         0x000000000040c382        0xe 
 .text          0x000000000040c390       0x86 asyscall.o
                0x000000000040c407                int114
 .text          0x000000000040c416      0xaa9 console.o
                0x000000000040c416                console
                0x000000000040c6be                cmd_version
                0x000000000040c721                cmd_time
                0x000000000040c784                cmd_shutdown
                0x000000000040c7de                cmd_rename
                0x000000000040c841                cmd_reboot
                0x000000000040c89b                cmd_new
                0x000000000040c8fe                cmd_mov
                0x000000000040c961                cmd_info
                0x000000000040ca3f                cmd_help
                0x000000000040cbb0                cmd_exit
                0x000000000040cc13                cmd_echo
                0x000000000040cc76                cmd_dir
                0x000000000040ccd9                cmd_del
                0x000000000040cd3c                cmd_date
                0x000000000040cd9f                cmd_copy
                0x000000000040ce02                cmd_clear
                0x000000000040ce5c                cmd_cd
 .text          0x000000000040cebf      0x59b exit.o
                0x000000000040cebf                user_free
                0x000000000040cf73                exit
 .text          0x000000000040d45a      0x1c7 sse.o
                0x000000000040d45a                fpu_cw
                0x000000000040d48a                sse_cr
                0x000000000040d4be                sse_cw
                0x000000000040d4ec                fpu_save
                0x000000000040d51b                fpu_restore
                0x000000000040d54a                setup_sse
 .text          0x000000000040d621      0xcfb pci.o
                0x000000000040d621                read_pci_config_addr
                0x000000000040d69b                write_pci_config_addr
                0x000000000040d715                pci_read_config_dword
                0x000000000040d78f                pci_write_config_dword
                0x000000000040d809                pci_read_config_word
                0x000000000040d8a9                pci_write_config_word
                0x000000000040d972                pci_read_config_byte
                0x000000000040da12                pci_write_config_byte
                0x000000000040dada                pci_get_info
                0x000000000040dd88                pci_scan_bcc
                0x000000000040de6b                pci_scan_class
                0x000000000040df5c                pci_scan_class_subclass
                0x000000000040e064                pci_scan_bcc_scc
                0x000000000040e162                pci_scan_bcc_scc_prog
                0x000000000040e271                pci_scan_vendor
                0x000000000040e2a2                pci_check_vendor
                0x000000000040e2dc                pci_size
 .text          0x000000000040e31c     0x1014 i965.o
                0x000000000040e31c                i965_pci_init
                0x000000000040e4cb                setup_i965
                0x000000000040e9f2                timings
                0x000000000040ec90                disable_dac
                0x000000000040ed0d                enable_dac
                0x000000000040ed8a                disable_plane
                0x000000000040ee09                enable_plane
                0x000000000040ee88                disable_pipe
                0x000000000040ef07                enable_pipe
                0x000000000040ef86                disable_dpll
                0x000000000040efb1                enable_dpll
                0x000000000040eff0                disable_legacy_vga_emul
                0x000000000040f0b8                gmbus_reset
                0x000000000040f0e3                gmbus_stoptransaction
                0x000000000040f122                gmbus_wait
                0x000000000040f168                gmbus_read
                0x000000000040f2ff                gmbus_write
 .text          0x000000000040f330      0x26f cursor.o
                0x000000000040f330                DrawMouse
                0x000000000040f41a                setup_cursor
                0x000000000040f526                update_graphic_cursor
 .text          0x000000000040f59f      0xa96 acpi.o
                0x000000000040f928                acpi_probe
                0x000000000040f9fe                acpi_enable
                0x000000000040fc54                setup_acpi
                0x000000000040fef4                poweroff
                0x000000000040ff7a                reboot
 .text          0x0000000000410035      0x21c hpet.o
                0x000000000041017d                setup_hpet
                0x00000000004101df                hpet_sleep
 .text          0x0000000000410251       0xf9 lpc.o
                0x0000000000410285                setup_lpc
 .text          0x000000000041034a      0x1de pit.o
                0x00000000004103de                pit_set_frequencia
                0x000000000041043c                pit_enable
                0x00000000004104d3                timer_wait
 .text          0x0000000000410528      0x1b3 ps2.o
                0x0000000000410528                kbdc_wait
                0x00000000004105c7                kbdc_set_cmd
                0x0000000000410659                kbdc_wait_ack
 .text          0x00000000004106db      0x94a mouse.o
                0x00000000004106db                mouse_write
                0x0000000000410754                mouse_read
                0x00000000004107a8                MOUSE_BAT_TEST
                0x000000000041081d                mouse_handler
                0x0000000000410bfa                mouse_install
 .text          0x0000000000411025      0x961 keyboard.o
                0x0000000000411025                keyboard_read
                0x0000000000411079                keyboard_write
                0x00000000004110ce                KEYBOARD_BAT_TEST
                0x0000000000411143                keyboard_handler
                0x00000000004117bb                kbd_wait_irq_ack
                0x000000000041187b                keyboard_install
 .text          0x0000000000411986     0x19af ahci.o
                0x0000000000411986                ahci_initialize
                0x000000000041300d                sata_read_sector
                0x00000000004131a1                sata_write_sector
 .text          0x0000000000413335     0x161a ide.o
                0x0000000000413335                ata_wait
                0x0000000000413417                ata_status_read
                0x0000000000413472                ata_wait_not_busy
                0x00000000004134e9                ata_wait_busy
                0x0000000000413560                ata_wait_no_drq
                0x00000000004135d5                ata_wait_drq
                0x000000000041364a                ata_cmd_write
                0x00000000004136d0                ata_soft_reset
                0x0000000000413782                ata_pio_read
                0x00000000004137e7                ata_pio_write
                0x000000000041384c                ata_bus_install
                0x0000000000413c23                ata_identify_device
                0x00000000004144f2                ata_read_sector
                0x00000000004146ee                ata_write_sector
 .text          0x000000000041494f      0xe04 storage.o
                0x0000000000414f97                ata_initialize
                0x0000000000415527                read_sector
                0x000000000041563d                write_sector
 .text          0x0000000000415753      0x680 rtc.o
                0x0000000000415753                disable_NMI
                0x000000000041579a                enable_NMI
                0x0000000000415826                rtc_setup
                0x0000000000415961                rtc_handler
                0x0000000000415b41                swait_init
                0x0000000000415cc9                swait
 .text          0x0000000000415dd3     0x20ee hda.o
                0x0000000000415dd3                hda_wait
                0x0000000000415e22                hda_outb
                0x0000000000415e73                hda_outw
                0x0000000000415ec6                hda_outl
                0x0000000000415f14                hda_inb
                0x0000000000415f5c                hda_inw
                0x0000000000415fa4                hda_inl
                0x0000000000415feb                corb_write_command
                0x0000000000416192                hda_reset
                0x000000000041625e                setup_hda
                0x00000000004174e0                hda_response
                0x0000000000417520                hda_send_verb
                0x0000000000417872                hda_ic_verbe
                0x00000000004179b4                hda_set_output_node
                0x0000000000417c49                hda_play_sound
                0x0000000000417e26                hda_volume
 .text          0x0000000000417ec1      0x129 speaker.o
                0x0000000000417ec1                turn_speaker_on
                0x0000000000417f00                turn_speaker_off
                0x0000000000417f41                set_speaker_frequence
                0x0000000000417f91                play_speaker
 .text          0x0000000000417fea     0x12c6 e1000.o
                0x0000000000417fea                e1000_read_command
                0x000000000041802d                e1000_write_command
                0x000000000041807a                e1000_is_eeprom
                0x00000000004180ef                e1000_enable_int
                0x0000000000418186                e1000_link_up
                0x0000000000418211                irq_e1000
                0x00000000004183ee                init_e1000
                0x0000000000418d9e                e1000_send_package
                0x0000000000418f66                e1000_recieve_package
 .text          0x00000000004192b0     0x153e ethernet.o
                0x0000000000419342                get_default_ethernet_device
                0x00000000004193a8                ethernet_set_link_status
                0x00000000004193e7                ethernet_set_interrupt_status
                0x0000000000419426                register_ethernet_device
                0x00000000004194c8                get_ethernet_package
                0x000000000041953d                send_ethernet_package
                0x00000000004195e5                handler_ethernet_package_received
                0x0000000000419da5                int_ethernet_device
                0x0000000000419fcd                fillMac
                0x000000000041a02f                fillIP
                0x000000000041a091                initialise_ethernet
 .text          0x000000000041a7ee     0x1301 arp.o
                0x000000000041a82d                init_arp
                0x000000000041a8f9                arp_save_address
                0x000000000041aecd                get_hardwere_ethernet
                0x000000000041af9a                arp_request
                0x000000000041b1e4                arp_replay
                0x000000000041b421                arp_replay2
                0x000000000041b658                arp_hexdump
 .text          0x000000000041baef      0x3c7 udp.o
                0x000000000041bb2e                udp_send
                0x000000000041bc91                udp_receive
 .text          0x000000000041beb6      0x305 ipv4.o
                0x000000000041bef5                ipv4_send
 .text          0x000000000041c1bb      0x745 dhcp.o
                0x000000000041c24d                dhcp_send
                0x000000000041c665                dhcp_parse_options
 .text          0x000000000041c900      0xa85 tcp.o
                0x000000000041c992                init_tcp
                0x000000000041ca30                tcp_send
                0x000000000041cd90                tcp_connect
                0x000000000041cef4                tcp_ack
                0x000000000041d18c                tcp_send_payload
                0x000000000041d2d4                tcp_finish
 .text          0x000000000041d385      0x134 checksum.o
                0x000000000041d3c4                net_checksum
 .text          0x000000000041d4b9     0x1ef6 rtl8169.o
                0x000000000041d4b9                re_read_command
                0x000000000041d4fc                re_write_command
                0x000000000041d549                re_read_command_word
                0x000000000041d58d                re_write_command_word
                0x000000000041d5df                re_read_command_byte
                0x000000000041d623                re_write_command_byte
                0x000000000041d675                re_probe
                0x000000000041e7f8                setup_realtek
                0x000000000041f0f1                re_handle
 .text          0x000000000041f3af     0x1019 pcnet.o
                0x000000000041f4c7                pcnetWriteBCR
                0x000000000041f960                setup_pcnet
                0x000000000041fff6                pcnet_send_package
                0x0000000000420168                pcnet_recieve_package
 .text          0x00000000004203c8      0x9c6 vmnet.o
                0x0000000000420575                setup_vmnet
                0x00000000004205fe                handler_vmnet
                0x000000000042082e                vmnet_send_package
                0x0000000000420b46                vmipv4_send
                0x0000000000420c2d                vmnet_udp_send
 .text          0x0000000000420d8e      0x291 port.o
                0x0000000000420d8e                ethernet_port_setup
                0x0000000000420e41                get_port
                0x0000000000420f03                set_port
                0x0000000000420fa0                clean_port
 .text          0x000000000042101f      0x336 bga.o
                0x000000000042101f                bga_write_register
                0x0000000000421068                bga_read_register
                0x00000000004210b0                bga_is_available
                0x00000000004210f1                bga_set_video_mode
                0x00000000004211df                bga_set_bank
                0x0000000000421227                setup_bga
 .text          0x0000000000421355      0x1f9 video.o
                0x0000000000421355                initialize_graphic_adapter
 .text          0x000000000042154e      0x880 gui.o
                0x000000000042154e                initialize_gui
                0x00000000004216a7                update_gui
                0x00000000004217ff                put_pixel
                0x0000000000421872                put_pixel_buff
                0x0000000000421911                refresh_rate
                0x00000000004219b6                clears_creen
                0x0000000000421a6e                draw_char_transparent
                0x0000000000421b78                glyph
 .text          0x0000000000421dce      0xd1e compositor.o
                0x0000000000421ebf                window_add
                0x000000000042207b                window_remove
                0x0000000000422221                window_foco
                0x0000000000422358                paint_desktop
                0x0000000000422737                paint_cursor
                0x00000000004228c8                compose
 .text          0x0000000000422aec      0x754 window_server.o
                0x0000000000422aec                window_server
                0x0000000000422dc3                put_pixel_sirius
                0x0000000000422e5c                drawchar
                0x0000000000422faa                window_putchar
 .text          0x0000000000423240        0x0 font8x16.o
 .text          0x0000000000423240      0x481 std.o
                0x0000000000423240                std_open_file
                0x00000000004233ef                std_file_close
                0x000000000042345e                std_putc
                0x000000000042356f                std_getc
 .text          0x00000000004236c1      0xaaa cfs.o
                0x00000000004236c1                filename_cmp
                0x00000000004237a8                read_super_block
                0x0000000000423811                read_directory_entry
                0x000000000042399c                open_file_r
                0x0000000000423d1d                open_file
                0x0000000000423f84                file_close
                0x000000000042408d                file_read_block
 .text          0x000000000042416b      0x2dd pipe.o
                0x000000000042416b                pipe_open_file
                0x0000000000424257                pipe_write
                0x0000000000424353                pipe_read
 .text          0x0000000000424448      0xfc3 socket.o
                0x0000000000424487                init_socket
                0x0000000000424707                socket_address
                0x0000000000424769                socket
                0x00000000004248e8                socket_server_transmit
                0x0000000000424fab                socket_execute_row
                0x000000000042526b                socket_server_receive
 .text          0x000000000042540b      0x2b2 elf.o
                0x000000000042540b                load_elf64_header
                0x00000000004255de                load_elf64_segment
 .text          0x00000000004256bd      0x224 bind.o
                0x00000000004256fc                bind
 .text          0x00000000004258e1       0x5d inet.o
                0x00000000004258e1                inet_addr
 .text          0x000000000042593e      0x169 recvfrom.o
                0x000000000042593e                recvfrom
 .text          0x0000000000425aa7      0x13b sendto.o
                0x0000000000425aa7                sendto
 .text          0x0000000000425be2      0x2b3 string.o
                0x0000000000425be2                memset
                0x0000000000425c47                memcpy
                0x0000000000425cbe                strcpy
                0x0000000000425d39                strlen
                0x0000000000425d85                strcmp
                0x0000000000425e1f                memcmp
 .text          0x0000000000425e95      0x4e4 vsprintf.o
                0x0000000000425f01                vsprintf
 .text          0x0000000000426379      0x818 stdio.o
                0x0000000000426379                putchar
                0x00000000004263d9                puts
                0x0000000000426469                printf
                0x0000000000426596                fopen
                0x00000000004266b7                fclose
                0x000000000042675b                rewind
                0x00000000004267c4                fseek
                0x00000000004268a2                ftell
                0x00000000004268e3                fputc
                0x0000000000426961                fgetc
                0x0000000000426ad4                fread
 .text          0x0000000000426b91      0x4fb stdlib.o
                0x0000000000426b91                malloc
                0x0000000000426c00                free
                0x0000000000426c4c                i2hex
                0x0000000000426eba                utoa
                0x0000000000426f45                itoa
 .text          0x000000000042708c      0x14a sse_memcpy.o
                0x000000000042708c                sse_memcpy
 .text          0x00000000004271d6      0x140 panic.o
                0x00000000004271d6                kernel_panic
 .text          0x0000000000427316      0xa9d msi.o
                0x0000000000427316                msi_vector_install
                0x0000000000427970                default_mas
                0x00000000004279cf                msi_function
                0x0000000000427a85                apic_send_msi
                0x0000000000427d80                apic_send_msix
                0x0000000000428000                . = ALIGN (0x1000)
 *fill*         0x0000000000427db3      0x24d 

.iplt           0x0000000000428000        0x0
 .iplt          0x0000000000428000        0x0 setup.o

.data           0x0000000000428000    0x16000
                0x0000000000428000                data = .
                0x0000000000428000                _data = .
                0x0000000000428000                __data = .
 *(.data)
 .data          0x0000000000428000        0x8 setup.o
                0x0000000000428000                _rsp0
 .data          0x0000000000428008        0x0 main.o
 .data          0x0000000000428008        0x0 io.o
 .data          0x0000000000428008        0x0 gdt.o
 .data          0x0000000000428008        0x0 tss.o
 .data          0x0000000000428008        0x0 idt.o
 *fill*         0x0000000000428008        0x8 
 .data          0x0000000000428010      0x600 vetor.o
                0x0000000000428010                SavedFloats
                0x0000000000428210                SavedFloats2
                0x0000000000428410                SavedFloats3
 .data          0x0000000000428610        0x0 exception.o
 .data          0x0000000000428610        0x0 data.o
 .data          0x0000000000428610        0x0 server.o
 .data          0x0000000000428610        0x0 smp.o
 .data          0x0000000000428610        0x0 delay.o
 .data          0x0000000000428610        0x0 paging.o
 .data          0x0000000000428610        0x0 mm.o
 .data          0x0000000000428610        0x0 cpuid.o
 .data          0x0000000000428610        0x0 msr.o
 .data          0x0000000000428610        0x0 lvt.o
 .data          0x0000000000428610        0x0 irq.o
 .data          0x0000000000428610        0x0 apic.o
 .data          0x0000000000428610        0x0 apic_timer.o
 .data          0x0000000000428610        0x0 ioapic.o
 .data          0x0000000000428610        0x0 intr.o
 .data          0x0000000000428610        0x0 sleep.o
 .data          0x0000000000428610        0x0 thread.o
 .data          0x0000000000428610        0x0 exectve.o
 .data          0x0000000000428610        0x0 syscall.o
 .data          0x0000000000428610        0x0 console.o
 .data          0x0000000000428610        0x0 exit.o
 .data          0x0000000000428610        0x0 sse.o
 .data          0x0000000000428610        0x0 pci.o
 .data          0x0000000000428610        0x0 i965.o
 *fill*         0x0000000000428610       0x10 
 .data          0x0000000000428620      0x168 cursor.o
                0x0000000000428620                cursor18x18
 .data          0x0000000000428788        0x0 acpi.o
 .data          0x0000000000428788        0x0 hpet.o
 .data          0x0000000000428788        0x0 lpc.o
 .data          0x0000000000428788        0x0 pit.o
 .data          0x0000000000428788        0x0 ps2.o
 .data          0x0000000000428788        0x4 mouse.o
                0x0000000000428788                speed
 .data          0x000000000042878c        0x0 keyboard.o
 .data          0x000000000042878c        0x0 ahci.o
 .data          0x000000000042878c        0x0 ide.o
 .data          0x000000000042878c        0x0 storage.o
 .data          0x000000000042878c        0x0 rtc.o
 .data          0x000000000042878c        0x0 hda.o
 .data          0x000000000042878c        0x0 speaker.o
 .data          0x000000000042878c        0x0 e1000.o
 .data          0x000000000042878c        0x0 ethernet.o
 .data          0x000000000042878c        0x0 arp.o
 .data          0x000000000042878c        0x0 udp.o
 .data          0x000000000042878c        0x0 ipv4.o
 .data          0x000000000042878c        0x0 dhcp.o
 .data          0x000000000042878c        0x0 tcp.o
 .data          0x000000000042878c        0x0 checksum.o
 .data          0x000000000042878c        0x0 rtl8169.o
 .data          0x000000000042878c        0x0 pcnet.o
 .data          0x000000000042878c        0x0 vmnet.o
 .data          0x000000000042878c        0x0 port.o
 .data          0x000000000042878c        0x0 bga.o
 .data          0x000000000042878c        0x0 video.o
 .data          0x000000000042878c        0x0 gui.o
 .data          0x000000000042878c        0x0 compositor.o
 .data          0x000000000042878c        0x0 window_server.o
 *fill*         0x000000000042878c       0x14 
 .data          0x00000000004287a0     0x1000 font8x16.o
                0x00000000004287a0                font8x16
 .data          0x00000000004297a0        0x0 std.o
 .data          0x00000000004297a0        0x0 cfs.o
 .data          0x00000000004297a0        0x0 pipe.o
 .data          0x00000000004297a0        0x0 socket.o
 .data          0x00000000004297a0        0x0 elf.o
 .data          0x00000000004297a0        0x0 bind.o
 .data          0x00000000004297a0        0x0 inet.o
 .data          0x00000000004297a0        0x0 recvfrom.o
 .data          0x00000000004297a0        0x0 sendto.o
 .data          0x00000000004297a0        0x0 string.o
 .data          0x00000000004297a0        0x0 vsprintf.o
 .data          0x00000000004297a0        0x0 stdio.o
 .data          0x00000000004297a0        0x0 stdlib.o
 .data          0x00000000004297a0        0x0 sse_memcpy.o
 .data          0x00000000004297a0        0x0 panic.o
 .data          0x00000000004297a0        0x0 msi.o
 *(.rodata)
 .rodata        0x00000000004297a0      0x2ab main.o
 .rodata        0x0000000000429a4b        0xa idt.o
 *fill*         0x0000000000429a55        0x3 
 .rodata        0x0000000000429a58      0x416 exception.o
 *fill*         0x0000000000429e6e        0x2 
 .rodata        0x0000000000429e70       0x38 server.o
 .rodata        0x0000000000429ea8       0xf8 smp.o
 .rodata        0x0000000000429fa0       0x5d mm.o
 *fill*         0x0000000000429ffd        0x3 
 .rodata        0x000000000042a000      0x130 lvt.o
 .rodata        0x000000000042a130       0x1c irq.o
 .rodata        0x000000000042a14c       0x33 apic.o
 .rodata        0x000000000042a17f       0x15 apic_timer.o
 .rodata        0x000000000042a194        0xa intr.o
 .rodata        0x000000000042a19e       0x19 thread.o
 *fill*         0x000000000042a1b7        0x1 
 .rodata        0x000000000042a1b8       0x48 syscall.o
 .rodata        0x000000000042a200      0x215 console.o
 .rodata        0x000000000042a415       0x2e sse.o
 *fill*         0x000000000042a443        0x5 
 .rodata        0x000000000042a448     0x15ff pci.o
 *fill*         0x000000000042ba47        0x1 
 .rodata        0x000000000042ba48       0x3d i965.o
 *fill*         0x000000000042ba85        0x3 
 .rodata        0x000000000042ba88       0xc7 acpi.o
 .rodata        0x000000000042bb4f       0x14 hpet.o
 *fill*         0x000000000042bb63        0x5 
 .rodata        0x000000000042bb68       0x31 lpc.o
 .rodata        0x000000000042bb99       0x1d mouse.o
 *fill*         0x000000000042bbb6        0xa 
 .rodata        0x000000000042bbc0      0x253 keyboard.o
                0x000000000042bbc0                ascii_minusculas
                0x000000000042bcc0                ascii_maiusculas
 *fill*         0x000000000042be13      0x1ed 
 .rodata        0x000000000042c000    0x108cf ahci.o
 *fill*         0x000000000043c8cf        0x1 
 .rodata        0x000000000043c8d0       0xb1 ide.o
 *fill*         0x000000000043c981        0x7 
 .rodata        0x000000000043c988      0x139 storage.o
 .rodata        0x000000000043cac1       0x12 rtc.o
 *fill*         0x000000000043cad3        0x5 
 .rodata        0x000000000043cad8      0x342 hda.o
 *fill*         0x000000000043ce1a        0x6 
 .rodata        0x000000000043ce20      0x223 e1000.o
 *fill*         0x000000000043d043        0x5 
 .rodata        0x000000000043d048      0x1f1 ethernet.o
 *fill*         0x000000000043d239        0x7 
 .rodata        0x000000000043d240      0x1b1 arp.o
 .rodata        0x000000000043d3f1       0x15 ipv4.o
 .rodata        0x000000000043d406       0xa5 dhcp.o
 *fill*         0x000000000043d4ab        0x5 
 .rodata        0x000000000043d4b0      0x1f3 rtl8169.o
 *fill*         0x000000000043d6a3        0x5 
 .rodata        0x000000000043d6a8      0x1ae pcnet.o
 *fill*         0x000000000043d856        0x2 
 .rodata        0x000000000043d858       0x74 vmnet.o
 *fill*         0x000000000043d8cc        0x4 
 .rodata        0x000000000043d8d0       0x71 video.o
 .rodata        0x000000000043d941       0x14 std.o
 *fill*         0x000000000043d955        0x3 
 .rodata        0x000000000043d958       0xad elf.o
 *fill*         0x000000000043da05        0x3 
 .rodata        0x000000000043da08      0x110 vsprintf.o
 .rodata        0x000000000043db18        0x9 stdio.o
 .rodata        0x000000000043db21        0xf panic.o
 .rodata        0x000000000043db30       0x2b msi.o
                0x000000000043e000                . = ALIGN (0x1000)
 *fill*         0x000000000043db5b      0x4a5 

.got            0x000000000043e000      0x548
 .got           0x000000000043e000      0x548 setup.o

.got.plt        0x000000000043e548       0x18
 .got.plt       0x000000000043e548       0x18 setup.o
                0x000000000043e548                _GLOBAL_OFFSET_TABLE_

.igot.plt       0x000000000043e560        0x0
 .igot.plt      0x000000000043e560        0x0 setup.o

.data.rel.local
                0x000000000043e560     0x1dc0
 .data.rel.local
                0x000000000043e560      0x100 exception.o
                0x000000000043e560                exception_mensagem
 .data.rel.local
                0x000000000043e660       0xc0 irq.o
                0x000000000043e660                fnvetors_handler
 .data.rel.local
                0x000000000043e720       0x98 syscall.o
                0x000000000043e720                fnvetors_syscall
 *fill*         0x000000000043e7b8        0x8 
 .data.rel.local
                0x000000000043e7c0      0x1b0 console.o
                0x000000000043e7c0                cmd_table
 *fill*         0x000000000043e970       0x10 
 .data.rel.local
                0x000000000043e980     0x1400 pci.o
                0x000000000043e980                pci_classes
                0x000000000043f180                pci_class_names
 .data.rel.local
                0x000000000043fd80       0x20 mouse.o
                0x000000000043fd80                id_mouse_strings
 .data.rel.local
                0x000000000043fda0       0x38 ahci.o
                0x000000000043fda0                ahci_type
 *fill*         0x000000000043fdd8        0x8 
 .data.rel.local
                0x000000000043fde0       0x48 dhcp.o
                0x000000000043fde0                string_dhcp_message
 *fill*         0x000000000043fe28       0x18 
 .data.rel.local
                0x000000000043fe40      0x3d0 rtl8169.o
 *fill*         0x0000000000440210       0x10 
 .data.rel.local
                0x0000000000440220      0x100 msi.o

.bss            0x0000000000440320    0x27ce0
                0x0000000000440320                bss = .
                0x0000000000440320                _bss = .
                0x0000000000440320                __bss = .
 *(.bss)
 .bss           0x0000000000440320    0x20000 setup.o
 .bss           0x0000000000460320        0x0 main.o
 .bss           0x0000000000460320        0x0 io.o
 .bss           0x0000000000460320        0x0 gdt.o
 .bss           0x0000000000460320        0x0 tss.o
 .bss           0x0000000000460320        0x0 idt.o
 .bss           0x0000000000460320        0x0 exception.o
 .bss           0x0000000000460320        0x0 data.o
 .bss           0x0000000000460320        0x0 server.o
 .bss           0x0000000000460320        0x0 smp.o
 .bss           0x0000000000460320        0x0 delay.o
 .bss           0x0000000000460320       0x20 paging.o
                0x0000000000460320                pml4e
                0x0000000000460328                pdpte
                0x0000000000460330                pae_pde
                0x0000000000460338                pae_pte
 .bss           0x0000000000460340        0x0 mm.o
 .bss           0x0000000000460340        0x0 cpuid.o
 .bss           0x0000000000460340        0x0 msr.o
 .bss           0x0000000000460340        0x0 lvt.o
 .bss           0x0000000000460340        0x0 irq.o
 .bss           0x0000000000460340        0x0 apic.o
 .bss           0x0000000000460340        0x0 apic_timer.o
 .bss           0x0000000000460340        0x0 ioapic.o
 .bss           0x0000000000460340        0x0 intr.o
 .bss           0x0000000000460340        0x0 sleep.o
 .bss           0x0000000000460340        0x0 thread.o
 .bss           0x0000000000460340        0x0 exectve.o
 .bss           0x0000000000460340        0x0 syscall.o
 .bss           0x0000000000460340        0x8 console.o
                0x0000000000460340                call_loader
 .bss           0x0000000000460348        0x0 exit.o
 .bss           0x0000000000460348        0x0 sse.o
 .bss           0x0000000000460348        0x0 pci.o
 .bss           0x0000000000460348        0x0 i965.o
 .bss           0x0000000000460348        0x0 cursor.o
 .bss           0x0000000000460348        0x0 acpi.o
 *fill*         0x0000000000460348       0x18 
 .bss           0x0000000000460360      0x100 hpet.o
 .bss           0x0000000000460460        0x0 lpc.o
 .bss           0x0000000000460460        0x0 pit.o
 .bss           0x0000000000460460        0x0 ps2.o
 .bss           0x0000000000460460        0x4 mouse.o
                0x0000000000460460                mouse_position
 *fill*         0x0000000000460464        0x4 
 .bss           0x0000000000460468       0x18 keyboard.o
                0x0000000000460468                kbd_irq_ack
 .bss           0x0000000000460480        0x0 ahci.o
 .bss           0x0000000000460480        0x0 ide.o
 .bss           0x0000000000460480        0x8 storage.o
                0x0000000000460480                ata_pci
 .bss           0x0000000000460488        0x1 rtc.o
 .bss           0x0000000000460489        0x0 hda.o
 .bss           0x0000000000460489        0x0 speaker.o
 *fill*         0x0000000000460489        0x7 
 .bss           0x0000000000460490       0x10 e1000.o
 .bss           0x00000000004604a0        0x8 ethernet.o
                0x00000000004604a0                package_recieved_ack
 .bss           0x00000000004604a8        0x0 arp.o
 .bss           0x00000000004604a8        0x0 udp.o
 .bss           0x00000000004604a8        0x4 ipv4.o
                0x00000000004604a8                ipv4_count
 .bss           0x00000000004604ac        0x0 dhcp.o
 .bss           0x00000000004604ac        0x0 tcp.o
 .bss           0x00000000004604ac        0x0 checksum.o
 .bss           0x00000000004604ac        0x0 rtl8169.o
 .bss           0x00000000004604ac        0x4 pcnet.o
 .bss           0x00000000004604b0        0x4 vmnet.o
 .bss           0x00000000004604b4        0x0 port.o
 .bss           0x00000000004604b4        0x0 bga.o
 .bss           0x00000000004604b4        0x0 video.o
 .bss           0x00000000004604b4        0x0 gui.o
 .bss           0x00000000004604b4        0x0 compositor.o
 .bss           0x00000000004604b4        0x0 window_server.o
 .bss           0x00000000004604b4        0x0 font8x16.o
 .bss           0x00000000004604b4        0x0 std.o
 .bss           0x00000000004604b4        0x0 cfs.o
 .bss           0x00000000004604b4        0x0 pipe.o
 .bss           0x00000000004604b4        0x2 socket.o
 .bss           0x00000000004604b6        0x0 elf.o
 .bss           0x00000000004604b6        0x0 bind.o
 .bss           0x00000000004604b6        0x0 inet.o
 .bss           0x00000000004604b6        0x0 recvfrom.o
 .bss           0x00000000004604b6        0x0 sendto.o
 .bss           0x00000000004604b6        0x0 string.o
 .bss           0x00000000004604b6        0x0 vsprintf.o
 .bss           0x00000000004604b6        0x0 stdio.o
 .bss           0x00000000004604b6        0x0 stdlib.o
 .bss           0x00000000004604b6        0x0 sse_memcpy.o
 .bss           0x00000000004604b6        0x0 panic.o
 .bss           0x00000000004604b6        0x0 msi.o
 *(COMMON)
 *fill*         0x00000000004604b6        0x2 
 COMMON         0x00000000004604b8       0x40 main.o
                0x00000000004604b8                mult_task
                0x00000000004604bc                ATA_BAR1
                0x00000000004604c0                ATA_BAR4
                0x00000000004604c8                user
                0x00000000004604d0                CPUID_REQUEST
                0x00000000004604d4                launcher
                0x00000000004604d8                ATA_BAR0
                0x00000000004604dc                ATA_BAR3
                0x00000000004604e0                no
                0x00000000004604e8                syspwd
                0x00000000004604f0                ATA_BAR2
                0x00000000004604f4                ATA_BAR5
 *fill*         0x00000000004604f8        0x8 
 COMMON         0x0000000000460500      0x120 gdt.o
                0x0000000000460500                gdtr
                0x0000000000460520                gdt
 COMMON         0x0000000000460620       0x68 tss.o
                0x0000000000460620                tss
 *fill*         0x0000000000460688       0x18 
 COMMON         0x00000000004606a0     0x100a idt.o
                0x00000000004606a0                idt
                0x00000000004616a0                idtr
 *fill*         0x00000000004616aa        0x6 
 COMMON         0x00000000004616b0       0x25 data.o
                0x00000000004616b0                interrupt_status
                0x00000000004616b8                kernelmouse
                0x00000000004616c0                dv_uid
                0x00000000004616c8                pipe_launcher
                0x00000000004616d0                tmpnam
                0x00000000004616d4                dv_num
 *fill*         0x00000000004616d5        0xb 
 COMMON         0x00000000004616e0       0x50 server.o
                0x00000000004616e0                thread_id
                0x0000000000461700                server_id
 *fill*         0x0000000000461730       0x10 
 COMMON         0x0000000000461740      0x112 smp.o
                0x0000000000461740                core
 *fill*         0x0000000000461852        0x6 
 COMMON         0x0000000000461858       0x38 mm.o
                0x0000000000461858                PAGE_BITMAP
                0x0000000000461860                alloc_pte
                0x0000000000461868                alloc_pde
                0x0000000000461870                RAM_BITMAP
                0x0000000000461878                alloc_spin_lock
                0x0000000000461880                device_pde
                0x0000000000461888                g_mm_mp_index
 COMMON         0x0000000000461890       0x10 apic.o
                0x0000000000461890                localId
                0x0000000000461898                lapicbase
 COMMON         0x00000000004618a0        0x4 apic_timer.o
                0x00000000004618a0                apic_timer_ticks
 *fill*         0x00000000004618a4       0x1c 
 COMMON         0x00000000004618c0       0xc8 ioapic.o
                0x00000000004618c0                ioapic_redir_table
                0x0000000000461980                ioapic_base
 COMMON         0x0000000000461988      0x1f0 thread.o
                0x0000000000461988                context2_r15
                0x0000000000461990                context2_rsp0
                0x0000000000461998                context2_r12
                0x00000000004619a0                context2_gs
                0x00000000004619a8                context_rcx
                0x00000000004619b0                context2_ds
                0x00000000004619b8                context_r12
                0x00000000004619c0                context_rax
                0x00000000004619c8                context_ds
                0x00000000004619d0                context2_ss
                0x00000000004619d8                current_thread
                0x00000000004619e0                context2_cs
                0x00000000004619e8                current_thread2
                0x00000000004619f0                context2_pid
                0x00000000004619f8                context_rsi
                0x0000000000461a00                context2_r13
                0x0000000000461a08                context2_rbp
                0x0000000000461a10                context_r9
                0x0000000000461a18                context_rdx
                0x0000000000461a20                context_rflag
                0x0000000000461a28                current_thread1
                0x0000000000461a30                context_fxsave
                0x0000000000461a38                context2_rdx
                0x0000000000461a40                context_cs
                0x0000000000461a48                context_rsp0
                0x0000000000461a50                context2_es
                0x0000000000461a58                thread_ready_queue
                0x0000000000461a60                context_cr3
                0x0000000000461a68                context_rsp
                0x0000000000461a70                context_fs
                0x0000000000461a78                context2_rax
                0x0000000000461a80                context_rbp
                0x0000000000461a88                context_r8
                0x0000000000461a90                context2_rcx
                0x0000000000461a98                context_r15
                0x0000000000461aa0                context2_rflag
                0x0000000000461aa8                context_ss
                0x0000000000461ab0                context2_r14
                0x0000000000461ab8                context2_fs
                0x0000000000461ac0                context2_rbx
                0x0000000000461ac8                context2_r11
                0x0000000000461ad0                context2_cr3
                0x0000000000461ad8                next_pid
                0x0000000000461ae0                context_gs
                0x0000000000461ae8                context_r11
                0x0000000000461af0                context2_r9
                0x0000000000461af8                first_thread2
                0x0000000000461b00                context2_r10
                0x0000000000461b08                context2_rip
                0x0000000000461b10                context2_fxsave
                0x0000000000461b18                context2_rsp
                0x0000000000461b20                context_r13
                0x0000000000461b28                context_r10
                0x0000000000461b30                context_rip
                0x0000000000461b38                context_pid
                0x0000000000461b40                context_rbx
                0x0000000000461b48                context_r14
                0x0000000000461b50                context2_r8
                0x0000000000461b58                context2_rsi
                0x0000000000461b60                context_rdi
                0x0000000000461b68                context2_rdi
                0x0000000000461b70                context_es
 COMMON         0x0000000000461b78        0x8 syscall.o
                0x0000000000461b78                ret
 COMMON         0x0000000000461b80       0x78 i965.o
                0x0000000000461b80                fb
                0x0000000000461ba0                mode
                0x0000000000461bc0                gtt
 COMMON         0x0000000000461bf8       0x50 acpi.o
                0x0000000000461bf8                fadt
                0x0000000000461c00                acpi_physical_init
                0x0000000000461c08                SLP_TYPa
                0x0000000000461c10                hpet
                0x0000000000461c18                xsdt
                0x0000000000461c20                rsdt
                0x0000000000461c28                dsdt
                0x0000000000461c30                SLP_TYPb
                0x0000000000461c38                acpi_virtual_addr
                0x0000000000461c40                rsdp
 COMMON         0x0000000000461c48       0x10 hpet.o
                0x0000000000461c48                hpet_register
                0x0000000000461c50                period
 COMMON         0x0000000000461c58       0x10 pit.o
                0x0000000000461c58                eticks
                0x0000000000461c60                timer_ticks
 COMMON         0x0000000000461c68       0x24 mouse.o
                0x0000000000461c68                mouse_x
                0x0000000000461c6c                count_mouse
                0x0000000000461c70                mouse2
                0x0000000000461c78                first_time
                0x0000000000461c7c                buttons
                0x0000000000461c80                mouse
                0x0000000000461c88                mouse_y
 COMMON         0x0000000000461c8c        0x4 keyboard.o
                0x0000000000461c8c                key_buffer
                0x0000000000461c8e                led_status
                0x0000000000461c8f                keyboard_charset
 *fill*         0x0000000000461c90       0x10 
 COMMON         0x0000000000461ca0      0x220 ahci.o
                0x0000000000461ca0                dmavirt
                0x0000000000461ca8                dmaphy
                0x0000000000461cb0                HBA_BASE
                0x0000000000461cb8                hba_mem_space
                0x0000000000461cc0                sata_idtfy
 COMMON         0x0000000000461ec0        0x8 ide.o
                0x0000000000461ec0                ata_record_channel
                0x0000000000461ec4                ata_record_dev
 *fill*         0x0000000000461ec8       0x18 
 COMMON         0x0000000000461ee0      0x800 storage.o
                0x0000000000461ee0                ata
 COMMON         0x00000000004626e0        0x8 rtc.o
                0x00000000004626e0                clock
 *fill*         0x00000000004626e8       0x18 
 COMMON         0x0000000000462700       0xd4 hda.o
                0x0000000000462700                corb_pointer
                0x0000000000462704                HDBARL
                0x0000000000462708                hda_base
                0x0000000000462710                HDA_MEM_SIZE
                0x0000000000462714                beep_node
                0x0000000000462720                hda_widget
                0x00000000004627a0                output_node
                0x00000000004627a8                HDA_STREAM_MEMORY
                0x00000000004627b0                RIRB_MEMORY
                0x00000000004627b8                HDA_MEM
                0x00000000004627c0                CORB_MEMORY
                0x00000000004627c8                hda_max_volume
                0x00000000004627cc                HDBARU
                0x00000000004627d0                input_node
 *fill*         0x00000000004627d4        0xc 
 COMMON         0x00000000004627e0      0x180 e1000.o
                0x00000000004627e0                tx_descs
                0x0000000000462820                rx_memory
                0x0000000000462840                rx_descs
                0x0000000000462940                tx_memory
 COMMON         0x0000000000462960      0x2e4 ethernet.o
                0x0000000000462960                our_ip
                0x0000000000462964                local_ip
                0x0000000000462968                router_ip
                0x0000000000462980                packege_desc_buffer
                0x0000000000462c00                default_ethernet_device
                0x0000000000462c21                dns_ip
                0x0000000000462c25                dhcp_ip
                0x0000000000462c30                default_ethernet_package_descriptor
 *fill*         0x0000000000462c44       0x1c 
 COMMON         0x0000000000462c60     0x2800 arp.o
                0x0000000000462c60                arp_cache
 COMMON         0x0000000000465460        0x8 ipv4.o
                0x0000000000465460                ipv4_cache
 COMMON         0x0000000000465468        0x8 tcp.o
                0x0000000000465468                queue_conn
 *fill*         0x0000000000465470       0x10 
 COMMON         0x0000000000465480     0x1068 rtl8169.o
                0x0000000000465480                re_soft
                0x00000000004664e0                re_base_addr
 *fill*         0x00000000004664e8       0x18 
 COMMON         0x0000000000466500      0x1d0 pcnet.o
                0x0000000000466500                pcnet_block
                0x0000000000466520                pcnet_softc
 *fill*         0x00000000004666d0       0x10 
 COMMON         0x00000000004666e0      0x800 vmnet.o
                0x00000000004666e0                rx_desc
 COMMON         0x0000000000466ee0        0x8 port.o
                0x0000000000466ee0                port_bitmap
 *fill*         0x0000000000466ee8       0x18 
 COMMON         0x0000000000466f00       0x68 gui.o
                0x0000000000466f00                gui
 COMMON         0x0000000000466f68       0x38 compositor.o
                0x0000000000466f68                rf
                0x0000000000466f70                window_count
                0x0000000000466f78                screan_spin_lock
                0x0000000000466f80                paint
                0x0000000000466f88                gid
                0x0000000000466f90                paint_ready_queue
                0x0000000000466f98                paint_foco
 COMMON         0x0000000000466fa0        0x4 window_server.o
                0x0000000000466fa0                w_remove_spinlock
 *fill*         0x0000000000466fa4        0x4 
 COMMON         0x0000000000466fa8       0x30 std.o
                0x0000000000466fa8                stdout
                0x0000000000466fb0                _stderr
                0x0000000000466fb8                _stdin
                0x0000000000466fc0                stdin
                0x0000000000466fc8                _stdout
                0x0000000000466fd0                stderr
 COMMON         0x0000000000466fd8        0x8 cfs.o
                0x0000000000466fd8                fs_directory
 COMMON         0x0000000000466fe0      0x4cc socket.o
                0x0000000000466fe0                current_saddr
                0x0000000000466fe8                row_cur
                0x0000000000467000                sockt_receive_row
                0x00000000004674a0                saddr_ready_queue
                0x00000000004674a8                socket_next_id
 COMMON         0x00000000004674ac        0x4 stdio.o
                0x00000000004674ac                VERBOSE
 COMMON         0x00000000004674b0        0x4 msi.o
                0x00000000004674b0                vector_msi
                0x0000000000468000                . = ALIGN (0x1000)
 *fill*         0x00000000004674b4      0xb4c 

.eh_frame       0x0000000000468000     0x5000
                0x0000000000468000                eh_frame = .
 *(.eh_frame)
 .eh_frame      0x0000000000468000       0xa8 main.o
 .eh_frame      0x00000000004680a8       0x20 io.o
                                         0x38 (size before relaxing)
 .eh_frame      0x00000000004680c8       0x50 gdt.o
                                         0x68 (size before relaxing)
 .eh_frame      0x0000000000468118       0x48 tss.o
                                         0x60 (size before relaxing)
 .eh_frame      0x0000000000468160       0xd8 idt.o
                                         0xf0 (size before relaxing)
 .eh_frame      0x0000000000468238       0x50 exception.o
                                         0x68 (size before relaxing)
 .eh_frame      0x0000000000468288       0x68 server.o
                                         0x80 (size before relaxing)
 .eh_frame      0x00000000004682f0       0x70 smp.o
                                         0x88 (size before relaxing)
 .eh_frame      0x0000000000468360       0x40 delay.o
                                         0x58 (size before relaxing)
 .eh_frame      0x00000000004683a0       0xc0 paging.o
                                         0xd8 (size before relaxing)
 .eh_frame      0x0000000000468460      0x228 mm.o
                                        0x240 (size before relaxing)
 .eh_frame      0x0000000000468688       0x90 cpuid.o
                                         0xa8 (size before relaxing)
 .eh_frame      0x0000000000468718       0x40 msr.o
                                         0x58 (size before relaxing)
 .eh_frame      0x0000000000468758       0x88 lvt.o
                                         0xa0 (size before relaxing)
 .eh_frame      0x00000000004687e0       0x78 irq.o
                                         0x90 (size before relaxing)
 .eh_frame      0x0000000000468858      0x140 apic.o
                                        0x158 (size before relaxing)
 .eh_frame      0x0000000000468998       0xe0 apic_timer.o
                                         0xf8 (size before relaxing)
 .eh_frame      0x0000000000468a78       0xf8 ioapic.o
                                        0x110 (size before relaxing)
 .eh_frame      0x0000000000468b70       0x50 intr.o
                                         0x68 (size before relaxing)
 .eh_frame      0x0000000000468bc0       0x28 sleep.o
                                         0x40 (size before relaxing)
 .eh_frame      0x0000000000468be8      0x138 thread.o
                                        0x150 (size before relaxing)
 .eh_frame      0x0000000000468d20       0x58 exectve.o
                                         0x70 (size before relaxing)
 .eh_frame      0x0000000000468d78      0x300 syscall.o
                                        0x318 (size before relaxing)
 .eh_frame      0x0000000000469078      0x290 console.o
                                        0x2a8 (size before relaxing)
 .eh_frame      0x0000000000469308       0x58 exit.o
                                         0x70 (size before relaxing)
 .eh_frame      0x0000000000469360       0xc8 sse.o
                                         0xe0 (size before relaxing)
 .eh_frame      0x0000000000469428      0x238 pci.o
                                        0x250 (size before relaxing)
 .eh_frame      0x0000000000469660      0x240 i965.o
                                        0x258 (size before relaxing)
 .eh_frame      0x00000000004698a0       0x68 cursor.o
                                         0x80 (size before relaxing)
 .eh_frame      0x0000000000469908      0x148 acpi.o
                                        0x160 (size before relaxing)
 .eh_frame      0x0000000000469a50       0xa0 hpet.o
                                         0xb8 (size before relaxing)
 .eh_frame      0x0000000000469af0       0x48 lpc.o
                                         0x60 (size before relaxing)
 .eh_frame      0x0000000000469b38       0x88 pit.o
                                         0xa0 (size before relaxing)
 .eh_frame      0x0000000000469bc0       0x88 ps2.o
                                         0xa0 (size before relaxing)
 .eh_frame      0x0000000000469c48       0xf0 mouse.o
                                        0x108 (size before relaxing)
 .eh_frame      0x0000000000469d38      0x128 keyboard.o
                                        0x140 (size before relaxing)
 .eh_frame      0x0000000000469e60      0x218 ahci.o
                                        0x230 (size before relaxing)
 .eh_frame      0x000000000046a078      0x248 ide.o
                                        0x260 (size before relaxing)
 .eh_frame      0x000000000046a2c0       0xb0 storage.o
                                         0xc8 (size before relaxing)
 .eh_frame      0x000000000046a370      0x100 rtc.o
                                        0x118 (size before relaxing)
 .eh_frame      0x000000000046a470      0x270 hda.o
                                        0x288 (size before relaxing)
 .eh_frame      0x000000000046a6e0       0x88 speaker.o
                                         0xa0 (size before relaxing)
 .eh_frame      0x000000000046a768      0x190 e1000.o
                                        0x1a8 (size before relaxing)
 .eh_frame      0x000000000046a8f8      0x1d8 ethernet.o
                                        0x1f0 (size before relaxing)
 .eh_frame      0x000000000046aad0      0x178 arp.o
                                        0x190 (size before relaxing)
 .eh_frame      0x000000000046ac48       0x78 udp.o
                                         0x90 (size before relaxing)
 .eh_frame      0x000000000046acc0       0x50 ipv4.o
                                         0x68 (size before relaxing)
 .eh_frame      0x000000000046ad10       0x98 dhcp.o
                                         0xb0 (size before relaxing)
 .eh_frame      0x000000000046ada8      0x120 tcp.o
                                        0x138 (size before relaxing)
 .eh_frame      0x000000000046aec8       0x40 checksum.o
                                         0x58 (size before relaxing)
 .eh_frame      0x000000000046af08      0x2c8 rtl8169.o
                                        0x2e0 (size before relaxing)
 .eh_frame      0x000000000046b1d0      0x1a0 pcnet.o
                                        0x1b8 (size before relaxing)
 .eh_frame      0x000000000046b370      0x138 vmnet.o
                                        0x150 (size before relaxing)
 .eh_frame      0x000000000046b4a8       0x88 port.o
                                         0xa0 (size before relaxing)
 .eh_frame      0x000000000046b530       0xd0 bga.o
                                         0xe8 (size before relaxing)
 .eh_frame      0x000000000046b600       0x30 video.o
                                         0x48 (size before relaxing)
 .eh_frame      0x000000000046b630      0x128 gui.o
                                        0x140 (size before relaxing)
 .eh_frame      0x000000000046b758      0x110 compositor.o
                                        0x128 (size before relaxing)
 .eh_frame      0x000000000046b868       0x88 window_server.o
                                         0xa0 (size before relaxing)
 .eh_frame      0x000000000046b8f0       0x98 std.o
                                         0xb0 (size before relaxing)
 .eh_frame      0x000000000046b988      0x118 cfs.o
                                        0x130 (size before relaxing)
 .eh_frame      0x000000000046baa0       0x68 pipe.o
                                         0x80 (size before relaxing)
 .eh_frame      0x000000000046bb08      0x150 socket.o
                                        0x168 (size before relaxing)
 .eh_frame      0x000000000046bc58       0x48 elf.o
                                         0x60 (size before relaxing)
 .eh_frame      0x000000000046bca0       0x50 bind.o
                                         0x68 (size before relaxing)
 .eh_frame      0x000000000046bcf0       0x20 inet.o
                                         0x38 (size before relaxing)
 .eh_frame      0x000000000046bd10       0x30 recvfrom.o
                                         0x48 (size before relaxing)
 .eh_frame      0x000000000046bd40       0x30 sendto.o
                                         0x48 (size before relaxing)
 .eh_frame      0x000000000046bd70       0xc0 string.o
                                         0xd8 (size before relaxing)
 .eh_frame      0x000000000046be30       0x50 vsprintf.o
                                         0x68 (size before relaxing)
 .eh_frame      0x000000000046be80      0x198 stdio.o
                                        0x1b0 (size before relaxing)
 .eh_frame      0x000000000046c018       0xd8 stdlib.o
                                         0xf0 (size before relaxing)
 .eh_frame      0x000000000046c0f0       0x20 sse_memcpy.o
                                         0x38 (size before relaxing)
 .eh_frame      0x000000000046c110       0x20 panic.o
                                         0x38 (size before relaxing)
 .eh_frame      0x000000000046c130       0xc4 msi.o
                                         0xe0 (size before relaxing)
                0x000000000046d000                . = ALIGN (0x1000)
 *fill*         0x000000000046c1f4      0xe0c 
                0x000000000046d000                end = .
                0x000000000046d000                _end = .
                0x000000000046d000                __end = .
LOAD setup.o
LOAD main.o
LOAD io.o
LOAD gdt.o
LOAD tss.o
LOAD idt.o
LOAD vetor.o
LOAD exception.o
LOAD data.o
LOAD server.o
LOAD smp.o
LOAD delay.o
LOAD paging.o
LOAD mm.o
LOAD cpuid.o
LOAD msr.o
LOAD lvt.o
LOAD irq.o
LOAD apic.o
LOAD apic_timer.o
LOAD ioapic.o
LOAD intr.o
LOAD sleep.o
LOAD thread.o
LOAD exectve.o
LOAD syscall.o
LOAD asyscall.o
LOAD console.o
LOAD exit.o
LOAD sse.o
LOAD pci.o
LOAD i965.o
LOAD cursor.o
LOAD acpi.o
LOAD hpet.o
LOAD lpc.o
LOAD pit.o
LOAD ps2.o
LOAD mouse.o
LOAD keyboard.o
LOAD ahci.o
LOAD ide.o
LOAD storage.o
LOAD rtc.o
LOAD hda.o
LOAD speaker.o
LOAD e1000.o
LOAD ethernet.o
LOAD arp.o
LOAD udp.o
LOAD ipv4.o
LOAD dhcp.o
LOAD tcp.o
LOAD checksum.o
LOAD rtl8169.o
LOAD pcnet.o
LOAD vmnet.o
LOAD port.o
LOAD bga.o
LOAD video.o
LOAD gui.o
LOAD compositor.o
LOAD window_server.o
LOAD font8x16.o
LOAD std.o
LOAD cfs.o
LOAD pipe.o
LOAD socket.o
LOAD elf.o
LOAD bind.o
LOAD inet.o
LOAD recvfrom.o
LOAD sendto.o
LOAD string.o
LOAD vsprintf.o
LOAD stdio.o
LOAD stdlib.o
LOAD sse_memcpy.o
LOAD panic.o
LOAD msi.o
OUTPUT(kernel.bin elf64-x86-64)

.rela.dyn       0x000000000046d000        0x0
 .rela.got      0x000000000046d000        0x0 setup.o
 .rela.iplt     0x000000000046d000        0x0 setup.o
 .rela.text     0x000000000046d000        0x0 setup.o

.comment        0x0000000000000000       0x2a
 .comment       0x0000000000000000       0x2a main.o
                                         0x2b (size before relaxing)
 .comment       0x000000000000002a       0x2b io.o
 .comment       0x000000000000002a       0x2b gdt.o
 .comment       0x000000000000002a       0x2b tss.o
 .comment       0x000000000000002a       0x2b idt.o
 .comment       0x000000000000002a       0x2b exception.o
 .comment       0x000000000000002a       0x2b data.o
 .comment       0x000000000000002a       0x2b server.o
 .comment       0x000000000000002a       0x2b smp.o
 .comment       0x000000000000002a       0x2b delay.o
 .comment       0x000000000000002a       0x2b paging.o
 .comment       0x000000000000002a       0x2b mm.o
 .comment       0x000000000000002a       0x2b cpuid.o
 .comment       0x000000000000002a       0x2b msr.o
 .comment       0x000000000000002a       0x2b lvt.o
 .comment       0x000000000000002a       0x2b irq.o
 .comment       0x000000000000002a       0x2b apic.o
 .comment       0x000000000000002a       0x2b apic_timer.o
 .comment       0x000000000000002a       0x2b ioapic.o
 .comment       0x000000000000002a       0x2b intr.o
 .comment       0x000000000000002a       0x2b sleep.o
 .comment       0x000000000000002a       0x2b thread.o
 .comment       0x000000000000002a       0x2b exectve.o
 .comment       0x000000000000002a       0x2b syscall.o
 .comment       0x000000000000002a       0x2b console.o
 .comment       0x000000000000002a       0x2b exit.o
 .comment       0x000000000000002a       0x2b sse.o
 .comment       0x000000000000002a       0x2b pci.o
 .comment       0x000000000000002a       0x2b i965.o
 .comment       0x000000000000002a       0x2b cursor.o
 .comment       0x000000000000002a       0x2b acpi.o
 .comment       0x000000000000002a       0x2b hpet.o
 .comment       0x000000000000002a       0x2b lpc.o
 .comment       0x000000000000002a       0x2b pit.o
 .comment       0x000000000000002a       0x2b ps2.o
 .comment       0x000000000000002a       0x2b mouse.o
 .comment       0x000000000000002a       0x2b keyboard.o
 .comment       0x000000000000002a       0x2b ahci.o
 .comment       0x000000000000002a       0x2b ide.o
 .comment       0x000000000000002a       0x2b storage.o
 .comment       0x000000000000002a       0x2b rtc.o
 .comment       0x000000000000002a       0x2b hda.o
 .comment       0x000000000000002a       0x2b speaker.o
 .comment       0x000000000000002a       0x2b e1000.o
 .comment       0x000000000000002a       0x2b ethernet.o
 .comment       0x000000000000002a       0x2b arp.o
 .comment       0x000000000000002a       0x2b udp.o
 .comment       0x000000000000002a       0x2b ipv4.o
 .comment       0x000000000000002a       0x2b dhcp.o
 .comment       0x000000000000002a       0x2b tcp.o
 .comment       0x000000000000002a       0x2b checksum.o
 .comment       0x000000000000002a       0x2b rtl8169.o
 .comment       0x000000000000002a       0x2b pcnet.o
 .comment       0x000000000000002a       0x2b vmnet.o
 .comment       0x000000000000002a       0x2b port.o
 .comment       0x000000000000002a       0x2b bga.o
 .comment       0x000000000000002a       0x2b video.o
 .comment       0x000000000000002a       0x2b gui.o
 .comment       0x000000000000002a       0x2b compositor.o
 .comment       0x000000000000002a       0x2b window_server.o
 .comment       0x000000000000002a       0x2b font8x16.o
 .comment       0x000000000000002a       0x2b std.o
 .comment       0x000000000000002a       0x2b cfs.o
 .comment       0x000000000000002a       0x2b pipe.o
 .comment       0x000000000000002a       0x2b socket.o
 .comment       0x000000000000002a       0x2b elf.o
 .comment       0x000000000000002a       0x2b bind.o
 .comment       0x000000000000002a       0x2b inet.o
 .comment       0x000000000000002a       0x2b recvfrom.o
 .comment       0x000000000000002a       0x2b sendto.o
 .comment       0x000000000000002a       0x2b string.o
 .comment       0x000000000000002a       0x2b vsprintf.o
 .comment       0x000000000000002a       0x2b stdio.o
 .comment       0x000000000000002a       0x2b stdlib.o
 .comment       0x000000000000002a       0x2b sse_memcpy.o
 .comment       0x000000000000002a       0x2b panic.o
 .comment       0x000000000000002a       0x2b msi.o

.note.GNU-stack
                0x0000000000000000        0x0
 .note.GNU-stack
                0x0000000000000000        0x0 main.o
 .note.GNU-stack
                0x0000000000000000        0x0 io.o
 .note.GNU-stack
                0x0000000000000000        0x0 gdt.o
 .note.GNU-stack
                0x0000000000000000        0x0 tss.o
 .note.GNU-stack
                0x0000000000000000        0x0 idt.o
 .note.GNU-stack
                0x0000000000000000        0x0 exception.o
 .note.GNU-stack
                0x0000000000000000        0x0 data.o
 .note.GNU-stack
                0x0000000000000000        0x0 server.o
 .note.GNU-stack
                0x0000000000000000        0x0 smp.o
 .note.GNU-stack
                0x0000000000000000        0x0 delay.o
 .note.GNU-stack
                0x0000000000000000        0x0 paging.o
 .note.GNU-stack
                0x0000000000000000        0x0 mm.o
 .note.GNU-stack
                0x0000000000000000        0x0 cpuid.o
 .note.GNU-stack
                0x0000000000000000        0x0 msr.o
 .note.GNU-stack
                0x0000000000000000        0x0 lvt.o
 .note.GNU-stack
                0x0000000000000000        0x0 irq.o
 .note.GNU-stack
                0x0000000000000000        0x0 apic.o
 .note.GNU-stack
                0x0000000000000000        0x0 apic_timer.o
 .note.GNU-stack
                0x0000000000000000        0x0 ioapic.o
 .note.GNU-stack
                0x0000000000000000        0x0 intr.o
 .note.GNU-stack
                0x0000000000000000        0x0 sleep.o
 .note.GNU-stack
                0x0000000000000000        0x0 thread.o
 .note.GNU-stack
                0x0000000000000000        0x0 exectve.o
 .note.GNU-stack
                0x0000000000000000        0x0 syscall.o
 .note.GNU-stack
                0x0000000000000000        0x0 console.o
 .note.GNU-stack
                0x0000000000000000        0x0 exit.o
 .note.GNU-stack
                0x0000000000000000        0x0 sse.o
 .note.GNU-stack
                0x0000000000000000        0x0 pci.o
 .note.GNU-stack
                0x0000000000000000        0x0 i965.o
 .note.GNU-stack
                0x0000000000000000        0x0 cursor.o
 .note.GNU-stack
                0x0000000000000000        0x0 acpi.o
 .note.GNU-stack
                0x0000000000000000        0x0 hpet.o
 .note.GNU-stack
                0x0000000000000000        0x0 lpc.o
 .note.GNU-stack
                0x0000000000000000        0x0 pit.o
 .note.GNU-stack
                0x0000000000000000        0x0 ps2.o
 .note.GNU-stack
                0x0000000000000000        0x0 mouse.o
 .note.GNU-stack
                0x0000000000000000        0x0 keyboard.o
 .note.GNU-stack
                0x0000000000000000        0x0 ahci.o
 .note.GNU-stack
                0x0000000000000000        0x0 ide.o
 .note.GNU-stack
                0x0000000000000000        0x0 storage.o
 .note.GNU-stack
                0x0000000000000000        0x0 rtc.o
 .note.GNU-stack
                0x0000000000000000        0x0 hda.o
 .note.GNU-stack
                0x0000000000000000        0x0 speaker.o
 .note.GNU-stack
                0x0000000000000000        0x0 e1000.o
 .note.GNU-stack
                0x0000000000000000        0x0 ethernet.o
 .note.GNU-stack
                0x0000000000000000        0x0 arp.o
 .note.GNU-stack
                0x0000000000000000        0x0 udp.o
 .note.GNU-stack
                0x0000000000000000        0x0 ipv4.o
 .note.GNU-stack
                0x0000000000000000        0x0 dhcp.o
 .note.GNU-stack
                0x0000000000000000        0x0 tcp.o
 .note.GNU-stack
                0x0000000000000000        0x0 checksum.o
 .note.GNU-stack
                0x0000000000000000        0x0 rtl8169.o
 .note.GNU-stack
                0x0000000000000000        0x0 pcnet.o
 .note.GNU-stack
                0x0000000000000000        0x0 vmnet.o
 .note.GNU-stack
                0x0000000000000000        0x0 port.o
 .note.GNU-stack
                0x0000000000000000        0x0 bga.o
 .note.GNU-stack
                0x0000000000000000        0x0 video.o
 .note.GNU-stack
                0x0000000000000000        0x0 gui.o
 .note.GNU-stack
                0x0000000000000000        0x0 compositor.o
 .note.GNU-stack
                0x0000000000000000        0x0 window_server.o
 .note.GNU-stack
                0x0000000000000000        0x0 font8x16.o
 .note.GNU-stack
                0x0000000000000000        0x0 std.o
 .note.GNU-stack
                0x0000000000000000        0x0 cfs.o
 .note.GNU-stack
                0x0000000000000000        0x0 pipe.o
 .note.GNU-stack
                0x0000000000000000        0x0 socket.o
 .note.GNU-stack
                0x0000000000000000        0x0 elf.o
 .note.GNU-stack
                0x0000000000000000        0x0 bind.o
 .note.GNU-stack
                0x0000000000000000        0x0 inet.o
 .note.GNU-stack
                0x0000000000000000        0x0 recvfrom.o
 .note.GNU-stack
                0x0000000000000000        0x0 sendto.o
 .note.GNU-stack
                0x0000000000000000        0x0 string.o
 .note.GNU-stack
                0x0000000000000000        0x0 vsprintf.o
 .note.GNU-stack
                0x0000000000000000        0x0 stdio.o
 .note.GNU-stack
                0x0000000000000000        0x0 stdlib.o
 .note.GNU-stack
                0x0000000000000000        0x0 sse_memcpy.o
 .note.GNU-stack
                0x0000000000000000        0x0 panic.o
 .note.GNU-stack
                0x0000000000000000        0x0 msi.o
