
Merging program properties

Removed property 0xc0000002 to merge main.o (0x3) and setup.o (not found)
Removed property 0xc0000002 to merge main.o (not found) and io.o (0x3)
Removed property 0xc0000002 to merge main.o (not found) and gdt.o (0x3)
Removed property 0xc0000002 to merge main.o (not found) and tss.o (0x3)
Removed property 0xc0000002 to merge main.o (not found) and idt.o (0x3)
Removed property 0xc0000002 to merge main.o (not found) and exception.o (0x3)
Removed property 0xc0000002 to merge main.o (not found) and data.o (0x3)
Removed property 0xc0000002 to merge main.o (not found) and server.o (0x3)
Removed property 0xc0000002 to merge main.o (not found) and smp.o (0x3)
Removed property 0xc0000002 to merge main.o (not found) and delay.o (0x3)
Removed property 0xc0000002 to merge main.o (not found) and paging.o (0x3)
Removed property 0xc0000002 to merge main.o (not found) and mm.o (0x3)
Removed property 0xc0000002 to merge main.o (not found) and cpuid.o (0x3)
Removed property 0xc0000002 to merge main.o (not found) and msr.o (0x3)
Removed property 0xc0000002 to merge main.o (not found) and lvt.o (0x3)
Removed property 0xc0000002 to merge main.o (not found) and irq.o (0x3)
Removed property 0xc0000002 to merge main.o (not found) and apic.o (0x3)
Removed property 0xc0000002 to merge main.o (not found) and ioapic.o (0x3)
Removed property 0xc0000002 to merge main.o (not found) and intr.o (0x3)
Removed property 0xc0000002 to merge main.o (not found) and sleep.o (0x3)
Removed property 0xc0000002 to merge main.o (not found) and thread.o (0x3)
Removed property 0xc0000002 to merge main.o (not found) and exectve.o (0x3)
Removed property 0xc0000002 to merge main.o (not found) and syscall.o (0x3)
Removed property 0xc0000002 to merge main.o (not found) and console.o (0x3)
Removed property 0xc0000002 to merge main.o (not found) and exit.o (0x3)
Removed property 0xc0000002 to merge main.o (not found) and sse.o (0x3)
Removed property 0xc0000002 to merge main.o (not found) and pci.o (0x3)
Removed property 0xc0000002 to merge main.o (not found) and i965.o (0x3)
Removed property 0xc0000002 to merge main.o (not found) and cursor.o (0x3)
Removed property 0xc0000002 to merge main.o (not found) and acpi.o (0x3)
Removed property 0xc0000002 to merge main.o (not found) and hpet.o (0x3)
Removed property 0xc0000002 to merge main.o (not found) and lpc.o (0x3)
Removed property 0xc0000002 to merge main.o (not found) and pit.o (0x3)
Removed property 0xc0000002 to merge main.o (not found) and ps2.o (0x3)
Removed property 0xc0000002 to merge main.o (not found) and mouse.o (0x3)
Removed property 0xc0000002 to merge main.o (not found) and keyboard.o (0x3)
Removed property 0xc0000002 to merge main.o (not found) and ahci.o (0x3)
Removed property 0xc0000002 to merge main.o (not found) and ide.o (0x3)
Removed property 0xc0000002 to merge main.o (not found) and storage.o (0x3)
Removed property 0xc0000002 to merge main.o (not found) and rtc.o (0x3)
Removed property 0xc0000002 to merge main.o (not found) and hda.o (0x3)
Removed property 0xc0000002 to merge main.o (not found) and speaker.o (0x3)
Removed property 0xc0000002 to merge main.o (not found) and e1000.o (0x3)
Removed property 0xc0000002 to merge main.o (not found) and ethernet.o (0x3)
Removed property 0xc0000002 to merge main.o (not found) and arp.o (0x3)
Removed property 0xc0000002 to merge main.o (not found) and udp.o (0x3)
Removed property 0xc0000002 to merge main.o (not found) and ipv4.o (0x3)
Removed property 0xc0000002 to merge main.o (not found) and dhcp.o (0x3)
Removed property 0xc0000002 to merge main.o (not found) and tcp.o (0x3)
Removed property 0xc0000002 to merge main.o (not found) and checksum.o (0x3)
Removed property 0xc0000002 to merge main.o (not found) and gui.o (0x3)
Removed property 0xc0000002 to merge main.o (not found) and compositor.o (0x3)
Removed property 0xc0000002 to merge main.o (not found) and font8x16.o (0x3)
Removed property 0xc0000002 to merge main.o (not found) and std.o (0x3)
Removed property 0xc0000002 to merge main.o (not found) and cfs.o (0x3)
Removed property 0xc0000002 to merge main.o (not found) and pipe.o (0x3)
Removed property 0xc0000002 to merge main.o (not found) and socket.o (0x3)
Removed property 0xc0000002 to merge main.o (not found) and string.o (0x3)
Removed property 0xc0000002 to merge main.o (not found) and vsprintf.o (0x3)
Removed property 0xc0000002 to merge main.o (not found) and stdio.o (0x3)
Removed property 0xc0000002 to merge main.o (not found) and stdlib.o (0x3)
Removed property 0xc0000002 to merge main.o (not found) and sse_memcpy.o (0x3)

Allocating common symbols
Common symbol       size              file

tx_descs            0x40              e1000.o
mult_task           0x1               main.o
interrupt_status    0x4               data.o
gdtr                0xa               gdt.o
our_ip              0x4               ethernet.o
stdout              0x8               std.o
corb_pointer        0x4               hda.o
ata_record_channel  0x4               ide.o
mouse_x             0x4               mouse.o
count_mouse         0x4               mouse.o
alloc_pte           0x8               mm.o
dmavirt             0x8               ahci.o
key_buffer          0x2               keyboard.o
rx_memory           0x20              e1000.o
context_rcx         0x8               thread.o
dmaphy              0x8               ahci.o
HDBARL              0x4               hda.o
window_count        0x8               compositor.o
screan_spin_lock    0x4               compositor.o
thread_id           0x8               server.o
_stderr             0x8               std.o
paint               0x8               compositor.o
fadt                0x8               acpi.o
server_id           0x30              server.o
gid                 0x8               compositor.o
kernelmouse         0x8               data.o
context_r12         0x8               thread.o
context_rax         0x8               thread.o
dv_uid              0x4               data.o
acpi_physical_init  0x8               acpi.o
eticks              0x8               pit.o
mouse2              0x8               mouse.o
fs_directory        0x8               cfs.o
gdt                 0x100             gdt.o
ATA_BAR1            0x4               main.o
ATA_BAR4            0x4               main.o
context_ds          0x8               thread.o
hda_base            0x8               hda.o
alloc_pde           0x8               mm.o
ipv4_cache          0x8               ipv4.o
current_saddr       0x8               socket.o
rx_descs            0x100             e1000.o
_stdin              0x8               std.o
SLP_TYPa            0x2               acpi.o
current_thread      0x8               thread.o
HDA_MEM_SIZE        0x4               hda.o
beep_node           0x4               hda.o
fb                  0x20              i965.o
current_thread2     0x8               thread.o
context_rsi         0x8               thread.o
hpet                0x8               acpi.o
user                0x8               main.o
context_r9          0x8               thread.o
tss                 0x68              tss.o
router_ip           0x4               ethernet.o
localId             0x4               apic.o
context_rdx         0x8               thread.o
core                0x112             smp.o
context_rflag       0x8               thread.o
current_thread1     0x8               thread.o
context_fxsave      0x8               thread.o
pipe_launcher       0x8               data.o
row_cur             0x4               socket.o
CPUID_REQUEST       0x4               main.o
mode                0x10              i965.o
first_time          0x4               mouse.o
xsdt                0x8               acpi.o
context_cs          0x8               thread.o
context_rsp0        0x8               thread.o
gui                 0x68              gui.o
paint_ready_queue   0x8               compositor.o
tx_memory           0x20              e1000.o
stdin               0x8               std.o
thread_ready_queue  0x8               thread.o
ata_record_dev      0x4               ide.o
ata                 0x800             storage.o
hda_widget          0x80              hda.o
context_cr3         0x8               thread.o
ioapic_redir_table  0xc0              ioapic.o
launcher            0x4               main.o
context_rsp         0x8               thread.o
context_fs          0x8               thread.o
context_rbp         0x8               thread.o
output_node         0x4               hda.o
context_r8          0x8               thread.o
ATA_BAR0            0x4               main.o
ATA_BAR3            0x4               main.o
HBA_BASE            0x8               ahci.o
timer_ticks         0x8               pit.o
context_r15         0x8               thread.o
gtt                 0x38              i965.o
HDA_STREAM_MEMORY   0x8               hda.o
RIRB_MEMORY         0x8               hda.o
no                  0x4               main.o
buttons             0x1               mouse.o
_stdout             0x8               std.o
hpet_register       0x8               hpet.o
ioapic_base         0x8               ioapic.o
context_ss          0x8               thread.o
rsdt                0x8               acpi.o
tmpnam              0x4               data.o
sockt_receive_row   0x4a0             socket.o
RAM_BITMAP          0x8               mm.o
idt                 0x1000            idt.o
syspwd              0x8               main.o
next_pid            0x8               thread.o
context_gs          0x8               thread.o
packege_desc_buffer
                    0x280             ethernet.o
context_r11         0x8               thread.o
alloc_spin_lock     0x4               mm.o
arp_cache           0x2800            arp.o
stderr              0x8               std.o
HDA_MEM             0x8               hda.o
idtr                0xa               idt.o
saddr_ready_queue   0x8               socket.o
keyboard_charset    0x1               keyboard.o
socket_next_id      0x4               socket.o
mouse               0x8               mouse.o
period              0x8               hpet.o
default_ethernet_device
                    0x20              ethernet.o
VERBOSE             0x4               stdio.o
context_r13         0x8               thread.o
dv_num              0x1               data.o
dns_ip              0x4               ethernet.o
dsdt                0x8               acpi.o
mouse_y             0x4               mouse.o
context_r10         0x8               thread.o
lapicbase           0x8               apic.o
device_pde          0x8               mm.o
context_rip         0x8               thread.o
context_pid         0x8               thread.o
context_rbx         0x8               thread.o
hba_mem_space       0x8               ahci.o
context_r14         0x8               thread.o
ret                 0x8               syscall.o
dhcp_ip             0x4               ethernet.o
clock               0x8               rtc.o
ATA_BAR2            0x4               main.o
ATA_BAR5            0x4               main.o
SLP_TYPb            0x2               acpi.o
acpi_virtual_addr   0x8               acpi.o
rsdp                0x8               acpi.o
CORB_MEMORY         0x8               hda.o
g_mm_mp_index       0x8               mm.o
sata_idtfy          0x200             ahci.o
context_rdi         0x8               thread.o
default_ethernet_package_descriptor
                    0x14              ethernet.o
hda_max_volume      0x4               hda.o
HDBARU              0x4               hda.o
context_es          0x8               thread.o
input_node          0x4               hda.o

Discarded input sections

 .note.gnu.property
                0x0000000000000000       0x20 main.o
 .note.gnu.property
                0x0000000000000000       0x20 io.o
 .note.gnu.property
                0x0000000000000000       0x20 gdt.o
 .note.gnu.property
                0x0000000000000000       0x20 tss.o
 .note.gnu.property
                0x0000000000000000       0x20 idt.o
 .note.gnu.property
                0x0000000000000000       0x20 exception.o
 .note.gnu.property
                0x0000000000000000       0x20 data.o
 .note.gnu.property
                0x0000000000000000       0x20 server.o
 .note.gnu.property
                0x0000000000000000       0x20 smp.o
 .note.gnu.property
                0x0000000000000000       0x20 delay.o
 .note.gnu.property
                0x0000000000000000       0x20 paging.o
 .note.gnu.property
                0x0000000000000000       0x20 mm.o
 .note.gnu.property
                0x0000000000000000       0x20 cpuid.o
 .note.gnu.property
                0x0000000000000000       0x20 msr.o
 .note.gnu.property
                0x0000000000000000       0x20 lvt.o
 .note.gnu.property
                0x0000000000000000       0x20 irq.o
 .note.gnu.property
                0x0000000000000000       0x20 apic.o
 .note.gnu.property
                0x0000000000000000       0x20 ioapic.o
 .note.gnu.property
                0x0000000000000000       0x20 intr.o
 .note.gnu.property
                0x0000000000000000       0x20 sleep.o
 .note.gnu.property
                0x0000000000000000       0x20 thread.o
 .note.gnu.property
                0x0000000000000000       0x20 exectve.o
 .note.gnu.property
                0x0000000000000000       0x20 syscall.o
 .note.gnu.property
                0x0000000000000000       0x20 console.o
 .note.gnu.property
                0x0000000000000000       0x20 exit.o
 .note.gnu.property
                0x0000000000000000       0x20 sse.o
 .note.gnu.property
                0x0000000000000000       0x20 pci.o
 .note.gnu.property
                0x0000000000000000       0x20 i965.o
 .note.gnu.property
                0x0000000000000000       0x20 cursor.o
 .note.gnu.property
                0x0000000000000000       0x20 acpi.o
 .note.gnu.property
                0x0000000000000000       0x20 hpet.o
 .note.gnu.property
                0x0000000000000000       0x20 lpc.o
 .note.gnu.property
                0x0000000000000000       0x20 pit.o
 .note.gnu.property
                0x0000000000000000       0x20 ps2.o
 .note.gnu.property
                0x0000000000000000       0x20 mouse.o
 .note.gnu.property
                0x0000000000000000       0x20 keyboard.o
 .note.gnu.property
                0x0000000000000000       0x20 ahci.o
 .note.gnu.property
                0x0000000000000000       0x20 ide.o
 .note.gnu.property
                0x0000000000000000       0x20 storage.o
 .note.gnu.property
                0x0000000000000000       0x20 rtc.o
 .note.gnu.property
                0x0000000000000000       0x20 hda.o
 .note.gnu.property
                0x0000000000000000       0x20 speaker.o
 .note.gnu.property
                0x0000000000000000       0x20 e1000.o
 .note.gnu.property
                0x0000000000000000       0x20 ethernet.o
 .note.gnu.property
                0x0000000000000000       0x20 arp.o
 .note.gnu.property
                0x0000000000000000       0x20 udp.o
 .note.gnu.property
                0x0000000000000000       0x20 ipv4.o
 .note.gnu.property
                0x0000000000000000       0x20 dhcp.o
 .note.gnu.property
                0x0000000000000000       0x20 tcp.o
 .note.gnu.property
                0x0000000000000000       0x20 checksum.o
 .note.gnu.property
                0x0000000000000000       0x20 gui.o
 .note.gnu.property
                0x0000000000000000       0x20 compositor.o
 .note.gnu.property
                0x0000000000000000       0x20 font8x16.o
 .note.gnu.property
                0x0000000000000000       0x20 std.o
 .note.gnu.property
                0x0000000000000000       0x20 cfs.o
 .note.gnu.property
                0x0000000000000000       0x20 pipe.o
 .note.gnu.property
                0x0000000000000000       0x20 socket.o
 .note.gnu.property
                0x0000000000000000       0x20 string.o
 .note.gnu.property
                0x0000000000000000       0x20 vsprintf.o
 .note.gnu.property
                0x0000000000000000       0x20 stdio.o
 .note.gnu.property
                0x0000000000000000       0x20 stdlib.o
 .note.gnu.property
                0x0000000000000000       0x20 sse_memcpy.o

Memory Configuration

Name             Origin             Length             Attributes
*default*        0x0000000000000000 0xffffffffffffffff

Linker script and memory map

                0x0000000000401000                . = 0x401000
                0x0000000000401000                _start = .

.text           0x0000000000401000    0x1f000
                0x0000000000401000                code = .
                0x0000000000401000                _code = .
                0x0000000000401000                __code = .
                0x0000000000401000                code = .
 *(.text)
 .text          0x0000000000401000       0xc2 setup.o
                0x0000000000401031                gdt_flush
                0x0000000000401054                idt_flush
                0x000000000040105b                call_function
                0x0000000000401070                copymem
                0x00000000004010a4                DisableSSE
                0x00000000004010af                EnableSSE
                0x00000000004010ba                SaveSSE
                0x00000000004010be                RestoreSSE
 .text          0x00000000004010c2      0xa88 main.o
                0x00000000004010c2                main
 .text          0x0000000000401b4a       0x42 io.o
                0x0000000000401b4a                wait
 .text          0x0000000000401b8c      0x5c5 gdt.o
                0x0000000000401e55                gdt_install
 .text          0x0000000000402151       0xa6 tss.o
                0x0000000000402151                load_ltr
                0x0000000000402184                tss_install
 .text          0x00000000004021f7      0x4cb idt.o
                0x0000000000402409                idt_install
                0x0000000000402527                idt_gate
                0x000000000040258f                _idt_gate
                0x000000000040266e                intr_null_function
 *fill*         0x00000000004026c2        0xe 
 .text          0x00000000004026d0      0x9dd vetor.o
                0x000000000040272e                isr00
                0x000000000040273d                isr01
                0x000000000040274c                isr02
                0x000000000040275b                isr03
                0x000000000040276a                isr04
                0x0000000000402779                isr05
                0x0000000000402788                isr06
                0x0000000000402797                isr07
                0x00000000004027a6                isr08
                0x00000000004027b0                isr09
                0x00000000004027bf                isr10
                0x00000000004027c9                isr11
                0x00000000004027d3                isr12
                0x00000000004027dd                isr13
                0x00000000004027e7                isr14
                0x00000000004027f1                isr15
                0x0000000000402800                isr16
                0x000000000040280f                isr17
                0x0000000000402819                isr18
                0x0000000000402828                isr19
                0x0000000000402837                isr20
                0x0000000000402846                isr21
                0x0000000000402855                isr22
                0x0000000000402864                isr23
                0x0000000000402873                isr24
                0x0000000000402882                isr25
                0x0000000000402891                isr26
                0x00000000004028a0                isr27
                0x00000000004028af                isr28
                0x00000000004028be                isr29
                0x00000000004028cd                isr30
                0x00000000004028dc                isr31
                0x0000000000402987                lvt0
                0x0000000000402b8e                lvt1
                0x0000000000402b9d                lvt2
                0x0000000000402bac                lvt3
                0x0000000000402bbb                lvt4
                0x0000000000402bcb                timer1
                0x0000000000402dca                timer2
                0x0000000000402dd9                timer3
                0x0000000000402de8                timer4
                0x0000000000402df7                timer5
                0x0000000000402e06                timer6
                0x0000000000402e15                timer7
                0x0000000000402e24                timer8
                0x0000000000402e81                irq0
                0x0000000000402e90                irq1
                0x0000000000402e9f                irq2
                0x0000000000402eae                irq3
                0x0000000000402ebd                irq4
                0x0000000000402ecc                irq5
                0x0000000000402edb                irq6
                0x0000000000402eea                irq7
                0x0000000000402ef9                irq8
                0x0000000000402f08                irq9
                0x0000000000402f17                irq10
                0x0000000000402f26                irq11
                0x0000000000402f35                irq12
                0x0000000000402f44                irq13
                0x0000000000402f53                irq14
                0x0000000000402f62                irq15
                0x0000000000402f71                irq16
                0x0000000000402f80                irq17
                0x0000000000402f8f                irq18
                0x0000000000402f9e                irq19
                0x0000000000402fad                irq20
                0x0000000000402fbc                irq21
                0x0000000000402fcb                irq22
                0x0000000000402fda                irq23
                0x0000000000403047                intr255
                0x0000000000403056                intr_null
 .text          0x00000000004030ad      0x7e8 exception.o
                0x00000000004030ad                exceptions_install
                0x00000000004036f6                fault_exception
 .text          0x0000000000403895        0x0 data.o
 .text          0x0000000000403895      0x6c1 server.o
                0x0000000000403895                foco
                0x000000000040396e                foco_default
                0x00000000004039e2                server
 .text          0x0000000000403f56      0x67b smp.o
                0x0000000000403f56                setup_smp
                0x00000000004044c2                done
                0x00000000004044fb                ap_startup
 .text          0x00000000004045d1       0x8e delay.o
                0x00000000004045d1                mdelay
                0x0000000000404618                udelay
 .text          0x000000000040465f      0x1b9 paging.o
                0x000000000040465f                flush_tlb
                0x00000000004046b9                load_pae_page_directory_pointer_table
                0x00000000004046eb                load_pml4_table
                0x000000000040471d                enable_pae
                0x0000000000404749                page_enable
                0x0000000000404777                page_install
 .text          0x0000000000404818     0x1482 mm.o
                0x0000000000404818                initialize_mm_mp
                0x00000000004049b7                mm_mp
                0x0000000000404e12                ram_setup
                0x0000000000404edb                alloc_frame
                0x0000000000404fd3                free_frame
                0x000000000040505e                alloc_pages_setup
                0x0000000000405454                v_pool
                0x00000000004054d2                alloc_pages
                0x0000000000405771                free_pages
                0x0000000000405ac8                get_phy_addr
 .text          0x0000000000405c9a      0x1f9 cpuid.o
                0x0000000000405c9a                cpuid_vendor
                0x0000000000405d08                cpuid_processor_brand
                0x0000000000405ddf                cpuid
                0x0000000000405e2a                cpuid_string
 .text          0x0000000000405e93       0xb9 msr.o
                0x0000000000405e93                getmsr
                0x0000000000405ede                setmsr
 .text          0x0000000000405f4c      0x4ec lvt.o
                0x0000000000405f4c                lvt_function
                0x0000000000406192                lvt_install
 .text          0x0000000000406438      0x5f4 irq.o
                0x0000000000406438                default_irq
                0x0000000000406494                irq_function
                0x000000000040656b                irq_install
 .text          0x0000000000406a2c      0x54b apic.o
                0x0000000000406a2c                local_apic_read_command
                0x0000000000406a6f                local_apic_write_command
                0x0000000000406abc                getapicbase
                0x0000000000406b0f                enableapic
                0x0000000000406b7a                apic_eoi_register
                0x0000000000406bb7                setup_apic
                0x0000000000406e29                local_apic_get_id
                0x0000000000406e63                local_apic_send_init
                0x0000000000406eea                local_apic_send_startup
 .text          0x0000000000406f77      0x7f6 ioapic.o
                0x0000000000406f77                read_ioapic_register
                0x0000000000406fc7                write_ioapic_register
                0x0000000000407021                ioapic_masked
                0x00000000004070c0                ioapic_umasked
                0x000000000040715f                set_ioapic_redir_table
                0x0000000000407419                ioapic_cofiguration
                0x00000000004074b3                setup_ioapic
                0x000000000040757f                apic_initial_count_timer
                0x00000000004075cd                apic_timer
                0x000000000040765d                apic_timer_umasked
                0x0000000000407701                apic_timer_masked
 .text          0x000000000040776d       0xc6 intr.o
                0x000000000040776d                intr_install
                0x00000000004077ce                intr_function
 .text          0x0000000000407833       0x6b sleep.o
                0x0000000000407833                sleep
 .text          0x000000000040789e     0x1a95 thread.o
                0x000000000040789e                thread_setup
                0x0000000000407bda                create_thread
                0x0000000000408111                create_thread_child
                0x00000000004084b8                task_switch
                0x0000000000408d43                task_switch2
                0x00000000004092c3                thread
 .text          0x0000000000409333     0x161f exectve.o
                0x0000000000409333                exectve
                0x0000000000409e3a                exectve_child
 .text          0x000000000040a952      0x9ab syscall.o
                0x000000000040a952                default_syscall
                0x000000000040a9bd                syscall_puts
                0x000000000040aa15                syscall_window
                0x000000000040aa6d                syscall_kbd_foco
                0x000000000040aae2                syscall_alloc_pages
                0x000000000040ab63                syscall_free_pages
                0x000000000040abbb                syscall_readsector
                0x000000000040ac37                syscall_writesector
                0x000000000040acb3                syscall_geral
                0x000000000040adfa                syscall_tmpnam
                0x000000000040aec8                syscall_io
                0x000000000040b002                syscall_register_pipe_launcher
                0x000000000040b04e                syscall_get_pipe_launcher
                0x000000000040b093                syscall_get_paint_list
                0x000000000040b0d8                syscall_get_thread_id
                0x000000000040b121                syscall_create_socket
                0x000000000040b1a6                syscall_get_socket_ready_queue
                0x000000000040b1eb                syscall_function_handler
                0x000000000040b296                syscall_install
 *fill*         0x000000000040b2fd        0x3 
 .text          0x000000000040b300       0x86 asyscall.o
                0x000000000040b377                int114
 .text          0x000000000040b386      0xaa9 console.o
                0x000000000040b386                console
                0x000000000040b62e                cmd_version
                0x000000000040b691                cmd_time
                0x000000000040b6f4                cmd_shutdown
                0x000000000040b74e                cmd_rename
                0x000000000040b7b1                cmd_reboot
                0x000000000040b80b                cmd_new
                0x000000000040b86e                cmd_mov
                0x000000000040b8d1                cmd_info
                0x000000000040b9af                cmd_help
                0x000000000040bb20                cmd_exit
                0x000000000040bb83                cmd_echo
                0x000000000040bbe6                cmd_dir
                0x000000000040bc49                cmd_del
                0x000000000040bcac                cmd_date
                0x000000000040bd0f                cmd_copy
                0x000000000040bd72                cmd_clear
                0x000000000040bdcc                cmd_cd
 .text          0x000000000040be2f      0x593 exit.o
                0x000000000040be2f                user_free
                0x000000000040bedb                exit
 .text          0x000000000040c3c2      0x1c7 sse.o
                0x000000000040c3c2                fpu_cw
                0x000000000040c3f2                sse_cr
                0x000000000040c426                sse_cw
                0x000000000040c454                fpu_save
                0x000000000040c483                fpu_restore
                0x000000000040c4b2                setup_sse
 .text          0x000000000040c589      0x876 pci.o
                0x000000000040c589                read_pci_config_addr
                0x000000000040c603                write_pci_config_addr
                0x000000000040c67d                pci_read_config_dword
                0x000000000040c6f7                pci_write_config_dword
                0x000000000040c771                pci_get_info
                0x000000000040c973                pci_scan_bcc
                0x000000000040ca56                pci_scan_class
                0x000000000040cb47                pci_scan_bcc_scc
                0x000000000040cc45                pci_scan_bcc_scc_prog
                0x000000000040cd54                pci_scan_vendor
                0x000000000040cd85                pci_check_vendor
                0x000000000040cdbf                pci_size
 .text          0x000000000040cdff      0xc7f i965.o
                0x000000000040cdff                i965_pci_init
                0x000000000040cfae                setup_i965
                0x000000000040d140                timings
                0x000000000040d3de                disable_dac
                0x000000000040d45b                enable_dac
                0x000000000040d4d8                disable_plane
                0x000000000040d557                enable_plane
                0x000000000040d5d6                disable_pipe
                0x000000000040d655                enable_pipe
                0x000000000040d6d4                disable_dpll
                0x000000000040d6ff                enable_dpll
                0x000000000040d73e                disable_legacy_vga_emul
                0x000000000040d806                gmbus_reset
                0x000000000040d831                gmbus_stoptransaction
                0x000000000040d870                gmbus_wait
                0x000000000040d8b6                gmbus_read
                0x000000000040da4d                gmbus_write
 .text          0x000000000040da7e      0x26f cursor.o
                0x000000000040da7e                DrawMouse
                0x000000000040db68                setup_cursor
                0x000000000040dc74                update_graphic_cursor
 .text          0x000000000040dced      0xa96 acpi.o
                0x000000000040e076                acpi_probe
                0x000000000040e14c                acpi_enable
                0x000000000040e3a2                setup_acpi
                0x000000000040e642                poweroff
                0x000000000040e6c8                reboot
 .text          0x000000000040e783      0x21c hpet.o
                0x000000000040e8cb                setup_hpet
                0x000000000040e92d                hpet_sleep
 .text          0x000000000040e99f       0xf9 lpc.o
                0x000000000040e9d3                setup_lpc
 .text          0x000000000040ea98      0x1de pit.o
                0x000000000040eb2c                pit_set_frequencia
                0x000000000040eb8a                pit_enable
                0x000000000040ec21                timer_wait
 .text          0x000000000040ec76      0x1b3 ps2.o
                0x000000000040ec76                kbdc_wait
                0x000000000040ed15                kbdc_set_cmd
                0x000000000040eda7                kbdc_wait_ack
 .text          0x000000000040ee29      0x94a mouse.o
                0x000000000040ee29                mouse_write
                0x000000000040eea2                mouse_read
                0x000000000040eef6                MOUSE_BAT_TEST
                0x000000000040ef6b                mouse_handler
                0x000000000040f348                mouse_install
 .text          0x000000000040f773      0x62f keyboard.o
                0x000000000040f773                keyboard_read
                0x000000000040f7c7                keyboard_write
                0x000000000040f81c                KEYBOARD_BAT_TEST
                0x000000000040f891                keyboard_handler
                0x000000000040fd0c                keyboard_install
 .text          0x000000000040fda2     0x19af ahci.o
                0x000000000040fda2                ahci_initialize
                0x0000000000411429                sata_read_sector
                0x00000000004115bd                sata_write_sector
 .text          0x0000000000411751     0x167e ide.o
                0x0000000000411751                ata_wait
                0x0000000000411833                ata_status_read
                0x000000000041188e                ata_wait_not_busy
                0x0000000000411905                ata_wait_busy
                0x000000000041197c                ata_wait_no_drq
                0x00000000004119f1                ata_wait_drq
                0x0000000000411a66                ata_cmd_write
                0x0000000000411aec                ata_soft_reset
                0x0000000000411b9e                ata_pio_read
                0x0000000000411c03                ata_pio_write
                0x0000000000411c68                ata_bus_install
                0x000000000041203f                ata_identify_device
                0x0000000000412972                ata_read_sector
                0x0000000000412b6e                ata_write_sector
 .text          0x0000000000412dcf      0xe04 storage.o
                0x0000000000413417                ata_initialize
                0x00000000004139a7                read_sector
                0x0000000000413abd                write_sector
 .text          0x0000000000413bd3      0x3ee rtc.o
                0x0000000000413bd3                disable_NMI
                0x0000000000413c1a                enable_NMI
                0x0000000000413ca6                rtc_setup
                0x0000000000413de1                rtc_handler
 .text          0x0000000000413fc1     0x20ee hda.o
                0x0000000000413fc1                hda_wait
                0x0000000000414010                hda_outb
                0x0000000000414061                hda_outw
                0x00000000004140b4                hda_outl
                0x0000000000414102                hda_inb
                0x000000000041414a                hda_inw
                0x0000000000414192                hda_inl
                0x00000000004141d9                corb_write_command
                0x0000000000414380                hda_reset
                0x000000000041444c                setup_hda
                0x00000000004156ce                hda_response
                0x000000000041570e                hda_send_verb
                0x0000000000415a60                hda_ic_verbe
                0x0000000000415ba2                hda_set_output_node
                0x0000000000415e37                hda_play_sound
                0x0000000000416014                hda_volume
 .text          0x00000000004160af      0x129 speaker.o
                0x00000000004160af                turn_speaker_on
                0x00000000004160ee                turn_speaker_off
                0x000000000041612f                set_speaker_frequence
                0x000000000041617f                play_speaker
 .text          0x00000000004161d8     0x1261 e1000.o
                0x00000000004161d8                e1000_read_command
                0x000000000041621b                e1000_write_command
                0x0000000000416268                e1000_is_eeprom
                0x00000000004162dd                e1000_enable_int
                0x0000000000416374                e1000_link_up
                0x0000000000416403                irq_e1000
                0x00000000004165e0                init_e1000
                0x00000000004170ae                e1000_send_package
                0x0000000000417276                e1000_recieve_package
 .text          0x0000000000417439     0x11e2 ethernet.o
                0x00000000004174cb                get_default_ethernet_device
                0x0000000000417531                ethernet_set_link_status
                0x0000000000417570                register_ethernet_device
                0x0000000000417612                get_ethernet_package
                0x0000000000417656                send_ethernet_package
                0x00000000004176ce                handler_ethernet_package_received
                0x0000000000417cf5                int_ethernet_device
                0x0000000000417e88                fillMac
                0x0000000000417eea                fillIP
                0x0000000000417f4c                initialise_ethernet
 .text          0x000000000041861b     0x12fe arp.o
                0x000000000041865a                init_arp
                0x0000000000418726                arp_save_address
                0x0000000000418cfa                get_hardwere_ethernet
                0x0000000000418dc4                arp_request
                0x000000000041900e                arp_replay
                0x000000000041924b                arp_replay2
                0x0000000000419482                arp_hexdump
 .text          0x0000000000419919      0x2e4 udp.o
                0x0000000000419958                udp_send
                0x0000000000419abb                udp_receive
 .text          0x0000000000419bfd      0x380 ipv4.o
                0x0000000000419c3c                ipv4_send
 .text          0x0000000000419f7d      0x745 dhcp.o
                0x000000000041a00f                dhcp_send
                0x000000000041a427                dhcp_parse_options
 .text          0x000000000041a6c2      0x3f1 tcp.o
                0x000000000041a754                tcp_send
 .text          0x000000000041aab3      0x12a checksum.o
                0x000000000041aaf2                net_checksum
 .text          0x000000000041abdd      0x880 gui.o
                0x000000000041abdd                initialize_gui
                0x000000000041ad36                update_gui
                0x000000000041ae8e                put_pixel
                0x000000000041af01                put_pixel_buff
                0x000000000041afa0                refresh_rate
                0x000000000041b045                clears_creen
                0x000000000041b0fd                draw_char_transparent
                0x000000000041b207                glyph
 .text          0x000000000041b45d      0xd67 compositor.o
                0x000000000041b54e                window_add
                0x000000000041b6f8                window_remove
                0x000000000041b821                window_foco
                0x000000000041b946                paint_desktop
                0x000000000041bd30                paint_cursor
                0x000000000041bec1                compose
 .text          0x000000000041c1c4        0x0 font8x16.o
 .text          0x000000000041c1c4      0x481 std.o
                0x000000000041c1c4                std_open_file
                0x000000000041c373                std_file_close
                0x000000000041c3e2                std_putc
                0x000000000041c4f3                std_getc
 .text          0x000000000041c645      0xaaa cfs.o
                0x000000000041c645                filename_cmp
                0x000000000041c72c                read_super_block
                0x000000000041c795                read_directory_entry
                0x000000000041c920                open_file_r
                0x000000000041cca1                open_file
                0x000000000041cf08                file_close
                0x000000000041d011                file_read_block
 .text          0x000000000041d0ef      0x2dd pipe.o
                0x000000000041d0ef                pipe_open_file
                0x000000000041d1db                pipe_write
                0x000000000041d2d7                pipe_read
 .text          0x000000000041d3cc      0xf81 socket.o
                0x000000000041d45e                init_socket
                0x000000000041d6e3                socket
                0x000000000041d862                socket_server_transmit
                0x000000000041dec6                socket_execute_row
                0x000000000041e186                socket_server_receive
 .text          0x000000000041e34d      0x2b0 string.o
                0x000000000041e34d                memset
                0x000000000041e3af                memcpy
                0x000000000041e426                strcpy
                0x000000000041e4a1                strlen
                0x000000000041e4ed                strcmp
                0x000000000041e587                memcmp
 .text          0x000000000041e5fd      0x4e4 vsprintf.o
                0x000000000041e669                vsprintf
 .text          0x000000000041eae1      0x818 stdio.o
                0x000000000041eae1                putchar
                0x000000000041eb41                puts
                0x000000000041ebd1                printf
                0x000000000041ecfe                fopen
                0x000000000041ee1f                fclose
                0x000000000041eec3                rewind
                0x000000000041ef2c                fseek
                0x000000000041f00a                ftell
                0x000000000041f04b                fputc
                0x000000000041f0c9                fgetc
                0x000000000041f23c                fread
 .text          0x000000000041f2f9      0x4fb stdlib.o
                0x000000000041f2f9                malloc
                0x000000000041f368                free
                0x000000000041f3b4                i2hex
                0x000000000041f622                utoa
                0x000000000041f6ad                itoa
 .text          0x000000000041f7f4      0x19a sse_memcpy.o
                0x000000000041f7f4                sse_memcpy
                0x0000000000420000                . = ALIGN (0x1000)
 *fill*         0x000000000041f98e      0x672 

.iplt           0x0000000000420000        0x0
 .iplt          0x0000000000420000        0x0 setup.o

.data           0x0000000000420000    0x16000
                0x0000000000420000                data = .
                0x0000000000420000                _data = .
                0x0000000000420000                __data = .
 *(.data)
 .data          0x0000000000420000        0x8 setup.o
                0x0000000000420000                _rsp0
 .data          0x0000000000420008        0x0 main.o
 .data          0x0000000000420008        0x0 io.o
 .data          0x0000000000420008        0x0 gdt.o
 .data          0x0000000000420008        0x0 tss.o
 .data          0x0000000000420008        0x0 idt.o
 *fill*         0x0000000000420008        0x8 
 .data          0x0000000000420010      0x400 vetor.o
                0x0000000000420010                SavedFloats
                0x0000000000420210                SavedFloats2
 .data          0x0000000000420410        0x0 exception.o
 .data          0x0000000000420410        0x0 data.o
 .data          0x0000000000420410        0x0 server.o
 .data          0x0000000000420410        0x0 smp.o
 .data          0x0000000000420410        0x0 delay.o
 .data          0x0000000000420410        0x0 paging.o
 .data          0x0000000000420410        0x0 mm.o
 .data          0x0000000000420410        0x0 cpuid.o
 .data          0x0000000000420410        0x0 msr.o
 .data          0x0000000000420410        0x0 lvt.o
 .data          0x0000000000420410        0x0 irq.o
 .data          0x0000000000420410        0x0 apic.o
 .data          0x0000000000420410        0x0 ioapic.o
 .data          0x0000000000420410        0x0 intr.o
 .data          0x0000000000420410        0x0 sleep.o
 .data          0x0000000000420410        0x0 thread.o
 .data          0x0000000000420410        0x0 exectve.o
 .data          0x0000000000420410        0x0 syscall.o
 .data          0x0000000000420410        0x0 console.o
 .data          0x0000000000420410        0x0 exit.o
 .data          0x0000000000420410        0x0 sse.o
 .data          0x0000000000420410        0x0 pci.o
 .data          0x0000000000420410        0x0 i965.o
 *fill*         0x0000000000420410       0x10 
 .data          0x0000000000420420      0x168 cursor.o
                0x0000000000420420                cursor18x18
 .data          0x0000000000420588        0x0 acpi.o
 .data          0x0000000000420588        0x0 hpet.o
 .data          0x0000000000420588        0x0 lpc.o
 .data          0x0000000000420588        0x0 pit.o
 .data          0x0000000000420588        0x0 ps2.o
 .data          0x0000000000420588        0x4 mouse.o
                0x0000000000420588                speed
 .data          0x000000000042058c        0x0 keyboard.o
 .data          0x000000000042058c        0x0 ahci.o
 .data          0x000000000042058c        0x0 ide.o
 .data          0x000000000042058c        0x0 storage.o
 .data          0x000000000042058c        0x0 rtc.o
 .data          0x000000000042058c        0x0 hda.o
 .data          0x000000000042058c        0x0 speaker.o
 .data          0x000000000042058c        0x0 e1000.o
 .data          0x000000000042058c        0x0 ethernet.o
 .data          0x000000000042058c        0x0 arp.o
 .data          0x000000000042058c        0x0 udp.o
 .data          0x000000000042058c        0x0 ipv4.o
 .data          0x000000000042058c        0x0 dhcp.o
 .data          0x000000000042058c        0x0 tcp.o
 .data          0x000000000042058c        0x0 checksum.o
 .data          0x000000000042058c        0x0 gui.o
 .data          0x000000000042058c        0x0 compositor.o
 *fill*         0x000000000042058c       0x14 
 .data          0x00000000004205a0     0x1000 font8x16.o
                0x00000000004205a0                font8x16
 .data          0x00000000004215a0        0x0 std.o
 .data          0x00000000004215a0        0x0 cfs.o
 .data          0x00000000004215a0        0x0 pipe.o
 .data          0x00000000004215a0        0x0 socket.o
 .data          0x00000000004215a0        0x0 string.o
 .data          0x00000000004215a0        0x0 vsprintf.o
 .data          0x00000000004215a0        0x0 stdio.o
 .data          0x00000000004215a0        0x0 stdlib.o
 .data          0x00000000004215a0        0x0 sse_memcpy.o
 *(.rodata)
 .rodata        0x00000000004215a0      0x1a3 main.o
 .rodata        0x0000000000421743        0xb idt.o
 *fill*         0x000000000042174e        0x2 
 .rodata        0x0000000000421750      0x409 exception.o
 *fill*         0x0000000000421b59        0x7 
 .rodata        0x0000000000421b60       0x50 server.o
 .rodata        0x0000000000421bb0       0xf8 smp.o
 .rodata        0x0000000000421ca8       0x70 mm.o
 .rodata        0x0000000000421d18       0xc8 lvt.o
 .rodata        0x0000000000421de0       0x1c irq.o
 .rodata        0x0000000000421dfc       0x19 apic.o
 .rodata        0x0000000000421e15        0xa intr.o
 .rodata        0x0000000000421e1f       0x19 thread.o
 .rodata        0x0000000000421e38        0x9 exectve.o
 *fill*         0x0000000000421e41        0x7 
 .rodata        0x0000000000421e48       0x48 syscall.o
 .rodata        0x0000000000421e90      0x215 console.o
 .rodata        0x00000000004220a5       0x2e sse.o
 *fill*         0x00000000004220d3        0x5 
 .rodata        0x00000000004220d8     0x15a6 pci.o
 *fill*         0x000000000042367e        0x2 
 .rodata        0x0000000000423680       0x7d i965.o
 *fill*         0x00000000004236fd        0x3 
 .rodata        0x0000000000423700       0xc7 acpi.o
 .rodata        0x00000000004237c7       0x14 hpet.o
 *fill*         0x00000000004237db        0x5 
 .rodata        0x00000000004237e0       0x31 lpc.o
 .rodata        0x0000000000423811       0x1d mouse.o
 *fill*         0x000000000042382e       0x12 
 .rodata        0x0000000000423840      0x200 keyboard.o
                0x0000000000423840                ascii_minusculas
                0x0000000000423940                ascii_maiusculas
 *fill*         0x0000000000423a40      0x5c0 
 .rodata        0x0000000000424000    0x108cf ahci.o
 *fill*         0x00000000004348cf        0x1 
 .rodata        0x00000000004348d0       0xb1 ide.o
 *fill*         0x0000000000434981        0x7 
 .rodata        0x0000000000434988      0x139 storage.o
 .rodata        0x0000000000434ac1       0x12 rtc.o
 *fill*         0x0000000000434ad3        0x5 
 .rodata        0x0000000000434ad8      0x342 hda.o
 *fill*         0x0000000000434e1a        0x6 
 .rodata        0x0000000000434e20      0x216 e1000.o
 *fill*         0x0000000000435036        0x2 
 .rodata        0x0000000000435038      0x1dd ethernet.o
 *fill*         0x0000000000435215        0x3 
 .rodata        0x0000000000435218      0x1b1 arp.o
 .rodata        0x00000000004353c9       0x15 ipv4.o
 .rodata        0x00000000004353de       0xa5 dhcp.o
 .rodata        0x0000000000435483       0x14 std.o
 *fill*         0x0000000000435497        0x1 
 .rodata        0x0000000000435498      0x110 vsprintf.o
 .rodata        0x00000000004355a8        0x9 stdio.o
                0x0000000000436000                . = ALIGN (0x1000)
 *fill*         0x00000000004355b1      0xa4f 

.got            0x0000000000436000      0x408
 .got           0x0000000000436000      0x408 setup.o

.got.plt        0x0000000000436408       0x18
 .got.plt       0x0000000000436408       0x18 setup.o
                0x0000000000436408                _GLOBAL_OFFSET_TABLE_

.igot.plt       0x0000000000436420        0x0
 .igot.plt      0x0000000000436420        0x0 setup.o

.data.rel.local
                0x0000000000436420     0x18c8
 .data.rel.local
                0x0000000000436420      0x100 exception.o
                0x0000000000436420                exception_mensagem
 .data.rel.local
                0x0000000000436520       0xc0 irq.o
                0x0000000000436520                fnvetors_handler
 .data.rel.local
                0x00000000004365e0       0x88 syscall.o
                0x00000000004365e0                fnvetors_syscall
 *fill*         0x0000000000436668       0x18 
 .data.rel.local
                0x0000000000436680      0x1b0 console.o
                0x0000000000436680                cmd_table
 *fill*         0x0000000000436830       0x10 
 .data.rel.local
                0x0000000000436840     0x1400 pci.o
                0x0000000000436840                pci_classes
                0x0000000000437040                pci_class_names
 .data.rel.local
                0x0000000000437c40       0x20 mouse.o
                0x0000000000437c40                id_mouse_strings
 .data.rel.local
                0x0000000000437c60       0x38 ahci.o
                0x0000000000437c60                ahci_type
 *fill*         0x0000000000437c98        0x8 
 .data.rel.local
                0x0000000000437ca0       0x48 dhcp.o
                0x0000000000437ca0                string_dhcp_message

.bss            0x0000000000437d00    0x26300
                0x0000000000437d00                bss = .
                0x0000000000437d00                _bss = .
                0x0000000000437d00                __bss = .
 *(.bss)
 .bss           0x0000000000437d00    0x20000 setup.o
 .bss           0x0000000000457d00        0x0 main.o
 .bss           0x0000000000457d00        0x0 io.o
 .bss           0x0000000000457d00        0x0 gdt.o
 .bss           0x0000000000457d00        0x0 tss.o
 .bss           0x0000000000457d00        0x0 idt.o
 .bss           0x0000000000457d00        0x0 exception.o
 .bss           0x0000000000457d00        0x0 data.o
 .bss           0x0000000000457d00        0x0 server.o
 .bss           0x0000000000457d00        0x0 smp.o
 .bss           0x0000000000457d00        0x0 delay.o
 .bss           0x0000000000457d00       0x20 paging.o
                0x0000000000457d00                pml4e
                0x0000000000457d08                pdpte
                0x0000000000457d10                pae_pde
                0x0000000000457d18                pae_pte
 .bss           0x0000000000457d20        0x0 mm.o
 .bss           0x0000000000457d20        0x0 cpuid.o
 .bss           0x0000000000457d20        0x0 msr.o
 .bss           0x0000000000457d20        0x0 lvt.o
 .bss           0x0000000000457d20        0x0 irq.o
 .bss           0x0000000000457d20        0x0 apic.o
 .bss           0x0000000000457d20        0x0 ioapic.o
 .bss           0x0000000000457d20        0x0 intr.o
 .bss           0x0000000000457d20        0x0 sleep.o
 .bss           0x0000000000457d20        0x0 thread.o
 .bss           0x0000000000457d20        0x0 exectve.o
 .bss           0x0000000000457d20        0x0 syscall.o
 .bss           0x0000000000457d20        0x8 console.o
                0x0000000000457d20                call_loader
 .bss           0x0000000000457d28        0x0 exit.o
 .bss           0x0000000000457d28        0x0 sse.o
 .bss           0x0000000000457d28        0x0 pci.o
 .bss           0x0000000000457d28        0x0 i965.o
 .bss           0x0000000000457d28        0x0 cursor.o
 .bss           0x0000000000457d28        0x0 acpi.o
 *fill*         0x0000000000457d28       0x18 
 .bss           0x0000000000457d40      0x100 hpet.o
 .bss           0x0000000000457e40        0x0 lpc.o
 .bss           0x0000000000457e40        0x0 pit.o
 .bss           0x0000000000457e40        0x0 ps2.o
 .bss           0x0000000000457e40        0x4 mouse.o
                0x0000000000457e40                mouse_position
 .bss           0x0000000000457e44       0x10 keyboard.o
 .bss           0x0000000000457e54        0x0 ahci.o
 .bss           0x0000000000457e54        0x0 ide.o
 *fill*         0x0000000000457e54        0x4 
 .bss           0x0000000000457e58        0x8 storage.o
                0x0000000000457e58                ata_pci
 .bss           0x0000000000457e60        0x1 rtc.o
 .bss           0x0000000000457e61        0x0 hda.o
 .bss           0x0000000000457e61        0x0 speaker.o
 *fill*         0x0000000000457e61        0x7 
 .bss           0x0000000000457e68       0x18 e1000.o
 .bss           0x0000000000457e80       0x10 ethernet.o
                0x0000000000457e80                dst_ip
                0x0000000000457e84                src_ip
                0x0000000000457e88                package_recieved_ack
 .bss           0x0000000000457e90        0x0 arp.o
 .bss           0x0000000000457e90        0x0 udp.o
 .bss           0x0000000000457e90        0x0 ipv4.o
 .bss           0x0000000000457e90        0x0 dhcp.o
 .bss           0x0000000000457e90        0x0 tcp.o
 .bss           0x0000000000457e90        0x0 checksum.o
 .bss           0x0000000000457e90        0x0 gui.o
 .bss           0x0000000000457e90        0x0 compositor.o
 .bss           0x0000000000457e90        0x0 font8x16.o
 .bss           0x0000000000457e90        0x0 std.o
 .bss           0x0000000000457e90        0x0 cfs.o
 .bss           0x0000000000457e90        0x0 pipe.o
 .bss           0x0000000000457e90        0x2 socket.o
 .bss           0x0000000000457e92        0x0 string.o
 .bss           0x0000000000457e92        0x0 vsprintf.o
 .bss           0x0000000000457e92        0x0 stdio.o
 .bss           0x0000000000457e92        0x0 stdlib.o
 .bss           0x0000000000457e92        0x0 sse_memcpy.o
 *(COMMON)
 *fill*         0x0000000000457e92        0x6 
 COMMON         0x0000000000457e98       0x40 main.o
                0x0000000000457e98                mult_task
                0x0000000000457e9c                ATA_BAR1
                0x0000000000457ea0                ATA_BAR4
                0x0000000000457ea8                user
                0x0000000000457eb0                CPUID_REQUEST
                0x0000000000457eb4                launcher
                0x0000000000457eb8                ATA_BAR0
                0x0000000000457ebc                ATA_BAR3
                0x0000000000457ec0                no
                0x0000000000457ec8                syspwd
                0x0000000000457ed0                ATA_BAR2
                0x0000000000457ed4                ATA_BAR5
 *fill*         0x0000000000457ed8        0x8 
 COMMON         0x0000000000457ee0      0x120 gdt.o
                0x0000000000457ee0                gdtr
                0x0000000000457f00                gdt
 COMMON         0x0000000000458000       0x68 tss.o
                0x0000000000458000                tss
 *fill*         0x0000000000458068       0x18 
 COMMON         0x0000000000458080     0x100a idt.o
                0x0000000000458080                idt
                0x0000000000459080                idtr
 *fill*         0x000000000045908a        0x6 
 COMMON         0x0000000000459090       0x25 data.o
                0x0000000000459090                interrupt_status
                0x0000000000459098                kernelmouse
                0x00000000004590a0                dv_uid
                0x00000000004590a8                pipe_launcher
                0x00000000004590b0                tmpnam
                0x00000000004590b4                dv_num
 *fill*         0x00000000004590b5        0xb 
 COMMON         0x00000000004590c0       0x50 server.o
                0x00000000004590c0                thread_id
                0x00000000004590e0                server_id
 *fill*         0x0000000000459110       0x10 
 COMMON         0x0000000000459120      0x112 smp.o
                0x0000000000459120                core
 *fill*         0x0000000000459232        0x6 
 COMMON         0x0000000000459238       0x30 mm.o
                0x0000000000459238                alloc_pte
                0x0000000000459240                alloc_pde
                0x0000000000459248                RAM_BITMAP
                0x0000000000459250                alloc_spin_lock
                0x0000000000459258                device_pde
                0x0000000000459260                g_mm_mp_index
 COMMON         0x0000000000459268       0x10 apic.o
                0x0000000000459268                localId
                0x0000000000459270                lapicbase
 *fill*         0x0000000000459278        0x8 
 COMMON         0x0000000000459280       0xc8 ioapic.o
                0x0000000000459280                ioapic_redir_table
                0x0000000000459340                ioapic_base
 COMMON         0x0000000000459348      0x108 thread.o
                0x0000000000459348                context_rcx
                0x0000000000459350                context_r12
                0x0000000000459358                context_rax
                0x0000000000459360                context_ds
                0x0000000000459368                current_thread
                0x0000000000459370                current_thread2
                0x0000000000459378                context_rsi
                0x0000000000459380                context_r9
                0x0000000000459388                context_rdx
                0x0000000000459390                context_rflag
                0x0000000000459398                current_thread1
                0x00000000004593a0                context_fxsave
                0x00000000004593a8                context_cs
                0x00000000004593b0                context_rsp0
                0x00000000004593b8                thread_ready_queue
                0x00000000004593c0                context_cr3
                0x00000000004593c8                context_rsp
                0x00000000004593d0                context_fs
                0x00000000004593d8                context_rbp
                0x00000000004593e0                context_r8
                0x00000000004593e8                context_r15
                0x00000000004593f0                context_ss
                0x00000000004593f8                next_pid
                0x0000000000459400                context_gs
                0x0000000000459408                context_r11
                0x0000000000459410                context_r13
                0x0000000000459418                context_r10
                0x0000000000459420                context_rip
                0x0000000000459428                context_pid
                0x0000000000459430                context_rbx
                0x0000000000459438                context_r14
                0x0000000000459440                context_rdi
                0x0000000000459448                context_es
 COMMON         0x0000000000459450        0x8 syscall.o
                0x0000000000459450                ret
 *fill*         0x0000000000459458        0x8 
 COMMON         0x0000000000459460       0x78 i965.o
                0x0000000000459460                fb
                0x0000000000459480                mode
                0x00000000004594a0                gtt
 COMMON         0x00000000004594d8       0x50 acpi.o
                0x00000000004594d8                fadt
                0x00000000004594e0                acpi_physical_init
                0x00000000004594e8                SLP_TYPa
                0x00000000004594f0                hpet
                0x00000000004594f8                xsdt
                0x0000000000459500                rsdt
                0x0000000000459508                dsdt
                0x0000000000459510                SLP_TYPb
                0x0000000000459518                acpi_virtual_addr
                0x0000000000459520                rsdp
 COMMON         0x0000000000459528       0x10 hpet.o
                0x0000000000459528                hpet_register
                0x0000000000459530                period
 COMMON         0x0000000000459538       0x10 pit.o
                0x0000000000459538                eticks
                0x0000000000459540                timer_ticks
 COMMON         0x0000000000459548       0x24 mouse.o
                0x0000000000459548                mouse_x
                0x000000000045954c                count_mouse
                0x0000000000459550                mouse2
                0x0000000000459558                first_time
                0x000000000045955c                buttons
                0x0000000000459560                mouse
                0x0000000000459568                mouse_y
 COMMON         0x000000000045956c        0x3 keyboard.o
                0x000000000045956c                key_buffer
                0x000000000045956e                keyboard_charset
 *fill*         0x000000000045956f       0x11 
 COMMON         0x0000000000459580      0x220 ahci.o
                0x0000000000459580                dmavirt
                0x0000000000459588                dmaphy
                0x0000000000459590                HBA_BASE
                0x0000000000459598                hba_mem_space
                0x00000000004595a0                sata_idtfy
 COMMON         0x00000000004597a0        0x8 ide.o
                0x00000000004597a0                ata_record_channel
                0x00000000004597a4                ata_record_dev
 *fill*         0x00000000004597a8       0x18 
 COMMON         0x00000000004597c0      0x800 storage.o
                0x00000000004597c0                ata
 COMMON         0x0000000000459fc0        0x8 rtc.o
                0x0000000000459fc0                clock
 *fill*         0x0000000000459fc8       0x18 
 COMMON         0x0000000000459fe0       0xd4 hda.o
                0x0000000000459fe0                corb_pointer
                0x0000000000459fe4                HDBARL
                0x0000000000459fe8                hda_base
                0x0000000000459ff0                HDA_MEM_SIZE
                0x0000000000459ff4                beep_node
                0x000000000045a000                hda_widget
                0x000000000045a080                output_node
                0x000000000045a088                HDA_STREAM_MEMORY
                0x000000000045a090                RIRB_MEMORY
                0x000000000045a098                HDA_MEM
                0x000000000045a0a0                CORB_MEMORY
                0x000000000045a0a8                hda_max_volume
                0x000000000045a0ac                HDBARU
                0x000000000045a0b0                input_node
 *fill*         0x000000000045a0b4        0xc 
 COMMON         0x000000000045a0c0      0x180 e1000.o
                0x000000000045a0c0                tx_descs
                0x000000000045a100                rx_memory
                0x000000000045a120                rx_descs
                0x000000000045a220                tx_memory
 COMMON         0x000000000045a240      0x2e4 ethernet.o
                0x000000000045a240                our_ip
                0x000000000045a244                router_ip
                0x000000000045a260                packege_desc_buffer
                0x000000000045a4e0                default_ethernet_device
                0x000000000045a500                dns_ip
                0x000000000045a504                dhcp_ip
                0x000000000045a510                default_ethernet_package_descriptor
 *fill*         0x000000000045a524       0x1c 
 COMMON         0x000000000045a540     0x2800 arp.o
                0x000000000045a540                arp_cache
 COMMON         0x000000000045cd40        0x8 ipv4.o
                0x000000000045cd40                ipv4_cache
 *fill*         0x000000000045cd48       0x18 
 COMMON         0x000000000045cd60       0x68 gui.o
                0x000000000045cd60                gui
 COMMON         0x000000000045cdc8       0x28 compositor.o
                0x000000000045cdc8                window_count
                0x000000000045cdd0                screan_spin_lock
                0x000000000045cdd8                paint
                0x000000000045cde0                gid
                0x000000000045cde8                paint_ready_queue
 COMMON         0x000000000045cdf0       0x30 std.o
                0x000000000045cdf0                stdout
                0x000000000045cdf8                _stderr
                0x000000000045ce00                _stdin
                0x000000000045ce08                stdin
                0x000000000045ce10                _stdout
                0x000000000045ce18                stderr
 COMMON         0x000000000045ce20        0x8 cfs.o
                0x000000000045ce20                fs_directory
 *fill*         0x000000000045ce28       0x18 
 COMMON         0x000000000045ce40      0x4cc socket.o
                0x000000000045ce40                current_saddr
                0x000000000045ce48                row_cur
                0x000000000045ce60                sockt_receive_row
                0x000000000045d300                saddr_ready_queue
                0x000000000045d308                socket_next_id
 COMMON         0x000000000045d30c        0x4 stdio.o
                0x000000000045d30c                VERBOSE
                0x000000000045e000                . = ALIGN (0x1000)
 *fill*         0x000000000045d310      0xcf0 

.eh_frame       0x000000000045e000     0x4000
                0x000000000045e000                eh_frame = .
 *(.eh_frame)
 .eh_frame      0x000000000045e000       0x48 main.o
 .eh_frame      0x000000000045e048       0x20 io.o
                                         0x38 (size before relaxing)
 .eh_frame      0x000000000045e068       0x50 gdt.o
                                         0x68 (size before relaxing)
 .eh_frame      0x000000000045e0b8       0x48 tss.o
                                         0x60 (size before relaxing)
 .eh_frame      0x000000000045e100       0xd8 idt.o
                                         0xf0 (size before relaxing)
 .eh_frame      0x000000000045e1d8       0x50 exception.o
                                         0x68 (size before relaxing)
 .eh_frame      0x000000000045e228       0x68 server.o
                                         0x80 (size before relaxing)
 .eh_frame      0x000000000045e290       0x70 smp.o
                                         0x88 (size before relaxing)
 .eh_frame      0x000000000045e300       0x40 delay.o
                                         0x58 (size before relaxing)
 .eh_frame      0x000000000045e340       0xc0 paging.o
                                         0xd8 (size before relaxing)
 .eh_frame      0x000000000045e400      0x188 mm.o
                                        0x1a0 (size before relaxing)
 .eh_frame      0x000000000045e588       0x90 cpuid.o
                                         0xa8 (size before relaxing)
 .eh_frame      0x000000000045e618       0x40 msr.o
                                         0x58 (size before relaxing)
 .eh_frame      0x000000000045e658       0x58 lvt.o
                                         0x70 (size before relaxing)
 .eh_frame      0x000000000045e6b0       0x78 irq.o
                                         0x90 (size before relaxing)
 .eh_frame      0x000000000045e728      0x140 apic.o
                                        0x158 (size before relaxing)
 .eh_frame      0x000000000045e868      0x190 ioapic.o
                                        0x1a8 (size before relaxing)
 .eh_frame      0x000000000045e9f8       0x50 intr.o
                                         0x68 (size before relaxing)
 .eh_frame      0x000000000045ea48       0x28 sleep.o
                                         0x40 (size before relaxing)
 .eh_frame      0x000000000045ea70       0xf0 thread.o
                                        0x108 (size before relaxing)
 .eh_frame      0x000000000045eb60       0x58 exectve.o
                                         0x70 (size before relaxing)
 .eh_frame      0x000000000045ebb8      0x2b0 syscall.o
                                        0x2c8 (size before relaxing)
 .eh_frame      0x000000000045ee68      0x290 console.o
                                        0x2a8 (size before relaxing)
 .eh_frame      0x000000000045f0f8       0x58 exit.o
                                         0x70 (size before relaxing)
 .eh_frame      0x000000000045f150       0xc8 sse.o
                                         0xe0 (size before relaxing)
 .eh_frame      0x000000000045f218      0x190 pci.o
                                        0x1a8 (size before relaxing)
 .eh_frame      0x000000000045f3a8      0x240 i965.o
                                        0x258 (size before relaxing)
 .eh_frame      0x000000000045f5e8       0x68 cursor.o
                                         0x80 (size before relaxing)
 .eh_frame      0x000000000045f650      0x148 acpi.o
                                        0x160 (size before relaxing)
 .eh_frame      0x000000000045f798       0xa0 hpet.o
                                         0xb8 (size before relaxing)
 .eh_frame      0x000000000045f838       0x48 lpc.o
                                         0x60 (size before relaxing)
 .eh_frame      0x000000000045f880       0x88 pit.o
                                         0xa0 (size before relaxing)
 .eh_frame      0x000000000045f908       0x88 ps2.o
                                         0xa0 (size before relaxing)
 .eh_frame      0x000000000045f990       0xf0 mouse.o
                                        0x108 (size before relaxing)
 .eh_frame      0x000000000045fa80       0xb8 keyboard.o
                                         0xd0 (size before relaxing)
 .eh_frame      0x000000000045fb38      0x218 ahci.o
                                        0x230 (size before relaxing)
 .eh_frame      0x000000000045fd50      0x248 ide.o
                                        0x260 (size before relaxing)
 .eh_frame      0x000000000045ff98       0xb0 storage.o
                                         0xc8 (size before relaxing)
 .eh_frame      0x0000000000460048       0xb8 rtc.o
                                         0xd0 (size before relaxing)
 .eh_frame      0x0000000000460100      0x270 hda.o
                                        0x288 (size before relaxing)
 .eh_frame      0x0000000000460370       0x88 speaker.o
                                         0xa0 (size before relaxing)
 .eh_frame      0x00000000004603f8      0x160 e1000.o
                                        0x178 (size before relaxing)
 .eh_frame      0x0000000000460558      0x1a8 ethernet.o
                                        0x1c0 (size before relaxing)
 .eh_frame      0x0000000000460700      0x178 arp.o
                                        0x190 (size before relaxing)
 .eh_frame      0x0000000000460878       0x78 udp.o
                                         0x90 (size before relaxing)
 .eh_frame      0x00000000004608f0       0x50 ipv4.o
                                         0x68 (size before relaxing)
 .eh_frame      0x0000000000460940       0x98 dhcp.o
                                         0xb0 (size before relaxing)
 .eh_frame      0x00000000004609d8       0x70 tcp.o
                                         0x88 (size before relaxing)
 .eh_frame      0x0000000000460a48       0x40 checksum.o
                                         0x58 (size before relaxing)
 .eh_frame      0x0000000000460a88      0x128 gui.o
                                        0x140 (size before relaxing)
 .eh_frame      0x0000000000460bb0      0x110 compositor.o
                                        0x128 (size before relaxing)
 .eh_frame      0x0000000000460cc0       0x98 std.o
                                         0xb0 (size before relaxing)
 .eh_frame      0x0000000000460d58      0x118 cfs.o
                                        0x130 (size before relaxing)
 .eh_frame      0x0000000000460e70       0x68 pipe.o
                                         0x80 (size before relaxing)
 .eh_frame      0x0000000000460ed8      0x158 socket.o
                                        0x170 (size before relaxing)
 .eh_frame      0x0000000000461030       0xc0 string.o
                                         0xd8 (size before relaxing)
 .eh_frame      0x00000000004610f0       0x50 vsprintf.o
                                         0x68 (size before relaxing)
 .eh_frame      0x0000000000461140      0x198 stdio.o
                                        0x1b0 (size before relaxing)
 .eh_frame      0x00000000004612d8       0xd8 stdlib.o
                                         0xf0 (size before relaxing)
 .eh_frame      0x00000000004613b0       0x20 sse_memcpy.o
                                         0x38 (size before relaxing)
                0x0000000000462000                . = ALIGN (0x1000)
 *fill*         0x00000000004613d0      0xc30 
                0x0000000000462000                end = .
                0x0000000000462000                _end = .
                0x0000000000462000                __end = .
LOAD setup.o
LOAD main.o
LOAD io.o
LOAD gdt.o
LOAD tss.o
LOAD idt.o
LOAD vetor.o
LOAD exception.o
LOAD data.o
LOAD server.o
LOAD smp.o
LOAD delay.o
LOAD paging.o
LOAD mm.o
LOAD cpuid.o
LOAD msr.o
LOAD lvt.o
LOAD irq.o
LOAD apic.o
LOAD ioapic.o
LOAD intr.o
LOAD sleep.o
LOAD thread.o
LOAD exectve.o
LOAD syscall.o
LOAD asyscall.o
LOAD console.o
LOAD exit.o
LOAD sse.o
LOAD pci.o
LOAD i965.o
LOAD cursor.o
LOAD acpi.o
LOAD hpet.o
LOAD lpc.o
LOAD pit.o
LOAD ps2.o
LOAD mouse.o
LOAD keyboard.o
LOAD ahci.o
LOAD ide.o
LOAD storage.o
LOAD rtc.o
LOAD hda.o
LOAD speaker.o
LOAD e1000.o
LOAD ethernet.o
LOAD arp.o
LOAD udp.o
LOAD ipv4.o
LOAD dhcp.o
LOAD tcp.o
LOAD checksum.o
LOAD gui.o
LOAD compositor.o
LOAD font8x16.o
LOAD std.o
LOAD cfs.o
LOAD pipe.o
LOAD socket.o
LOAD string.o
LOAD vsprintf.o
LOAD stdio.o
LOAD stdlib.o
LOAD sse_memcpy.o
OUTPUT(kernel.bin elf64-x86-64)

.rela.dyn       0x0000000000462000        0x0
 .rela.got      0x0000000000462000        0x0 setup.o
 .rela.iplt     0x0000000000462000        0x0 setup.o
 .rela.text     0x0000000000462000        0x0 setup.o

.comment        0x0000000000000000       0x2a
 .comment       0x0000000000000000       0x2a main.o
                                         0x2b (size before relaxing)
 .comment       0x000000000000002a       0x2b io.o
 .comment       0x000000000000002a       0x2b gdt.o
 .comment       0x000000000000002a       0x2b tss.o
 .comment       0x000000000000002a       0x2b idt.o
 .comment       0x000000000000002a       0x2b exception.o
 .comment       0x000000000000002a       0x2b data.o
 .comment       0x000000000000002a       0x2b server.o
 .comment       0x000000000000002a       0x2b smp.o
 .comment       0x000000000000002a       0x2b delay.o
 .comment       0x000000000000002a       0x2b paging.o
 .comment       0x000000000000002a       0x2b mm.o
 .comment       0x000000000000002a       0x2b cpuid.o
 .comment       0x000000000000002a       0x2b msr.o
 .comment       0x000000000000002a       0x2b lvt.o
 .comment       0x000000000000002a       0x2b irq.o
 .comment       0x000000000000002a       0x2b apic.o
 .comment       0x000000000000002a       0x2b ioapic.o
 .comment       0x000000000000002a       0x2b intr.o
 .comment       0x000000000000002a       0x2b sleep.o
 .comment       0x000000000000002a       0x2b thread.o
 .comment       0x000000000000002a       0x2b exectve.o
 .comment       0x000000000000002a       0x2b syscall.o
 .comment       0x000000000000002a       0x2b console.o
 .comment       0x000000000000002a       0x2b exit.o
 .comment       0x000000000000002a       0x2b sse.o
 .comment       0x000000000000002a       0x2b pci.o
 .comment       0x000000000000002a       0x2b i965.o
 .comment       0x000000000000002a       0x2b cursor.o
 .comment       0x000000000000002a       0x2b acpi.o
 .comment       0x000000000000002a       0x2b hpet.o
 .comment       0x000000000000002a       0x2b lpc.o
 .comment       0x000000000000002a       0x2b pit.o
 .comment       0x000000000000002a       0x2b ps2.o
 .comment       0x000000000000002a       0x2b mouse.o
 .comment       0x000000000000002a       0x2b keyboard.o
 .comment       0x000000000000002a       0x2b ahci.o
 .comment       0x000000000000002a       0x2b ide.o
 .comment       0x000000000000002a       0x2b storage.o
 .comment       0x000000000000002a       0x2b rtc.o
 .comment       0x000000000000002a       0x2b hda.o
 .comment       0x000000000000002a       0x2b speaker.o
 .comment       0x000000000000002a       0x2b e1000.o
 .comment       0x000000000000002a       0x2b ethernet.o
 .comment       0x000000000000002a       0x2b arp.o
 .comment       0x000000000000002a       0x2b udp.o
 .comment       0x000000000000002a       0x2b ipv4.o
 .comment       0x000000000000002a       0x2b dhcp.o
 .comment       0x000000000000002a       0x2b tcp.o
 .comment       0x000000000000002a       0x2b checksum.o
 .comment       0x000000000000002a       0x2b gui.o
 .comment       0x000000000000002a       0x2b compositor.o
 .comment       0x000000000000002a       0x2b font8x16.o
 .comment       0x000000000000002a       0x2b std.o
 .comment       0x000000000000002a       0x2b cfs.o
 .comment       0x000000000000002a       0x2b pipe.o
 .comment       0x000000000000002a       0x2b socket.o
 .comment       0x000000000000002a       0x2b string.o
 .comment       0x000000000000002a       0x2b vsprintf.o
 .comment       0x000000000000002a       0x2b stdio.o
 .comment       0x000000000000002a       0x2b stdlib.o
 .comment       0x000000000000002a       0x2b sse_memcpy.o

.note.GNU-stack
                0x0000000000000000        0x0
 .note.GNU-stack
                0x0000000000000000        0x0 main.o
 .note.GNU-stack
                0x0000000000000000        0x0 io.o
 .note.GNU-stack
                0x0000000000000000        0x0 gdt.o
 .note.GNU-stack
                0x0000000000000000        0x0 tss.o
 .note.GNU-stack
                0x0000000000000000        0x0 idt.o
 .note.GNU-stack
                0x0000000000000000        0x0 exception.o
 .note.GNU-stack
                0x0000000000000000        0x0 data.o
 .note.GNU-stack
                0x0000000000000000        0x0 server.o
 .note.GNU-stack
                0x0000000000000000        0x0 smp.o
 .note.GNU-stack
                0x0000000000000000        0x0 delay.o
 .note.GNU-stack
                0x0000000000000000        0x0 paging.o
 .note.GNU-stack
                0x0000000000000000        0x0 mm.o
 .note.GNU-stack
                0x0000000000000000        0x0 cpuid.o
 .note.GNU-stack
                0x0000000000000000        0x0 msr.o
 .note.GNU-stack
                0x0000000000000000        0x0 lvt.o
 .note.GNU-stack
                0x0000000000000000        0x0 irq.o
 .note.GNU-stack
                0x0000000000000000        0x0 apic.o
 .note.GNU-stack
                0x0000000000000000        0x0 ioapic.o
 .note.GNU-stack
                0x0000000000000000        0x0 intr.o
 .note.GNU-stack
                0x0000000000000000        0x0 sleep.o
 .note.GNU-stack
                0x0000000000000000        0x0 thread.o
 .note.GNU-stack
                0x0000000000000000        0x0 exectve.o
 .note.GNU-stack
                0x0000000000000000        0x0 syscall.o
 .note.GNU-stack
                0x0000000000000000        0x0 console.o
 .note.GNU-stack
                0x0000000000000000        0x0 exit.o
 .note.GNU-stack
                0x0000000000000000        0x0 sse.o
 .note.GNU-stack
                0x0000000000000000        0x0 pci.o
 .note.GNU-stack
                0x0000000000000000        0x0 i965.o
 .note.GNU-stack
                0x0000000000000000        0x0 cursor.o
 .note.GNU-stack
                0x0000000000000000        0x0 acpi.o
 .note.GNU-stack
                0x0000000000000000        0x0 hpet.o
 .note.GNU-stack
                0x0000000000000000        0x0 lpc.o
 .note.GNU-stack
                0x0000000000000000        0x0 pit.o
 .note.GNU-stack
                0x0000000000000000        0x0 ps2.o
 .note.GNU-stack
                0x0000000000000000        0x0 mouse.o
 .note.GNU-stack
                0x0000000000000000        0x0 keyboard.o
 .note.GNU-stack
                0x0000000000000000        0x0 ahci.o
 .note.GNU-stack
                0x0000000000000000        0x0 ide.o
 .note.GNU-stack
                0x0000000000000000        0x0 storage.o
 .note.GNU-stack
                0x0000000000000000        0x0 rtc.o
 .note.GNU-stack
                0x0000000000000000        0x0 hda.o
 .note.GNU-stack
                0x0000000000000000        0x0 speaker.o
 .note.GNU-stack
                0x0000000000000000        0x0 e1000.o
 .note.GNU-stack
                0x0000000000000000        0x0 ethernet.o
 .note.GNU-stack
                0x0000000000000000        0x0 arp.o
 .note.GNU-stack
                0x0000000000000000        0x0 udp.o
 .note.GNU-stack
                0x0000000000000000        0x0 ipv4.o
 .note.GNU-stack
                0x0000000000000000        0x0 dhcp.o
 .note.GNU-stack
                0x0000000000000000        0x0 tcp.o
 .note.GNU-stack
                0x0000000000000000        0x0 checksum.o
 .note.GNU-stack
                0x0000000000000000        0x0 gui.o
 .note.GNU-stack
                0x0000000000000000        0x0 compositor.o
 .note.GNU-stack
                0x0000000000000000        0x0 font8x16.o
 .note.GNU-stack
                0x0000000000000000        0x0 std.o
 .note.GNU-stack
                0x0000000000000000        0x0 cfs.o
 .note.GNU-stack
                0x0000000000000000        0x0 pipe.o
 .note.GNU-stack
                0x0000000000000000        0x0 socket.o
 .note.GNU-stack
                0x0000000000000000        0x0 string.o
 .note.GNU-stack
                0x0000000000000000        0x0 vsprintf.o
 .note.GNU-stack
                0x0000000000000000        0x0 stdio.o
 .note.GNU-stack
                0x0000000000000000        0x0 stdlib.o
 .note.GNU-stack
                0x0000000000000000        0x0 sse_memcpy.o
