
Merging program properties

Removed property 0xc0000002 to merge main.o (0x3) and setup.o (not found)
Removed property 0xc0000002 to merge main.o (not found) and io.o (0x3)
Removed property 0xc0000002 to merge main.o (not found) and gdt.o (0x3)
Removed property 0xc0000002 to merge main.o (not found) and tss.o (0x3)
Removed property 0xc0000002 to merge main.o (not found) and idt.o (0x3)
Removed property 0xc0000002 to merge main.o (not found) and exception.o (0x3)
Removed property 0xc0000002 to merge main.o (not found) and data.o (0x3)
Removed property 0xc0000002 to merge main.o (not found) and server.o (0x3)
Removed property 0xc0000002 to merge main.o (not found) and smp.o (0x3)
Removed property 0xc0000002 to merge main.o (not found) and delay.o (0x3)
Removed property 0xc0000002 to merge main.o (not found) and paging.o (0x3)
Removed property 0xc0000002 to merge main.o (not found) and mm.o (0x3)
Removed property 0xc0000002 to merge main.o (not found) and cpuid.o (0x3)
Removed property 0xc0000002 to merge main.o (not found) and msr.o (0x3)
Removed property 0xc0000002 to merge main.o (not found) and lvt.o (0x3)
Removed property 0xc0000002 to merge main.o (not found) and irq.o (0x3)
Removed property 0xc0000002 to merge main.o (not found) and apic.o (0x3)
Removed property 0xc0000002 to merge main.o (not found) and ioapic.o (0x3)
Removed property 0xc0000002 to merge main.o (not found) and intr.o (0x3)
Removed property 0xc0000002 to merge main.o (not found) and sleep.o (0x3)
Removed property 0xc0000002 to merge main.o (not found) and thread.o (0x3)
Removed property 0xc0000002 to merge main.o (not found) and exectve.o (0x3)
Removed property 0xc0000002 to merge main.o (not found) and syscall.o (0x3)
Removed property 0xc0000002 to merge main.o (not found) and console.o (0x3)
Removed property 0xc0000002 to merge main.o (not found) and exit.o (0x3)
Removed property 0xc0000002 to merge main.o (not found) and sse.o (0x3)
Removed property 0xc0000002 to merge main.o (not found) and pci.o (0x3)
Removed property 0xc0000002 to merge main.o (not found) and i965.o (0x3)
Removed property 0xc0000002 to merge main.o (not found) and cursor.o (0x3)
Removed property 0xc0000002 to merge main.o (not found) and acpi.o (0x3)
Removed property 0xc0000002 to merge main.o (not found) and hpet.o (0x3)
Removed property 0xc0000002 to merge main.o (not found) and lpc.o (0x3)
Removed property 0xc0000002 to merge main.o (not found) and pit.o (0x3)
Removed property 0xc0000002 to merge main.o (not found) and ps2.o (0x3)
Removed property 0xc0000002 to merge main.o (not found) and mouse.o (0x3)
Removed property 0xc0000002 to merge main.o (not found) and keyboard.o (0x3)
Removed property 0xc0000002 to merge main.o (not found) and ahci.o (0x3)
Removed property 0xc0000002 to merge main.o (not found) and ide.o (0x3)
Removed property 0xc0000002 to merge main.o (not found) and storage.o (0x3)
Removed property 0xc0000002 to merge main.o (not found) and rtc.o (0x3)
Removed property 0xc0000002 to merge main.o (not found) and hda.o (0x3)
Removed property 0xc0000002 to merge main.o (not found) and speaker.o (0x3)
Removed property 0xc0000002 to merge main.o (not found) and e1000.o (0x3)
Removed property 0xc0000002 to merge main.o (not found) and ethernet.o (0x3)
Removed property 0xc0000002 to merge main.o (not found) and arp.o (0x3)
Removed property 0xc0000002 to merge main.o (not found) and udp.o (0x3)
Removed property 0xc0000002 to merge main.o (not found) and ipv4.o (0x3)
Removed property 0xc0000002 to merge main.o (not found) and dhcp.o (0x3)
Removed property 0xc0000002 to merge main.o (not found) and tcp.o (0x3)
Removed property 0xc0000002 to merge main.o (not found) and checksum.o (0x3)
Removed property 0xc0000002 to merge main.o (not found) and rtl8169.o (0x3)
Removed property 0xc0000002 to merge main.o (not found) and gui.o (0x3)
Removed property 0xc0000002 to merge main.o (not found) and compositor.o (0x3)
Removed property 0xc0000002 to merge main.o (not found) and font8x16.o (0x3)
Removed property 0xc0000002 to merge main.o (not found) and std.o (0x3)
Removed property 0xc0000002 to merge main.o (not found) and cfs.o (0x3)
Removed property 0xc0000002 to merge main.o (not found) and pipe.o (0x3)
Removed property 0xc0000002 to merge main.o (not found) and socket.o (0x3)
Removed property 0xc0000002 to merge main.o (not found) and elf.o (0x3)
Removed property 0xc0000002 to merge main.o (not found) and string.o (0x3)
Removed property 0xc0000002 to merge main.o (not found) and vsprintf.o (0x3)
Removed property 0xc0000002 to merge main.o (not found) and stdio.o (0x3)
Removed property 0xc0000002 to merge main.o (not found) and stdlib.o (0x3)
Removed property 0xc0000002 to merge main.o (not found) and sse_memcpy.o (0x3)
Removed property 0xc0000002 to merge main.o (not found) and panic.o (0x3)
Removed property 0xc0000002 to merge main.o (not found) and msi.o (0x3)

Allocating common symbols
Common symbol       size              file

rf                  0x4               compositor.o
tx_descs            0x40              e1000.o
mult_task           0x1               main.o
interrupt_status    0x4               data.o
gdtr                0xa               gdt.o
our_ip              0x4               ethernet.o
stdout              0x8               std.o
corb_pointer        0x4               hda.o
ata_record_channel  0x4               ide.o
mouse_x             0x4               mouse.o
count_mouse         0x4               mouse.o
alloc_pte           0x8               mm.o
dmavirt             0x8               ahci.o
key_buffer          0x2               keyboard.o
rx_memory           0x20              e1000.o
context_rcx         0x8               thread.o
dmaphy              0x8               ahci.o
HDBARL              0x4               hda.o
window_count        0x8               compositor.o
screan_spin_lock    0x4               compositor.o
thread_id           0x8               server.o
_stderr             0x8               std.o
paint               0x8               compositor.o
fadt                0x8               acpi.o
server_id           0x30              server.o
gid                 0x8               compositor.o
kernelmouse         0x8               data.o
context_r12         0x8               thread.o
context_rax         0x8               thread.o
dv_uid              0x4               data.o
acpi_physical_init  0x8               acpi.o
eticks              0x8               pit.o
mouse2              0x8               mouse.o
fs_directory        0x8               cfs.o
gdt                 0x100             gdt.o
ATA_BAR1            0x4               main.o
ATA_BAR4            0x4               main.o
context_ds          0x8               thread.o
hda_base            0x8               hda.o
alloc_pde           0x8               mm.o
ipv4_cache          0x8               ipv4.o
current_saddr       0x8               socket.o
rx_descs            0x100             e1000.o
_stdin              0x8               std.o
SLP_TYPa            0x2               acpi.o
current_thread      0x8               thread.o
HDA_MEM_SIZE        0x4               hda.o
beep_node           0x4               hda.o
fb                  0x20              i965.o
current_thread2     0x8               thread.o
context_rsi         0x8               thread.o
hpet                0x8               acpi.o
user                0x8               main.o
context_r9          0x8               thread.o
tss                 0x68              tss.o
router_ip           0x4               ethernet.o
localId             0x4               apic.o
context_rdx         0x8               thread.o
core                0x112             smp.o
vector_msi          0x4               msi.o
context_rflag       0x8               thread.o
current_thread1     0x8               thread.o
context_fxsave      0x8               thread.o
pipe_launcher       0x8               data.o
row_cur             0x4               socket.o
CPUID_REQUEST       0x4               main.o
mode                0x10              i965.o
first_time          0x4               mouse.o
xsdt                0x8               acpi.o
context_cs          0x8               thread.o
context_rsp0        0x8               thread.o
gui                 0x68              gui.o
paint_ready_queue   0x8               compositor.o
tx_memory           0x20              e1000.o
stdin               0x8               std.o
thread_ready_queue  0x8               thread.o
ata_record_dev      0x4               ide.o
led_status          0x1               keyboard.o
ata                 0x800             storage.o
hda_widget          0x80              hda.o
context_cr3         0x8               thread.o
ioapic_redir_table  0xc0              ioapic.o
launcher            0x4               main.o
context_rsp         0x8               thread.o
context_fs          0x8               thread.o
context_rbp         0x8               thread.o
output_node         0x4               hda.o
context_r8          0x8               thread.o
ATA_BAR0            0x4               main.o
ATA_BAR3            0x4               main.o
HBA_BASE            0x8               ahci.o
timer_ticks         0x8               pit.o
context_r15         0x8               thread.o
gtt                 0x38              i965.o
HDA_STREAM_MEMORY   0x8               hda.o
RIRB_MEMORY         0x8               hda.o
no                  0x4               main.o
buttons             0x1               mouse.o
_stdout             0x8               std.o
hpet_register       0x8               hpet.o
ioapic_base         0x8               ioapic.o
context_ss          0x8               thread.o
rsdt                0x8               acpi.o
tmpnam              0x4               data.o
sockt_receive_row   0x4a0             socket.o
RAM_BITMAP          0x8               mm.o
idt                 0x1000            idt.o
syspwd              0x8               main.o
next_pid            0x8               thread.o
context_gs          0x8               thread.o
packege_desc_buffer
                    0x280             ethernet.o
context_r11         0x8               thread.o
alloc_spin_lock     0x4               mm.o
arp_cache           0x2800            arp.o
stderr              0x8               std.o
HDA_MEM             0x8               hda.o
idtr                0xa               idt.o
saddr_ready_queue   0x8               socket.o
keyboard_charset    0x1               keyboard.o
socket_next_id      0x4               socket.o
mouse               0x8               mouse.o
re_soft             0x105c            rtl8169.o
period              0x8               hpet.o
default_ethernet_device
                    0x21              ethernet.o
VERBOSE             0x4               stdio.o
context_r13         0x8               thread.o
dv_num              0x1               data.o
dns_ip              0x4               ethernet.o
dsdt                0x8               acpi.o
mouse_y             0x4               mouse.o
context_r10         0x8               thread.o
lapicbase           0x8               apic.o
device_pde          0x8               mm.o
context_rip         0x8               thread.o
context_pid         0x8               thread.o
context_rbx         0x8               thread.o
hba_mem_space       0x8               ahci.o
context_r14         0x8               thread.o
ret                 0x8               syscall.o
dhcp_ip             0x4               ethernet.o
clock               0x8               rtc.o
ATA_BAR2            0x4               main.o
ATA_BAR5            0x4               main.o
re_base_addr        0x8               rtl8169.o
SLP_TYPb            0x2               acpi.o
acpi_virtual_addr   0x8               acpi.o
rsdp                0x8               acpi.o
CORB_MEMORY         0x8               hda.o
g_mm_mp_index       0x8               mm.o
sata_idtfy          0x200             ahci.o
context_rdi         0x8               thread.o
default_ethernet_package_descriptor
                    0x14              ethernet.o
hda_max_volume      0x4               hda.o
HDBARU              0x4               hda.o
context_es          0x8               thread.o
input_node          0x4               hda.o

Discarded input sections

 .note.gnu.property
                0x0000000000000000       0x20 main.o
 .note.gnu.property
                0x0000000000000000       0x20 io.o
 .note.gnu.property
                0x0000000000000000       0x20 gdt.o
 .note.gnu.property
                0x0000000000000000       0x20 tss.o
 .note.gnu.property
                0x0000000000000000       0x20 idt.o
 .note.gnu.property
                0x0000000000000000       0x20 exception.o
 .note.gnu.property
                0x0000000000000000       0x20 data.o
 .note.gnu.property
                0x0000000000000000       0x20 server.o
 .note.gnu.property
                0x0000000000000000       0x20 smp.o
 .note.gnu.property
                0x0000000000000000       0x20 delay.o
 .note.gnu.property
                0x0000000000000000       0x20 paging.o
 .note.gnu.property
                0x0000000000000000       0x20 mm.o
 .note.gnu.property
                0x0000000000000000       0x20 cpuid.o
 .note.gnu.property
                0x0000000000000000       0x20 msr.o
 .note.gnu.property
                0x0000000000000000       0x20 lvt.o
 .note.gnu.property
                0x0000000000000000       0x20 irq.o
 .note.gnu.property
                0x0000000000000000       0x20 apic.o
 .note.gnu.property
                0x0000000000000000       0x20 ioapic.o
 .note.gnu.property
                0x0000000000000000       0x20 intr.o
 .note.gnu.property
                0x0000000000000000       0x20 sleep.o
 .note.gnu.property
                0x0000000000000000       0x20 thread.o
 .note.gnu.property
                0x0000000000000000       0x20 exectve.o
 .note.gnu.property
                0x0000000000000000       0x20 syscall.o
 .note.gnu.property
                0x0000000000000000       0x20 console.o
 .note.gnu.property
                0x0000000000000000       0x20 exit.o
 .note.gnu.property
                0x0000000000000000       0x20 sse.o
 .note.gnu.property
                0x0000000000000000       0x20 pci.o
 .note.gnu.property
                0x0000000000000000       0x20 i965.o
 .note.gnu.property
                0x0000000000000000       0x20 cursor.o
 .note.gnu.property
                0x0000000000000000       0x20 acpi.o
 .note.gnu.property
                0x0000000000000000       0x20 hpet.o
 .note.gnu.property
                0x0000000000000000       0x20 lpc.o
 .note.gnu.property
                0x0000000000000000       0x20 pit.o
 .note.gnu.property
                0x0000000000000000       0x20 ps2.o
 .note.gnu.property
                0x0000000000000000       0x20 mouse.o
 .note.gnu.property
                0x0000000000000000       0x20 keyboard.o
 .note.gnu.property
                0x0000000000000000       0x20 ahci.o
 .note.gnu.property
                0x0000000000000000       0x20 ide.o
 .note.gnu.property
                0x0000000000000000       0x20 storage.o
 .note.gnu.property
                0x0000000000000000       0x20 rtc.o
 .note.gnu.property
                0x0000000000000000       0x20 hda.o
 .note.gnu.property
                0x0000000000000000       0x20 speaker.o
 .note.gnu.property
                0x0000000000000000       0x20 e1000.o
 .note.gnu.property
                0x0000000000000000       0x20 ethernet.o
 .note.gnu.property
                0x0000000000000000       0x20 arp.o
 .note.gnu.property
                0x0000000000000000       0x20 udp.o
 .note.gnu.property
                0x0000000000000000       0x20 ipv4.o
 .note.gnu.property
                0x0000000000000000       0x20 dhcp.o
 .note.gnu.property
                0x0000000000000000       0x20 tcp.o
 .note.gnu.property
                0x0000000000000000       0x20 checksum.o
 .note.gnu.property
                0x0000000000000000       0x20 rtl8169.o
 .note.gnu.property
                0x0000000000000000       0x20 gui.o
 .note.gnu.property
                0x0000000000000000       0x20 compositor.o
 .note.gnu.property
                0x0000000000000000       0x20 font8x16.o
 .note.gnu.property
                0x0000000000000000       0x20 std.o
 .note.gnu.property
                0x0000000000000000       0x20 cfs.o
 .note.gnu.property
                0x0000000000000000       0x20 pipe.o
 .note.gnu.property
                0x0000000000000000       0x20 socket.o
 .note.gnu.property
                0x0000000000000000       0x20 elf.o
 .note.gnu.property
                0x0000000000000000       0x20 string.o
 .note.gnu.property
                0x0000000000000000       0x20 vsprintf.o
 .note.gnu.property
                0x0000000000000000       0x20 stdio.o
 .note.gnu.property
                0x0000000000000000       0x20 stdlib.o
 .note.gnu.property
                0x0000000000000000       0x20 sse_memcpy.o
 .note.gnu.property
                0x0000000000000000       0x20 panic.o
 .note.gnu.property
                0x0000000000000000       0x20 msi.o

Memory Configuration

Name             Origin             Length             Attributes
*default*        0x0000000000000000 0xffffffffffffffff

Linker script and memory map

                0x0000000000401000                . = 0x401000
                0x0000000000401000                _start = .

.text           0x0000000000401000    0x23000
                0x0000000000401000                code = .
                0x0000000000401000                _code = .
                0x0000000000401000                __code = .
 *(.text)
 .text          0x0000000000401000       0xc2 setup.o
                0x0000000000401031                gdt_flush
                0x0000000000401054                idt_flush
                0x000000000040105b                call_function
                0x0000000000401070                copymem
                0x00000000004010a4                DisableSSE
                0x00000000004010af                EnableSSE
                0x00000000004010ba                SaveSSE
                0x00000000004010be                RestoreSSE
 .text          0x00000000004010c2      0xb30 main.o
                0x00000000004010c2                main
 .text          0x0000000000401bf2       0x42 io.o
                0x0000000000401bf2                wait
 .text          0x0000000000401c34      0x5c5 gdt.o
                0x0000000000401efd                gdt_install
 .text          0x00000000004021f9       0xa6 tss.o
                0x00000000004021f9                load_ltr
                0x000000000040222c                tss_install
 .text          0x000000000040229f      0x4e2 idt.o
                0x00000000004024b1                idt_install
                0x00000000004025e6                idt_gate
                0x000000000040264e                _idt_gate
                0x000000000040272d                intr_null_function
 *fill*         0x0000000000402781        0xf 
 .text          0x0000000000402790      0xc0b vetor.o
                0x00000000004027ee                isr00
                0x00000000004027fd                isr01
                0x000000000040280c                isr02
                0x000000000040281b                isr03
                0x000000000040282a                isr04
                0x0000000000402839                isr05
                0x0000000000402848                isr06
                0x0000000000402857                isr07
                0x0000000000402866                isr08
                0x0000000000402870                isr09
                0x000000000040287f                isr10
                0x0000000000402889                isr11
                0x0000000000402893                isr12
                0x000000000040289d                isr13
                0x00000000004028a7                isr14
                0x00000000004028b1                isr15
                0x00000000004028c0                isr16
                0x00000000004028cf                isr17
                0x00000000004028d9                isr18
                0x00000000004028e8                isr19
                0x00000000004028f7                isr20
                0x0000000000402906                isr21
                0x0000000000402915                isr22
                0x0000000000402924                isr23
                0x0000000000402933                isr24
                0x0000000000402942                isr25
                0x0000000000402951                isr26
                0x0000000000402960                isr27
                0x000000000040296f                isr28
                0x000000000040297e                isr29
                0x000000000040298d                isr30
                0x000000000040299c                isr31
                0x0000000000402a47                lvt0
                0x0000000000402c4e                lvt1
                0x0000000000402c5d                lvt2
                0x0000000000402c6c                lvt3
                0x0000000000402c7b                lvt4
                0x0000000000402c8b                timer1
                0x0000000000402e8a                timer2
                0x0000000000402e99                timer3
                0x0000000000402ea8                timer4
                0x0000000000402eb7                timer5
                0x0000000000402ec6                timer6
                0x0000000000402ed5                timer7
                0x0000000000402ee4                timer8
                0x0000000000402f41                irq0
                0x0000000000402f50                irq1
                0x0000000000402f5f                irq2
                0x0000000000402f6e                irq3
                0x0000000000402f7d                irq4
                0x0000000000402f8c                irq5
                0x0000000000402f9b                irq6
                0x0000000000402faa                irq7
                0x0000000000402fb9                irq8
                0x0000000000402fc8                irq9
                0x0000000000402fd7                irq10
                0x0000000000402fe6                irq11
                0x0000000000402ff5                irq12
                0x0000000000403004                irq13
                0x0000000000403013                irq14
                0x0000000000403022                irq15
                0x0000000000403031                irq16
                0x0000000000403040                irq17
                0x000000000040304f                irq18
                0x000000000040305e                irq19
                0x000000000040306d                irq20
                0x000000000040307c                irq21
                0x000000000040308b                irq22
                0x000000000040309a                irq23
                0x0000000000403107                intr255
                0x0000000000403116                intr_null
                0x00000000004031bb                msi0
                0x00000000004031ca                msi1
                0x00000000004031d9                msi2
                0x00000000004031e8                msi3
                0x00000000004031f7                msi4
                0x0000000000403206                msi5
                0x0000000000403215                msi6
                0x0000000000403224                msi7
                0x0000000000403233                msi8
                0x0000000000403242                msi9
                0x0000000000403251                msi10
                0x0000000000403260                msi11
                0x000000000040326f                msi12
                0x000000000040327e                msi13
                0x000000000040328d                msi14
                0x000000000040329c                msi15
                0x00000000004032ab                msi16
                0x00000000004032ba                msi17
                0x00000000004032c9                msi18
                0x00000000004032d8                msi19
                0x00000000004032e7                msi20
                0x00000000004032f6                msi21
                0x0000000000403305                msi22
                0x0000000000403314                msi23
                0x0000000000403323                msi24
                0x0000000000403332                msi25
                0x0000000000403341                msi26
                0x0000000000403350                msi27
                0x000000000040335f                msi28
                0x000000000040336e                msi29
                0x000000000040337d                msi30
                0x000000000040338c                msi31
 .text          0x000000000040339b      0x7c9 exception.o
                0x000000000040339b                exceptions_install
                0x00000000004039e4                fault_exception
 .text          0x0000000000403b64        0x0 data.o
 .text          0x0000000000403b64      0x57b server.o
                0x0000000000403b64                foco
                0x0000000000403c3d                foco_default
                0x0000000000403cb1                server
 .text          0x00000000004040df      0x684 smp.o
                0x00000000004040df                setup_smp
                0x0000000000404654                done
                0x000000000040468d                ap_startup
 .text          0x0000000000404763       0x8e delay.o
                0x0000000000404763                mdelay
                0x00000000004047aa                udelay
 .text          0x00000000004047f1      0x1b9 paging.o
                0x00000000004047f1                flush_tlb
                0x000000000040484b                load_pae_page_directory_pointer_table
                0x000000000040487d                load_pml4_table
                0x00000000004048af                enable_pae
                0x00000000004048db                page_enable
                0x0000000000404909                page_install
 .text          0x00000000004049aa     0x14d1 mm.o
                0x00000000004049aa                initialize_mm_mp
                0x0000000000404b49                mm_mp
                0x0000000000404fa4                ram_setup
                0x000000000040506d                alloc_frame
                0x00000000004051b4                free_frame
                0x000000000040523f                alloc_pages_setup
                0x0000000000405635                v_pool
                0x00000000004056b3                alloc_pages
                0x0000000000405952                free_pages
                0x0000000000405ca9                get_phy_addr
 .text          0x0000000000405e7b      0x1f9 cpuid.o
                0x0000000000405e7b                cpuid_vendor
                0x0000000000405ee9                cpuid_processor_brand
                0x0000000000405fc0                cpuid
                0x000000000040600b                cpuid_string
 .text          0x0000000000406074       0xb9 msr.o
                0x0000000000406074                getmsr
                0x00000000004060bf                setmsr
 .text          0x000000000040612d      0x4e8 lvt.o
                0x000000000040612d                lvt_function
                0x000000000040636f                lvt_install
 .text          0x0000000000406615      0x5f4 irq.o
                0x0000000000406615                default_irq
                0x0000000000406671                irq_function
                0x0000000000406748                irq_install
 .text          0x0000000000406c09      0x54e apic.o
                0x0000000000406c09                local_apic_read_command
                0x0000000000406c4c                local_apic_write_command
                0x0000000000406c99                getapicbase
                0x0000000000406cec                enableapic
                0x0000000000406d57                apic_eoi_register
                0x0000000000406d94                setup_apic
                0x0000000000407006                local_apic_get_id
                0x0000000000407043                local_apic_send_init
                0x00000000004070ca                local_apic_send_startup
 .text          0x0000000000407157      0x7c4 ioapic.o
                0x0000000000407157                read_ioapic_register
                0x00000000004071a7                write_ioapic_register
                0x0000000000407201                ioapic_masked
                0x000000000040729e                ioapic_umasked
                0x000000000040733b                set_ioapic_redir_table
                0x00000000004075c7                ioapic_cofiguration
                0x0000000000407661                setup_ioapic
                0x000000000040772d                apic_initial_count_timer
                0x000000000040777b                apic_timer
                0x000000000040780b                apic_timer_umasked
                0x00000000004078af                apic_timer_masked
 .text          0x000000000040791b       0xc6 intr.o
                0x000000000040791b                intr_install
                0x000000000040797c                intr_function
 .text          0x00000000004079e1       0x6b sleep.o
                0x00000000004079e1                sleep
 .text          0x0000000000407a4c     0x1a95 thread.o
                0x0000000000407a4c                thread_setup
                0x0000000000407d88                create_thread
                0x00000000004082bf                create_thread_child
                0x0000000000408666                task_switch
                0x0000000000408ef1                task_switch2
                0x0000000000409471                thread
 .text          0x00000000004094e1     0x12ac exectve.o
                0x00000000004094e1                exectve
                0x0000000000409e29                exectve_child
 .text          0x000000000040a78d      0x9ab syscall.o
                0x000000000040a78d                default_syscall
                0x000000000040a7f8                syscall_puts
                0x000000000040a850                syscall_window
                0x000000000040a8a8                syscall_kbd_foco
                0x000000000040a91d                syscall_alloc_pages
                0x000000000040a99e                syscall_free_pages
                0x000000000040a9f6                syscall_readsector
                0x000000000040aa72                syscall_writesector
                0x000000000040aaee                syscall_geral
                0x000000000040ac35                syscall_tmpnam
                0x000000000040ad03                syscall_io
                0x000000000040ae3d                syscall_register_pipe_launcher
                0x000000000040ae89                syscall_get_pipe_launcher
                0x000000000040aece                syscall_get_paint_list
                0x000000000040af13                syscall_get_thread_id
                0x000000000040af5c                syscall_create_socket
                0x000000000040afe1                syscall_get_socket_ready_queue
                0x000000000040b026                syscall_function_handler
                0x000000000040b0d1                syscall_install
 *fill*         0x000000000040b138        0x8 
 .text          0x000000000040b140       0x86 asyscall.o
                0x000000000040b1b7                int114
 .text          0x000000000040b1c6      0xaa9 console.o
                0x000000000040b1c6                console
                0x000000000040b46e                cmd_version
                0x000000000040b4d1                cmd_time
                0x000000000040b534                cmd_shutdown
                0x000000000040b58e                cmd_rename
                0x000000000040b5f1                cmd_reboot
                0x000000000040b64b                cmd_new
                0x000000000040b6ae                cmd_mov
                0x000000000040b711                cmd_info
                0x000000000040b7ef                cmd_help
                0x000000000040b960                cmd_exit
                0x000000000040b9c3                cmd_echo
                0x000000000040ba26                cmd_dir
                0x000000000040ba89                cmd_del
                0x000000000040baec                cmd_date
                0x000000000040bb4f                cmd_copy
                0x000000000040bbb2                cmd_clear
                0x000000000040bc0c                cmd_cd
 .text          0x000000000040bc6f      0x593 exit.o
                0x000000000040bc6f                user_free
                0x000000000040bd1b                exit
 .text          0x000000000040c202      0x1c7 sse.o
                0x000000000040c202                fpu_cw
                0x000000000040c232                sse_cr
                0x000000000040c266                sse_cw
                0x000000000040c294                fpu_save
                0x000000000040c2c3                fpu_restore
                0x000000000040c2f2                setup_sse
 .text          0x000000000040c3c9      0xcfb pci.o
                0x000000000040c3c9                read_pci_config_addr
                0x000000000040c443                write_pci_config_addr
                0x000000000040c4bd                pci_read_config_dword
                0x000000000040c537                pci_write_config_dword
                0x000000000040c5b1                pci_read_config_word
                0x000000000040c651                pci_write_config_word
                0x000000000040c71a                pci_read_config_byte
                0x000000000040c7ba                pci_write_config_byte
                0x000000000040c882                pci_get_info
                0x000000000040cb30                pci_scan_bcc
                0x000000000040cc13                pci_scan_class
                0x000000000040cd04                pci_scan_class_subclass
                0x000000000040ce0c                pci_scan_bcc_scc
                0x000000000040cf0a                pci_scan_bcc_scc_prog
                0x000000000040d019                pci_scan_vendor
                0x000000000040d04a                pci_check_vendor
                0x000000000040d084                pci_size
 .text          0x000000000040d0c4     0x10e3 i965.o
                0x000000000040d0c4                i965_pci_init
                0x000000000040d273                setup_i965
                0x000000000040d869                timings
                0x000000000040db07                disable_dac
                0x000000000040db84                enable_dac
                0x000000000040dc01                disable_plane
                0x000000000040dc80                enable_plane
                0x000000000040dcff                disable_pipe
                0x000000000040dd7e                enable_pipe
                0x000000000040ddfd                disable_dpll
                0x000000000040de28                enable_dpll
                0x000000000040de67                disable_legacy_vga_emul
                0x000000000040df2f                gmbus_reset
                0x000000000040df5a                gmbus_stoptransaction
                0x000000000040df99                gmbus_wait
                0x000000000040dfdf                gmbus_read
                0x000000000040e176                gmbus_write
 .text          0x000000000040e1a7      0x26f cursor.o
                0x000000000040e1a7                DrawMouse
                0x000000000040e291                setup_cursor
                0x000000000040e39d                update_graphic_cursor
 .text          0x000000000040e416      0xa96 acpi.o
                0x000000000040e79f                acpi_probe
                0x000000000040e875                acpi_enable
                0x000000000040eacb                setup_acpi
                0x000000000040ed6b                poweroff
                0x000000000040edf1                reboot
 .text          0x000000000040eeac      0x21c hpet.o
                0x000000000040eff4                setup_hpet
                0x000000000040f056                hpet_sleep
 .text          0x000000000040f0c8       0xf9 lpc.o
                0x000000000040f0fc                setup_lpc
 .text          0x000000000040f1c1      0x1de pit.o
                0x000000000040f255                pit_set_frequencia
                0x000000000040f2b3                pit_enable
                0x000000000040f34a                timer_wait
 .text          0x000000000040f39f      0x1b3 ps2.o
                0x000000000040f39f                kbdc_wait
                0x000000000040f43e                kbdc_set_cmd
                0x000000000040f4d0                kbdc_wait_ack
 .text          0x000000000040f552      0x94a mouse.o
                0x000000000040f552                mouse_write
                0x000000000040f5cb                mouse_read
                0x000000000040f61f                MOUSE_BAT_TEST
                0x000000000040f694                mouse_handler
                0x000000000040fa71                mouse_install
 .text          0x000000000040fe9c      0x849 keyboard.o
                0x000000000040fe9c                keyboard_read
                0x000000000040fef0                keyboard_write
                0x000000000040ff45                KEYBOARD_BAT_TEST
                0x000000000040ffba                keyboard_handler
                0x0000000000410625                keyboard_install
 .text          0x00000000004106e5     0x19af ahci.o
                0x00000000004106e5                ahci_initialize
                0x0000000000411d6c                sata_read_sector
                0x0000000000411f00                sata_write_sector
 .text          0x0000000000412094     0x15f5 ide.o
                0x0000000000412094                ata_wait
                0x0000000000412176                ata_status_read
                0x00000000004121d1                ata_wait_not_busy
                0x0000000000412248                ata_wait_busy
                0x00000000004122bf                ata_wait_no_drq
                0x0000000000412334                ata_wait_drq
                0x00000000004123a9                ata_cmd_write
                0x000000000041242f                ata_soft_reset
                0x00000000004124e1                ata_pio_read
                0x0000000000412546                ata_pio_write
                0x00000000004125ab                ata_bus_install
                0x0000000000412982                ata_identify_device
                0x000000000041322c                ata_read_sector
                0x0000000000413428                ata_write_sector
 .text          0x0000000000413689      0xe04 storage.o
                0x0000000000413cd1                ata_initialize
                0x0000000000414261                read_sector
                0x0000000000414377                write_sector
 .text          0x000000000041448d      0x67c rtc.o
                0x000000000041448d                disable_NMI
                0x00000000004144d4                enable_NMI
                0x0000000000414560                rtc_setup
                0x000000000041469b                rtc_handler
                0x000000000041487b                swait_init
                0x00000000004149ff                swait
 .text          0x0000000000414b09     0x20ee hda.o
                0x0000000000414b09                hda_wait
                0x0000000000414b58                hda_outb
                0x0000000000414ba9                hda_outw
                0x0000000000414bfc                hda_outl
                0x0000000000414c4a                hda_inb
                0x0000000000414c92                hda_inw
                0x0000000000414cda                hda_inl
                0x0000000000414d21                corb_write_command
                0x0000000000414ec8                hda_reset
                0x0000000000414f94                setup_hda
                0x0000000000416216                hda_response
                0x0000000000416256                hda_send_verb
                0x00000000004165a8                hda_ic_verbe
                0x00000000004166ea                hda_set_output_node
                0x000000000041697f                hda_play_sound
                0x0000000000416b5c                hda_volume
 .text          0x0000000000416bf7      0x129 speaker.o
                0x0000000000416bf7                turn_speaker_on
                0x0000000000416c36                turn_speaker_off
                0x0000000000416c77                set_speaker_frequence
                0x0000000000416cc7                play_speaker
 .text          0x0000000000416d20     0x12c6 e1000.o
                0x0000000000416d20                e1000_read_command
                0x0000000000416d63                e1000_write_command
                0x0000000000416db0                e1000_is_eeprom
                0x0000000000416e25                e1000_enable_int
                0x0000000000416ebc                e1000_link_up
                0x0000000000416f47                irq_e1000
                0x0000000000417124                init_e1000
                0x0000000000417ad4                e1000_send_package
                0x0000000000417c9c                e1000_recieve_package
 .text          0x0000000000417fe6     0x141b ethernet.o
                0x0000000000418078                get_default_ethernet_device
                0x00000000004180de                ethernet_set_link_status
                0x000000000041811d                ethernet_set_interrupt_status
                0x000000000041815c                register_ethernet_device
                0x00000000004181fe                get_ethernet_package
                0x0000000000418273                send_ethernet_package
                0x000000000041831b                handler_ethernet_package_received
                0x00000000004189b9                int_ethernet_device
                0x0000000000418bad                fillMac
                0x0000000000418c0f                fillIP
                0x0000000000418c71                initialise_ethernet
 .text          0x0000000000419401     0x12fe arp.o
                0x0000000000419440                init_arp
                0x000000000041950c                arp_save_address
                0x0000000000419ae0                get_hardwere_ethernet
                0x0000000000419baa                arp_request
                0x0000000000419df4                arp_replay
                0x000000000041a031                arp_replay2
                0x000000000041a268                arp_hexdump
 .text          0x000000000041a6ff      0x3c7 udp.o
                0x000000000041a73e                udp_send
                0x000000000041a8a1                udp_receive
 .text          0x000000000041aac6      0x306 ipv4.o
                0x000000000041ab05                ipv4_send
 .text          0x000000000041adcc      0x745 dhcp.o
                0x000000000041ae5e                dhcp_send
                0x000000000041b276                dhcp_parse_options
 .text          0x000000000041b511      0x400 tcp.o
                0x000000000041b5a3                tcp_send
 .text          0x000000000041b911      0x134 checksum.o
                0x000000000041b950                net_checksum
 .text          0x000000000041ba45     0x1edb rtl8169.o
                0x000000000041ba45                re_read_command
                0x000000000041ba88                re_write_command
                0x000000000041bad5                re_read_command_word
                0x000000000041bb19                re_write_command_word
                0x000000000041bb6b                re_read_command_byte
                0x000000000041bbaf                re_write_command_byte
                0x000000000041bc01                re_probe
                0x000000000041cd84                setup_realtek
                0x000000000041d67d                re_handle
 .text          0x000000000041d920      0x880 gui.o
                0x000000000041d920                initialize_gui
                0x000000000041da79                update_gui
                0x000000000041dbd1                put_pixel
                0x000000000041dc44                put_pixel_buff
                0x000000000041dce3                refresh_rate
                0x000000000041dd88                clears_creen
                0x000000000041de40                draw_char_transparent
                0x000000000041df4a                glyph
 .text          0x000000000041e1a0      0xcdd compositor.o
                0x000000000041e291                window_add
                0x000000000041e43b                window_remove
                0x000000000041e564                window_foco
                0x000000000041e689                paint_desktop
                0x000000000041ea97                paint_cursor
                0x000000000041ec28                compose
 .text          0x000000000041ee7d        0x0 font8x16.o
 .text          0x000000000041ee7d      0x481 std.o
                0x000000000041ee7d                std_open_file
                0x000000000041f02c                std_file_close
                0x000000000041f09b                std_putc
                0x000000000041f1ac                std_getc
 .text          0x000000000041f2fe      0xaaa cfs.o
                0x000000000041f2fe                filename_cmp
                0x000000000041f3e5                read_super_block
                0x000000000041f44e                read_directory_entry
                0x000000000041f5d9                open_file_r
                0x000000000041f95a                open_file
                0x000000000041fbc1                file_close
                0x000000000041fcca                file_read_block
 .text          0x000000000041fda8      0x2dd pipe.o
                0x000000000041fda8                pipe_open_file
                0x000000000041fe94                pipe_write
                0x000000000041ff90                pipe_read
 .text          0x0000000000420085      0xf7c socket.o
                0x0000000000420117                init_socket
                0x0000000000420397                socket
                0x0000000000420516                socket_server_transmit
                0x0000000000420b7a                socket_execute_row
                0x0000000000420e3a                socket_server_receive
 .text          0x0000000000421001      0x2b2 elf.o
                0x0000000000421001                load_elf64_header
                0x00000000004211d4                load_elf64_segment
 .text          0x00000000004212b3      0x2b3 string.o
                0x00000000004212b3                memset
                0x0000000000421318                memcpy
                0x000000000042138f                strcpy
                0x000000000042140a                strlen
                0x0000000000421456                strcmp
                0x00000000004214f0                memcmp
 .text          0x0000000000421566      0x4e4 vsprintf.o
                0x00000000004215d2                vsprintf
 .text          0x0000000000421a4a      0x818 stdio.o
                0x0000000000421a4a                putchar
                0x0000000000421aaa                puts
                0x0000000000421b3a                printf
                0x0000000000421c67                fopen
                0x0000000000421d88                fclose
                0x0000000000421e2c                rewind
                0x0000000000421e95                fseek
                0x0000000000421f73                ftell
                0x0000000000421fb4                fputc
                0x0000000000422032                fgetc
                0x00000000004221a5                fread
 .text          0x0000000000422262      0x4fb stdlib.o
                0x0000000000422262                malloc
                0x00000000004222d1                free
                0x000000000042231d                i2hex
                0x000000000042258b                utoa
                0x0000000000422616                itoa
 .text          0x000000000042275d      0x14a sse_memcpy.o
                0x000000000042275d                sse_memcpy
 .text          0x00000000004228a7       0x5a panic.o
                0x00000000004228a7                kernel_panic
 .text          0x0000000000422901      0xa7b msi.o
                0x0000000000422901                msi_vector_install
                0x0000000000422f5b                default_mas
                0x0000000000422fb7                msi_function
                0x000000000042306a                apic_send_msi
                0x0000000000423349                apic_send_msix
                0x0000000000424000                . = ALIGN (0x1000)
 *fill*         0x000000000042337c      0xc84 

.iplt           0x0000000000424000        0x0
 .iplt          0x0000000000424000        0x0 setup.o

.data           0x0000000000424000    0x16000
                0x0000000000424000                data = .
                0x0000000000424000                _data = .
                0x0000000000424000                __data = .
 *(.data)
 .data          0x0000000000424000        0x8 setup.o
                0x0000000000424000                _rsp0
 .data          0x0000000000424008        0x0 main.o
 .data          0x0000000000424008        0x0 io.o
 .data          0x0000000000424008        0x0 gdt.o
 .data          0x0000000000424008        0x0 tss.o
 .data          0x0000000000424008        0x0 idt.o
 *fill*         0x0000000000424008        0x8 
 .data          0x0000000000424010      0x400 vetor.o
                0x0000000000424010                SavedFloats
                0x0000000000424210                SavedFloats2
 .data          0x0000000000424410        0x0 exception.o
 .data          0x0000000000424410        0x0 data.o
 .data          0x0000000000424410        0x0 server.o
 .data          0x0000000000424410        0x0 smp.o
 .data          0x0000000000424410        0x0 delay.o
 .data          0x0000000000424410        0x0 paging.o
 .data          0x0000000000424410        0x0 mm.o
 .data          0x0000000000424410        0x0 cpuid.o
 .data          0x0000000000424410        0x0 msr.o
 .data          0x0000000000424410        0x0 lvt.o
 .data          0x0000000000424410        0x0 irq.o
 .data          0x0000000000424410        0x0 apic.o
 .data          0x0000000000424410        0x0 ioapic.o
 .data          0x0000000000424410        0x0 intr.o
 .data          0x0000000000424410        0x0 sleep.o
 .data          0x0000000000424410        0x0 thread.o
 .data          0x0000000000424410        0x0 exectve.o
 .data          0x0000000000424410        0x0 syscall.o
 .data          0x0000000000424410        0x0 console.o
 .data          0x0000000000424410        0x0 exit.o
 .data          0x0000000000424410        0x0 sse.o
 .data          0x0000000000424410        0x0 pci.o
 .data          0x0000000000424410        0x0 i965.o
 *fill*         0x0000000000424410       0x10 
 .data          0x0000000000424420      0x168 cursor.o
                0x0000000000424420                cursor18x18
 .data          0x0000000000424588        0x0 acpi.o
 .data          0x0000000000424588        0x0 hpet.o
 .data          0x0000000000424588        0x0 lpc.o
 .data          0x0000000000424588        0x0 pit.o
 .data          0x0000000000424588        0x0 ps2.o
 .data          0x0000000000424588        0x4 mouse.o
                0x0000000000424588                speed
 .data          0x000000000042458c        0x0 keyboard.o
 .data          0x000000000042458c        0x0 ahci.o
 .data          0x000000000042458c        0x0 ide.o
 .data          0x000000000042458c        0x0 storage.o
 .data          0x000000000042458c        0x0 rtc.o
 .data          0x000000000042458c        0x0 hda.o
 .data          0x000000000042458c        0x0 speaker.o
 .data          0x000000000042458c        0x0 e1000.o
 .data          0x000000000042458c        0x0 ethernet.o
 .data          0x000000000042458c        0x0 arp.o
 .data          0x000000000042458c        0x0 udp.o
 .data          0x000000000042458c        0x0 ipv4.o
 .data          0x000000000042458c        0x0 dhcp.o
 .data          0x000000000042458c        0x0 tcp.o
 .data          0x000000000042458c        0x0 checksum.o
 .data          0x000000000042458c        0x0 rtl8169.o
 .data          0x000000000042458c        0x0 gui.o
 .data          0x000000000042458c        0x0 compositor.o
 *fill*         0x000000000042458c       0x14 
 .data          0x00000000004245a0     0x1000 font8x16.o
                0x00000000004245a0                font8x16
 .data          0x00000000004255a0        0x0 std.o
 .data          0x00000000004255a0        0x0 cfs.o
 .data          0x00000000004255a0        0x0 pipe.o
 .data          0x00000000004255a0        0x0 socket.o
 .data          0x00000000004255a0        0x0 elf.o
 .data          0x00000000004255a0        0x0 string.o
 .data          0x00000000004255a0        0x0 vsprintf.o
 .data          0x00000000004255a0        0x0 stdio.o
 .data          0x00000000004255a0        0x0 stdlib.o
 .data          0x00000000004255a0        0x0 sse_memcpy.o
 .data          0x00000000004255a0        0x0 panic.o
 .data          0x00000000004255a0        0x0 msi.o
 *(.rodata)
 .rodata        0x00000000004255a0      0x1a3 main.o
 .rodata        0x0000000000425743        0xb idt.o
 *fill*         0x000000000042574e        0x2 
 .rodata        0x0000000000425750      0x403 exception.o
 *fill*         0x0000000000425b53        0x5 
 .rodata        0x0000000000425b58       0x38 server.o
 .rodata        0x0000000000425b90       0xf8 smp.o
 .rodata        0x0000000000425c88       0x70 mm.o
 .rodata        0x0000000000425cf8       0xc8 lvt.o
 .rodata        0x0000000000425dc0       0x1c irq.o
 .rodata        0x0000000000425ddc       0x19 apic.o
 .rodata        0x0000000000425df5        0xa intr.o
 .rodata        0x0000000000425dff       0x19 thread.o
 .rodata        0x0000000000425e18       0x48 syscall.o
 .rodata        0x0000000000425e60      0x215 console.o
 .rodata        0x0000000000426075       0x2e sse.o
 *fill*         0x00000000004260a3        0x5 
 .rodata        0x00000000004260a8     0x15ff pci.o
 *fill*         0x00000000004276a7        0x1 
 .rodata        0x00000000004276a8       0x7d i965.o
 *fill*         0x0000000000427725        0x3 
 .rodata        0x0000000000427728       0xc7 acpi.o
 .rodata        0x00000000004277ef       0x14 hpet.o
 *fill*         0x0000000000427803        0x5 
 .rodata        0x0000000000427808       0x31 lpc.o
 .rodata        0x0000000000427839       0x1d mouse.o
 *fill*         0x0000000000427856        0xa 
 .rodata        0x0000000000427860      0x200 keyboard.o
                0x0000000000427860                ascii_minusculas
                0x0000000000427960                ascii_maiusculas
 *fill*         0x0000000000427a60      0x5a0 
 .rodata        0x0000000000428000    0x108cf ahci.o
 *fill*         0x00000000004388cf        0x1 
 .rodata        0x00000000004388d0       0xb1 ide.o
 *fill*         0x0000000000438981        0x7 
 .rodata        0x0000000000438988      0x139 storage.o
 .rodata        0x0000000000438ac1       0x12 rtc.o
 *fill*         0x0000000000438ad3        0x5 
 .rodata        0x0000000000438ad8      0x342 hda.o
 *fill*         0x0000000000438e1a        0x6 
 .rodata        0x0000000000438e20      0x223 e1000.o
 *fill*         0x0000000000439043        0x5 
 .rodata        0x0000000000439048      0x1e6 ethernet.o
 *fill*         0x000000000043922e        0x2 
 .rodata        0x0000000000439230      0x1b1 arp.o
 .rodata        0x00000000004393e1       0x15 ipv4.o
 .rodata        0x00000000004393f6       0xa5 dhcp.o
 *fill*         0x000000000043949b        0x5 
 .rodata        0x00000000004394a0      0x1f3 rtl8169.o
 .rodata        0x0000000000439693       0x14 std.o
 *fill*         0x00000000004396a7        0x1 
 .rodata        0x00000000004396a8       0xad elf.o
 *fill*         0x0000000000439755        0x3 
 .rodata        0x0000000000439758      0x110 vsprintf.o
 .rodata        0x0000000000439868        0x9 stdio.o
 .rodata        0x0000000000439871       0x12 panic.o
 .rodata        0x0000000000439883       0x2b msi.o
                0x000000000043a000                . = ALIGN (0x1000)
 *fill*         0x00000000004398ae      0x752 

.got            0x000000000043a000      0x508
 .got           0x000000000043a000      0x508 setup.o

.got.plt        0x000000000043a508       0x18
 .got.plt       0x000000000043a508       0x18 setup.o
                0x000000000043a508                _GLOBAL_OFFSET_TABLE_

.igot.plt       0x000000000043a520        0x0
 .igot.plt      0x000000000043a520        0x0 setup.o

.data.rel.local
                0x000000000043a520     0x1dc0
 .data.rel.local
                0x000000000043a520      0x100 exception.o
                0x000000000043a520                exception_mensagem
 .data.rel.local
                0x000000000043a620       0xc0 irq.o
                0x000000000043a620                fnvetors_handler
 .data.rel.local
                0x000000000043a6e0       0x88 syscall.o
                0x000000000043a6e0                fnvetors_syscall
 *fill*         0x000000000043a768       0x18 
 .data.rel.local
                0x000000000043a780      0x1b0 console.o
                0x000000000043a780                cmd_table
 *fill*         0x000000000043a930       0x10 
 .data.rel.local
                0x000000000043a940     0x1400 pci.o
                0x000000000043a940                pci_classes
                0x000000000043b140                pci_class_names
 .data.rel.local
                0x000000000043bd40       0x20 mouse.o
                0x000000000043bd40                id_mouse_strings
 .data.rel.local
                0x000000000043bd60       0x38 ahci.o
                0x000000000043bd60                ahci_type
 *fill*         0x000000000043bd98        0x8 
 .data.rel.local
                0x000000000043bda0       0x48 dhcp.o
                0x000000000043bda0                string_dhcp_message
 *fill*         0x000000000043bde8       0x18 
 .data.rel.local
                0x000000000043be00      0x3d0 rtl8169.o
 *fill*         0x000000000043c1d0       0x10 
 .data.rel.local
                0x000000000043c1e0      0x100 msi.o

.bss            0x000000000043c2e0    0x26d20
                0x000000000043c2e0                bss = .
                0x000000000043c2e0                _bss = .
                0x000000000043c2e0                __bss = .
 *(.bss)
 .bss           0x000000000043c2e0    0x20000 setup.o
 .bss           0x000000000045c2e0        0x0 main.o
 .bss           0x000000000045c2e0        0x0 io.o
 .bss           0x000000000045c2e0        0x0 gdt.o
 .bss           0x000000000045c2e0        0x0 tss.o
 .bss           0x000000000045c2e0        0x0 idt.o
 .bss           0x000000000045c2e0        0x0 exception.o
 .bss           0x000000000045c2e0        0x0 data.o
 .bss           0x000000000045c2e0        0x0 server.o
 .bss           0x000000000045c2e0        0x0 smp.o
 .bss           0x000000000045c2e0        0x0 delay.o
 .bss           0x000000000045c2e0       0x20 paging.o
                0x000000000045c2e0                pml4e
                0x000000000045c2e8                pdpte
                0x000000000045c2f0                pae_pde
                0x000000000045c2f8                pae_pte
 .bss           0x000000000045c300        0x0 mm.o
 .bss           0x000000000045c300        0x0 cpuid.o
 .bss           0x000000000045c300        0x0 msr.o
 .bss           0x000000000045c300        0x0 lvt.o
 .bss           0x000000000045c300        0x0 irq.o
 .bss           0x000000000045c300        0x0 apic.o
 .bss           0x000000000045c300        0x0 ioapic.o
 .bss           0x000000000045c300        0x0 intr.o
 .bss           0x000000000045c300        0x0 sleep.o
 .bss           0x000000000045c300        0x0 thread.o
 .bss           0x000000000045c300        0x0 exectve.o
 .bss           0x000000000045c300        0x0 syscall.o
 .bss           0x000000000045c300        0x8 console.o
                0x000000000045c300                call_loader
 .bss           0x000000000045c308        0x0 exit.o
 .bss           0x000000000045c308        0x0 sse.o
 .bss           0x000000000045c308        0x0 pci.o
 .bss           0x000000000045c308        0x0 i965.o
 .bss           0x000000000045c308        0x0 cursor.o
 .bss           0x000000000045c308        0x0 acpi.o
 *fill*         0x000000000045c308       0x18 
 .bss           0x000000000045c320      0x100 hpet.o
 .bss           0x000000000045c420        0x0 lpc.o
 .bss           0x000000000045c420        0x0 pit.o
 .bss           0x000000000045c420        0x0 ps2.o
 .bss           0x000000000045c420        0x4 mouse.o
                0x000000000045c420                mouse_position
 .bss           0x000000000045c424       0x10 keyboard.o
 .bss           0x000000000045c434        0x0 ahci.o
 .bss           0x000000000045c434        0x0 ide.o
 *fill*         0x000000000045c434        0x4 
 .bss           0x000000000045c438        0x8 storage.o
                0x000000000045c438                ata_pci
 .bss           0x000000000045c440        0x1 rtc.o
 .bss           0x000000000045c441        0x0 hda.o
 .bss           0x000000000045c441        0x0 speaker.o
 *fill*         0x000000000045c441        0x7 
 .bss           0x000000000045c448       0x10 e1000.o
 .bss           0x000000000045c458       0x10 ethernet.o
                0x000000000045c458                dst_ip
                0x000000000045c45c                src_ip
                0x000000000045c460                package_recieved_ack
 .bss           0x000000000045c468        0x0 arp.o
 .bss           0x000000000045c468        0x0 udp.o
 .bss           0x000000000045c468        0x4 ipv4.o
                0x000000000045c468                ipv4_count
 .bss           0x000000000045c46c        0x0 dhcp.o
 .bss           0x000000000045c46c        0x0 tcp.o
 .bss           0x000000000045c46c        0x0 checksum.o
 .bss           0x000000000045c46c        0x0 rtl8169.o
 .bss           0x000000000045c46c        0x0 gui.o
 .bss           0x000000000045c46c        0x0 compositor.o
 .bss           0x000000000045c46c        0x0 font8x16.o
 .bss           0x000000000045c46c        0x0 std.o
 .bss           0x000000000045c46c        0x0 cfs.o
 .bss           0x000000000045c46c        0x0 pipe.o
 .bss           0x000000000045c46c        0x2 socket.o
 .bss           0x000000000045c46e        0x0 elf.o
 .bss           0x000000000045c46e        0x0 string.o
 .bss           0x000000000045c46e        0x0 vsprintf.o
 .bss           0x000000000045c46e        0x0 stdio.o
 .bss           0x000000000045c46e        0x0 stdlib.o
 .bss           0x000000000045c46e        0x0 sse_memcpy.o
 .bss           0x000000000045c46e        0x0 panic.o
 .bss           0x000000000045c46e        0x0 msi.o
 *(COMMON)
 *fill*         0x000000000045c46e        0x2 
 COMMON         0x000000000045c470       0x40 main.o
                0x000000000045c470                mult_task
                0x000000000045c474                ATA_BAR1
                0x000000000045c478                ATA_BAR4
                0x000000000045c480                user
                0x000000000045c488                CPUID_REQUEST
                0x000000000045c48c                launcher
                0x000000000045c490                ATA_BAR0
                0x000000000045c494                ATA_BAR3
                0x000000000045c498                no
                0x000000000045c4a0                syspwd
                0x000000000045c4a8                ATA_BAR2
                0x000000000045c4ac                ATA_BAR5
 *fill*         0x000000000045c4b0       0x10 
 COMMON         0x000000000045c4c0      0x120 gdt.o
                0x000000000045c4c0                gdtr
                0x000000000045c4e0                gdt
 COMMON         0x000000000045c5e0       0x68 tss.o
                0x000000000045c5e0                tss
 *fill*         0x000000000045c648       0x18 
 COMMON         0x000000000045c660     0x100a idt.o
                0x000000000045c660                idt
                0x000000000045d660                idtr
 *fill*         0x000000000045d66a        0x6 
 COMMON         0x000000000045d670       0x25 data.o
                0x000000000045d670                interrupt_status
                0x000000000045d678                kernelmouse
                0x000000000045d680                dv_uid
                0x000000000045d688                pipe_launcher
                0x000000000045d690                tmpnam
                0x000000000045d694                dv_num
 *fill*         0x000000000045d695        0xb 
 COMMON         0x000000000045d6a0       0x50 server.o
                0x000000000045d6a0                thread_id
                0x000000000045d6c0                server_id
 *fill*         0x000000000045d6f0       0x10 
 COMMON         0x000000000045d700      0x112 smp.o
                0x000000000045d700                core
 *fill*         0x000000000045d812        0x6 
 COMMON         0x000000000045d818       0x30 mm.o
                0x000000000045d818                alloc_pte
                0x000000000045d820                alloc_pde
                0x000000000045d828                RAM_BITMAP
                0x000000000045d830                alloc_spin_lock
                0x000000000045d838                device_pde
                0x000000000045d840                g_mm_mp_index
 COMMON         0x000000000045d848       0x10 apic.o
                0x000000000045d848                localId
                0x000000000045d850                lapicbase
 *fill*         0x000000000045d858        0x8 
 COMMON         0x000000000045d860       0xc8 ioapic.o
                0x000000000045d860                ioapic_redir_table
                0x000000000045d920                ioapic_base
 COMMON         0x000000000045d928      0x108 thread.o
                0x000000000045d928                context_rcx
                0x000000000045d930                context_r12
                0x000000000045d938                context_rax
                0x000000000045d940                context_ds
                0x000000000045d948                current_thread
                0x000000000045d950                current_thread2
                0x000000000045d958                context_rsi
                0x000000000045d960                context_r9
                0x000000000045d968                context_rdx
                0x000000000045d970                context_rflag
                0x000000000045d978                current_thread1
                0x000000000045d980                context_fxsave
                0x000000000045d988                context_cs
                0x000000000045d990                context_rsp0
                0x000000000045d998                thread_ready_queue
                0x000000000045d9a0                context_cr3
                0x000000000045d9a8                context_rsp
                0x000000000045d9b0                context_fs
                0x000000000045d9b8                context_rbp
                0x000000000045d9c0                context_r8
                0x000000000045d9c8                context_r15
                0x000000000045d9d0                context_ss
                0x000000000045d9d8                next_pid
                0x000000000045d9e0                context_gs
                0x000000000045d9e8                context_r11
                0x000000000045d9f0                context_r13
                0x000000000045d9f8                context_r10
                0x000000000045da00                context_rip
                0x000000000045da08                context_pid
                0x000000000045da10                context_rbx
                0x000000000045da18                context_r14
                0x000000000045da20                context_rdi
                0x000000000045da28                context_es
 COMMON         0x000000000045da30        0x8 syscall.o
                0x000000000045da30                ret
 *fill*         0x000000000045da38        0x8 
 COMMON         0x000000000045da40       0x78 i965.o
                0x000000000045da40                fb
                0x000000000045da60                mode
                0x000000000045da80                gtt
 COMMON         0x000000000045dab8       0x50 acpi.o
                0x000000000045dab8                fadt
                0x000000000045dac0                acpi_physical_init
                0x000000000045dac8                SLP_TYPa
                0x000000000045dad0                hpet
                0x000000000045dad8                xsdt
                0x000000000045dae0                rsdt
                0x000000000045dae8                dsdt
                0x000000000045daf0                SLP_TYPb
                0x000000000045daf8                acpi_virtual_addr
                0x000000000045db00                rsdp
 COMMON         0x000000000045db08       0x10 hpet.o
                0x000000000045db08                hpet_register
                0x000000000045db10                period
 COMMON         0x000000000045db18       0x10 pit.o
                0x000000000045db18                eticks
                0x000000000045db20                timer_ticks
 COMMON         0x000000000045db28       0x24 mouse.o
                0x000000000045db28                mouse_x
                0x000000000045db2c                count_mouse
                0x000000000045db30                mouse2
                0x000000000045db38                first_time
                0x000000000045db3c                buttons
                0x000000000045db40                mouse
                0x000000000045db48                mouse_y
 COMMON         0x000000000045db4c        0x4 keyboard.o
                0x000000000045db4c                key_buffer
                0x000000000045db4e                led_status
                0x000000000045db4f                keyboard_charset
 *fill*         0x000000000045db50       0x10 
 COMMON         0x000000000045db60      0x220 ahci.o
                0x000000000045db60                dmavirt
                0x000000000045db68                dmaphy
                0x000000000045db70                HBA_BASE
                0x000000000045db78                hba_mem_space
                0x000000000045db80                sata_idtfy
 COMMON         0x000000000045dd80        0x8 ide.o
                0x000000000045dd80                ata_record_channel
                0x000000000045dd84                ata_record_dev
 *fill*         0x000000000045dd88       0x18 
 COMMON         0x000000000045dda0      0x800 storage.o
                0x000000000045dda0                ata
 COMMON         0x000000000045e5a0        0x8 rtc.o
                0x000000000045e5a0                clock
 *fill*         0x000000000045e5a8       0x18 
 COMMON         0x000000000045e5c0       0xd4 hda.o
                0x000000000045e5c0                corb_pointer
                0x000000000045e5c4                HDBARL
                0x000000000045e5c8                hda_base
                0x000000000045e5d0                HDA_MEM_SIZE
                0x000000000045e5d4                beep_node
                0x000000000045e5e0                hda_widget
                0x000000000045e660                output_node
                0x000000000045e668                HDA_STREAM_MEMORY
                0x000000000045e670                RIRB_MEMORY
                0x000000000045e678                HDA_MEM
                0x000000000045e680                CORB_MEMORY
                0x000000000045e688                hda_max_volume
                0x000000000045e68c                HDBARU
                0x000000000045e690                input_node
 *fill*         0x000000000045e694        0xc 
 COMMON         0x000000000045e6a0      0x180 e1000.o
                0x000000000045e6a0                tx_descs
                0x000000000045e6e0                rx_memory
                0x000000000045e700                rx_descs
                0x000000000045e800                tx_memory
 COMMON         0x000000000045e820      0x2e4 ethernet.o
                0x000000000045e820                our_ip
                0x000000000045e824                router_ip
                0x000000000045e840                packege_desc_buffer
                0x000000000045eac0                default_ethernet_device
                0x000000000045eae1                dns_ip
                0x000000000045eae5                dhcp_ip
                0x000000000045eaf0                default_ethernet_package_descriptor
 *fill*         0x000000000045eb04       0x1c 
 COMMON         0x000000000045eb20     0x2800 arp.o
                0x000000000045eb20                arp_cache
 COMMON         0x0000000000461320        0x8 ipv4.o
                0x0000000000461320                ipv4_cache
 *fill*         0x0000000000461328       0x18 
 COMMON         0x0000000000461340     0x1068 rtl8169.o
                0x0000000000461340                re_soft
                0x00000000004623a0                re_base_addr
 *fill*         0x00000000004623a8       0x18 
 COMMON         0x00000000004623c0       0x68 gui.o
                0x00000000004623c0                gui
 COMMON         0x0000000000462428       0x30 compositor.o
                0x0000000000462428                rf
                0x0000000000462430                window_count
                0x0000000000462438                screan_spin_lock
                0x0000000000462440                paint
                0x0000000000462448                gid
                0x0000000000462450                paint_ready_queue
 COMMON         0x0000000000462458       0x30 std.o
                0x0000000000462458                stdout
                0x0000000000462460                _stderr
                0x0000000000462468                _stdin
                0x0000000000462470                stdin
                0x0000000000462478                _stdout
                0x0000000000462480                stderr
 COMMON         0x0000000000462488        0x8 cfs.o
                0x0000000000462488                fs_directory
 *fill*         0x0000000000462490       0x10 
 COMMON         0x00000000004624a0      0x4cc socket.o
                0x00000000004624a0                current_saddr
                0x00000000004624a8                row_cur
                0x00000000004624c0                sockt_receive_row
                0x0000000000462960                saddr_ready_queue
                0x0000000000462968                socket_next_id
 COMMON         0x000000000046296c        0x4 stdio.o
                0x000000000046296c                VERBOSE
 COMMON         0x0000000000462970        0x4 msi.o
                0x0000000000462970                vector_msi
                0x0000000000463000                . = ALIGN (0x1000)
 *fill*         0x0000000000462974      0x68c 

.eh_frame       0x0000000000463000     0x4000
                0x0000000000463000                eh_frame = .
 *(.eh_frame)
 .eh_frame      0x0000000000463000       0x48 main.o
 .eh_frame      0x0000000000463048       0x20 io.o
                                         0x38 (size before relaxing)
 .eh_frame      0x0000000000463068       0x50 gdt.o
                                         0x68 (size before relaxing)
 .eh_frame      0x00000000004630b8       0x48 tss.o
                                         0x60 (size before relaxing)
 .eh_frame      0x0000000000463100       0xd8 idt.o
                                         0xf0 (size before relaxing)
 .eh_frame      0x00000000004631d8       0x50 exception.o
                                         0x68 (size before relaxing)
 .eh_frame      0x0000000000463228       0x68 server.o
                                         0x80 (size before relaxing)
 .eh_frame      0x0000000000463290       0x70 smp.o
                                         0x88 (size before relaxing)
 .eh_frame      0x0000000000463300       0x40 delay.o
                                         0x58 (size before relaxing)
 .eh_frame      0x0000000000463340       0xc0 paging.o
                                         0xd8 (size before relaxing)
 .eh_frame      0x0000000000463400      0x188 mm.o
                                        0x1a0 (size before relaxing)
 .eh_frame      0x0000000000463588       0x90 cpuid.o
                                         0xa8 (size before relaxing)
 .eh_frame      0x0000000000463618       0x40 msr.o
                                         0x58 (size before relaxing)
 .eh_frame      0x0000000000463658       0x58 lvt.o
                                         0x70 (size before relaxing)
 .eh_frame      0x00000000004636b0       0x78 irq.o
                                         0x90 (size before relaxing)
 .eh_frame      0x0000000000463728      0x140 apic.o
                                        0x158 (size before relaxing)
 .eh_frame      0x0000000000463868      0x190 ioapic.o
                                        0x1a8 (size before relaxing)
 .eh_frame      0x00000000004639f8       0x50 intr.o
                                         0x68 (size before relaxing)
 .eh_frame      0x0000000000463a48       0x28 sleep.o
                                         0x40 (size before relaxing)
 .eh_frame      0x0000000000463a70       0xf0 thread.o
                                        0x108 (size before relaxing)
 .eh_frame      0x0000000000463b60       0x58 exectve.o
                                         0x70 (size before relaxing)
 .eh_frame      0x0000000000463bb8      0x2b0 syscall.o
                                        0x2c8 (size before relaxing)
 .eh_frame      0x0000000000463e68      0x290 console.o
                                        0x2a8 (size before relaxing)
 .eh_frame      0x00000000004640f8       0x58 exit.o
                                         0x70 (size before relaxing)
 .eh_frame      0x0000000000464150       0xc8 sse.o
                                         0xe0 (size before relaxing)
 .eh_frame      0x0000000000464218      0x238 pci.o
                                        0x250 (size before relaxing)
 .eh_frame      0x0000000000464450      0x240 i965.o
                                        0x258 (size before relaxing)
 .eh_frame      0x0000000000464690       0x68 cursor.o
                                         0x80 (size before relaxing)
 .eh_frame      0x00000000004646f8      0x148 acpi.o
                                        0x160 (size before relaxing)
 .eh_frame      0x0000000000464840       0xa0 hpet.o
                                         0xb8 (size before relaxing)
 .eh_frame      0x00000000004648e0       0x48 lpc.o
                                         0x60 (size before relaxing)
 .eh_frame      0x0000000000464928       0x88 pit.o
                                         0xa0 (size before relaxing)
 .eh_frame      0x00000000004649b0       0x88 ps2.o
                                         0xa0 (size before relaxing)
 .eh_frame      0x0000000000464a38       0xf0 mouse.o
                                        0x108 (size before relaxing)
 .eh_frame      0x0000000000464b28      0x100 keyboard.o
                                        0x118 (size before relaxing)
 .eh_frame      0x0000000000464c28      0x218 ahci.o
                                        0x230 (size before relaxing)
 .eh_frame      0x0000000000464e40      0x248 ide.o
                                        0x260 (size before relaxing)
 .eh_frame      0x0000000000465088       0xb0 storage.o
                                         0xc8 (size before relaxing)
 .eh_frame      0x0000000000465138      0x100 rtc.o
                                        0x118 (size before relaxing)
 .eh_frame      0x0000000000465238      0x270 hda.o
                                        0x288 (size before relaxing)
 .eh_frame      0x00000000004654a8       0x88 speaker.o
                                         0xa0 (size before relaxing)
 .eh_frame      0x0000000000465530      0x190 e1000.o
                                        0x1a8 (size before relaxing)
 .eh_frame      0x00000000004656c0      0x1d0 ethernet.o
                                        0x1e8 (size before relaxing)
 .eh_frame      0x0000000000465890      0x178 arp.o
                                        0x190 (size before relaxing)
 .eh_frame      0x0000000000465a08       0x78 udp.o
                                         0x90 (size before relaxing)
 .eh_frame      0x0000000000465a80       0x50 ipv4.o
                                         0x68 (size before relaxing)
 .eh_frame      0x0000000000465ad0       0x98 dhcp.o
                                         0xb0 (size before relaxing)
 .eh_frame      0x0000000000465b68       0x70 tcp.o
                                         0x88 (size before relaxing)
 .eh_frame      0x0000000000465bd8       0x40 checksum.o
                                         0x58 (size before relaxing)
 .eh_frame      0x0000000000465c18      0x2c8 rtl8169.o
                                        0x2e0 (size before relaxing)
 .eh_frame      0x0000000000465ee0      0x128 gui.o
                                        0x140 (size before relaxing)
 .eh_frame      0x0000000000466008      0x110 compositor.o
                                        0x128 (size before relaxing)
 .eh_frame      0x0000000000466118       0x98 std.o
                                         0xb0 (size before relaxing)
 .eh_frame      0x00000000004661b0      0x118 cfs.o
                                        0x130 (size before relaxing)
 .eh_frame      0x00000000004662c8       0x68 pipe.o
                                         0x80 (size before relaxing)
 .eh_frame      0x0000000000466330      0x158 socket.o
                                        0x170 (size before relaxing)
 .eh_frame      0x0000000000466488       0x48 elf.o
                                         0x60 (size before relaxing)
 .eh_frame      0x00000000004664d0       0xc0 string.o
                                         0xd8 (size before relaxing)
 .eh_frame      0x0000000000466590       0x50 vsprintf.o
                                         0x68 (size before relaxing)
 .eh_frame      0x00000000004665e0      0x198 stdio.o
                                        0x1b0 (size before relaxing)
 .eh_frame      0x0000000000466778       0xd8 stdlib.o
                                         0xf0 (size before relaxing)
 .eh_frame      0x0000000000466850       0x20 sse_memcpy.o
                                         0x38 (size before relaxing)
 .eh_frame      0x0000000000466870       0x20 panic.o
                                         0x38 (size before relaxing)
 .eh_frame      0x0000000000466890       0xc4 msi.o
                                         0xe0 (size before relaxing)
                0x0000000000467000                . = ALIGN (0x1000)
 *fill*         0x0000000000466954      0x6ac 
                0x0000000000467000                end = .
                0x0000000000467000                _end = .
                0x0000000000467000                __end = .
LOAD setup.o
LOAD main.o
LOAD io.o
LOAD gdt.o
LOAD tss.o
LOAD idt.o
LOAD vetor.o
LOAD exception.o
LOAD data.o
LOAD server.o
LOAD smp.o
LOAD delay.o
LOAD paging.o
LOAD mm.o
LOAD cpuid.o
LOAD msr.o
LOAD lvt.o
LOAD irq.o
LOAD apic.o
LOAD ioapic.o
LOAD intr.o
LOAD sleep.o
LOAD thread.o
LOAD exectve.o
LOAD syscall.o
LOAD asyscall.o
LOAD console.o
LOAD exit.o
LOAD sse.o
LOAD pci.o
LOAD i965.o
LOAD cursor.o
LOAD acpi.o
LOAD hpet.o
LOAD lpc.o
LOAD pit.o
LOAD ps2.o
LOAD mouse.o
LOAD keyboard.o
LOAD ahci.o
LOAD ide.o
LOAD storage.o
LOAD rtc.o
LOAD hda.o
LOAD speaker.o
LOAD e1000.o
LOAD ethernet.o
LOAD arp.o
LOAD udp.o
LOAD ipv4.o
LOAD dhcp.o
LOAD tcp.o
LOAD checksum.o
LOAD rtl8169.o
LOAD gui.o
LOAD compositor.o
LOAD font8x16.o
LOAD std.o
LOAD cfs.o
LOAD pipe.o
LOAD socket.o
LOAD elf.o
LOAD string.o
LOAD vsprintf.o
LOAD stdio.o
LOAD stdlib.o
LOAD sse_memcpy.o
LOAD panic.o
LOAD msi.o
OUTPUT(kernel.bin elf64-x86-64)

.rela.dyn       0x0000000000467000        0x0
 .rela.got      0x0000000000467000        0x0 setup.o
 .rela.iplt     0x0000000000467000        0x0 setup.o
 .rela.text     0x0000000000467000        0x0 setup.o

.comment        0x0000000000000000       0x2a
 .comment       0x0000000000000000       0x2a main.o
                                         0x2b (size before relaxing)
 .comment       0x000000000000002a       0x2b io.o
 .comment       0x000000000000002a       0x2b gdt.o
 .comment       0x000000000000002a       0x2b tss.o
 .comment       0x000000000000002a       0x2b idt.o
 .comment       0x000000000000002a       0x2b exception.o
 .comment       0x000000000000002a       0x2b data.o
 .comment       0x000000000000002a       0x2b server.o
 .comment       0x000000000000002a       0x2b smp.o
 .comment       0x000000000000002a       0x2b delay.o
 .comment       0x000000000000002a       0x2b paging.o
 .comment       0x000000000000002a       0x2b mm.o
 .comment       0x000000000000002a       0x2b cpuid.o
 .comment       0x000000000000002a       0x2b msr.o
 .comment       0x000000000000002a       0x2b lvt.o
 .comment       0x000000000000002a       0x2b irq.o
 .comment       0x000000000000002a       0x2b apic.o
 .comment       0x000000000000002a       0x2b ioapic.o
 .comment       0x000000000000002a       0x2b intr.o
 .comment       0x000000000000002a       0x2b sleep.o
 .comment       0x000000000000002a       0x2b thread.o
 .comment       0x000000000000002a       0x2b exectve.o
 .comment       0x000000000000002a       0x2b syscall.o
 .comment       0x000000000000002a       0x2b console.o
 .comment       0x000000000000002a       0x2b exit.o
 .comment       0x000000000000002a       0x2b sse.o
 .comment       0x000000000000002a       0x2b pci.o
 .comment       0x000000000000002a       0x2b i965.o
 .comment       0x000000000000002a       0x2b cursor.o
 .comment       0x000000000000002a       0x2b acpi.o
 .comment       0x000000000000002a       0x2b hpet.o
 .comment       0x000000000000002a       0x2b lpc.o
 .comment       0x000000000000002a       0x2b pit.o
 .comment       0x000000000000002a       0x2b ps2.o
 .comment       0x000000000000002a       0x2b mouse.o
 .comment       0x000000000000002a       0x2b keyboard.o
 .comment       0x000000000000002a       0x2b ahci.o
 .comment       0x000000000000002a       0x2b ide.o
 .comment       0x000000000000002a       0x2b storage.o
 .comment       0x000000000000002a       0x2b rtc.o
 .comment       0x000000000000002a       0x2b hda.o
 .comment       0x000000000000002a       0x2b speaker.o
 .comment       0x000000000000002a       0x2b e1000.o
 .comment       0x000000000000002a       0x2b ethernet.o
 .comment       0x000000000000002a       0x2b arp.o
 .comment       0x000000000000002a       0x2b udp.o
 .comment       0x000000000000002a       0x2b ipv4.o
 .comment       0x000000000000002a       0x2b dhcp.o
 .comment       0x000000000000002a       0x2b tcp.o
 .comment       0x000000000000002a       0x2b checksum.o
 .comment       0x000000000000002a       0x2b rtl8169.o
 .comment       0x000000000000002a       0x2b gui.o
 .comment       0x000000000000002a       0x2b compositor.o
 .comment       0x000000000000002a       0x2b font8x16.o
 .comment       0x000000000000002a       0x2b std.o
 .comment       0x000000000000002a       0x2b cfs.o
 .comment       0x000000000000002a       0x2b pipe.o
 .comment       0x000000000000002a       0x2b socket.o
 .comment       0x000000000000002a       0x2b elf.o
 .comment       0x000000000000002a       0x2b string.o
 .comment       0x000000000000002a       0x2b vsprintf.o
 .comment       0x000000000000002a       0x2b stdio.o
 .comment       0x000000000000002a       0x2b stdlib.o
 .comment       0x000000000000002a       0x2b sse_memcpy.o
 .comment       0x000000000000002a       0x2b panic.o
 .comment       0x000000000000002a       0x2b msi.o

.note.GNU-stack
                0x0000000000000000        0x0
 .note.GNU-stack
                0x0000000000000000        0x0 main.o
 .note.GNU-stack
                0x0000000000000000        0x0 io.o
 .note.GNU-stack
                0x0000000000000000        0x0 gdt.o
 .note.GNU-stack
                0x0000000000000000        0x0 tss.o
 .note.GNU-stack
                0x0000000000000000        0x0 idt.o
 .note.GNU-stack
                0x0000000000000000        0x0 exception.o
 .note.GNU-stack
                0x0000000000000000        0x0 data.o
 .note.GNU-stack
                0x0000000000000000        0x0 server.o
 .note.GNU-stack
                0x0000000000000000        0x0 smp.o
 .note.GNU-stack
                0x0000000000000000        0x0 delay.o
 .note.GNU-stack
                0x0000000000000000        0x0 paging.o
 .note.GNU-stack
                0x0000000000000000        0x0 mm.o
 .note.GNU-stack
                0x0000000000000000        0x0 cpuid.o
 .note.GNU-stack
                0x0000000000000000        0x0 msr.o
 .note.GNU-stack
                0x0000000000000000        0x0 lvt.o
 .note.GNU-stack
                0x0000000000000000        0x0 irq.o
 .note.GNU-stack
                0x0000000000000000        0x0 apic.o
 .note.GNU-stack
                0x0000000000000000        0x0 ioapic.o
 .note.GNU-stack
                0x0000000000000000        0x0 intr.o
 .note.GNU-stack
                0x0000000000000000        0x0 sleep.o
 .note.GNU-stack
                0x0000000000000000        0x0 thread.o
 .note.GNU-stack
                0x0000000000000000        0x0 exectve.o
 .note.GNU-stack
                0x0000000000000000        0x0 syscall.o
 .note.GNU-stack
                0x0000000000000000        0x0 console.o
 .note.GNU-stack
                0x0000000000000000        0x0 exit.o
 .note.GNU-stack
                0x0000000000000000        0x0 sse.o
 .note.GNU-stack
                0x0000000000000000        0x0 pci.o
 .note.GNU-stack
                0x0000000000000000        0x0 i965.o
 .note.GNU-stack
                0x0000000000000000        0x0 cursor.o
 .note.GNU-stack
                0x0000000000000000        0x0 acpi.o
 .note.GNU-stack
                0x0000000000000000        0x0 hpet.o
 .note.GNU-stack
                0x0000000000000000        0x0 lpc.o
 .note.GNU-stack
                0x0000000000000000        0x0 pit.o
 .note.GNU-stack
                0x0000000000000000        0x0 ps2.o
 .note.GNU-stack
                0x0000000000000000        0x0 mouse.o
 .note.GNU-stack
                0x0000000000000000        0x0 keyboard.o
 .note.GNU-stack
                0x0000000000000000        0x0 ahci.o
 .note.GNU-stack
                0x0000000000000000        0x0 ide.o
 .note.GNU-stack
                0x0000000000000000        0x0 storage.o
 .note.GNU-stack
                0x0000000000000000        0x0 rtc.o
 .note.GNU-stack
                0x0000000000000000        0x0 hda.o
 .note.GNU-stack
                0x0000000000000000        0x0 speaker.o
 .note.GNU-stack
                0x0000000000000000        0x0 e1000.o
 .note.GNU-stack
                0x0000000000000000        0x0 ethernet.o
 .note.GNU-stack
                0x0000000000000000        0x0 arp.o
 .note.GNU-stack
                0x0000000000000000        0x0 udp.o
 .note.GNU-stack
                0x0000000000000000        0x0 ipv4.o
 .note.GNU-stack
                0x0000000000000000        0x0 dhcp.o
 .note.GNU-stack
                0x0000000000000000        0x0 tcp.o
 .note.GNU-stack
                0x0000000000000000        0x0 checksum.o
 .note.GNU-stack
                0x0000000000000000        0x0 rtl8169.o
 .note.GNU-stack
                0x0000000000000000        0x0 gui.o
 .note.GNU-stack
                0x0000000000000000        0x0 compositor.o
 .note.GNU-stack
                0x0000000000000000        0x0 font8x16.o
 .note.GNU-stack
                0x0000000000000000        0x0 std.o
 .note.GNU-stack
                0x0000000000000000        0x0 cfs.o
 .note.GNU-stack
                0x0000000000000000        0x0 pipe.o
 .note.GNU-stack
                0x0000000000000000        0x0 socket.o
 .note.GNU-stack
                0x0000000000000000        0x0 elf.o
 .note.GNU-stack
                0x0000000000000000        0x0 string.o
 .note.GNU-stack
                0x0000000000000000        0x0 vsprintf.o
 .note.GNU-stack
                0x0000000000000000        0x0 stdio.o
 .note.GNU-stack
                0x0000000000000000        0x0 stdlib.o
 .note.GNU-stack
                0x0000000000000000        0x0 sse_memcpy.o
 .note.GNU-stack
                0x0000000000000000        0x0 panic.o
 .note.GNU-stack
                0x0000000000000000        0x0 msi.o
