
Merging program properties

Removed property 0xc0000002 to merge main.o (0x3) and setup.o (not found)
Removed property 0xc0000002 to merge main.o (not found) and io.o (0x3)
Removed property 0xc0000002 to merge main.o (not found) and gdt.o (0x3)
Removed property 0xc0000002 to merge main.o (not found) and tss.o (0x3)
Removed property 0xc0000002 to merge main.o (not found) and idt.o (0x3)
Removed property 0xc0000002 to merge main.o (not found) and exception.o (0x3)
Removed property 0xc0000002 to merge main.o (not found) and data.o (0x3)
Removed property 0xc0000002 to merge main.o (not found) and server.o (0x3)
Removed property 0xc0000002 to merge main.o (not found) and smp.o (0x3)
Removed property 0xc0000002 to merge main.o (not found) and delay.o (0x3)
Removed property 0xc0000002 to merge main.o (not found) and paging.o (0x3)
Removed property 0xc0000002 to merge main.o (not found) and mm.o (0x3)
Removed property 0xc0000002 to merge main.o (not found) and cpuid.o (0x3)
Removed property 0xc0000002 to merge main.o (not found) and msr.o (0x3)
Removed property 0xc0000002 to merge main.o (not found) and lvt.o (0x3)
Removed property 0xc0000002 to merge main.o (not found) and irq.o (0x3)
Removed property 0xc0000002 to merge main.o (not found) and apic.o (0x3)
Removed property 0xc0000002 to merge main.o (not found) and ioapic.o (0x3)
Removed property 0xc0000002 to merge main.o (not found) and intr.o (0x3)
Removed property 0xc0000002 to merge main.o (not found) and sleep.o (0x3)
Removed property 0xc0000002 to merge main.o (not found) and thread.o (0x3)
Removed property 0xc0000002 to merge main.o (not found) and exectve.o (0x3)
Removed property 0xc0000002 to merge main.o (not found) and syscall.o (0x3)
Removed property 0xc0000002 to merge main.o (not found) and console.o (0x3)
Removed property 0xc0000002 to merge main.o (not found) and exit.o (0x3)
Removed property 0xc0000002 to merge main.o (not found) and sse.o (0x3)
Removed property 0xc0000002 to merge main.o (not found) and pci.o (0x3)
Removed property 0xc0000002 to merge main.o (not found) and i965.o (0x3)
Removed property 0xc0000002 to merge main.o (not found) and cursor.o (0x3)
Removed property 0xc0000002 to merge main.o (not found) and acpi.o (0x3)
Removed property 0xc0000002 to merge main.o (not found) and hpet.o (0x3)
Removed property 0xc0000002 to merge main.o (not found) and lpc.o (0x3)
Removed property 0xc0000002 to merge main.o (not found) and pit.o (0x3)
Removed property 0xc0000002 to merge main.o (not found) and ps2.o (0x3)
Removed property 0xc0000002 to merge main.o (not found) and mouse.o (0x3)
Removed property 0xc0000002 to merge main.o (not found) and keyboard.o (0x3)
Removed property 0xc0000002 to merge main.o (not found) and ahci.o (0x3)
Removed property 0xc0000002 to merge main.o (not found) and ide.o (0x3)
Removed property 0xc0000002 to merge main.o (not found) and storage.o (0x3)
Removed property 0xc0000002 to merge main.o (not found) and rtc.o (0x3)
Removed property 0xc0000002 to merge main.o (not found) and hda.o (0x3)
Removed property 0xc0000002 to merge main.o (not found) and speaker.o (0x3)
Removed property 0xc0000002 to merge main.o (not found) and e1000.o (0x3)
Removed property 0xc0000002 to merge main.o (not found) and ethernet.o (0x3)
Removed property 0xc0000002 to merge main.o (not found) and arp.o (0x3)
Removed property 0xc0000002 to merge main.o (not found) and udp.o (0x3)
Removed property 0xc0000002 to merge main.o (not found) and ipv4.o (0x3)
Removed property 0xc0000002 to merge main.o (not found) and dhcp.o (0x3)
Removed property 0xc0000002 to merge main.o (not found) and tcp.o (0x3)
Removed property 0xc0000002 to merge main.o (not found) and checksum.o (0x3)
Removed property 0xc0000002 to merge main.o (not found) and rtl8169.o (0x3)
Removed property 0xc0000002 to merge main.o (not found) and gui.o (0x3)
Removed property 0xc0000002 to merge main.o (not found) and compositor.o (0x3)
Removed property 0xc0000002 to merge main.o (not found) and font8x16.o (0x3)
Removed property 0xc0000002 to merge main.o (not found) and std.o (0x3)
Removed property 0xc0000002 to merge main.o (not found) and cfs.o (0x3)
Removed property 0xc0000002 to merge main.o (not found) and pipe.o (0x3)
Removed property 0xc0000002 to merge main.o (not found) and socket.o (0x3)
Removed property 0xc0000002 to merge main.o (not found) and elf.o (0x3)
Removed property 0xc0000002 to merge main.o (not found) and string.o (0x3)
Removed property 0xc0000002 to merge main.o (not found) and vsprintf.o (0x3)
Removed property 0xc0000002 to merge main.o (not found) and stdio.o (0x3)
Removed property 0xc0000002 to merge main.o (not found) and stdlib.o (0x3)
Removed property 0xc0000002 to merge main.o (not found) and sse_memcpy.o (0x3)
Removed property 0xc0000002 to merge main.o (not found) and panic.o (0x3)
Removed property 0xc0000002 to merge main.o (not found) and msi.o (0x3)

Allocating common symbols
Common symbol       size              file

rf                  0x4               compositor.o
tx_descs            0x40              e1000.o
mult_task           0x1               main.o
interrupt_status    0x4               data.o
gdtr                0xa               gdt.o
our_ip              0x4               ethernet.o
stdout              0x8               std.o
corb_pointer        0x4               hda.o
ata_record_channel  0x4               ide.o
mouse_x             0x4               mouse.o
count_mouse         0x4               mouse.o
alloc_pte           0x8               mm.o
dmavirt             0x8               ahci.o
key_buffer          0x2               keyboard.o
rx_memory           0x20              e1000.o
context_rcx         0x8               thread.o
dmaphy              0x8               ahci.o
HDBARL              0x4               hda.o
window_count        0x8               compositor.o
screan_spin_lock    0x4               compositor.o
thread_id           0x8               server.o
_stderr             0x8               std.o
paint               0x8               compositor.o
fadt                0x8               acpi.o
server_id           0x30              server.o
gid                 0x8               compositor.o
kernelmouse         0x8               data.o
context_r12         0x8               thread.o
context_rax         0x8               thread.o
dv_uid              0x4               data.o
acpi_physical_init  0x8               acpi.o
eticks              0x8               pit.o
mouse2              0x8               mouse.o
fs_directory        0x8               cfs.o
gdt                 0x100             gdt.o
ATA_BAR1            0x4               main.o
ATA_BAR4            0x4               main.o
context_ds          0x8               thread.o
hda_base            0x8               hda.o
alloc_pde           0x8               mm.o
ipv4_cache          0x8               ipv4.o
current_saddr       0x8               socket.o
rx_descs            0x100             e1000.o
_stdin              0x8               std.o
SLP_TYPa            0x2               acpi.o
current_thread      0x8               thread.o
HDA_MEM_SIZE        0x4               hda.o
beep_node           0x4               hda.o
fb                  0x20              i965.o
current_thread2     0x8               thread.o
context_rsi         0x8               thread.o
hpet                0x8               acpi.o
user                0x8               main.o
context_r9          0x8               thread.o
tss                 0x68              tss.o
router_ip           0x4               ethernet.o
localId             0x4               apic.o
context_rdx         0x8               thread.o
core                0x112             smp.o
vector_msi          0x4               msi.o
context_rflag       0x8               thread.o
current_thread1     0x8               thread.o
context_fxsave      0x8               thread.o
pipe_launcher       0x8               data.o
row_cur             0x4               socket.o
CPUID_REQUEST       0x4               main.o
mode                0x10              i965.o
first_time          0x4               mouse.o
xsdt                0x8               acpi.o
context_cs          0x8               thread.o
context_rsp0        0x8               thread.o
gui                 0x68              gui.o
paint_ready_queue   0x8               compositor.o
tx_memory           0x20              e1000.o
stdin               0x8               std.o
thread_ready_queue  0x8               thread.o
ata_record_dev      0x4               ide.o
led_status          0x1               keyboard.o
ata                 0x800             storage.o
hda_widget          0x80              hda.o
context_cr3         0x8               thread.o
ioapic_redir_table  0xc0              ioapic.o
launcher            0x4               main.o
context_rsp         0x8               thread.o
context_fs          0x8               thread.o
context_rbp         0x8               thread.o
output_node         0x4               hda.o
context_r8          0x8               thread.o
ATA_BAR0            0x4               main.o
ATA_BAR3            0x4               main.o
HBA_BASE            0x8               ahci.o
timer_ticks         0x8               pit.o
context_r15         0x8               thread.o
gtt                 0x38              i965.o
HDA_STREAM_MEMORY   0x8               hda.o
RIRB_MEMORY         0x8               hda.o
no                  0x4               main.o
buttons             0x1               mouse.o
_stdout             0x8               std.o
hpet_register       0x8               hpet.o
ioapic_base         0x8               ioapic.o
context_ss          0x8               thread.o
rsdt                0x8               acpi.o
tmpnam              0x4               data.o
sockt_receive_row   0x4a0             socket.o
RAM_BITMAP          0x8               mm.o
idt                 0x1000            idt.o
syspwd              0x8               main.o
next_pid            0x8               thread.o
context_gs          0x8               thread.o
packege_desc_buffer
                    0x280             ethernet.o
context_r11         0x8               thread.o
alloc_spin_lock     0x4               mm.o
arp_cache           0x2800            arp.o
stderr              0x8               std.o
HDA_MEM             0x8               hda.o
idtr                0xa               idt.o
saddr_ready_queue   0x8               socket.o
keyboard_charset    0x1               keyboard.o
socket_next_id      0x4               socket.o
mouse               0x8               mouse.o
re_soft             0x105c            rtl8169.o
period              0x8               hpet.o
default_ethernet_device
                    0x21              ethernet.o
VERBOSE             0x4               stdio.o
context_r13         0x8               thread.o
dv_num              0x1               data.o
dns_ip              0x4               ethernet.o
dsdt                0x8               acpi.o
mouse_y             0x4               mouse.o
context_r10         0x8               thread.o
lapicbase           0x8               apic.o
device_pde          0x8               mm.o
context_rip         0x8               thread.o
context_pid         0x8               thread.o
context_rbx         0x8               thread.o
hba_mem_space       0x8               ahci.o
context_r14         0x8               thread.o
ret                 0x8               syscall.o
dhcp_ip             0x4               ethernet.o
clock               0x8               rtc.o
ATA_BAR2            0x4               main.o
ATA_BAR5            0x4               main.o
re_base_addr        0x8               rtl8169.o
SLP_TYPb            0x2               acpi.o
acpi_virtual_addr   0x8               acpi.o
rsdp                0x8               acpi.o
CORB_MEMORY         0x8               hda.o
g_mm_mp_index       0x8               mm.o
sata_idtfy          0x200             ahci.o
context_rdi         0x8               thread.o
default_ethernet_package_descriptor
                    0x14              ethernet.o
hda_max_volume      0x4               hda.o
HDBARU              0x4               hda.o
context_es          0x8               thread.o
input_node          0x4               hda.o

Discarded input sections

 .note.gnu.property
                0x0000000000000000       0x20 main.o
 .note.gnu.property
                0x0000000000000000       0x20 io.o
 .note.gnu.property
                0x0000000000000000       0x20 gdt.o
 .note.gnu.property
                0x0000000000000000       0x20 tss.o
 .note.gnu.property
                0x0000000000000000       0x20 idt.o
 .note.gnu.property
                0x0000000000000000       0x20 exception.o
 .note.gnu.property
                0x0000000000000000       0x20 data.o
 .note.gnu.property
                0x0000000000000000       0x20 server.o
 .note.gnu.property
                0x0000000000000000       0x20 smp.o
 .note.gnu.property
                0x0000000000000000       0x20 delay.o
 .note.gnu.property
                0x0000000000000000       0x20 paging.o
 .note.gnu.property
                0x0000000000000000       0x20 mm.o
 .note.gnu.property
                0x0000000000000000       0x20 cpuid.o
 .note.gnu.property
                0x0000000000000000       0x20 msr.o
 .note.gnu.property
                0x0000000000000000       0x20 lvt.o
 .note.gnu.property
                0x0000000000000000       0x20 irq.o
 .note.gnu.property
                0x0000000000000000       0x20 apic.o
 .note.gnu.property
                0x0000000000000000       0x20 ioapic.o
 .note.gnu.property
                0x0000000000000000       0x20 intr.o
 .note.gnu.property
                0x0000000000000000       0x20 sleep.o
 .note.gnu.property
                0x0000000000000000       0x20 thread.o
 .note.gnu.property
                0x0000000000000000       0x20 exectve.o
 .note.gnu.property
                0x0000000000000000       0x20 syscall.o
 .note.gnu.property
                0x0000000000000000       0x20 console.o
 .note.gnu.property
                0x0000000000000000       0x20 exit.o
 .note.gnu.property
                0x0000000000000000       0x20 sse.o
 .note.gnu.property
                0x0000000000000000       0x20 pci.o
 .note.gnu.property
                0x0000000000000000       0x20 i965.o
 .note.gnu.property
                0x0000000000000000       0x20 cursor.o
 .note.gnu.property
                0x0000000000000000       0x20 acpi.o
 .note.gnu.property
                0x0000000000000000       0x20 hpet.o
 .note.gnu.property
                0x0000000000000000       0x20 lpc.o
 .note.gnu.property
                0x0000000000000000       0x20 pit.o
 .note.gnu.property
                0x0000000000000000       0x20 ps2.o
 .note.gnu.property
                0x0000000000000000       0x20 mouse.o
 .note.gnu.property
                0x0000000000000000       0x20 keyboard.o
 .note.gnu.property
                0x0000000000000000       0x20 ahci.o
 .note.gnu.property
                0x0000000000000000       0x20 ide.o
 .note.gnu.property
                0x0000000000000000       0x20 storage.o
 .note.gnu.property
                0x0000000000000000       0x20 rtc.o
 .note.gnu.property
                0x0000000000000000       0x20 hda.o
 .note.gnu.property
                0x0000000000000000       0x20 speaker.o
 .note.gnu.property
                0x0000000000000000       0x20 e1000.o
 .note.gnu.property
                0x0000000000000000       0x20 ethernet.o
 .note.gnu.property
                0x0000000000000000       0x20 arp.o
 .note.gnu.property
                0x0000000000000000       0x20 udp.o
 .note.gnu.property
                0x0000000000000000       0x20 ipv4.o
 .note.gnu.property
                0x0000000000000000       0x20 dhcp.o
 .note.gnu.property
                0x0000000000000000       0x20 tcp.o
 .note.gnu.property
                0x0000000000000000       0x20 checksum.o
 .note.gnu.property
                0x0000000000000000       0x20 rtl8169.o
 .note.gnu.property
                0x0000000000000000       0x20 gui.o
 .note.gnu.property
                0x0000000000000000       0x20 compositor.o
 .note.gnu.property
                0x0000000000000000       0x20 font8x16.o
 .note.gnu.property
                0x0000000000000000       0x20 std.o
 .note.gnu.property
                0x0000000000000000       0x20 cfs.o
 .note.gnu.property
                0x0000000000000000       0x20 pipe.o
 .note.gnu.property
                0x0000000000000000       0x20 socket.o
 .note.gnu.property
                0x0000000000000000       0x20 elf.o
 .note.gnu.property
                0x0000000000000000       0x20 string.o
 .note.gnu.property
                0x0000000000000000       0x20 vsprintf.o
 .note.gnu.property
                0x0000000000000000       0x20 stdio.o
 .note.gnu.property
                0x0000000000000000       0x20 stdlib.o
 .note.gnu.property
                0x0000000000000000       0x20 sse_memcpy.o
 .note.gnu.property
                0x0000000000000000       0x20 panic.o
 .note.gnu.property
                0x0000000000000000       0x20 msi.o

Memory Configuration

Name             Origin             Length             Attributes
*default*        0x0000000000000000 0xffffffffffffffff

Linker script and memory map

                0x0000000000401000                . = 0x401000
                0x0000000000401000                _start = .

.text           0x0000000000401000    0x23000
                0x0000000000401000                code = .
                0x0000000000401000                _code = .
                0x0000000000401000                __code = .
 *(.text)
 .text          0x0000000000401000       0xc2 setup.o
                0x0000000000401031                gdt_flush
                0x0000000000401054                idt_flush
                0x000000000040105b                call_function
                0x0000000000401070                copymem
                0x00000000004010a4                DisableSSE
                0x00000000004010af                EnableSSE
                0x00000000004010ba                SaveSSE
                0x00000000004010be                RestoreSSE
 .text          0x00000000004010c2      0xb55 main.o
                0x00000000004010c2                main
 .text          0x0000000000401c17       0x42 io.o
                0x0000000000401c17                wait
 .text          0x0000000000401c59      0x5c5 gdt.o
                0x0000000000401f22                gdt_install
 .text          0x000000000040221e       0xa6 tss.o
                0x000000000040221e                load_ltr
                0x0000000000402251                tss_install
 .text          0x00000000004022c4      0x4e2 idt.o
                0x00000000004024d6                idt_install
                0x000000000040260b                idt_gate
                0x0000000000402673                _idt_gate
                0x0000000000402752                intr_null_function
 *fill*         0x00000000004027a6        0xa 
 .text          0x00000000004027b0      0xc0b vetor.o
                0x000000000040280e                isr00
                0x000000000040281d                isr01
                0x000000000040282c                isr02
                0x000000000040283b                isr03
                0x000000000040284a                isr04
                0x0000000000402859                isr05
                0x0000000000402868                isr06
                0x0000000000402877                isr07
                0x0000000000402886                isr08
                0x0000000000402890                isr09
                0x000000000040289f                isr10
                0x00000000004028a9                isr11
                0x00000000004028b3                isr12
                0x00000000004028bd                isr13
                0x00000000004028c7                isr14
                0x00000000004028d1                isr15
                0x00000000004028e0                isr16
                0x00000000004028ef                isr17
                0x00000000004028f9                isr18
                0x0000000000402908                isr19
                0x0000000000402917                isr20
                0x0000000000402926                isr21
                0x0000000000402935                isr22
                0x0000000000402944                isr23
                0x0000000000402953                isr24
                0x0000000000402962                isr25
                0x0000000000402971                isr26
                0x0000000000402980                isr27
                0x000000000040298f                isr28
                0x000000000040299e                isr29
                0x00000000004029ad                isr30
                0x00000000004029bc                isr31
                0x0000000000402a67                lvt0
                0x0000000000402c6e                lvt1
                0x0000000000402c7d                lvt2
                0x0000000000402c8c                lvt3
                0x0000000000402c9b                lvt4
                0x0000000000402cab                timer1
                0x0000000000402eaa                timer2
                0x0000000000402eb9                timer3
                0x0000000000402ec8                timer4
                0x0000000000402ed7                timer5
                0x0000000000402ee6                timer6
                0x0000000000402ef5                timer7
                0x0000000000402f04                timer8
                0x0000000000402f61                irq0
                0x0000000000402f70                irq1
                0x0000000000402f7f                irq2
                0x0000000000402f8e                irq3
                0x0000000000402f9d                irq4
                0x0000000000402fac                irq5
                0x0000000000402fbb                irq6
                0x0000000000402fca                irq7
                0x0000000000402fd9                irq8
                0x0000000000402fe8                irq9
                0x0000000000402ff7                irq10
                0x0000000000403006                irq11
                0x0000000000403015                irq12
                0x0000000000403024                irq13
                0x0000000000403033                irq14
                0x0000000000403042                irq15
                0x0000000000403051                irq16
                0x0000000000403060                irq17
                0x000000000040306f                irq18
                0x000000000040307e                irq19
                0x000000000040308d                irq20
                0x000000000040309c                irq21
                0x00000000004030ab                irq22
                0x00000000004030ba                irq23
                0x0000000000403127                intr255
                0x0000000000403136                intr_null
                0x00000000004031db                msi0
                0x00000000004031ea                msi1
                0x00000000004031f9                msi2
                0x0000000000403208                msi3
                0x0000000000403217                msi4
                0x0000000000403226                msi5
                0x0000000000403235                msi6
                0x0000000000403244                msi7
                0x0000000000403253                msi8
                0x0000000000403262                msi9
                0x0000000000403271                msi10
                0x0000000000403280                msi11
                0x000000000040328f                msi12
                0x000000000040329e                msi13
                0x00000000004032ad                msi14
                0x00000000004032bc                msi15
                0x00000000004032cb                msi16
                0x00000000004032da                msi17
                0x00000000004032e9                msi18
                0x00000000004032f8                msi19
                0x0000000000403307                msi20
                0x0000000000403316                msi21
                0x0000000000403325                msi22
                0x0000000000403334                msi23
                0x0000000000403343                msi24
                0x0000000000403352                msi25
                0x0000000000403361                msi26
                0x0000000000403370                msi27
                0x000000000040337f                msi28
                0x000000000040338e                msi29
                0x000000000040339d                msi30
                0x00000000004033ac                msi31
 .text          0x00000000004033bb      0x7c9 exception.o
                0x00000000004033bb                exceptions_install
                0x0000000000403a04                fault_exception
 .text          0x0000000000403b84        0x0 data.o
 .text          0x0000000000403b84      0x57b server.o
                0x0000000000403b84                foco
                0x0000000000403c5d                foco_default
                0x0000000000403cd1                server
 .text          0x00000000004040ff      0x684 smp.o
                0x00000000004040ff                setup_smp
                0x0000000000404674                done
                0x00000000004046ad                ap_startup
 .text          0x0000000000404783       0x8e delay.o
                0x0000000000404783                mdelay
                0x00000000004047ca                udelay
 .text          0x0000000000404811      0x1b9 paging.o
                0x0000000000404811                flush_tlb
                0x000000000040486b                load_pae_page_directory_pointer_table
                0x000000000040489d                load_pml4_table
                0x00000000004048cf                enable_pae
                0x00000000004048fb                page_enable
                0x0000000000404929                page_install
 .text          0x00000000004049ca     0x1452 mm.o
                0x00000000004049ca                initialize_mm_mp
                0x0000000000404b69                mm_mp
                0x0000000000404fc4                ram_setup
                0x000000000040508d                alloc_frame
                0x0000000000405155                free_frame
                0x00000000004051e0                alloc_pages_setup
                0x00000000004055d6                v_pool
                0x0000000000405654                alloc_pages
                0x00000000004058f3                free_pages
                0x0000000000405c4a                get_phy_addr
 .text          0x0000000000405e1c      0x1f9 cpuid.o
                0x0000000000405e1c                cpuid_vendor
                0x0000000000405e8a                cpuid_processor_brand
                0x0000000000405f61                cpuid
                0x0000000000405fac                cpuid_string
 .text          0x0000000000406015       0xb9 msr.o
                0x0000000000406015                getmsr
                0x0000000000406060                setmsr
 .text          0x00000000004060ce      0x4e8 lvt.o
                0x00000000004060ce                lvt_function
                0x0000000000406310                lvt_install
 .text          0x00000000004065b6      0x5f4 irq.o
                0x00000000004065b6                default_irq
                0x0000000000406612                irq_function
                0x00000000004066e9                irq_install
 .text          0x0000000000406baa      0x54e apic.o
                0x0000000000406baa                local_apic_read_command
                0x0000000000406bed                local_apic_write_command
                0x0000000000406c3a                getapicbase
                0x0000000000406c8d                enableapic
                0x0000000000406cf8                apic_eoi_register
                0x0000000000406d35                setup_apic
                0x0000000000406fa7                local_apic_get_id
                0x0000000000406fe4                local_apic_send_init
                0x000000000040706b                local_apic_send_startup
 .text          0x00000000004070f8      0x7c4 ioapic.o
                0x00000000004070f8                read_ioapic_register
                0x0000000000407148                write_ioapic_register
                0x00000000004071a2                ioapic_masked
                0x000000000040723f                ioapic_umasked
                0x00000000004072dc                set_ioapic_redir_table
                0x0000000000407568                ioapic_cofiguration
                0x0000000000407602                setup_ioapic
                0x00000000004076ce                apic_initial_count_timer
                0x000000000040771c                apic_timer
                0x00000000004077ac                apic_timer_umasked
                0x0000000000407850                apic_timer_masked
 .text          0x00000000004078bc       0xc6 intr.o
                0x00000000004078bc                intr_install
                0x000000000040791d                intr_function
 .text          0x0000000000407982       0x6b sleep.o
                0x0000000000407982                sleep
 .text          0x00000000004079ed     0x1a95 thread.o
                0x00000000004079ed                thread_setup
                0x0000000000407d29                create_thread
                0x0000000000408260                create_thread_child
                0x0000000000408607                task_switch
                0x0000000000408e92                task_switch2
                0x0000000000409412                thread
 .text          0x0000000000409482     0x12ac exectve.o
                0x0000000000409482                exectve
                0x0000000000409dca                exectve_child
 .text          0x000000000040a72e      0x9ab syscall.o
                0x000000000040a72e                default_syscall
                0x000000000040a799                syscall_puts
                0x000000000040a7f1                syscall_window
                0x000000000040a849                syscall_kbd_foco
                0x000000000040a8be                syscall_alloc_pages
                0x000000000040a93f                syscall_free_pages
                0x000000000040a997                syscall_readsector
                0x000000000040aa13                syscall_writesector
                0x000000000040aa8f                syscall_geral
                0x000000000040abd6                syscall_tmpnam
                0x000000000040aca4                syscall_io
                0x000000000040adde                syscall_register_pipe_launcher
                0x000000000040ae2a                syscall_get_pipe_launcher
                0x000000000040ae6f                syscall_get_paint_list
                0x000000000040aeb4                syscall_get_thread_id
                0x000000000040aefd                syscall_create_socket
                0x000000000040af82                syscall_get_socket_ready_queue
                0x000000000040afc7                syscall_function_handler
                0x000000000040b072                syscall_install
 *fill*         0x000000000040b0d9        0x7 
 .text          0x000000000040b0e0       0x86 asyscall.o
                0x000000000040b157                int114
 .text          0x000000000040b166      0xaa9 console.o
                0x000000000040b166                console
                0x000000000040b40e                cmd_version
                0x000000000040b471                cmd_time
                0x000000000040b4d4                cmd_shutdown
                0x000000000040b52e                cmd_rename
                0x000000000040b591                cmd_reboot
                0x000000000040b5eb                cmd_new
                0x000000000040b64e                cmd_mov
                0x000000000040b6b1                cmd_info
                0x000000000040b78f                cmd_help
                0x000000000040b900                cmd_exit
                0x000000000040b963                cmd_echo
                0x000000000040b9c6                cmd_dir
                0x000000000040ba29                cmd_del
                0x000000000040ba8c                cmd_date
                0x000000000040baef                cmd_copy
                0x000000000040bb52                cmd_clear
                0x000000000040bbac                cmd_cd
 .text          0x000000000040bc0f      0x593 exit.o
                0x000000000040bc0f                user_free
                0x000000000040bcbb                exit
 .text          0x000000000040c1a2      0x1c7 sse.o
                0x000000000040c1a2                fpu_cw
                0x000000000040c1d2                sse_cr
                0x000000000040c206                sse_cw
                0x000000000040c234                fpu_save
                0x000000000040c263                fpu_restore
                0x000000000040c292                setup_sse
 .text          0x000000000040c369      0xcfb pci.o
                0x000000000040c369                read_pci_config_addr
                0x000000000040c3e3                write_pci_config_addr
                0x000000000040c45d                pci_read_config_dword
                0x000000000040c4d7                pci_write_config_dword
                0x000000000040c551                pci_read_config_word
                0x000000000040c5f1                pci_write_config_word
                0x000000000040c6ba                pci_read_config_byte
                0x000000000040c75a                pci_write_config_byte
                0x000000000040c822                pci_get_info
                0x000000000040cad0                pci_scan_bcc
                0x000000000040cbb3                pci_scan_class
                0x000000000040cca4                pci_scan_class_subclass
                0x000000000040cdac                pci_scan_bcc_scc
                0x000000000040ceaa                pci_scan_bcc_scc_prog
                0x000000000040cfb9                pci_scan_vendor
                0x000000000040cfea                pci_check_vendor
                0x000000000040d024                pci_size
 .text          0x000000000040d064     0x10e3 i965.o
                0x000000000040d064                i965_pci_init
                0x000000000040d213                setup_i965
                0x000000000040d809                timings
                0x000000000040daa7                disable_dac
                0x000000000040db24                enable_dac
                0x000000000040dba1                disable_plane
                0x000000000040dc20                enable_plane
                0x000000000040dc9f                disable_pipe
                0x000000000040dd1e                enable_pipe
                0x000000000040dd9d                disable_dpll
                0x000000000040ddc8                enable_dpll
                0x000000000040de07                disable_legacy_vga_emul
                0x000000000040decf                gmbus_reset
                0x000000000040defa                gmbus_stoptransaction
                0x000000000040df39                gmbus_wait
                0x000000000040df7f                gmbus_read
                0x000000000040e116                gmbus_write
 .text          0x000000000040e147      0x26f cursor.o
                0x000000000040e147                DrawMouse
                0x000000000040e231                setup_cursor
                0x000000000040e33d                update_graphic_cursor
 .text          0x000000000040e3b6      0xa96 acpi.o
                0x000000000040e73f                acpi_probe
                0x000000000040e815                acpi_enable
                0x000000000040ea6b                setup_acpi
                0x000000000040ed0b                poweroff
                0x000000000040ed91                reboot
 .text          0x000000000040ee4c      0x21c hpet.o
                0x000000000040ef94                setup_hpet
                0x000000000040eff6                hpet_sleep
 .text          0x000000000040f068       0xf9 lpc.o
                0x000000000040f09c                setup_lpc
 .text          0x000000000040f161      0x1de pit.o
                0x000000000040f1f5                pit_set_frequencia
                0x000000000040f253                pit_enable
                0x000000000040f2ea                timer_wait
 .text          0x000000000040f33f      0x1b3 ps2.o
                0x000000000040f33f                kbdc_wait
                0x000000000040f3de                kbdc_set_cmd
                0x000000000040f470                kbdc_wait_ack
 .text          0x000000000040f4f2      0x94a mouse.o
                0x000000000040f4f2                mouse_write
                0x000000000040f56b                mouse_read
                0x000000000040f5bf                MOUSE_BAT_TEST
                0x000000000040f634                mouse_handler
                0x000000000040fa11                mouse_install
 .text          0x000000000040fe3c      0x859 keyboard.o
                0x000000000040fe3c                keyboard_read
                0x000000000040fe90                keyboard_write
                0x000000000040fee5                KEYBOARD_BAT_TEST
                0x000000000040ff5a                keyboard_handler
                0x00000000004105c2                keyboard_install
 .text          0x0000000000410695     0x19af ahci.o
                0x0000000000410695                ahci_initialize
                0x0000000000411d1c                sata_read_sector
                0x0000000000411eb0                sata_write_sector
 .text          0x0000000000412044     0x15f5 ide.o
                0x0000000000412044                ata_wait
                0x0000000000412126                ata_status_read
                0x0000000000412181                ata_wait_not_busy
                0x00000000004121f8                ata_wait_busy
                0x000000000041226f                ata_wait_no_drq
                0x00000000004122e4                ata_wait_drq
                0x0000000000412359                ata_cmd_write
                0x00000000004123df                ata_soft_reset
                0x0000000000412491                ata_pio_read
                0x00000000004124f6                ata_pio_write
                0x000000000041255b                ata_bus_install
                0x0000000000412932                ata_identify_device
                0x00000000004131dc                ata_read_sector
                0x00000000004133d8                ata_write_sector
 .text          0x0000000000413639      0xe04 storage.o
                0x0000000000413c81                ata_initialize
                0x0000000000414211                read_sector
                0x0000000000414327                write_sector
 .text          0x000000000041443d      0x67c rtc.o
                0x000000000041443d                disable_NMI
                0x0000000000414484                enable_NMI
                0x0000000000414510                rtc_setup
                0x000000000041464b                rtc_handler
                0x000000000041482b                swait_init
                0x00000000004149af                swait
 .text          0x0000000000414ab9     0x20ee hda.o
                0x0000000000414ab9                hda_wait
                0x0000000000414b08                hda_outb
                0x0000000000414b59                hda_outw
                0x0000000000414bac                hda_outl
                0x0000000000414bfa                hda_inb
                0x0000000000414c42                hda_inw
                0x0000000000414c8a                hda_inl
                0x0000000000414cd1                corb_write_command
                0x0000000000414e78                hda_reset
                0x0000000000414f44                setup_hda
                0x00000000004161c6                hda_response
                0x0000000000416206                hda_send_verb
                0x0000000000416558                hda_ic_verbe
                0x000000000041669a                hda_set_output_node
                0x000000000041692f                hda_play_sound
                0x0000000000416b0c                hda_volume
 .text          0x0000000000416ba7      0x129 speaker.o
                0x0000000000416ba7                turn_speaker_on
                0x0000000000416be6                turn_speaker_off
                0x0000000000416c27                set_speaker_frequence
                0x0000000000416c77                play_speaker
 .text          0x0000000000416cd0     0x12c6 e1000.o
                0x0000000000416cd0                e1000_read_command
                0x0000000000416d13                e1000_write_command
                0x0000000000416d60                e1000_is_eeprom
                0x0000000000416dd5                e1000_enable_int
                0x0000000000416e6c                e1000_link_up
                0x0000000000416ef7                irq_e1000
                0x00000000004170d4                init_e1000
                0x0000000000417a84                e1000_send_package
                0x0000000000417c4c                e1000_recieve_package
 .text          0x0000000000417f96     0x1377 ethernet.o
                0x0000000000418028                get_default_ethernet_device
                0x000000000041808e                ethernet_set_link_status
                0x00000000004180cd                ethernet_set_interrupt_status
                0x000000000041810c                register_ethernet_device
                0x00000000004181ae                get_ethernet_package
                0x0000000000418223                send_ethernet_package
                0x00000000004182cb                handler_ethernet_package_received
                0x00000000004188c5                int_ethernet_device
                0x0000000000418ab9                fillMac
                0x0000000000418b1b                fillIP
                0x0000000000418b7d                initialise_ethernet
 .text          0x000000000041930d     0x12fe arp.o
                0x000000000041934c                init_arp
                0x0000000000419418                arp_save_address
                0x00000000004199ec                get_hardwere_ethernet
                0x0000000000419ab6                arp_request
                0x0000000000419d00                arp_replay
                0x0000000000419f3d                arp_replay2
                0x000000000041a174                arp_hexdump
 .text          0x000000000041a60b      0x3c7 udp.o
                0x000000000041a64a                udp_send
                0x000000000041a7ad                udp_receive
 .text          0x000000000041a9d2      0x306 ipv4.o
                0x000000000041aa11                ipv4_send
 .text          0x000000000041acd8      0x745 dhcp.o
                0x000000000041ad6a                dhcp_send
                0x000000000041b182                dhcp_parse_options
 .text          0x000000000041b41d      0x400 tcp.o
                0x000000000041b4af                tcp_send
 .text          0x000000000041b81d      0x134 checksum.o
                0x000000000041b85c                net_checksum
 .text          0x000000000041b951     0x1edb rtl8169.o
                0x000000000041b951                re_read_command
                0x000000000041b994                re_write_command
                0x000000000041b9e1                re_read_command_word
                0x000000000041ba25                re_write_command_word
                0x000000000041ba77                re_read_command_byte
                0x000000000041babb                re_write_command_byte
                0x000000000041bb0d                re_probe
                0x000000000041cc90                setup_realtek
                0x000000000041d589                re_handle
 .text          0x000000000041d82c      0x880 gui.o
                0x000000000041d82c                initialize_gui
                0x000000000041d985                update_gui
                0x000000000041dadd                put_pixel
                0x000000000041db50                put_pixel_buff
                0x000000000041dbef                refresh_rate
                0x000000000041dc94                clears_creen
                0x000000000041dd4c                draw_char_transparent
                0x000000000041de56                glyph
 .text          0x000000000041e0ac      0xcdd compositor.o
                0x000000000041e19d                window_add
                0x000000000041e347                window_remove
                0x000000000041e470                window_foco
                0x000000000041e595                paint_desktop
                0x000000000041e9a3                paint_cursor
                0x000000000041eb34                compose
 .text          0x000000000041ed89        0x0 font8x16.o
 .text          0x000000000041ed89      0x481 std.o
                0x000000000041ed89                std_open_file
                0x000000000041ef38                std_file_close
                0x000000000041efa7                std_putc
                0x000000000041f0b8                std_getc
 .text          0x000000000041f20a      0xaaa cfs.o
                0x000000000041f20a                filename_cmp
                0x000000000041f2f1                read_super_block
                0x000000000041f35a                read_directory_entry
                0x000000000041f4e5                open_file_r
                0x000000000041f866                open_file
                0x000000000041facd                file_close
                0x000000000041fbd6                file_read_block
 .text          0x000000000041fcb4      0x2dd pipe.o
                0x000000000041fcb4                pipe_open_file
                0x000000000041fda0                pipe_write
                0x000000000041fe9c                pipe_read
 .text          0x000000000041ff91      0xf7c socket.o
                0x0000000000420023                init_socket
                0x00000000004202a3                socket
                0x0000000000420422                socket_server_transmit
                0x0000000000420a86                socket_execute_row
                0x0000000000420d46                socket_server_receive
 .text          0x0000000000420f0d      0x2b2 elf.o
                0x0000000000420f0d                load_elf64_header
                0x00000000004210e0                load_elf64_segment
 .text          0x00000000004211bf      0x2b3 string.o
                0x00000000004211bf                memset
                0x0000000000421224                memcpy
                0x000000000042129b                strcpy
                0x0000000000421316                strlen
                0x0000000000421362                strcmp
                0x00000000004213fc                memcmp
 .text          0x0000000000421472      0x4e4 vsprintf.o
                0x00000000004214de                vsprintf
 .text          0x0000000000421956      0x818 stdio.o
                0x0000000000421956                putchar
                0x00000000004219b6                puts
                0x0000000000421a46                printf
                0x0000000000421b73                fopen
                0x0000000000421c94                fclose
                0x0000000000421d38                rewind
                0x0000000000421da1                fseek
                0x0000000000421e7f                ftell
                0x0000000000421ec0                fputc
                0x0000000000421f3e                fgetc
                0x00000000004220b1                fread
 .text          0x000000000042216e      0x4fb stdlib.o
                0x000000000042216e                malloc
                0x00000000004221dd                free
                0x0000000000422229                i2hex
                0x0000000000422497                utoa
                0x0000000000422522                itoa
 .text          0x0000000000422669      0x14a sse_memcpy.o
                0x0000000000422669                sse_memcpy
 .text          0x00000000004227b3       0x5a panic.o
                0x00000000004227b3                kernel_panic
 .text          0x000000000042280d      0xa81 msi.o
                0x000000000042280d                msi_vector_install
                0x0000000000422e67                default_mas
                0x0000000000422ec6                msi_function
                0x0000000000422f7c                apic_send_msi
                0x000000000042325b                apic_send_msix
                0x0000000000424000                . = ALIGN (0x1000)
 *fill*         0x000000000042328e      0xd72 

.iplt           0x0000000000424000        0x0
 .iplt          0x0000000000424000        0x0 setup.o

.data           0x0000000000424000    0x16000
                0x0000000000424000                data = .
                0x0000000000424000                _data = .
                0x0000000000424000                __data = .
 *(.data)
 .data          0x0000000000424000        0x8 setup.o
                0x0000000000424000                _rsp0
 .data          0x0000000000424008        0x0 main.o
 .data          0x0000000000424008        0x0 io.o
 .data          0x0000000000424008        0x0 gdt.o
 .data          0x0000000000424008        0x0 tss.o
 .data          0x0000000000424008        0x0 idt.o
 *fill*         0x0000000000424008        0x8 
 .data          0x0000000000424010      0x400 vetor.o
                0x0000000000424010                SavedFloats
                0x0000000000424210                SavedFloats2
 .data          0x0000000000424410        0x0 exception.o
 .data          0x0000000000424410        0x0 data.o
 .data          0x0000000000424410        0x0 server.o
 .data          0x0000000000424410        0x0 smp.o
 .data          0x0000000000424410        0x0 delay.o
 .data          0x0000000000424410        0x0 paging.o
 .data          0x0000000000424410        0x0 mm.o
 .data          0x0000000000424410        0x0 cpuid.o
 .data          0x0000000000424410        0x0 msr.o
 .data          0x0000000000424410        0x0 lvt.o
 .data          0x0000000000424410        0x0 irq.o
 .data          0x0000000000424410        0x0 apic.o
 .data          0x0000000000424410        0x0 ioapic.o
 .data          0x0000000000424410        0x0 intr.o
 .data          0x0000000000424410        0x0 sleep.o
 .data          0x0000000000424410        0x0 thread.o
 .data          0x0000000000424410        0x0 exectve.o
 .data          0x0000000000424410        0x0 syscall.o
 .data          0x0000000000424410        0x0 console.o
 .data          0x0000000000424410        0x0 exit.o
 .data          0x0000000000424410        0x0 sse.o
 .data          0x0000000000424410        0x0 pci.o
 .data          0x0000000000424410        0x0 i965.o
 *fill*         0x0000000000424410       0x10 
 .data          0x0000000000424420      0x168 cursor.o
                0x0000000000424420                cursor18x18
 .data          0x0000000000424588        0x0 acpi.o
 .data          0x0000000000424588        0x0 hpet.o
 .data          0x0000000000424588        0x0 lpc.o
 .data          0x0000000000424588        0x0 pit.o
 .data          0x0000000000424588        0x0 ps2.o
 .data          0x0000000000424588        0x4 mouse.o
                0x0000000000424588                speed
 .data          0x000000000042458c        0x0 keyboard.o
 .data          0x000000000042458c        0x0 ahci.o
 .data          0x000000000042458c        0x0 ide.o
 .data          0x000000000042458c        0x0 storage.o
 .data          0x000000000042458c        0x0 rtc.o
 .data          0x000000000042458c        0x0 hda.o
 .data          0x000000000042458c        0x0 speaker.o
 .data          0x000000000042458c        0x0 e1000.o
 .data          0x000000000042458c        0x0 ethernet.o
 .data          0x000000000042458c        0x0 arp.o
 .data          0x000000000042458c        0x0 udp.o
 .data          0x000000000042458c        0x0 ipv4.o
 .data          0x000000000042458c        0x0 dhcp.o
 .data          0x000000000042458c        0x0 tcp.o
 .data          0x000000000042458c        0x0 checksum.o
 .data          0x000000000042458c        0x0 rtl8169.o
 .data          0x000000000042458c        0x0 gui.o
 .data          0x000000000042458c        0x0 compositor.o
 *fill*         0x000000000042458c       0x14 
 .data          0x00000000004245a0     0x1000 font8x16.o
                0x00000000004245a0                font8x16
 .data          0x00000000004255a0        0x0 std.o
 .data          0x00000000004255a0        0x0 cfs.o
 .data          0x00000000004255a0        0x0 pipe.o
 .data          0x00000000004255a0        0x0 socket.o
 .data          0x00000000004255a0        0x0 elf.o
 .data          0x00000000004255a0        0x0 string.o
 .data          0x00000000004255a0        0x0 vsprintf.o
 .data          0x00000000004255a0        0x0 stdio.o
 .data          0x00000000004255a0        0x0 stdlib.o
 .data          0x00000000004255a0        0x0 sse_memcpy.o
 .data          0x00000000004255a0        0x0 panic.o
 .data          0x00000000004255a0        0x0 msi.o
 *(.rodata)
 .rodata        0x00000000004255a0      0x1b3 main.o
 .rodata        0x0000000000425753        0xb idt.o
 *fill*         0x000000000042575e        0x2 
 .rodata        0x0000000000425760      0x403 exception.o
 *fill*         0x0000000000425b63        0x5 
 .rodata        0x0000000000425b68       0x38 server.o
 .rodata        0x0000000000425ba0       0xf8 smp.o
 .rodata        0x0000000000425c98       0x5d mm.o
 *fill*         0x0000000000425cf5        0x3 
 .rodata        0x0000000000425cf8       0xc8 lvt.o
 .rodata        0x0000000000425dc0       0x1c irq.o
 .rodata        0x0000000000425ddc       0x19 apic.o
 .rodata        0x0000000000425df5        0xa intr.o
 .rodata        0x0000000000425dff       0x19 thread.o
 .rodata        0x0000000000425e18       0x48 syscall.o
 .rodata        0x0000000000425e60      0x215 console.o
 .rodata        0x0000000000426075       0x2e sse.o
 *fill*         0x00000000004260a3        0x5 
 .rodata        0x00000000004260a8     0x15ff pci.o
 *fill*         0x00000000004276a7        0x1 
 .rodata        0x00000000004276a8       0x7d i965.o
 *fill*         0x0000000000427725        0x3 
 .rodata        0x0000000000427728       0xc7 acpi.o
 .rodata        0x00000000004277ef       0x14 hpet.o
 *fill*         0x0000000000427803        0x5 
 .rodata        0x0000000000427808       0x31 lpc.o
 .rodata        0x0000000000427839       0x1d mouse.o
 *fill*         0x0000000000427856        0xa 
 .rodata        0x0000000000427860      0x200 keyboard.o
                0x0000000000427860                ascii_minusculas
                0x0000000000427960                ascii_maiusculas
 *fill*         0x0000000000427a60      0x5a0 
 .rodata        0x0000000000428000    0x108cf ahci.o
 *fill*         0x00000000004388cf        0x1 
 .rodata        0x00000000004388d0       0xb1 ide.o
 *fill*         0x0000000000438981        0x7 
 .rodata        0x0000000000438988      0x139 storage.o
 .rodata        0x0000000000438ac1       0x12 rtc.o
 *fill*         0x0000000000438ad3        0x5 
 .rodata        0x0000000000438ad8      0x342 hda.o
 *fill*         0x0000000000438e1a        0x6 
 .rodata        0x0000000000438e20      0x223 e1000.o
 *fill*         0x0000000000439043        0x5 
 .rodata        0x0000000000439048      0x1e6 ethernet.o
 *fill*         0x000000000043922e        0x2 
 .rodata        0x0000000000439230      0x1b1 arp.o
 .rodata        0x00000000004393e1       0x15 ipv4.o
 .rodata        0x00000000004393f6       0xa5 dhcp.o
 *fill*         0x000000000043949b        0x5 
 .rodata        0x00000000004394a0      0x1f3 rtl8169.o
 .rodata        0x0000000000439693       0x14 std.o
 *fill*         0x00000000004396a7        0x1 
 .rodata        0x00000000004396a8       0xad elf.o
 *fill*         0x0000000000439755        0x3 
 .rodata        0x0000000000439758      0x110 vsprintf.o
 .rodata        0x0000000000439868        0x9 stdio.o
 .rodata        0x0000000000439871       0x12 panic.o
 .rodata        0x0000000000439883       0x2b msi.o
                0x000000000043a000                . = ALIGN (0x1000)
 *fill*         0x00000000004398ae      0x752 

.got            0x000000000043a000      0x508
 .got           0x000000000043a000      0x508 setup.o

.got.plt        0x000000000043a508       0x18
 .got.plt       0x000000000043a508       0x18 setup.o
                0x000000000043a508                _GLOBAL_OFFSET_TABLE_

.igot.plt       0x000000000043a520        0x0
 .igot.plt      0x000000000043a520        0x0 setup.o

.data.rel.local
                0x000000000043a520     0x1dc0
 .data.rel.local
                0x000000000043a520      0x100 exception.o
                0x000000000043a520                exception_mensagem
 .data.rel.local
                0x000000000043a620       0xc0 irq.o
                0x000000000043a620                fnvetors_handler
 .data.rel.local
                0x000000000043a6e0       0x88 syscall.o
                0x000000000043a6e0                fnvetors_syscall
 *fill*         0x000000000043a768       0x18 
 .data.rel.local
                0x000000000043a780      0x1b0 console.o
                0x000000000043a780                cmd_table
 *fill*         0x000000000043a930       0x10 
 .data.rel.local
                0x000000000043a940     0x1400 pci.o
                0x000000000043a940                pci_classes
                0x000000000043b140                pci_class_names
 .data.rel.local
                0x000000000043bd40       0x20 mouse.o
                0x000000000043bd40                id_mouse_strings
 .data.rel.local
                0x000000000043bd60       0x38 ahci.o
                0x000000000043bd60                ahci_type
 *fill*         0x000000000043bd98        0x8 
 .data.rel.local
                0x000000000043bda0       0x48 dhcp.o
                0x000000000043bda0                string_dhcp_message
 *fill*         0x000000000043bde8       0x18 
 .data.rel.local
                0x000000000043be00      0x3d0 rtl8169.o
 *fill*         0x000000000043c1d0       0x10 
 .data.rel.local
                0x000000000043c1e0      0x100 msi.o

.bss            0x000000000043c2e0    0x26d20
                0x000000000043c2e0                bss = .
                0x000000000043c2e0                _bss = .
                0x000000000043c2e0                __bss = .
 *(.bss)
 .bss           0x000000000043c2e0    0x20000 setup.o
 .bss           0x000000000045c2e0        0x0 main.o
 .bss           0x000000000045c2e0        0x0 io.o
 .bss           0x000000000045c2e0        0x0 gdt.o
 .bss           0x000000000045c2e0        0x0 tss.o
 .bss           0x000000000045c2e0        0x0 idt.o
 .bss           0x000000000045c2e0        0x0 exception.o
 .bss           0x000000000045c2e0        0x0 data.o
 .bss           0x000000000045c2e0        0x0 server.o
 .bss           0x000000000045c2e0        0x0 smp.o
 .bss           0x000000000045c2e0        0x0 delay.o
 .bss           0x000000000045c2e0       0x20 paging.o
                0x000000000045c2e0                pml4e
                0x000000000045c2e8                pdpte
                0x000000000045c2f0                pae_pde
                0x000000000045c2f8                pae_pte
 .bss           0x000000000045c300        0x0 mm.o
 .bss           0x000000000045c300        0x0 cpuid.o
 .bss           0x000000000045c300        0x0 msr.o
 .bss           0x000000000045c300        0x0 lvt.o
 .bss           0x000000000045c300        0x0 irq.o
 .bss           0x000000000045c300        0x0 apic.o
 .bss           0x000000000045c300        0x0 ioapic.o
 .bss           0x000000000045c300        0x0 intr.o
 .bss           0x000000000045c300        0x0 sleep.o
 .bss           0x000000000045c300        0x0 thread.o
 .bss           0x000000000045c300        0x0 exectve.o
 .bss           0x000000000045c300        0x0 syscall.o
 .bss           0x000000000045c300        0x8 console.o
                0x000000000045c300                call_loader
 .bss           0x000000000045c308        0x0 exit.o
 .bss           0x000000000045c308        0x0 sse.o
 .bss           0x000000000045c308        0x0 pci.o
 .bss           0x000000000045c308        0x0 i965.o
 .bss           0x000000000045c308        0x0 cursor.o
 .bss           0x000000000045c308        0x0 acpi.o
 *fill*         0x000000000045c308       0x18 
 .bss           0x000000000045c320      0x100 hpet.o
 .bss           0x000000000045c420        0x0 lpc.o
 .bss           0x000000000045c420        0x0 pit.o
 .bss           0x000000000045c420        0x0 ps2.o
 .bss           0x000000000045c420        0x4 mouse.o
                0x000000000045c420                mouse_position
 .bss           0x000000000045c424       0x10 keyboard.o
 .bss           0x000000000045c434        0x0 ahci.o
 .bss           0x000000000045c434        0x0 ide.o
 *fill*         0x000000000045c434        0x4 
 .bss           0x000000000045c438        0x8 storage.o
                0x000000000045c438                ata_pci
 .bss           0x000000000045c440        0x1 rtc.o
 .bss           0x000000000045c441        0x0 hda.o
 .bss           0x000000000045c441        0x0 speaker.o
 *fill*         0x000000000045c441        0x7 
 .bss           0x000000000045c448       0x10 e1000.o
 .bss           0x000000000045c458       0x10 ethernet.o
                0x000000000045c458                dst_ip
                0x000000000045c45c                src_ip
                0x000000000045c460                package_recieved_ack
 .bss           0x000000000045c468        0x0 arp.o
 .bss           0x000000000045c468        0x0 udp.o
 .bss           0x000000000045c468        0x4 ipv4.o
                0x000000000045c468                ipv4_count
 .bss           0x000000000045c46c        0x0 dhcp.o
 .bss           0x000000000045c46c        0x0 tcp.o
 .bss           0x000000000045c46c        0x0 checksum.o
 .bss           0x000000000045c46c        0x0 rtl8169.o
 .bss           0x000000000045c46c        0x0 gui.o
 .bss           0x000000000045c46c        0x0 compositor.o
 .bss           0x000000000045c46c        0x0 font8x16.o
 .bss           0x000000000045c46c        0x0 std.o
 .bss           0x000000000045c46c        0x0 cfs.o
 .bss           0x000000000045c46c        0x0 pipe.o
 .bss           0x000000000045c46c        0x2 socket.o
 .bss           0x000000000045c46e        0x0 elf.o
 .bss           0x000000000045c46e        0x0 string.o
 .bss           0x000000000045c46e        0x0 vsprintf.o
 .bss           0x000000000045c46e        0x0 stdio.o
 .bss           0x000000000045c46e        0x0 stdlib.o
 .bss           0x000000000045c46e        0x0 sse_memcpy.o
 .bss           0x000000000045c46e        0x0 panic.o
 .bss           0x000000000045c46e        0x0 msi.o
 *(COMMON)
 *fill*         0x000000000045c46e        0x2 
 COMMON         0x000000000045c470       0x40 main.o
                0x000000000045c470                mult_task
                0x000000000045c474                ATA_BAR1
                0x000000000045c478                ATA_BAR4
                0x000000000045c480                user
                0x000000000045c488                CPUID_REQUEST
                0x000000000045c48c                launcher
                0x000000000045c490                ATA_BAR0
                0x000000000045c494                ATA_BAR3
                0x000000000045c498                no
                0x000000000045c4a0                syspwd
                0x000000000045c4a8                ATA_BAR2
                0x000000000045c4ac                ATA_BAR5
 *fill*         0x000000000045c4b0       0x10 
 COMMON         0x000000000045c4c0      0x120 gdt.o
                0x000000000045c4c0                gdtr
                0x000000000045c4e0                gdt
 COMMON         0x000000000045c5e0       0x68 tss.o
                0x000000000045c5e0                tss
 *fill*         0x000000000045c648       0x18 
 COMMON         0x000000000045c660     0x100a idt.o
                0x000000000045c660                idt
                0x000000000045d660                idtr
 *fill*         0x000000000045d66a        0x6 
 COMMON         0x000000000045d670       0x25 data.o
                0x000000000045d670                interrupt_status
                0x000000000045d678                kernelmouse
                0x000000000045d680                dv_uid
                0x000000000045d688                pipe_launcher
                0x000000000045d690                tmpnam
                0x000000000045d694                dv_num
 *fill*         0x000000000045d695        0xb 
 COMMON         0x000000000045d6a0       0x50 server.o
                0x000000000045d6a0                thread_id
                0x000000000045d6c0                server_id
 *fill*         0x000000000045d6f0       0x10 
 COMMON         0x000000000045d700      0x112 smp.o
                0x000000000045d700                core
 *fill*         0x000000000045d812        0x6 
 COMMON         0x000000000045d818       0x30 mm.o
                0x000000000045d818                alloc_pte
                0x000000000045d820                alloc_pde
                0x000000000045d828                RAM_BITMAP
                0x000000000045d830                alloc_spin_lock
                0x000000000045d838                device_pde
                0x000000000045d840                g_mm_mp_index
 COMMON         0x000000000045d848       0x10 apic.o
                0x000000000045d848                localId
                0x000000000045d850                lapicbase
 *fill*         0x000000000045d858        0x8 
 COMMON         0x000000000045d860       0xc8 ioapic.o
                0x000000000045d860                ioapic_redir_table
                0x000000000045d920                ioapic_base
 COMMON         0x000000000045d928      0x108 thread.o
                0x000000000045d928                context_rcx
                0x000000000045d930                context_r12
                0x000000000045d938                context_rax
                0x000000000045d940                context_ds
                0x000000000045d948                current_thread
                0x000000000045d950                current_thread2
                0x000000000045d958                context_rsi
                0x000000000045d960                context_r9
                0x000000000045d968                context_rdx
                0x000000000045d970                context_rflag
                0x000000000045d978                current_thread1
                0x000000000045d980                context_fxsave
                0x000000000045d988                context_cs
                0x000000000045d990                context_rsp0
                0x000000000045d998                thread_ready_queue
                0x000000000045d9a0                context_cr3
                0x000000000045d9a8                context_rsp
                0x000000000045d9b0                context_fs
                0x000000000045d9b8                context_rbp
                0x000000000045d9c0                context_r8
                0x000000000045d9c8                context_r15
                0x000000000045d9d0                context_ss
                0x000000000045d9d8                next_pid
                0x000000000045d9e0                context_gs
                0x000000000045d9e8                context_r11
                0x000000000045d9f0                context_r13
                0x000000000045d9f8                context_r10
                0x000000000045da00                context_rip
                0x000000000045da08                context_pid
                0x000000000045da10                context_rbx
                0x000000000045da18                context_r14
                0x000000000045da20                context_rdi
                0x000000000045da28                context_es
 COMMON         0x000000000045da30        0x8 syscall.o
                0x000000000045da30                ret
 *fill*         0x000000000045da38        0x8 
 COMMON         0x000000000045da40       0x78 i965.o
                0x000000000045da40                fb
                0x000000000045da60                mode
                0x000000000045da80                gtt
 COMMON         0x000000000045dab8       0x50 acpi.o
                0x000000000045dab8                fadt
                0x000000000045dac0                acpi_physical_init
                0x000000000045dac8                SLP_TYPa
                0x000000000045dad0                hpet
                0x000000000045dad8                xsdt
                0x000000000045dae0                rsdt
                0x000000000045dae8                dsdt
                0x000000000045daf0                SLP_TYPb
                0x000000000045daf8                acpi_virtual_addr
                0x000000000045db00                rsdp
 COMMON         0x000000000045db08       0x10 hpet.o
                0x000000000045db08                hpet_register
                0x000000000045db10                period
 COMMON         0x000000000045db18       0x10 pit.o
                0x000000000045db18                eticks
                0x000000000045db20                timer_ticks
 COMMON         0x000000000045db28       0x24 mouse.o
                0x000000000045db28                mouse_x
                0x000000000045db2c                count_mouse
                0x000000000045db30                mouse2
                0x000000000045db38                first_time
                0x000000000045db3c                buttons
                0x000000000045db40                mouse
                0x000000000045db48                mouse_y
 COMMON         0x000000000045db4c        0x4 keyboard.o
                0x000000000045db4c                key_buffer
                0x000000000045db4e                led_status
                0x000000000045db4f                keyboard_charset
 *fill*         0x000000000045db50       0x10 
 COMMON         0x000000000045db60      0x220 ahci.o
                0x000000000045db60                dmavirt
                0x000000000045db68                dmaphy
                0x000000000045db70                HBA_BASE
                0x000000000045db78                hba_mem_space
                0x000000000045db80                sata_idtfy
 COMMON         0x000000000045dd80        0x8 ide.o
                0x000000000045dd80                ata_record_channel
                0x000000000045dd84                ata_record_dev
 *fill*         0x000000000045dd88       0x18 
 COMMON         0x000000000045dda0      0x800 storage.o
                0x000000000045dda0                ata
 COMMON         0x000000000045e5a0        0x8 rtc.o
                0x000000000045e5a0                clock
 *fill*         0x000000000045e5a8       0x18 
 COMMON         0x000000000045e5c0       0xd4 hda.o
                0x000000000045e5c0                corb_pointer
                0x000000000045e5c4                HDBARL
                0x000000000045e5c8                hda_base
                0x000000000045e5d0                HDA_MEM_SIZE
                0x000000000045e5d4                beep_node
                0x000000000045e5e0                hda_widget
                0x000000000045e660                output_node
                0x000000000045e668                HDA_STREAM_MEMORY
                0x000000000045e670                RIRB_MEMORY
                0x000000000045e678                HDA_MEM
                0x000000000045e680                CORB_MEMORY
                0x000000000045e688                hda_max_volume
                0x000000000045e68c                HDBARU
                0x000000000045e690                input_node
 *fill*         0x000000000045e694        0xc 
 COMMON         0x000000000045e6a0      0x180 e1000.o
                0x000000000045e6a0                tx_descs
                0x000000000045e6e0                rx_memory
                0x000000000045e700                rx_descs
                0x000000000045e800                tx_memory
 COMMON         0x000000000045e820      0x2e4 ethernet.o
                0x000000000045e820                our_ip
                0x000000000045e824                router_ip
                0x000000000045e840                packege_desc_buffer
                0x000000000045eac0                default_ethernet_device
                0x000000000045eae1                dns_ip
                0x000000000045eae5                dhcp_ip
                0x000000000045eaf0                default_ethernet_package_descriptor
 *fill*         0x000000000045eb04       0x1c 
 COMMON         0x000000000045eb20     0x2800 arp.o
                0x000000000045eb20                arp_cache
 COMMON         0x0000000000461320        0x8 ipv4.o
                0x0000000000461320                ipv4_cache
 *fill*         0x0000000000461328       0x18 
 COMMON         0x0000000000461340     0x1068 rtl8169.o
                0x0000000000461340                re_soft
                0x00000000004623a0                re_base_addr
 *fill*         0x00000000004623a8       0x18 
 COMMON         0x00000000004623c0       0x68 gui.o
                0x00000000004623c0                gui
 COMMON         0x0000000000462428       0x30 compositor.o
                0x0000000000462428                rf
                0x0000000000462430                window_count
                0x0000000000462438                screan_spin_lock
                0x0000000000462440                paint
                0x0000000000462448                gid
                0x0000000000462450                paint_ready_queue
 COMMON         0x0000000000462458       0x30 std.o
                0x0000000000462458                stdout
                0x0000000000462460                _stderr
                0x0000000000462468                _stdin
                0x0000000000462470                stdin
                0x0000000000462478                _stdout
                0x0000000000462480                stderr
 COMMON         0x0000000000462488        0x8 cfs.o
                0x0000000000462488                fs_directory
 *fill*         0x0000000000462490       0x10 
 COMMON         0x00000000004624a0      0x4cc socket.o
                0x00000000004624a0                current_saddr
                0x00000000004624a8                row_cur
                0x00000000004624c0                sockt_receive_row
                0x0000000000462960                saddr_ready_queue
                0x0000000000462968                socket_next_id
 COMMON         0x000000000046296c        0x4 stdio.o
                0x000000000046296c                VERBOSE
 COMMON         0x0000000000462970        0x4 msi.o
                0x0000000000462970                vector_msi
                0x0000000000463000                . = ALIGN (0x1000)
 *fill*         0x0000000000462974      0x68c 

.eh_frame       0x0000000000463000     0x4000
                0x0000000000463000                eh_frame = .
 *(.eh_frame)
 .eh_frame      0x0000000000463000       0x48 main.o
 .eh_frame      0x0000000000463048       0x20 io.o
                                         0x38 (size before relaxing)
 .eh_frame      0x0000000000463068       0x50 gdt.o
                                         0x68 (size before relaxing)
 .eh_frame      0x00000000004630b8       0x48 tss.o
                                         0x60 (size before relaxing)
 .eh_frame      0x0000000000463100       0xd8 idt.o
                                         0xf0 (size before relaxing)
 .eh_frame      0x00000000004631d8       0x50 exception.o
                                         0x68 (size before relaxing)
 .eh_frame      0x0000000000463228       0x68 server.o
                                         0x80 (size before relaxing)
 .eh_frame      0x0000000000463290       0x70 smp.o
                                         0x88 (size before relaxing)
 .eh_frame      0x0000000000463300       0x40 delay.o
                                         0x58 (size before relaxing)
 .eh_frame      0x0000000000463340       0xc0 paging.o
                                         0xd8 (size before relaxing)
 .eh_frame      0x0000000000463400      0x180 mm.o
                                        0x198 (size before relaxing)
 .eh_frame      0x0000000000463580       0x90 cpuid.o
                                         0xa8 (size before relaxing)
 .eh_frame      0x0000000000463610       0x40 msr.o
                                         0x58 (size before relaxing)
 .eh_frame      0x0000000000463650       0x58 lvt.o
                                         0x70 (size before relaxing)
 .eh_frame      0x00000000004636a8       0x78 irq.o
                                         0x90 (size before relaxing)
 .eh_frame      0x0000000000463720      0x140 apic.o
                                        0x158 (size before relaxing)
 .eh_frame      0x0000000000463860      0x190 ioapic.o
                                        0x1a8 (size before relaxing)
 .eh_frame      0x00000000004639f0       0x50 intr.o
                                         0x68 (size before relaxing)
 .eh_frame      0x0000000000463a40       0x28 sleep.o
                                         0x40 (size before relaxing)
 .eh_frame      0x0000000000463a68       0xf0 thread.o
                                        0x108 (size before relaxing)
 .eh_frame      0x0000000000463b58       0x58 exectve.o
                                         0x70 (size before relaxing)
 .eh_frame      0x0000000000463bb0      0x2b0 syscall.o
                                        0x2c8 (size before relaxing)
 .eh_frame      0x0000000000463e60      0x290 console.o
                                        0x2a8 (size before relaxing)
 .eh_frame      0x00000000004640f0       0x58 exit.o
                                         0x70 (size before relaxing)
 .eh_frame      0x0000000000464148       0xc8 sse.o
                                         0xe0 (size before relaxing)
 .eh_frame      0x0000000000464210      0x238 pci.o
                                        0x250 (size before relaxing)
 .eh_frame      0x0000000000464448      0x240 i965.o
                                        0x258 (size before relaxing)
 .eh_frame      0x0000000000464688       0x68 cursor.o
                                         0x80 (size before relaxing)
 .eh_frame      0x00000000004646f0      0x148 acpi.o
                                        0x160 (size before relaxing)
 .eh_frame      0x0000000000464838       0xa0 hpet.o
                                         0xb8 (size before relaxing)
 .eh_frame      0x00000000004648d8       0x48 lpc.o
                                         0x60 (size before relaxing)
 .eh_frame      0x0000000000464920       0x88 pit.o
                                         0xa0 (size before relaxing)
 .eh_frame      0x00000000004649a8       0x88 ps2.o
                                         0xa0 (size before relaxing)
 .eh_frame      0x0000000000464a30       0xf0 mouse.o
                                        0x108 (size before relaxing)
 .eh_frame      0x0000000000464b20      0x100 keyboard.o
                                        0x118 (size before relaxing)
 .eh_frame      0x0000000000464c20      0x218 ahci.o
                                        0x230 (size before relaxing)
 .eh_frame      0x0000000000464e38      0x248 ide.o
                                        0x260 (size before relaxing)
 .eh_frame      0x0000000000465080       0xb0 storage.o
                                         0xc8 (size before relaxing)
 .eh_frame      0x0000000000465130      0x100 rtc.o
                                        0x118 (size before relaxing)
 .eh_frame      0x0000000000465230      0x270 hda.o
                                        0x288 (size before relaxing)
 .eh_frame      0x00000000004654a0       0x88 speaker.o
                                         0xa0 (size before relaxing)
 .eh_frame      0x0000000000465528      0x190 e1000.o
                                        0x1a8 (size before relaxing)
 .eh_frame      0x00000000004656b8      0x1d0 ethernet.o
                                        0x1e8 (size before relaxing)
 .eh_frame      0x0000000000465888      0x178 arp.o
                                        0x190 (size before relaxing)
 .eh_frame      0x0000000000465a00       0x78 udp.o
                                         0x90 (size before relaxing)
 .eh_frame      0x0000000000465a78       0x50 ipv4.o
                                         0x68 (size before relaxing)
 .eh_frame      0x0000000000465ac8       0x98 dhcp.o
                                         0xb0 (size before relaxing)
 .eh_frame      0x0000000000465b60       0x70 tcp.o
                                         0x88 (size before relaxing)
 .eh_frame      0x0000000000465bd0       0x40 checksum.o
                                         0x58 (size before relaxing)
 .eh_frame      0x0000000000465c10      0x2c8 rtl8169.o
                                        0x2e0 (size before relaxing)
 .eh_frame      0x0000000000465ed8      0x128 gui.o
                                        0x140 (size before relaxing)
 .eh_frame      0x0000000000466000      0x110 compositor.o
                                        0x128 (size before relaxing)
 .eh_frame      0x0000000000466110       0x98 std.o
                                         0xb0 (size before relaxing)
 .eh_frame      0x00000000004661a8      0x118 cfs.o
                                        0x130 (size before relaxing)
 .eh_frame      0x00000000004662c0       0x68 pipe.o
                                         0x80 (size before relaxing)
 .eh_frame      0x0000000000466328      0x158 socket.o
                                        0x170 (size before relaxing)
 .eh_frame      0x0000000000466480       0x48 elf.o
                                         0x60 (size before relaxing)
 .eh_frame      0x00000000004664c8       0xc0 string.o
                                         0xd8 (size before relaxing)
 .eh_frame      0x0000000000466588       0x50 vsprintf.o
                                         0x68 (size before relaxing)
 .eh_frame      0x00000000004665d8      0x198 stdio.o
                                        0x1b0 (size before relaxing)
 .eh_frame      0x0000000000466770       0xd8 stdlib.o
                                         0xf0 (size before relaxing)
 .eh_frame      0x0000000000466848       0x20 sse_memcpy.o
                                         0x38 (size before relaxing)
 .eh_frame      0x0000000000466868       0x20 panic.o
                                         0x38 (size before relaxing)
 .eh_frame      0x0000000000466888       0xc4 msi.o
                                         0xe0 (size before relaxing)
                0x0000000000467000                . = ALIGN (0x1000)
 *fill*         0x000000000046694c      0x6b4 
                0x0000000000467000                end = .
                0x0000000000467000                _end = .
                0x0000000000467000                __end = .
LOAD setup.o
LOAD main.o
LOAD io.o
LOAD gdt.o
LOAD tss.o
LOAD idt.o
LOAD vetor.o
LOAD exception.o
LOAD data.o
LOAD server.o
LOAD smp.o
LOAD delay.o
LOAD paging.o
LOAD mm.o
LOAD cpuid.o
LOAD msr.o
LOAD lvt.o
LOAD irq.o
LOAD apic.o
LOAD ioapic.o
LOAD intr.o
LOAD sleep.o
LOAD thread.o
LOAD exectve.o
LOAD syscall.o
LOAD asyscall.o
LOAD console.o
LOAD exit.o
LOAD sse.o
LOAD pci.o
LOAD i965.o
LOAD cursor.o
LOAD acpi.o
LOAD hpet.o
LOAD lpc.o
LOAD pit.o
LOAD ps2.o
LOAD mouse.o
LOAD keyboard.o
LOAD ahci.o
LOAD ide.o
LOAD storage.o
LOAD rtc.o
LOAD hda.o
LOAD speaker.o
LOAD e1000.o
LOAD ethernet.o
LOAD arp.o
LOAD udp.o
LOAD ipv4.o
LOAD dhcp.o
LOAD tcp.o
LOAD checksum.o
LOAD rtl8169.o
LOAD gui.o
LOAD compositor.o
LOAD font8x16.o
LOAD std.o
LOAD cfs.o
LOAD pipe.o
LOAD socket.o
LOAD elf.o
LOAD string.o
LOAD vsprintf.o
LOAD stdio.o
LOAD stdlib.o
LOAD sse_memcpy.o
LOAD panic.o
LOAD msi.o
OUTPUT(kernel.bin elf64-x86-64)

.rela.dyn       0x0000000000467000        0x0
 .rela.got      0x0000000000467000        0x0 setup.o
 .rela.iplt     0x0000000000467000        0x0 setup.o
 .rela.text     0x0000000000467000        0x0 setup.o

.comment        0x0000000000000000       0x2a
 .comment       0x0000000000000000       0x2a main.o
                                         0x2b (size before relaxing)
 .comment       0x000000000000002a       0x2b io.o
 .comment       0x000000000000002a       0x2b gdt.o
 .comment       0x000000000000002a       0x2b tss.o
 .comment       0x000000000000002a       0x2b idt.o
 .comment       0x000000000000002a       0x2b exception.o
 .comment       0x000000000000002a       0x2b data.o
 .comment       0x000000000000002a       0x2b server.o
 .comment       0x000000000000002a       0x2b smp.o
 .comment       0x000000000000002a       0x2b delay.o
 .comment       0x000000000000002a       0x2b paging.o
 .comment       0x000000000000002a       0x2b mm.o
 .comment       0x000000000000002a       0x2b cpuid.o
 .comment       0x000000000000002a       0x2b msr.o
 .comment       0x000000000000002a       0x2b lvt.o
 .comment       0x000000000000002a       0x2b irq.o
 .comment       0x000000000000002a       0x2b apic.o
 .comment       0x000000000000002a       0x2b ioapic.o
 .comment       0x000000000000002a       0x2b intr.o
 .comment       0x000000000000002a       0x2b sleep.o
 .comment       0x000000000000002a       0x2b thread.o
 .comment       0x000000000000002a       0x2b exectve.o
 .comment       0x000000000000002a       0x2b syscall.o
 .comment       0x000000000000002a       0x2b console.o
 .comment       0x000000000000002a       0x2b exit.o
 .comment       0x000000000000002a       0x2b sse.o
 .comment       0x000000000000002a       0x2b pci.o
 .comment       0x000000000000002a       0x2b i965.o
 .comment       0x000000000000002a       0x2b cursor.o
 .comment       0x000000000000002a       0x2b acpi.o
 .comment       0x000000000000002a       0x2b hpet.o
 .comment       0x000000000000002a       0x2b lpc.o
 .comment       0x000000000000002a       0x2b pit.o
 .comment       0x000000000000002a       0x2b ps2.o
 .comment       0x000000000000002a       0x2b mouse.o
 .comment       0x000000000000002a       0x2b keyboard.o
 .comment       0x000000000000002a       0x2b ahci.o
 .comment       0x000000000000002a       0x2b ide.o
 .comment       0x000000000000002a       0x2b storage.o
 .comment       0x000000000000002a       0x2b rtc.o
 .comment       0x000000000000002a       0x2b hda.o
 .comment       0x000000000000002a       0x2b speaker.o
 .comment       0x000000000000002a       0x2b e1000.o
 .comment       0x000000000000002a       0x2b ethernet.o
 .comment       0x000000000000002a       0x2b arp.o
 .comment       0x000000000000002a       0x2b udp.o
 .comment       0x000000000000002a       0x2b ipv4.o
 .comment       0x000000000000002a       0x2b dhcp.o
 .comment       0x000000000000002a       0x2b tcp.o
 .comment       0x000000000000002a       0x2b checksum.o
 .comment       0x000000000000002a       0x2b rtl8169.o
 .comment       0x000000000000002a       0x2b gui.o
 .comment       0x000000000000002a       0x2b compositor.o
 .comment       0x000000000000002a       0x2b font8x16.o
 .comment       0x000000000000002a       0x2b std.o
 .comment       0x000000000000002a       0x2b cfs.o
 .comment       0x000000000000002a       0x2b pipe.o
 .comment       0x000000000000002a       0x2b socket.o
 .comment       0x000000000000002a       0x2b elf.o
 .comment       0x000000000000002a       0x2b string.o
 .comment       0x000000000000002a       0x2b vsprintf.o
 .comment       0x000000000000002a       0x2b stdio.o
 .comment       0x000000000000002a       0x2b stdlib.o
 .comment       0x000000000000002a       0x2b sse_memcpy.o
 .comment       0x000000000000002a       0x2b panic.o
 .comment       0x000000000000002a       0x2b msi.o

.note.GNU-stack
                0x0000000000000000        0x0
 .note.GNU-stack
                0x0000000000000000        0x0 main.o
 .note.GNU-stack
                0x0000000000000000        0x0 io.o
 .note.GNU-stack
                0x0000000000000000        0x0 gdt.o
 .note.GNU-stack
                0x0000000000000000        0x0 tss.o
 .note.GNU-stack
                0x0000000000000000        0x0 idt.o
 .note.GNU-stack
                0x0000000000000000        0x0 exception.o
 .note.GNU-stack
                0x0000000000000000        0x0 data.o
 .note.GNU-stack
                0x0000000000000000        0x0 server.o
 .note.GNU-stack
                0x0000000000000000        0x0 smp.o
 .note.GNU-stack
                0x0000000000000000        0x0 delay.o
 .note.GNU-stack
                0x0000000000000000        0x0 paging.o
 .note.GNU-stack
                0x0000000000000000        0x0 mm.o
 .note.GNU-stack
                0x0000000000000000        0x0 cpuid.o
 .note.GNU-stack
                0x0000000000000000        0x0 msr.o
 .note.GNU-stack
                0x0000000000000000        0x0 lvt.o
 .note.GNU-stack
                0x0000000000000000        0x0 irq.o
 .note.GNU-stack
                0x0000000000000000        0x0 apic.o
 .note.GNU-stack
                0x0000000000000000        0x0 ioapic.o
 .note.GNU-stack
                0x0000000000000000        0x0 intr.o
 .note.GNU-stack
                0x0000000000000000        0x0 sleep.o
 .note.GNU-stack
                0x0000000000000000        0x0 thread.o
 .note.GNU-stack
                0x0000000000000000        0x0 exectve.o
 .note.GNU-stack
                0x0000000000000000        0x0 syscall.o
 .note.GNU-stack
                0x0000000000000000        0x0 console.o
 .note.GNU-stack
                0x0000000000000000        0x0 exit.o
 .note.GNU-stack
                0x0000000000000000        0x0 sse.o
 .note.GNU-stack
                0x0000000000000000        0x0 pci.o
 .note.GNU-stack
                0x0000000000000000        0x0 i965.o
 .note.GNU-stack
                0x0000000000000000        0x0 cursor.o
 .note.GNU-stack
                0x0000000000000000        0x0 acpi.o
 .note.GNU-stack
                0x0000000000000000        0x0 hpet.o
 .note.GNU-stack
                0x0000000000000000        0x0 lpc.o
 .note.GNU-stack
                0x0000000000000000        0x0 pit.o
 .note.GNU-stack
                0x0000000000000000        0x0 ps2.o
 .note.GNU-stack
                0x0000000000000000        0x0 mouse.o
 .note.GNU-stack
                0x0000000000000000        0x0 keyboard.o
 .note.GNU-stack
                0x0000000000000000        0x0 ahci.o
 .note.GNU-stack
                0x0000000000000000        0x0 ide.o
 .note.GNU-stack
                0x0000000000000000        0x0 storage.o
 .note.GNU-stack
                0x0000000000000000        0x0 rtc.o
 .note.GNU-stack
                0x0000000000000000        0x0 hda.o
 .note.GNU-stack
                0x0000000000000000        0x0 speaker.o
 .note.GNU-stack
                0x0000000000000000        0x0 e1000.o
 .note.GNU-stack
                0x0000000000000000        0x0 ethernet.o
 .note.GNU-stack
                0x0000000000000000        0x0 arp.o
 .note.GNU-stack
                0x0000000000000000        0x0 udp.o
 .note.GNU-stack
                0x0000000000000000        0x0 ipv4.o
 .note.GNU-stack
                0x0000000000000000        0x0 dhcp.o
 .note.GNU-stack
                0x0000000000000000        0x0 tcp.o
 .note.GNU-stack
                0x0000000000000000        0x0 checksum.o
 .note.GNU-stack
                0x0000000000000000        0x0 rtl8169.o
 .note.GNU-stack
                0x0000000000000000        0x0 gui.o
 .note.GNU-stack
                0x0000000000000000        0x0 compositor.o
 .note.GNU-stack
                0x0000000000000000        0x0 font8x16.o
 .note.GNU-stack
                0x0000000000000000        0x0 std.o
 .note.GNU-stack
                0x0000000000000000        0x0 cfs.o
 .note.GNU-stack
                0x0000000000000000        0x0 pipe.o
 .note.GNU-stack
                0x0000000000000000        0x0 socket.o
 .note.GNU-stack
                0x0000000000000000        0x0 elf.o
 .note.GNU-stack
                0x0000000000000000        0x0 string.o
 .note.GNU-stack
                0x0000000000000000        0x0 vsprintf.o
 .note.GNU-stack
                0x0000000000000000        0x0 stdio.o
 .note.GNU-stack
                0x0000000000000000        0x0 stdlib.o
 .note.GNU-stack
                0x0000000000000000        0x0 sse_memcpy.o
 .note.GNU-stack
                0x0000000000000000        0x0 panic.o
 .note.GNU-stack
                0x0000000000000000        0x0 msi.o
