
Merging program properties

Removed property 0xc0000002 to merge main.o (0x3) and setup.o (not found)
Removed property 0xc0000002 to merge main.o (not found) and io.o (0x3)
Removed property 0xc0000002 to merge main.o (not found) and gdt.o (0x3)
Removed property 0xc0000002 to merge main.o (not found) and tss.o (0x3)
Removed property 0xc0000002 to merge main.o (not found) and idt.o (0x3)
Removed property 0xc0000002 to merge main.o (not found) and exception.o (0x3)
Removed property 0xc0000002 to merge main.o (not found) and data.o (0x3)
Removed property 0xc0000002 to merge main.o (not found) and server.o (0x3)
Removed property 0xc0000002 to merge main.o (not found) and smp.o (0x3)
Removed property 0xc0000002 to merge main.o (not found) and delay.o (0x3)
Removed property 0xc0000002 to merge main.o (not found) and paging.o (0x3)
Removed property 0xc0000002 to merge main.o (not found) and mm.o (0x3)
Removed property 0xc0000002 to merge main.o (not found) and cpuid.o (0x3)
Removed property 0xc0000002 to merge main.o (not found) and msr.o (0x3)
Removed property 0xc0000002 to merge main.o (not found) and lvt.o (0x3)
Removed property 0xc0000002 to merge main.o (not found) and irq.o (0x3)
Removed property 0xc0000002 to merge main.o (not found) and apic.o (0x3)
Removed property 0xc0000002 to merge main.o (not found) and ioapic.o (0x3)
Removed property 0xc0000002 to merge main.o (not found) and intr.o (0x3)
Removed property 0xc0000002 to merge main.o (not found) and sleep.o (0x3)
Removed property 0xc0000002 to merge main.o (not found) and thread.o (0x3)
Removed property 0xc0000002 to merge main.o (not found) and exectve.o (0x3)
Removed property 0xc0000002 to merge main.o (not found) and syscall.o (0x3)
Removed property 0xc0000002 to merge main.o (not found) and console.o (0x3)
Removed property 0xc0000002 to merge main.o (not found) and exit.o (0x3)
Removed property 0xc0000002 to merge main.o (not found) and sse.o (0x3)
Removed property 0xc0000002 to merge main.o (not found) and pci.o (0x3)
Removed property 0xc0000002 to merge main.o (not found) and i965.o (0x3)
Removed property 0xc0000002 to merge main.o (not found) and cursor.o (0x3)
Removed property 0xc0000002 to merge main.o (not found) and acpi.o (0x3)
Removed property 0xc0000002 to merge main.o (not found) and hpet.o (0x3)
Removed property 0xc0000002 to merge main.o (not found) and lpc.o (0x3)
Removed property 0xc0000002 to merge main.o (not found) and pit.o (0x3)
Removed property 0xc0000002 to merge main.o (not found) and ps2.o (0x3)
Removed property 0xc0000002 to merge main.o (not found) and mouse.o (0x3)
Removed property 0xc0000002 to merge main.o (not found) and keyboard.o (0x3)
Removed property 0xc0000002 to merge main.o (not found) and ahci.o (0x3)
Removed property 0xc0000002 to merge main.o (not found) and ide.o (0x3)
Removed property 0xc0000002 to merge main.o (not found) and storage.o (0x3)
Removed property 0xc0000002 to merge main.o (not found) and rtc.o (0x3)
Removed property 0xc0000002 to merge main.o (not found) and hda.o (0x3)
Removed property 0xc0000002 to merge main.o (not found) and speaker.o (0x3)
Removed property 0xc0000002 to merge main.o (not found) and e1000.o (0x3)
Removed property 0xc0000002 to merge main.o (not found) and ethernet.o (0x3)
Removed property 0xc0000002 to merge main.o (not found) and arp.o (0x3)
Removed property 0xc0000002 to merge main.o (not found) and udp.o (0x3)
Removed property 0xc0000002 to merge main.o (not found) and ipv4.o (0x3)
Removed property 0xc0000002 to merge main.o (not found) and dhcp.o (0x3)
Removed property 0xc0000002 to merge main.o (not found) and tcp.o (0x3)
Removed property 0xc0000002 to merge main.o (not found) and checksum.o (0x3)
Removed property 0xc0000002 to merge main.o (not found) and rtl8169.o (0x3)
Removed property 0xc0000002 to merge main.o (not found) and pcnet.o (0x3)
Removed property 0xc0000002 to merge main.o (not found) and vmnet.o (0x3)
Removed property 0xc0000002 to merge main.o (not found) and port.o (0x3)
Removed property 0xc0000002 to merge main.o (not found) and bga.o (0x3)
Removed property 0xc0000002 to merge main.o (not found) and video.o (0x3)
Removed property 0xc0000002 to merge main.o (not found) and gui.o (0x3)
Removed property 0xc0000002 to merge main.o (not found) and compositor.o (0x3)
Removed property 0xc0000002 to merge main.o (not found) and window_server.o (0x3)
Removed property 0xc0000002 to merge main.o (not found) and font8x16.o (0x3)
Removed property 0xc0000002 to merge main.o (not found) and std.o (0x3)
Removed property 0xc0000002 to merge main.o (not found) and cfs.o (0x3)
Removed property 0xc0000002 to merge main.o (not found) and pipe.o (0x3)
Removed property 0xc0000002 to merge main.o (not found) and socket.o (0x3)
Removed property 0xc0000002 to merge main.o (not found) and elf.o (0x3)
Removed property 0xc0000002 to merge main.o (not found) and bind.o (0x3)
Removed property 0xc0000002 to merge main.o (not found) and inet.o (0x3)
[...]
Memory Configuration

Name             Origin             Length             Attributes
*default*        0x0000000000000000 0xffffffffffffffff

Linker script and memory map

                0x0000000000401000                . = 0x401000
                0x0000000000401000                _start = .

.text           0x0000000000401000    0x27000
                0x0000000000401000                code = .
                0x0000000000401000                _code = .
                0x0000000000401000                __code = .
 *(.text)
 .text          0x0000000000401000       0xc2 setup.o
                0x0000000000401031                gdt_flush
                0x0000000000401054                idt_flush
                0x000000000040105b                call_function
                0x0000000000401070                copymem
                0x00000000004010a4                DisableSSE
                0x00000000004010af                EnableSSE
                0x00000000004010ba                SaveSSE
                0x00000000004010be                RestoreSSE
 .text          0x00000000004010c2      0xfaf main.o
                0x0000000000401335                main
 .text          0x0000000000402071       0x42 io.o
                0x0000000000402071                wait
 .text          0x00000000004020b3      0x5c5 gdt.o
                0x000000000040237c                gdt_install
 .text          0x0000000000402678       0xa6 tss.o
                0x0000000000402678                load_ltr
                0x00000000004026ab                tss_install
 .text          0x000000000040271e      0x517 idt.o
                0x0000000000402930                idt_install
                0x0000000000402a9a                idt_gate
                0x0000000000402b02                _idt_gate
                0x0000000000402be1                intr_null_function
 *fill*         0x0000000000402c35        0xb 
 .text          0x0000000000402c40      0xc49 vetor.o
                0x0000000000402c9e                isr00
                0x0000000000402cad                isr01
                0x0000000000402cbc                isr02
                0x0000000000402ccb                isr03
                0x0000000000402cda                isr04
                0x0000000000402ce9                isr05
                0x0000000000402cf8                isr06
                0x0000000000402d07                isr07
                0x0000000000402d16                isr08
                0x0000000000402d20                isr09
                0x0000000000402d2f                isr10
                0x0000000000402d39                isr11
                0x0000000000402d43                isr12
                0x0000000000402d4d                isr13
                0x0000000000402d57                isr14
                0x0000000000402d61                isr15
                0x0000000000402d70                isr16
                0x0000000000402d7f                isr17
                0x0000000000402d89                isr18
                0x0000000000402d98                isr19
                0x0000000000402da7                isr20
                0x0000000000402db6                isr21
                0x0000000000402dc5                isr22
                0x0000000000402dd4                isr23
                0x0000000000402de3                isr24
                0x0000000000402df2                isr25
                0x0000000000402e01                isr26
                0x0000000000402e10                isr27
                0x0000000000402e1f                isr28
                0x0000000000402e2e                isr29
                0x0000000000402e3d                isr30
                0x0000000000402e4c                isr31
                0x0000000000402ef7                lvt0
                0x00000000004030ee                lvt1
                0x00000000004030fd                lvt2
                0x000000000040310c                lvt3
                0x000000000040311b                lvt4
                0x000000000040312a                timer1
                0x0000000000403321                timer2
                0x0000000000403330                timer3
                0x000000000040333f                timer4
                0x000000000040334e                timer5
                0x000000000040335d                timer6
                0x000000000040336c                timer7
                0x000000000040337b                timer8
                0x00000000004033d8                irq0
                0x00000000004033e7                irq1
                0x00000000004033f6                irq2
                0x0000000000403405                irq3
                0x0000000000403414                irq4
                0x0000000000403423                irq5
                0x0000000000403432                irq6
                0x0000000000403441                irq7
                0x0000000000403450                irq8
                0x000000000040345f                irq9
                0x000000000040346e                irq10
                0x000000000040347d                irq11
                0x000000000040348c                irq12
                0x000000000040349b                irq13
                0x00000000004034aa                irq14
                0x00000000004034b9                irq15
                0x00000000004034c8                irq16
                0x00000000004034d7                irq17
                0x00000000004034e6                irq18
                0x00000000004034f5                irq19
                0x0000000000403504                irq20
                0x0000000000403513                irq21
                0x0000000000403522                irq22
                0x0000000000403531                irq23
                0x000000000040359e                intr255
                0x00000000004035ad                intr_null
                0x0000000000403652                msi0
                0x0000000000403661                msi1
                0x0000000000403670                msi2
                0x000000000040367f                msi3
                0x000000000040368e                msi4
                0x000000000040369d                msi5
                0x00000000004036ac                msi6
                0x00000000004036bb                msi7
                0x00000000004036ca                msi8
                0x00000000004036d9                msi9
                0x00000000004036e8                msi10
                0x00000000004036f7                msi11
                0x0000000000403706                msi12
                0x0000000000403715                msi13
                0x0000000000403724                msi14
                0x0000000000403733                msi15
                0x0000000000403742                msi16
                0x0000000000403751                msi17
                0x0000000000403760                msi18
                0x000000000040376f                msi19
                0x000000000040377e                msi20
                0x000000000040378d                msi21
                0x000000000040379c                msi22
                0x00000000004037ab                msi23
                0x00000000004037ba                msi24
                0x00000000004037c9                msi25
                0x00000000004037d8                msi26
                0x00000000004037e7                msi27
                0x00000000004037f6                msi28
                0x0000000000403805                msi29
                0x0000000000403814                msi30
                0x0000000000403823                msi31
                0x0000000000403832                intr_vmnet
 .text          0x0000000000403889      0x82e exception.o
                0x0000000000403889                exceptions_install
                0x0000000000403ed2                fault_exception
 .text          0x00000000004040b7        0x0 data.o
 .text          0x00000000004040b7      0x57b server.o
                0x00000000004040b7                foco
                0x0000000000404190                foco_default
                0x0000000000404204                server
 .text          0x0000000000404632      0x684 smp.o
                0x0000000000404632                setup_smp
                0x0000000000404ba7                done
                0x0000000000404be0                ap_startup
 .text          0x0000000000404cb6       0x8e delay.o
                0x0000000000404cb6                mdelay
                0x0000000000404cfd                udelay
 .text          0x0000000000404d44      0x1b9 paging.o
                0x0000000000404d44                flush_tlb
                0x0000000000404d9e                load_pae_page_directory_pointer_table
                0x0000000000404dd0                load_pml4_table
                0x0000000000404e02                enable_pae
                0x0000000000404e2e                page_enable
                0x0000000000404e5c                page_install
 .text          0x0000000000404efd     0x16fe mm.o
                0x0000000000404efd                initialize_mm_mp
                0x000000000040509c                mm_mp
                0x00000000004054f7                ram_setup
                0x00000000004055c0                alloc_frame
                0x0000000000405688                free_frame
                0x000000000040572b                alloc_pages_setup
                0x0000000000405b60                v_pool
                0x0000000000405df4                get_free_page
                0x0000000000405ee6                get_busy_page_size
                0x0000000000405fdd                alloc_pages
                0x0000000000406200                free_pages
                0x0000000000406429                get_phy_addr
 .text          0x00000000004065fb      0x1f9 cpuid.o
                0x00000000004065fb                cpuid_vendor
                0x0000000000406669                cpuid_processor_brand
                0x0000000000406740                cpuid
                0x000000000040678b                cpuid_string
 .text          0x00000000004067f4       0xb9 msr.o
                0x00000000004067f4                getmsr
                0x000000000040683f                setmsr
 .text          0x00000000004068ad      0x72a lvt.o
                0x00000000004068ad                lvt_function
                0x0000000000406aef                lvt_function2
                0x0000000000406d31                lvt_install
 .text          0x0000000000406fd7      0x5f4 irq.o
                0x0000000000406fd7                default_irq
                0x0000000000407033                irq_function
                0x000000000040710a                irq_install
 .text          0x00000000004075cb      0x554 apic.o
                0x00000000004075cb                local_apic_read_command
                0x000000000040760e                local_apic_write_command
                0x000000000040765b                getapicbase
                0x00000000004076ae                enableapic
                0x0000000000407719                apic_eoi_register
                0x0000000000407756                setup_apic
                0x00000000004079c8                local_apic_get_id
                0x0000000000407a05                local_apic_send_init
                0x0000000000407a8f                local_apic_send_startup
 .text          0x0000000000407b1f      0x7c4 ioapic.o
                0x0000000000407b1f                read_ioapic_register
                0x0000000000407b6f                write_ioapic_register
                0x0000000000407bc9                ioapic_masked
                0x0000000000407c66                ioapic_umasked
                0x0000000000407d03                set_ioapic_redir_table
                0x0000000000407f8f                ioapic_cofiguration
                0x0000000000408029                setup_ioapic
                0x00000000004080f5                apic_initial_count_timer
                0x0000000000408143                apic_timer
                0x00000000004081d3                apic_timer_umasked
                0x0000000000408277                apic_timer_masked
 .text          0x00000000004082e3       0xc6 intr.o
                0x00000000004082e3                intr_install
                0x0000000000408344                intr_function
 .text          0x00000000004083a9       0x6b sleep.o
                0x00000000004083a9                sleep
 .text          0x0000000000408414     0x1f57 thread.o
                0x0000000000408414                thread_setup
                0x00000000004087af                create_thread
                0x0000000000408d04                create_thread_child
                0x00000000004090ca                pthread_create
                0x0000000000409458                pthread_join
                0x00000000004094a4                task_switch
                0x0000000000409cbf                task_switch2
                0x000000000040a2fb                thread
 .text          0x000000000040a36b     0x12ac exectve.o
                0x000000000040a36b                exectve
                0x000000000040acb3                exectve_child
 .text          0x000000000040b617      0xa99 syscall.o
                0x000000000040b617                default_syscall
                0x000000000040b682                syscall_puts
                0x000000000040b6da                syscall_window
                0x000000000040b732                syscall_kbd_foco
                0x000000000040b7a7                syscall_alloc_pages
                0x000000000040b828                syscall_free_pages
                0x000000000040b880                syscall_readsector
                0x000000000040b8fc                syscall_writesector
                0x000000000040b978                syscall_geral
                0x000000000040babf                syscall_tmpnam
                0x000000000040bb8d                syscall_io
                0x000000000040bcc7                syscall_register_pipe_launcher
                0x000000000040bd13                syscall_get_pipe_launcher
                0x000000000040bd58                syscall_get_paint_list
                0x000000000040bd9d                syscall_get_thread_id
                0x000000000040bde6                syscall_create_socket
                0x000000000040be6b                syscall_get_socket_ready_queue
                0x000000000040beb0                syscall_pthread_create
                0x000000000040bf38                syscall_pthread_join
                0x000000000040bf9e                syscall_function_handler
                0x000000000040c049                syscall_install
 .text          0x000000000040c0b0       0x86 asyscall.o
                0x000000000040c127                int114
 .text          0x000000000040c136      0xaa9 console.o
                0x000000000040c136                console
                0x000000000040c3de                cmd_version
                0x000000000040c441                cmd_time
                0x000000000040c4a4                cmd_shutdown
                0x000000000040c4fe                cmd_rename
                0x000000000040c561                cmd_reboot
                0x000000000040c5bb                cmd_new
                0x000000000040c61e                cmd_mov
                0x000000000040c681                cmd_info
                0x000000000040c75f                cmd_help
                0x000000000040c8d0                cmd_exit
                0x000000000040c933                cmd_echo
                0x000000000040c996                cmd_dir
                0x000000000040c9f9                cmd_del
                0x000000000040ca5c                cmd_date
                0x000000000040cabf                cmd_copy
                0x000000000040cb22                cmd_clear
                0x000000000040cb7c                cmd_cd
 .text          0x000000000040cbdf      0x59b exit.o
                0x000000000040cbdf                user_free
                0x000000000040cc93                exit
 .text          0x000000000040d17a      0x1c7 sse.o
                0x000000000040d17a                fpu_cw
                0x000000000040d1aa                sse_cr
                0x000000000040d1de                sse_cw
                0x000000000040d20c                fpu_save
                0x000000000040d23b                fpu_restore
                0x000000000040d26a                setup_sse
 .text          0x000000000040d341      0xcfb pci.o
                0x000000000040d341                read_pci_config_addr
                0x000000000040d3bb                write_pci_config_addr
                0x000000000040d435                pci_read_config_dword
                0x000000000040d4af                pci_write_config_dword
                0x000000000040d529                pci_read_config_word
                0x000000000040d5c9                pci_write_config_word
                0x000000000040d692                pci_read_config_byte
                0x000000000040d732                pci_write_config_byte
                0x000000000040d7fa                pci_get_info
                0x000000000040daa8                pci_scan_bcc
                0x000000000040db8b                pci_scan_class
                0x000000000040dc7c                pci_scan_class_subclass
                0x000000000040dd84                pci_scan_bcc_scc
                0x000000000040de82                pci_scan_bcc_scc_prog
                0x000000000040df91                pci_scan_vendor
                0x000000000040dfc2                pci_check_vendor
                0x000000000040dffc                pci_size
 .text          0x000000000040e03c     0x1014 i965.o
                0x000000000040e03c                i965_pci_init
                0x000000000040e1eb                setup_i965
                0x000000000040e712                timings
                0x000000000040e9b0                disable_dac
                0x000000000040ea2d                enable_dac
                0x000000000040eaaa                disable_plane
                0x000000000040eb29                enable_plane
                0x000000000040eba8                disable_pipe
                0x000000000040ec27                enable_pipe
                0x000000000040eca6                disable_dpll
                0x000000000040ecd1                enable_dpll
                0x000000000040ed10                disable_legacy_vga_emul
                0x000000000040edd8                gmbus_reset
                0x000000000040ee03                gmbus_stoptransaction
                0x000000000040ee42                gmbus_wait
                0x000000000040ee88                gmbus_read
                0x000000000040f01f                gmbus_write
 .text          0x000000000040f050      0x26f cursor.o
                0x000000000040f050                DrawMouse
                0x000000000040f13a                setup_cursor
                0x000000000040f246                update_graphic_cursor
 .text          0x000000000040f2bf      0xa96 acpi.o
                0x000000000040f648                acpi_probe
                0x000000000040f71e                acpi_enable
                0x000000000040f974                setup_acpi
                0x000000000040fc14                poweroff
                0x000000000040fc9a                reboot
 .text          0x000000000040fd55      0x21c hpet.o
                0x000000000040fe9d                setup_hpet
                0x000000000040feff                hpet_sleep
 .text          0x000000000040ff71       0xf9 lpc.o
                0x000000000040ffa5                setup_lpc
 .text          0x000000000041006a      0x1de pit.o
                0x00000000004100fe                pit_set_frequencia
                0x000000000041015c                pit_enable
                0x00000000004101f3                timer_wait
 .text          0x0000000000410248      0x1b3 ps2.o
                0x0000000000410248                kbdc_wait
                0x00000000004102e7                kbdc_set_cmd
                0x0000000000410379                kbdc_wait_ack
 .text          0x00000000004103fb      0x94a mouse.o
                0x00000000004103fb                mouse_write
                0x0000000000410474                mouse_read
                0x00000000004104c8                MOUSE_BAT_TEST
                0x000000000041053d                mouse_handler
                0x000000000041091a                mouse_install
 .text          0x0000000000410d45      0x961 keyboard.o
                0x0000000000410d45                keyboard_read
                0x0000000000410d99                keyboard_write
                0x0000000000410dee                KEYBOARD_BAT_TEST
                0x0000000000410e63                keyboard_handler
                0x00000000004114db                kbd_wait_irq_ack
                0x000000000041159b                keyboard_install
 .text          0x00000000004116a6     0x19af ahci.o
                0x00000000004116a6                ahci_initialize
                0x0000000000412d2d                sata_read_sector
                0x0000000000412ec1                sata_write_sector
 .text          0x0000000000413055     0x161a ide.o
                0x0000000000413055                ata_wait
                0x0000000000413137                ata_status_read
                0x0000000000413192                ata_wait_not_busy
                0x0000000000413209                ata_wait_busy
                0x0000000000413280                ata_wait_no_drq
                0x00000000004132f5                ata_wait_drq
                0x000000000041336a                ata_cmd_write
                0x00000000004133f0                ata_soft_reset
                0x00000000004134a2                ata_pio_read
                0x0000000000413507                ata_pio_write
                0x000000000041356c                ata_bus_install
                0x0000000000413943                ata_identify_device
                0x0000000000414212                ata_read_sector
                0x000000000041440e                ata_write_sector
 .text          0x000000000041466f      0xe04 storage.o
                0x0000000000414cb7                ata_initialize
                0x0000000000415247                read_sector
                0x000000000041535d                write_sector
 .text          0x0000000000415473      0x680 rtc.o
                0x0000000000415473                disable_NMI
                0x00000000004154ba                enable_NMI
                0x0000000000415546                rtc_setup
                0x0000000000415681                rtc_handler
                0x0000000000415861                swait_init
                0x00000000004159e9                swait
 .text          0x0000000000415af3     0x20ee hda.o
                0x0000000000415af3                hda_wait
                0x0000000000415b42                hda_outb
                0x0000000000415b93                hda_outw
                0x0000000000415be6                hda_outl
                0x0000000000415c34                hda_inb
                0x0000000000415c7c                hda_inw
                0x0000000000415cc4                hda_inl
                0x0000000000415d0b                corb_write_command
                0x0000000000415eb2                hda_reset
                0x0000000000415f7e                setup_hda
                0x0000000000417200                hda_response
                0x0000000000417240                hda_send_verb
                0x0000000000417592                hda_ic_verbe
                0x00000000004176d4                hda_set_output_node
                0x0000000000417969                hda_play_sound
                0x0000000000417b46                hda_volume
 .text          0x0000000000417be1      0x129 speaker.o
                0x0000000000417be1                turn_speaker_on
                0x0000000000417c20                turn_speaker_off
                0x0000000000417c61                set_speaker_frequence
                0x0000000000417cb1                play_speaker
 .text          0x0000000000417d0a     0x12c6 e1000.o
                0x0000000000417d0a                e1000_read_command
                0x0000000000417d4d                e1000_write_command
                0x0000000000417d9a                e1000_is_eeprom
                0x0000000000417e0f                e1000_enable_int
                0x0000000000417ea6                e1000_link_up
                0x0000000000417f31                irq_e1000
                0x000000000041810e                init_e1000
                0x0000000000418abe                e1000_send_package
                0x0000000000418c86                e1000_recieve_package
 .text          0x0000000000418fd0     0x153e ethernet.o
                0x0000000000419062                get_default_ethernet_device
                0x00000000004190c8                ethernet_set_link_status
                0x0000000000419107                ethernet_set_interrupt_status
                0x0000000000419146                register_ethernet_device
                0x00000000004191e8                get_ethernet_package
                0x000000000041925d                send_ethernet_package
                0x0000000000419305                handler_ethernet_package_received
                0x0000000000419ac5                int_ethernet_device
                0x0000000000419ced                fillMac
                0x0000000000419d4f                fillIP
                0x0000000000419db1                initialise_ethernet
 .text          0x000000000041a50e     0x1301 arp.o
                0x000000000041a54d                init_arp
                0x000000000041a619                arp_save_address
                0x000000000041abed                get_hardwere_ethernet
                0x000000000041acba                arp_request
                0x000000000041af04                arp_replay
                0x000000000041b141                arp_replay2
                0x000000000041b378                arp_hexdump
 .text          0x000000000041b80f      0x3c7 udp.o
                0x000000000041b84e                udp_send
                0x000000000041b9b1                udp_receive
 .text          0x000000000041bbd6      0x305 ipv4.o
                0x000000000041bc15                ipv4_send
 .text          0x000000000041bedb      0x745 dhcp.o
                0x000000000041bf6d                dhcp_send
                0x000000000041c385                dhcp_parse_options
 .text          0x000000000041c620      0xa85 tcp.o
                0x000000000041c6b2                init_tcp
                0x000000000041c750                tcp_send
                0x000000000041cab0                tcp_connect
                0x000000000041cc14                tcp_ack
                0x000000000041ceac                tcp_send_payload
                0x000000000041cff4                tcp_finish
 .text          0x000000000041d0a5      0x134 checksum.o
                0x000000000041d0e4                net_checksum
 .text          0x000000000041d1d9     0x1ef6 rtl8169.o
                0x000000000041d1d9                re_read_command
                0x000000000041d21c                re_write_command
                0x000000000041d269                re_read_command_word
                0x000000000041d2ad                re_write_command_word
                0x000000000041d2ff                re_read_command_byte
                0x000000000041d343                re_write_command_byte
                0x000000000041d395                re_probe
                0x000000000041e518                setup_realtek
                0x000000000041ee11                re_handle
 .text          0x000000000041f0cf     0x1019 pcnet.o
                0x000000000041f1e7                pcnetWriteBCR
                0x000000000041f680                setup_pcnet
                0x000000000041fd16                pcnet_send_package
                0x000000000041fe88                pcnet_recieve_package
 .text          0x00000000004200e8      0x9c6 vmnet.o
                0x0000000000420295                setup_vmnet
                0x000000000042031e                handler_vmnet
                0x000000000042054e                vmnet_send_package
                0x0000000000420866                vmipv4_send
                0x000000000042094d                vmnet_udp_send
 .text          0x0000000000420aae      0x291 port.o
                0x0000000000420aae                ethernet_port_setup
                0x0000000000420b61                get_port
                0x0000000000420c23                set_port
                0x0000000000420cc0                clean_port
 .text          0x0000000000420d3f      0x336 bga.o
                0x0000000000420d3f                bga_write_register
                0x0000000000420d88                bga_read_register
                0x0000000000420dd0                bga_is_available
                0x0000000000420e11                bga_set_video_mode
                0x0000000000420eff                bga_set_bank
                0x0000000000420f47                setup_bga
 .text          0x0000000000421075      0x1f9 video.o
                0x0000000000421075                initialize_graphic_adapter
 .text          0x000000000042126e      0x880 gui.o
                0x000000000042126e                initialize_gui
                0x00000000004213c7                update_gui
                0x000000000042151f                put_pixel
                0x0000000000421592                put_pixel_buff
                0x0000000000421631                refresh_rate
                0x00000000004216d6                clears_creen
                0x000000000042178e                draw_char_transparent
                0x0000000000421898                glyph
 .text          0x0000000000421aee      0xcfb compositor.o
                0x0000000000421bdf                window_add
                0x0000000000421d9b                window_remove
                0x0000000000421f41                window_foco
                0x0000000000422078                paint_desktop
                0x0000000000422457                paint_cursor
                0x00000000004225e8                compose
 .text          0x00000000004227e9      0x750 window_server.o
                0x00000000004227e9                window_server
                0x0000000000422abc                put_pixel_sirius
                0x0000000000422b55                drawchar
                0x0000000000422ca3                window_putchar
 .text          0x0000000000422f39        0x0 font8x16.o
 .text          0x0000000000422f39      0x481 std.o
                0x0000000000422f39                std_open_file
                0x00000000004230e8                std_file_close
                0x0000000000423157                std_putc
                0x0000000000423268                std_getc
 .text          0x00000000004233ba      0xaaa cfs.o
                0x00000000004233ba                filename_cmp
                0x00000000004234a1                read_super_block
                0x000000000042350a                read_directory_entry
                0x0000000000423695                open_file_r
                0x0000000000423a16                open_file
                0x0000000000423c7d                file_close
                0x0000000000423d86                file_read_block
 .text          0x0000000000423e64      0x2dd pipe.o
                0x0000000000423e64                pipe_open_file
                0x0000000000423f50                pipe_write
                0x000000000042404c                pipe_read
 .text          0x0000000000424141      0xfc3 socket.o
                0x0000000000424180                init_socket
                0x0000000000424400                socket_address
                0x0000000000424462                socket
                0x00000000004245e1                socket_server_transmit
                0x0000000000424ca4                socket_execute_row
                0x0000000000424f64                socket_server_receive
 .text          0x0000000000425104      0x2b2 elf.o
                0x0000000000425104                load_elf64_header
                0x00000000004252d7                load_elf64_segment
 .text          0x00000000004253b6      0x224 bind.o
                0x00000000004253f5                bind
 .text          0x00000000004255da       0x5d inet.o
                0x00000000004255da                inet_addr
 .text          0x0000000000425637      0x169 recvfrom.o
                0x0000000000425637                recvfrom
 .text          0x00000000004257a0      0x13b sendto.o
                0x00000000004257a0                sendto
 .text          0x00000000004258db      0x2b3 string.o
                0x00000000004258db                memset
                0x0000000000425940                memcpy
                0x00000000004259b7                strcpy
                0x0000000000425a32                strlen
                0x0000000000425a7e                strcmp
                0x0000000000425b18                memcmp
 .text          0x0000000000425b8e      0x4e4 vsprintf.o
                0x0000000000425bfa                vsprintf
 .text          0x0000000000426072      0x818 stdio.o
                0x0000000000426072                putchar
                0x00000000004260d2                puts
                0x0000000000426162                printf
                0x000000000042628f                fopen
                0x00000000004263b0                fclose
                0x0000000000426454                rewind
                0x00000000004264bd                fseek
                0x000000000042659b                ftell
                0x00000000004265dc                fputc
                0x000000000042665a                fgetc
                0x00000000004267cd                fread
 .text          0x000000000042688a      0x4fb stdlib.o
                0x000000000042688a                malloc
                0x00000000004268f9                free
                0x0000000000426945                i2hex
                0x0000000000426bb3                utoa
                0x0000000000426c3e                itoa
 .text          0x0000000000426d85      0x14a sse_memcpy.o
                0x0000000000426d85                sse_memcpy
 .text          0x0000000000426ecf      0x140 panic.o
                0x0000000000426ecf                kernel_panic
 .text          0x000000000042700f      0xa9d msi.o
                0x000000000042700f                msi_vector_install
                0x0000000000427669                default_mas
                0x00000000004276c8                msi_function
                0x000000000042777e                apic_send_msi
                0x0000000000427a79                apic_send_msix
                0x0000000000428000                . = ALIGN (0x1000)
 *fill*         0x0000000000427aac      0x554 

.iplt           0x0000000000428000        0x0
 .iplt          0x0000000000428000        0x0 setup.o

.data           0x0000000000428000    0x16000
                0x0000000000428000                data = .
                0x0000000000428000                _data = .
                0x0000000000428000                __data = .
 *(.data)
 .data          0x0000000000428000        0x8 setup.o
                0x0000000000428000                _rsp0
 .data          0x0000000000428008        0x0 main.o
 .data          0x0000000000428008        0x0 io.o
 .data          0x0000000000428008        0x0 gdt.o
 .data          0x0000000000428008        0x0 tss.o
 .data          0x0000000000428008        0x0 idt.o
 *fill*         0x0000000000428008        0x8 
 .data          0x0000000000428010      0x600 vetor.o
                0x0000000000428010                SavedFloats
                0x0000000000428210                SavedFloats2
                0x0000000000428410                SavedFloats3
 .data          0x0000000000428610        0x0 exception.o
 .data          0x0000000000428610        0x0 data.o
 .data          0x0000000000428610        0x0 server.o
 .data          0x0000000000428610        0x0 smp.o
 .data          0x0000000000428610        0x0 delay.o
 .data          0x0000000000428610        0x0 paging.o
 .data          0x0000000000428610        0x0 mm.o
 .data          0x0000000000428610        0x0 cpuid.o
 .data          0x0000000000428610        0x0 msr.o
 .data          0x0000000000428610        0x0 lvt.o
 .data          0x0000000000428610        0x0 irq.o
 .data          0x0000000000428610        0x0 apic.o
 .data          0x0000000000428610        0x0 ioapic.o
 .data          0x0000000000428610        0x0 intr.o
 .data          0x0000000000428610        0x0 sleep.o
 .data          0x0000000000428610        0x0 thread.o
 .data          0x0000000000428610        0x0 exectve.o
 .data          0x0000000000428610        0x0 syscall.o
 .data          0x0000000000428610        0x0 console.o
 .data          0x0000000000428610        0x0 exit.o
 .data          0x0000000000428610        0x0 sse.o
 .data          0x0000000000428610        0x0 pci.o
 .data          0x0000000000428610        0x0 i965.o
 *fill*         0x0000000000428610       0x10 
 .data          0x0000000000428620      0x168 cursor.o
                0x0000000000428620                cursor18x18
 .data          0x0000000000428788        0x0 acpi.o
 .data          0x0000000000428788        0x0 hpet.o
 .data          0x0000000000428788        0x0 lpc.o
 .data          0x0000000000428788        0x0 pit.o
 .data          0x0000000000428788        0x0 ps2.o
 .data          0x0000000000428788        0x4 mouse.o
                0x0000000000428788                speed
 .data          0x000000000042878c        0x0 keyboard.o
 .data          0x000000000042878c        0x0 ahci.o
 .data          0x000000000042878c        0x0 ide.o
 .data          0x000000000042878c        0x0 storage.o
 .data          0x000000000042878c        0x0 rtc.o
 .data          0x000000000042878c        0x0 hda.o
 .data          0x000000000042878c        0x0 speaker.o
 .data          0x000000000042878c        0x0 e1000.o
 .data          0x000000000042878c        0x0 ethernet.o
 .data          0x000000000042878c        0x0 arp.o
 .data          0x000000000042878c        0x0 udp.o
 .data          0x000000000042878c        0x0 ipv4.o
 .data          0x000000000042878c        0x0 dhcp.o
 .data          0x000000000042878c        0x0 tcp.o
 .data          0x000000000042878c        0x0 checksum.o
 .data          0x000000000042878c        0x0 rtl8169.o
 .data          0x000000000042878c        0x0 pcnet.o
 .data          0x000000000042878c        0x0 vmnet.o
 .data          0x000000000042878c        0x0 port.o
 .data          0x000000000042878c        0x0 bga.o
 .data          0x000000000042878c        0x0 video.o
 .data          0x000000000042878c        0x0 gui.o
 .data          0x000000000042878c        0x0 compositor.o
 .data          0x000000000042878c        0x0 window_server.o
 *fill*         0x000000000042878c       0x14 
 .data          0x00000000004287a0     0x1000 font8x16.o
                0x00000000004287a0                font8x16
 .data          0x00000000004297a0        0x0 std.o
 .data          0x00000000004297a0        0x0 cfs.o
 .data          0x00000000004297a0        0x0 pipe.o
 .data          0x00000000004297a0        0x0 socket.o
 .data          0x00000000004297a0        0x0 elf.o
 .data          0x00000000004297a0        0x0 bind.o
 .data          0x00000000004297a0        0x0 inet.o
 .data          0x00000000004297a0        0x0 recvfrom.o
 .data          0x00000000004297a0        0x0 sendto.o
 .data          0x00000000004297a0        0x0 string.o
 .data          0x00000000004297a0        0x0 vsprintf.o
 .data          0x00000000004297a0        0x0 stdio.o
 .data          0x00000000004297a0        0x0 stdlib.o
 .data          0x00000000004297a0        0x0 sse_memcpy.o
 .data          0x00000000004297a0        0x0 panic.o
 .data          0x00000000004297a0        0x0 msi.o
 *(.rodata)
 .rodata        0x00000000004297a0      0x24d main.o
 .rodata        0x00000000004299ed        0xa idt.o
 *fill*         0x00000000004299f7        0x1 
 .rodata        0x00000000004299f8      0x416 exception.o
 *fill*         0x0000000000429e0e        0x2 
 .rodata        0x0000000000429e10       0x38 server.o
 .rodata        0x0000000000429e48       0xf8 smp.o
 .rodata        0x0000000000429f40       0x5d mm.o
 *fill*         0x0000000000429f9d        0x3 
 .rodata        0x0000000000429fa0      0x130 lvt.o
 .rodata        0x000000000042a0d0       0x1c irq.o
 .rodata        0x000000000042a0ec       0x19 apic.o
 .rodata        0x000000000042a105        0xa intr.o
 .rodata        0x000000000042a10f       0x19 thread.o
 .rodata        0x000000000042a128       0x48 syscall.o
 .rodata        0x000000000042a170      0x215 console.o
 .rodata        0x000000000042a385       0x2e sse.o
 *fill*         0x000000000042a3b3        0x5 
 .rodata        0x000000000042a3b8     0x15ff pci.o
 *fill*         0x000000000042b9b7        0x1 
 .rodata        0x000000000042b9b8       0x3d i965.o
 *fill*         0x000000000042b9f5        0x3 
 .rodata        0x000000000042b9f8       0xc7 acpi.o
 .rodata        0x000000000042babf       0x14 hpet.o
 *fill*         0x000000000042bad3        0x5 
 .rodata        0x000000000042bad8       0x31 lpc.o
 .rodata        0x000000000042bb09       0x1d mouse.o
 *fill*         0x000000000042bb26       0x1a 
 .rodata        0x000000000042bb40      0x253 keyboard.o
                0x000000000042bb40                ascii_minusculas
                0x000000000042bc40                ascii_maiusculas
 *fill*         0x000000000042bd93      0x26d 
 .rodata        0x000000000042c000    0x108cf ahci.o
 *fill*         0x000000000043c8cf        0x1 
 .rodata        0x000000000043c8d0       0xb1 ide.o
 *fill*         0x000000000043c981        0x7 
 .rodata        0x000000000043c988      0x139 storage.o
 .rodata        0x000000000043cac1       0x12 rtc.o
 *fill*         0x000000000043cad3        0x5 
 .rodata        0x000000000043cad8      0x342 hda.o
 *fill*         0x000000000043ce1a        0x6 
 .rodata        0x000000000043ce20      0x223 e1000.o
 *fill*         0x000000000043d043        0x5 
 .rodata        0x000000000043d048      0x1f1 ethernet.o
 *fill*         0x000000000043d239        0x7 
 .rodata        0x000000000043d240      0x1b1 arp.o
 .rodata        0x000000000043d3f1       0x15 ipv4.o
 .rodata        0x000000000043d406       0xa5 dhcp.o
 *fill*         0x000000000043d4ab        0x5 
 .rodata        0x000000000043d4b0      0x1f3 rtl8169.o
 *fill*         0x000000000043d6a3        0x5 
 .rodata        0x000000000043d6a8      0x1ae pcnet.o
 *fill*         0x000000000043d856        0x2 
 .rodata        0x000000000043d858       0x74 vmnet.o
 *fill*         0x000000000043d8cc        0x4 
 .rodata        0x000000000043d8d0       0x71 video.o
 .rodata        0x000000000043d941       0x14 std.o
 *fill*         0x000000000043d955        0x3 
 .rodata        0x000000000043d958       0xad elf.o
 *fill*         0x000000000043da05        0x3 
 .rodata        0x000000000043da08      0x110 vsprintf.o
 .rodata        0x000000000043db18        0x9 stdio.o
 .rodata        0x000000000043db21        0xf panic.o
 .rodata        0x000000000043db30       0x2b msi.o
                0x000000000043e000                . = ALIGN (0x1000)
 *fill*         0x000000000043db5b      0x4a5 

.got            0x000000000043e000      0x540
 .got           0x000000000043e000      0x540 setup.o

.got.plt        0x000000000043e540       0x18
 .got.plt       0x000000000043e540       0x18 setup.o
                0x000000000043e540                _GLOBAL_OFFSET_TABLE_

.igot.plt       0x000000000043e558        0x0
 .igot.plt      0x000000000043e558        0x0 setup.o

.data.rel.local
                0x000000000043e560     0x1dc0
 .data.rel.local
                0x000000000043e560      0x100 exception.o
                0x000000000043e560                exception_mensagem
 .data.rel.local
                0x000000000043e660       0xc0 irq.o
                0x000000000043e660                fnvetors_handler
 .data.rel.local
                0x000000000043e720       0x98 syscall.o
                0x000000000043e720                fnvetors_syscall
 *fill*         0x000000000043e7b8        0x8 
 .data.rel.local
                0x000000000043e7c0      0x1b0 console.o
                0x000000000043e7c0                cmd_table
 *fill*         0x000000000043e970       0x10 
 .data.rel.local
                0x000000000043e980     0x1400 pci.o
                0x000000000043e980                pci_classes
                0x000000000043f180                pci_class_names
 .data.rel.local
                0x000000000043fd80       0x20 mouse.o
                0x000000000043fd80                id_mouse_strings
 .data.rel.local
                0x000000000043fda0       0x38 ahci.o
                0x000000000043fda0                ahci_type
 *fill*         0x000000000043fdd8        0x8 
 .data.rel.local
                0x000000000043fde0       0x48 dhcp.o
                0x000000000043fde0                string_dhcp_message
 *fill*         0x000000000043fe28       0x18 
 .data.rel.local
                0x000000000043fe40      0x3d0 rtl8169.o
 *fill*         0x0000000000440210       0x10 
 .data.rel.local
                0x0000000000440220      0x100 msi.o

.bss            0x0000000000440320    0x27ce0
                0x0000000000440320                bss = .
                0x0000000000440320                _bss = .
                0x0000000000440320                __bss = .
 *(.bss)
 .bss           0x0000000000440320    0x20000 setup.o
 .bss           0x0000000000460320        0x0 main.o
 .bss           0x0000000000460320        0x0 io.o
 .bss           0x0000000000460320        0x0 gdt.o
 .bss           0x0000000000460320        0x0 tss.o
 .bss           0x0000000000460320        0x0 idt.o
 .bss           0x0000000000460320        0x0 exception.o
 .bss           0x0000000000460320        0x0 data.o
 .bss           0x0000000000460320        0x0 server.o
 .bss           0x0000000000460320        0x0 smp.o
 .bss           0x0000000000460320        0x0 delay.o
 .bss           0x0000000000460320       0x20 paging.o
                0x0000000000460320                pml4e
                0x0000000000460328                pdpte
                0x0000000000460330                pae_pde
                0x0000000000460338                pae_pte
 .bss           0x0000000000460340        0x0 mm.o
 .bss           0x0000000000460340        0x0 cpuid.o
 .bss           0x0000000000460340        0x0 msr.o
 .bss           0x0000000000460340        0x0 lvt.o
 .bss           0x0000000000460340        0x0 irq.o
 .bss           0x0000000000460340        0x0 apic.o
 .bss           0x0000000000460340        0x0 ioapic.o
 .bss           0x0000000000460340        0x0 intr.o
 .bss           0x0000000000460340        0x0 sleep.o
 .bss           0x0000000000460340        0x0 thread.o
 .bss           0x0000000000460340        0x0 exectve.o
 .bss           0x0000000000460340        0x0 syscall.o
 .bss           0x0000000000460340        0x8 console.o
                0x0000000000460340                call_loader
 .bss           0x0000000000460348        0x0 exit.o
 .bss           0x0000000000460348        0x0 sse.o
 .bss           0x0000000000460348        0x0 pci.o
 .bss           0x0000000000460348        0x0 i965.o
 .bss           0x0000000000460348        0x0 cursor.o
 .bss           0x0000000000460348        0x0 acpi.o
 *fill*         0x0000000000460348       0x18 
 .bss           0x0000000000460360      0x100 hpet.o
 .bss           0x0000000000460460        0x0 lpc.o
 .bss           0x0000000000460460        0x0 pit.o
 .bss           0x0000000000460460        0x0 ps2.o
 .bss           0x0000000000460460        0x4 mouse.o
                0x0000000000460460                mouse_position
 *fill*         0x0000000000460464        0x4 
 .bss           0x0000000000460468       0x18 keyboard.o
                0x0000000000460468                kbd_irq_ack
 .bss           0x0000000000460480        0x0 ahci.o
 .bss           0x0000000000460480        0x0 ide.o
 .bss           0x0000000000460480        0x8 storage.o
                0x0000000000460480                ata_pci
 .bss           0x0000000000460488        0x1 rtc.o
 .bss           0x0000000000460489        0x0 hda.o
 .bss           0x0000000000460489        0x0 speaker.o
 *fill*         0x0000000000460489        0x7 
 .bss           0x0000000000460490       0x10 e1000.o
 .bss           0x00000000004604a0        0x8 ethernet.o
                0x00000000004604a0                package_recieved_ack
 .bss           0x00000000004604a8        0x0 arp.o
 .bss           0x00000000004604a8        0x0 udp.o
 .bss           0x00000000004604a8        0x4 ipv4.o
                0x00000000004604a8                ipv4_count
 .bss           0x00000000004604ac        0x0 dhcp.o
 .bss           0x00000000004604ac        0x0 tcp.o
 .bss           0x00000000004604ac        0x0 checksum.o
 .bss           0x00000000004604ac        0x0 rtl8169.o
 .bss           0x00000000004604ac        0x4 pcnet.o
 .bss           0x00000000004604b0        0x4 vmnet.o
 .bss           0x00000000004604b4        0x0 port.o
 .bss           0x00000000004604b4        0x0 bga.o
 .bss           0x00000000004604b4        0x0 video.o
 .bss           0x00000000004604b4        0x0 gui.o
 .bss           0x00000000004604b4        0x0 compositor.o
 .bss           0x00000000004604b4        0x0 window_server.o
 .bss           0x00000000004604b4        0x0 font8x16.o
 .bss           0x00000000004604b4        0x0 std.o
 .bss           0x00000000004604b4        0x0 cfs.o
 .bss           0x00000000004604b4        0x0 pipe.o
 .bss           0x00000000004604b4        0x2 socket.o
 .bss           0x00000000004604b6        0x0 elf.o
 .bss           0x00000000004604b6        0x0 bind.o
 .bss           0x00000000004604b6        0x0 inet.o
 .bss           0x00000000004604b6        0x0 recvfrom.o
 .bss           0x00000000004604b6        0x0 sendto.o
 .bss           0x00000000004604b6        0x0 string.o
 .bss           0x00000000004604b6        0x0 vsprintf.o
 .bss           0x00000000004604b6        0x0 stdio.o
 .bss           0x00000000004604b6        0x0 stdlib.o
 .bss           0x00000000004604b6        0x0 sse_memcpy.o
 .bss           0x00000000004604b6        0x0 panic.o
 .bss           0x00000000004604b6        0x0 msi.o
 *(COMMON)
 *fill*         0x00000000004604b6        0x2 
 COMMON         0x00000000004604b8       0x40 main.o
                0x00000000004604b8                mult_task
                0x00000000004604bc                ATA_BAR1
                0x00000000004604c0                ATA_BAR4
                0x00000000004604c8                user
                0x00000000004604d0                CPUID_REQUEST
                0x00000000004604d4                launcher
                0x00000000004604d8                ATA_BAR0
                0x00000000004604dc                ATA_BAR3
                0x00000000004604e0                no
                0x00000000004604e8                syspwd
                0x00000000004604f0                ATA_BAR2
                0x00000000004604f4                ATA_BAR5
 *fill*         0x00000000004604f8        0x8 
 COMMON         0x0000000000460500      0x120 gdt.o
                0x0000000000460500                gdtr
                0x0000000000460520                gdt
 COMMON         0x0000000000460620       0x68 tss.o
                0x0000000000460620                tss
 *fill*         0x0000000000460688       0x18 
 COMMON         0x00000000004606a0     0x100a idt.o
                0x00000000004606a0                idt
                0x00000000004616a0                idtr
 *fill*         0x00000000004616aa        0x6 
 COMMON         0x00000000004616b0       0x25 data.o
                0x00000000004616b0                interrupt_status
                0x00000000004616b8                kernelmouse
                0x00000000004616c0                dv_uid
                0x00000000004616c8                pipe_launcher
                0x00000000004616d0                tmpnam
                0x00000000004616d4                dv_num
 *fill*         0x00000000004616d5        0xb 
 COMMON         0x00000000004616e0       0x50 server.o
                0x00000000004616e0                thread_id
                0x0000000000461700                server_id
 *fill*         0x0000000000461730       0x10 
 COMMON         0x0000000000461740      0x112 smp.o
                0x0000000000461740                core
 *fill*         0x0000000000461852        0x6 
 COMMON         0x0000000000461858       0x38 mm.o
                0x0000000000461858                PAGE_BITMAP
                0x0000000000461860                alloc_pte
                0x0000000000461868                alloc_pde
                0x0000000000461870                RAM_BITMAP
                0x0000000000461878                alloc_spin_lock
                0x0000000000461880                device_pde
                0x0000000000461888                g_mm_mp_index
 COMMON         0x0000000000461890       0x10 apic.o
                0x0000000000461890                localId
                0x0000000000461898                lapicbase
 COMMON         0x00000000004618a0       0xc8 ioapic.o
                0x00000000004618a0                ioapic_redir_table
                0x0000000000461960                ioapic_base
 COMMON         0x0000000000461968      0x1f0 thread.o
                0x0000000000461968                context2_r15
                0x0000000000461970                context2_rsp0
                0x0000000000461978                context2_r12
                0x0000000000461980                context2_gs
                0x0000000000461988                context_rcx
                0x0000000000461990                context2_ds
                0x0000000000461998                context_r12
                0x00000000004619a0                context_rax
                0x00000000004619a8                context_ds
                0x00000000004619b0                context2_ss
                0x00000000004619b8                current_thread
                0x00000000004619c0                context2_cs
                0x00000000004619c8                current_thread2
                0x00000000004619d0                context2_pid
                0x00000000004619d8                context_rsi
                0x00000000004619e0                context2_r13
                0x00000000004619e8                context2_rbp
                0x00000000004619f0                context_r9
                0x00000000004619f8                context_rdx
                0x0000000000461a00                context_rflag
                0x0000000000461a08                current_thread1
                0x0000000000461a10                context_fxsave
                0x0000000000461a18                context2_rdx
                0x0000000000461a20                context_cs
                0x0000000000461a28                context_rsp0
                0x0000000000461a30                context2_es
                0x0000000000461a38                thread_ready_queue
                0x0000000000461a40                context_cr3
                0x0000000000461a48                context_rsp
                0x0000000000461a50                context_fs
                0x0000000000461a58                context2_rax
                0x0000000000461a60                context_rbp
                0x0000000000461a68                context_r8
                0x0000000000461a70                context2_rcx
                0x0000000000461a78                context_r15
                0x0000000000461a80                context2_rflag
                0x0000000000461a88                context_ss
                0x0000000000461a90                context2_r14
                0x0000000000461a98                context2_fs
                0x0000000000461aa0                context2_rbx
                0x0000000000461aa8                context2_r11
                0x0000000000461ab0                context2_cr3
                0x0000000000461ab8                next_pid
                0x0000000000461ac0                context_gs
                0x0000000000461ac8                context_r11
                0x0000000000461ad0                context2_r9
                0x0000000000461ad8                first_thread2
                0x0000000000461ae0                context2_r10
                0x0000000000461ae8                context2_rip
                0x0000000000461af0                context2_fxsave
                0x0000000000461af8                context2_rsp
                0x0000000000461b00                context_r13
                0x0000000000461b08                context_r10
                0x0000000000461b10                context_rip
                0x0000000000461b18                context_pid
                0x0000000000461b20                context_rbx
                0x0000000000461b28                context_r14
                0x0000000000461b30                context2_r8
                0x0000000000461b38                context2_rsi
                0x0000000000461b40                context_rdi
                0x0000000000461b48                context2_rdi
                0x0000000000461b50                context_es
 COMMON         0x0000000000461b58        0x8 syscall.o
                0x0000000000461b58                ret
 COMMON         0x0000000000461b60       0x78 i965.o
                0x0000000000461b60                fb
                0x0000000000461b80                mode
                0x0000000000461ba0                gtt
 COMMON         0x0000000000461bd8       0x50 acpi.o
                0x0000000000461bd8                fadt
                0x0000000000461be0                acpi_physical_init
                0x0000000000461be8                SLP_TYPa
                0x0000000000461bf0                hpet
                0x0000000000461bf8                xsdt
                0x0000000000461c00                rsdt
                0x0000000000461c08                dsdt
                0x0000000000461c10                SLP_TYPb
                0x0000000000461c18                acpi_virtual_addr
                0x0000000000461c20                rsdp
 COMMON         0x0000000000461c28       0x10 hpet.o
                0x0000000000461c28                hpet_register
                0x0000000000461c30                period
 COMMON         0x0000000000461c38       0x10 pit.o
                0x0000000000461c38                eticks
                0x0000000000461c40                timer_ticks
 COMMON         0x0000000000461c48       0x24 mouse.o
                0x0000000000461c48                mouse_x
                0x0000000000461c4c                count_mouse
                0x0000000000461c50                mouse2
                0x0000000000461c58                first_time
                0x0000000000461c5c                buttons
                0x0000000000461c60                mouse
                0x0000000000461c68                mouse_y
 COMMON         0x0000000000461c6c        0x4 keyboard.o
                0x0000000000461c6c                key_buffer
                0x0000000000461c6e                led_status
                0x0000000000461c6f                keyboard_charset
 *fill*         0x0000000000461c70       0x10 
 COMMON         0x0000000000461c80      0x220 ahci.o
                0x0000000000461c80                dmavirt
                0x0000000000461c88                dmaphy
                0x0000000000461c90                HBA_BASE
                0x0000000000461c98                hba_mem_space
                0x0000000000461ca0                sata_idtfy
 COMMON         0x0000000000461ea0        0x8 ide.o
                0x0000000000461ea0                ata_record_channel
                0x0000000000461ea4                ata_record_dev
 *fill*         0x0000000000461ea8       0x18 
 COMMON         0x0000000000461ec0      0x800 storage.o
                0x0000000000461ec0                ata
 COMMON         0x00000000004626c0        0x8 rtc.o
                0x00000000004626c0                clock
 *fill*         0x00000000004626c8       0x18 
 COMMON         0x00000000004626e0       0xd4 hda.o
                0x00000000004626e0                corb_pointer
                0x00000000004626e4                HDBARL
                0x00000000004626e8                hda_base
                0x00000000004626f0                HDA_MEM_SIZE
                0x00000000004626f4                beep_node
                0x0000000000462700                hda_widget
                0x0000000000462780                output_node
                0x0000000000462788                HDA_STREAM_MEMORY
                0x0000000000462790                RIRB_MEMORY
                0x0000000000462798                HDA_MEM
                0x00000000004627a0                CORB_MEMORY
                0x00000000004627a8                hda_max_volume
                0x00000000004627ac                HDBARU
                0x00000000004627b0                input_node
 *fill*         0x00000000004627b4        0xc 
 COMMON         0x00000000004627c0      0x180 e1000.o
                0x00000000004627c0                tx_descs
                0x0000000000462800                rx_memory
                0x0000000000462820                rx_descs
                0x0000000000462920                tx_memory
 COMMON         0x0000000000462940      0x2e4 ethernet.o
                0x0000000000462940                our_ip
                0x0000000000462944                local_ip
                0x0000000000462948                router_ip
                0x0000000000462960                packege_desc_buffer
                0x0000000000462be0                default_ethernet_device
                0x0000000000462c01                dns_ip
                0x0000000000462c05                dhcp_ip
                0x0000000000462c10                default_ethernet_package_descriptor
 *fill*         0x0000000000462c24       0x1c 
 COMMON         0x0000000000462c40     0x2800 arp.o
                0x0000000000462c40                arp_cache
 COMMON         0x0000000000465440        0x8 ipv4.o
                0x0000000000465440                ipv4_cache
 COMMON         0x0000000000465448        0x8 tcp.o
                0x0000000000465448                queue_conn
 *fill*         0x0000000000465450       0x10 
 COMMON         0x0000000000465460     0x1068 rtl8169.o
                0x0000000000465460                re_soft
                0x00000000004664c0                re_base_addr
 *fill*         0x00000000004664c8       0x18 
 COMMON         0x00000000004664e0      0x1d0 pcnet.o
                0x00000000004664e0                pcnet_block
                0x0000000000466500                pcnet_softc
 *fill*         0x00000000004666b0       0x10 
 COMMON         0x00000000004666c0      0x800 vmnet.o
                0x00000000004666c0                rx_desc
 COMMON         0x0000000000466ec0        0x8 port.o
                0x0000000000466ec0                port_bitmap
 *fill*         0x0000000000466ec8       0x18 
 COMMON         0x0000000000466ee0       0x68 gui.o
                0x0000000000466ee0                gui
 COMMON         0x0000000000466f48       0x38 compositor.o
                0x0000000000466f48                rf
                0x0000000000466f50                window_count
                0x0000000000466f58                screan_spin_lock
                0x0000000000466f60                paint
                0x0000000000466f68                gid
                0x0000000000466f70                paint_ready_queue
                0x0000000000466f78                paint_foco
 COMMON         0x0000000000466f80        0x4 window_server.o
                0x0000000000466f80                w_remove_spinlock
 *fill*         0x0000000000466f84        0x4 
 COMMON         0x0000000000466f88       0x30 std.o
                0x0000000000466f88                stdout
                0x0000000000466f90                _stderr
                0x0000000000466f98                _stdin
                0x0000000000466fa0                stdin
                0x0000000000466fa8                _stdout
                0x0000000000466fb0                stderr
 COMMON         0x0000000000466fb8        0x8 cfs.o
                0x0000000000466fb8                fs_directory
 COMMON         0x0000000000466fc0      0x4cc socket.o
                0x0000000000466fc0                current_saddr
                0x0000000000466fc8                row_cur
                0x0000000000466fe0                sockt_receive_row
                0x0000000000467480                saddr_ready_queue
                0x0000000000467488                socket_next_id
 COMMON         0x000000000046748c        0x4 stdio.o
                0x000000000046748c                VERBOSE
 COMMON         0x0000000000467490        0x4 msi.o
                0x0000000000467490                vector_msi
                0x0000000000468000                . = ALIGN (0x1000)
 *fill*         0x0000000000467494      0xb6c 

.eh_frame       0x0000000000468000     0x5000
                0x0000000000468000                eh_frame = .
 *(.eh_frame)
 .eh_frame      0x0000000000468000       0xa8 main.o
 .eh_frame      0x00000000004680a8       0x20 io.o
                                         0x38 (size before relaxing)
 .eh_frame      0x00000000004680c8       0x50 gdt.o
                                         0x68 (size before relaxing)
 .eh_frame      0x0000000000468118       0x48 tss.o
                                         0x60 (size before relaxing)
 .eh_frame      0x0000000000468160       0xd8 idt.o
                                         0xf0 (size before relaxing)
 .eh_frame      0x0000000000468238       0x50 exception.o
                                         0x68 (size before relaxing)
 .eh_frame      0x0000000000468288       0x68 server.o
                                         0x80 (size before relaxing)
 .eh_frame      0x00000000004682f0       0x70 smp.o
                                         0x88 (size before relaxing)
 .eh_frame      0x0000000000468360       0x40 delay.o
                                         0x58 (size before relaxing)
 .eh_frame      0x00000000004683a0       0xc0 paging.o
                                         0xd8 (size before relaxing)
 .eh_frame      0x0000000000468460      0x228 mm.o
                                        0x240 (size before relaxing)
 .eh_frame      0x0000000000468688       0x90 cpuid.o
                                         0xa8 (size before relaxing)
 .eh_frame      0x0000000000468718       0x40 msr.o
                                         0x58 (size before relaxing)
 .eh_frame      0x0000000000468758       0x88 lvt.o
                                         0xa0 (size before relaxing)
 .eh_frame      0x00000000004687e0       0x78 irq.o
                                         0x90 (size before relaxing)
 .eh_frame      0x0000000000468858      0x140 apic.o
                                        0x158 (size before relaxing)
 .eh_frame      0x0000000000468998      0x190 ioapic.o
                                        0x1a8 (size before relaxing)
 .eh_frame      0x0000000000468b28       0x50 intr.o
                                         0x68 (size before relaxing)
 .eh_frame      0x0000000000468b78       0x28 sleep.o
                                         0x40 (size before relaxing)
 .eh_frame      0x0000000000468ba0      0x138 thread.o
                                        0x150 (size before relaxing)
 .eh_frame      0x0000000000468cd8       0x58 exectve.o
                                         0x70 (size before relaxing)
 .eh_frame      0x0000000000468d30      0x300 syscall.o
                                        0x318 (size before relaxing)
 .eh_frame      0x0000000000469030      0x290 console.o
                                        0x2a8 (size before relaxing)
 .eh_frame      0x00000000004692c0       0x58 exit.o
                                         0x70 (size before relaxing)
 .eh_frame      0x0000000000469318       0xc8 sse.o
                                         0xe0 (size before relaxing)
 .eh_frame      0x00000000004693e0      0x238 pci.o
                                        0x250 (size before relaxing)
 .eh_frame      0x0000000000469618      0x240 i965.o
                                        0x258 (size before relaxing)
 .eh_frame      0x0000000000469858       0x68 cursor.o
                                         0x80 (size before relaxing)
 .eh_frame      0x00000000004698c0      0x148 acpi.o
                                        0x160 (size before relaxing)
 .eh_frame      0x0000000000469a08       0xa0 hpet.o
                                         0xb8 (size before relaxing)
 .eh_frame      0x0000000000469aa8       0x48 lpc.o
                                         0x60 (size before relaxing)
 .eh_frame      0x0000000000469af0       0x88 pit.o
                                         0xa0 (size before relaxing)
 .eh_frame      0x0000000000469b78       0x88 ps2.o
                                         0xa0 (size before relaxing)
 .eh_frame      0x0000000000469c00       0xf0 mouse.o
                                        0x108 (size before relaxing)
 .eh_frame      0x0000000000469cf0      0x128 keyboard.o
                                        0x140 (size before relaxing)
 .eh_frame      0x0000000000469e18      0x218 ahci.o
                                        0x230 (size before relaxing)
 .eh_frame      0x000000000046a030      0x248 ide.o
                                        0x260 (size before relaxing)
 .eh_frame      0x000000000046a278       0xb0 storage.o
                                         0xc8 (size before relaxing)
 .eh_frame      0x000000000046a328      0x100 rtc.o
                                        0x118 (size before relaxing)
 .eh_frame      0x000000000046a428      0x270 hda.o
                                        0x288 (size before relaxing)
 .eh_frame      0x000000000046a698       0x88 speaker.o
                                         0xa0 (size before relaxing)
 .eh_frame      0x000000000046a720      0x190 e1000.o
                                        0x1a8 (size before relaxing)
 .eh_frame      0x000000000046a8b0      0x1d8 ethernet.o
                                        0x1f0 (size before relaxing)
 .eh_frame      0x000000000046aa88      0x178 arp.o
                                        0x190 (size before relaxing)
 .eh_frame      0x000000000046ac00       0x78 udp.o
                                         0x90 (size before relaxing)
 .eh_frame      0x000000000046ac78       0x50 ipv4.o
                                         0x68 (size before relaxing)
 .eh_frame      0x000000000046acc8       0x98 dhcp.o
                                         0xb0 (size before relaxing)
 .eh_frame      0x000000000046ad60      0x120 tcp.o
                                        0x138 (size before relaxing)
 .eh_frame      0x000000000046ae80       0x40 checksum.o
                                         0x58 (size before relaxing)
 .eh_frame      0x000000000046aec0      0x2c8 rtl8169.o
                                        0x2e0 (size before relaxing)
 .eh_frame      0x000000000046b188      0x1a0 pcnet.o
                                        0x1b8 (size before relaxing)
 .eh_frame      0x000000000046b328      0x138 vmnet.o
                                        0x150 (size before relaxing)
 .eh_frame      0x000000000046b460       0x88 port.o
                                         0xa0 (size before relaxing)
 .eh_frame      0x000000000046b4e8       0xd0 bga.o
                                         0xe8 (size before relaxing)
 .eh_frame      0x000000000046b5b8       0x30 video.o
                                         0x48 (size before relaxing)
 .eh_frame      0x000000000046b5e8      0x128 gui.o
                                        0x140 (size before relaxing)
 .eh_frame      0x000000000046b710      0x110 compositor.o
                                        0x128 (size before relaxing)
 .eh_frame      0x000000000046b820       0x88 window_server.o
                                         0xa0 (size before relaxing)
 .eh_frame      0x000000000046b8a8       0x98 std.o
                                         0xb0 (size before relaxing)
 .eh_frame      0x000000000046b940      0x118 cfs.o
                                        0x130 (size before relaxing)
 .eh_frame      0x000000000046ba58       0x68 pipe.o
                                         0x80 (size before relaxing)
 .eh_frame      0x000000000046bac0      0x150 socket.o
                                        0x168 (size before relaxing)
 .eh_frame      0x000000000046bc10       0x48 elf.o
                                         0x60 (size before relaxing)
 .eh_frame      0x000000000046bc58       0x50 bind.o
                                         0x68 (size before relaxing)
 .eh_frame      0x000000000046bca8       0x20 inet.o
                                         0x38 (size before relaxing)
 .eh_frame      0x000000000046bcc8       0x30 recvfrom.o
                                         0x48 (size before relaxing)
 .eh_frame      0x000000000046bcf8       0x30 sendto.o
                                         0x48 (size before relaxing)
 .eh_frame      0x000000000046bd28       0xc0 string.o
                                         0xd8 (size before relaxing)
 .eh_frame      0x000000000046bde8       0x50 vsprintf.o
                                         0x68 (size before relaxing)
 .eh_frame      0x000000000046be38      0x198 stdio.o
                                        0x1b0 (size before relaxing)
 .eh_frame      0x000000000046bfd0       0xd8 stdlib.o
                                         0xf0 (size before relaxing)
 .eh_frame      0x000000000046c0a8       0x20 sse_memcpy.o
                                         0x38 (size before relaxing)
 .eh_frame      0x000000000046c0c8       0x20 panic.o
                                         0x38 (size before relaxing)
 .eh_frame      0x000000000046c0e8       0xc4 msi.o
                                         0xe0 (size before relaxing)
                0x000000000046d000                . = ALIGN (0x1000)
 *fill*         0x000000000046c1ac      0xe54 
                0x000000000046d000                end = .
                0x000000000046d000                _end = .
                0x000000000046d000                __end = .
LOAD setup.o
LOAD main.o
LOAD io.o
LOAD gdt.o
LOAD tss.o
LOAD idt.o
LOAD vetor.o
LOAD exception.o
LOAD data.o
LOAD server.o
LOAD smp.o
LOAD delay.o
LOAD paging.o
LOAD mm.o
LOAD cpuid.o
LOAD msr.o
LOAD lvt.o
LOAD irq.o
LOAD apic.o
LOAD ioapic.o
LOAD intr.o
LOAD sleep.o
LOAD thread.o
LOAD exectve.o
LOAD syscall.o
LOAD asyscall.o
LOAD console.o
LOAD exit.o
LOAD sse.o
LOAD pci.o
LOAD i965.o
LOAD cursor.o
LOAD acpi.o
LOAD hpet.o
LOAD lpc.o
LOAD pit.o
LOAD ps2.o
LOAD mouse.o
LOAD keyboard.o
LOAD ahci.o
LOAD ide.o
LOAD storage.o
LOAD rtc.o
LOAD hda.o
LOAD speaker.o
LOAD e1000.o
LOAD ethernet.o
LOAD arp.o
LOAD udp.o
LOAD ipv4.o
LOAD dhcp.o
LOAD tcp.o
LOAD checksum.o
LOAD rtl8169.o
LOAD pcnet.o
LOAD vmnet.o
LOAD port.o
LOAD bga.o
LOAD video.o
LOAD gui.o
LOAD compositor.o
LOAD window_server.o
LOAD font8x16.o
LOAD std.o
LOAD cfs.o
LOAD pipe.o
LOAD socket.o
LOAD elf.o
LOAD bind.o
LOAD inet.o
LOAD recvfrom.o
LOAD sendto.o
LOAD string.o
LOAD vsprintf.o
LOAD stdio.o
LOAD stdlib.o
LOAD sse_memcpy.o
LOAD panic.o
LOAD msi.o
OUTPUT(kernel.bin elf64-x86-64)

.rela.dyn       0x000000000046d000        0x0
 .rela.got      0x000000000046d000        0x0 setup.o
 .rela.iplt     0x000000000046d000        0x0 setup.o
 .rela.text     0x000000000046d000        0x0 setup.o

.comment        0x0000000000000000       0x2a
 .comment       0x0000000000000000       0x2a main.o
                                         0x2b (size before relaxing)
 .comment       0x000000000000002a       0x2b io.o
 .comment       0x000000000000002a       0x2b gdt.o
 .comment       0x000000000000002a       0x2b tss.o
 .comment       0x000000000000002a       0x2b idt.o
 .comment       0x000000000000002a       0x2b exception.o
 .comment       0x000000000000002a       0x2b data.o
 .comment       0x000000000000002a       0x2b server.o
 .comment       0x000000000000002a       0x2b smp.o
 .comment       0x000000000000002a       0x2b delay.o
 .comment       0x000000000000002a       0x2b paging.o
 .comment       0x000000000000002a       0x2b mm.o
 .comment       0x000000000000002a       0x2b cpuid.o
 .comment       0x000000000000002a       0x2b msr.o
 .comment       0x000000000000002a       0x2b lvt.o
 .comment       0x000000000000002a       0x2b irq.o
 .comment       0x000000000000002a       0x2b apic.o
 .comment       0x000000000000002a       0x2b ioapic.o
 .comment       0x000000000000002a       0x2b intr.o
 .comment       0x000000000000002a       0x2b sleep.o
 .comment       0x000000000000002a       0x2b thread.o
 .comment       0x000000000000002a       0x2b exectve.o
 .comment       0x000000000000002a       0x2b syscall.o
 .comment       0x000000000000002a       0x2b console.o
 .comment       0x000000000000002a       0x2b exit.o
 .comment       0x000000000000002a       0x2b sse.o
 .comment       0x000000000000002a       0x2b pci.o
 .comment       0x000000000000002a       0x2b i965.o
 .comment       0x000000000000002a       0x2b cursor.o
 .comment       0x000000000000002a       0x2b acpi.o
 .comment       0x000000000000002a       0x2b hpet.o
 .comment       0x000000000000002a       0x2b lpc.o
 .comment       0x000000000000002a       0x2b pit.o
 .comment       0x000000000000002a       0x2b ps2.o
 .comment       0x000000000000002a       0x2b mouse.o
 .comment       0x000000000000002a       0x2b keyboard.o
 .comment       0x000000000000002a       0x2b ahci.o
 .comment       0x000000000000002a       0x2b ide.o
 .comment       0x000000000000002a       0x2b storage.o
 .comment       0x000000000000002a       0x2b rtc.o
 .comment       0x000000000000002a       0x2b hda.o
 .comment       0x000000000000002a       0x2b speaker.o
 .comment       0x000000000000002a       0x2b e1000.o
 .comment       0x000000000000002a       0x2b ethernet.o
 .comment       0x000000000000002a       0x2b arp.o
 .comment       0x000000000000002a       0x2b udp.o
 .comment       0x000000000000002a       0x2b ipv4.o
 .comment       0x000000000000002a       0x2b dhcp.o
 .comment       0x000000000000002a       0x2b tcp.o
 .comment       0x000000000000002a       0x2b checksum.o
 .comment       0x000000000000002a       0x2b rtl8169.o
 .comment       0x000000000000002a       0x2b pcnet.o
 .comment       0x000000000000002a       0x2b vmnet.o
 .comment       0x000000000000002a       0x2b port.o
 .comment       0x000000000000002a       0x2b bga.o
 .comment       0x000000000000002a       0x2b video.o
 .comment       0x000000000000002a       0x2b gui.o
 .comment       0x000000000000002a       0x2b compositor.o
 .comment       0x000000000000002a       0x2b window_server.o
 .comment       0x000000000000002a       0x2b font8x16.o
 .comment       0x000000000000002a       0x2b std.o
 .comment       0x000000000000002a       0x2b cfs.o
 .comment       0x000000000000002a       0x2b pipe.o
 .comment       0x000000000000002a       0x2b socket.o
 .comment       0x000000000000002a       0x2b elf.o
 .comment       0x000000000000002a       0x2b bind.o
 .comment       0x000000000000002a       0x2b inet.o
 .comment       0x000000000000002a       0x2b recvfrom.o
 .comment       0x000000000000002a       0x2b sendto.o
 .comment       0x000000000000002a       0x2b string.o
 .comment       0x000000000000002a       0x2b vsprintf.o
 .comment       0x000000000000002a       0x2b stdio.o
 .comment       0x000000000000002a       0x2b stdlib.o
 .comment       0x000000000000002a       0x2b sse_memcpy.o
 .comment       0x000000000000002a       0x2b panic.o
 .comment       0x000000000000002a       0x2b msi.o

.note.GNU-stack
                0x0000000000000000        0x0
 .note.GNU-stack
                0x0000000000000000        0x0 main.o
 .note.GNU-stack
                0x0000000000000000        0x0 io.o
 .note.GNU-stack
                0x0000000000000000        0x0 gdt.o
 .note.GNU-stack
                0x0000000000000000        0x0 tss.o
 .note.GNU-stack
                0x0000000000000000        0x0 idt.o
 .note.GNU-stack
                0x0000000000000000        0x0 exception.o
 .note.GNU-stack
                0x0000000000000000        0x0 data.o
 .note.GNU-stack
                0x0000000000000000        0x0 server.o
 .note.GNU-stack
                0x0000000000000000        0x0 smp.o
 .note.GNU-stack
                0x0000000000000000        0x0 delay.o
 .note.GNU-stack
                0x0000000000000000        0x0 paging.o
 .note.GNU-stack
                0x0000000000000000        0x0 mm.o
 .note.GNU-stack
                0x0000000000000000        0x0 cpuid.o
 .note.GNU-stack
                0x0000000000000000        0x0 msr.o
 .note.GNU-stack
                0x0000000000000000        0x0 lvt.o
 .note.GNU-stack
                0x0000000000000000        0x0 irq.o
 .note.GNU-stack
                0x0000000000000000        0x0 apic.o
 .note.GNU-stack
                0x0000000000000000        0x0 ioapic.o
 .note.GNU-stack
                0x0000000000000000        0x0 intr.o
 .note.GNU-stack
                0x0000000000000000        0x0 sleep.o
 .note.GNU-stack
                0x0000000000000000        0x0 thread.o
 .note.GNU-stack
                0x0000000000000000        0x0 exectve.o
 .note.GNU-stack
                0x0000000000000000        0x0 syscall.o
 .note.GNU-stack
                0x0000000000000000        0x0 console.o
 .note.GNU-stack
                0x0000000000000000        0x0 exit.o
 .note.GNU-stack
                0x0000000000000000        0x0 sse.o
 .note.GNU-stack
                0x0000000000000000        0x0 pci.o
 .note.GNU-stack
                0x0000000000000000        0x0 i965.o
 .note.GNU-stack
                0x0000000000000000        0x0 cursor.o
 .note.GNU-stack
                0x0000000000000000        0x0 acpi.o
 .note.GNU-stack
                0x0000000000000000        0x0 hpet.o
 .note.GNU-stack
                0x0000000000000000        0x0 lpc.o
 .note.GNU-stack
                0x0000000000000000        0x0 pit.o
 .note.GNU-stack
                0x0000000000000000        0x0 ps2.o
 .note.GNU-stack
                0x0000000000000000        0x0 mouse.o
 .note.GNU-stack
                0x0000000000000000        0x0 keyboard.o
 .note.GNU-stack
                0x0000000000000000        0x0 ahci.o
 .note.GNU-stack
                0x0000000000000000        0x0 ide.o
 .note.GNU-stack
                0x0000000000000000        0x0 storage.o
 .note.GNU-stack
                0x0000000000000000        0x0 rtc.o
 .note.GNU-stack
                0x0000000000000000        0x0 hda.o
 .note.GNU-stack
                0x0000000000000000        0x0 speaker.o
 .note.GNU-stack
                0x0000000000000000        0x0 e1000.o
 .note.GNU-stack
                0x0000000000000000        0x0 ethernet.o
 .note.GNU-stack
                0x0000000000000000        0x0 arp.o
 .note.GNU-stack
                0x0000000000000000        0x0 udp.o
 .note.GNU-stack
                0x0000000000000000        0x0 ipv4.o
 .note.GNU-stack
                0x0000000000000000        0x0 dhcp.o
 .note.GNU-stack
                0x0000000000000000        0x0 tcp.o
 .note.GNU-stack
                0x0000000000000000        0x0 checksum.o
 .note.GNU-stack
                0x0000000000000000        0x0 rtl8169.o
 .note.GNU-stack
                0x0000000000000000        0x0 pcnet.o
 .note.GNU-stack
                0x0000000000000000        0x0 vmnet.o
 .note.GNU-stack
                0x0000000000000000        0x0 port.o
 .note.GNU-stack
                0x0000000000000000        0x0 bga.o
 .note.GNU-stack
                0x0000000000000000        0x0 video.o
 .note.GNU-stack
                0x0000000000000000        0x0 gui.o
 .note.GNU-stack
                0x0000000000000000        0x0 compositor.o
 .note.GNU-stack
                0x0000000000000000        0x0 window_server.o
 .note.GNU-stack
                0x0000000000000000        0x0 font8x16.o
 .note.GNU-stack
                0x0000000000000000        0x0 std.o
 .note.GNU-stack
                0x0000000000000000        0x0 cfs.o
 .note.GNU-stack
                0x0000000000000000        0x0 pipe.o
 .note.GNU-stack
                0x0000000000000000        0x0 socket.o
 .note.GNU-stack
                0x0000000000000000        0x0 elf.o
 .note.GNU-stack
                0x0000000000000000        0x0 bind.o
 .note.GNU-stack
                0x0000000000000000        0x0 inet.o
 .note.GNU-stack
                0x0000000000000000        0x0 recvfrom.o
 .note.GNU-stack
                0x0000000000000000        0x0 sendto.o
 .note.GNU-stack
                0x0000000000000000        0x0 string.o
 .note.GNU-stack
                0x0000000000000000        0x0 vsprintf.o
 .note.GNU-stack
                0x0000000000000000        0x0 stdio.o
 .note.GNU-stack
                0x0000000000000000        0x0 stdlib.o
 .note.GNU-stack
                0x0000000000000000        0x0 sse_memcpy.o
 .note.GNU-stack
                0x0000000000000000        0x0 panic.o
 .note.GNU-stack
                0x0000000000000000        0x0 msi.o
