
Merging program properties

Removed property 0xc0000002 to merge main.o (0x3) and setup.o (not found)
Removed property 0xc0000002 to merge main.o (not found) and io.o (0x3)
Removed property 0xc0000002 to merge main.o (not found) and gdt.o (0x3)
Removed property 0xc0000002 to merge main.o (not found) and tss.o (0x3)
Removed property 0xc0000002 to merge main.o (not found) and idt.o (0x3)
Removed property 0xc0000002 to merge main.o (not found) and exception.o (0x3)
Removed property 0xc0000002 to merge main.o (not found) and data.o (0x3)
Removed property 0xc0000002 to merge main.o (not found) and server.o (0x3)
Removed property 0xc0000002 to merge main.o (not found) and smp.o (0x3)
Removed property 0xc0000002 to merge main.o (not found) and delay.o (0x3)
Removed property 0xc0000002 to merge main.o (not found) and paging.o (0x3)
Removed property 0xc0000002 to merge main.o (not found) and mm.o (0x3)
Removed property 0xc0000002 to merge main.o (not found) and cpuid.o (0x3)
Removed property 0xc0000002 to merge main.o (not found) and msr.o (0x3)
Removed property 0xc0000002 to merge main.o (not found) and lvt.o (0x3)
Removed property 0xc0000002 to merge main.o (not found) and irq.o (0x3)
Removed property 0xc0000002 to merge main.o (not found) and apic.o (0x3)
Removed property 0xc0000002 to merge main.o (not found) and apic_timer.o (0x3)
Removed property 0xc0000002 to merge main.o (not found) and ioapic.o (0x3)
Removed property 0xc0000002 to merge main.o (not found) and intr.o (0x3)
Removed property 0xc0000002 to merge main.o (not found) and sleep.o (0x3)
Removed property 0xc0000002 to merge main.o (not found) and thread.o (0x3)
Removed property 0xc0000002 to merge main.o (not found) and exectve.o (0x3)
Removed property 0xc0000002 to merge main.o (not found) and syscall.o (0x3)
Removed property 0xc0000002 to merge main.o (not found) and console.o (0x3)
Removed property 0xc0000002 to merge main.o (not found) and exit.o (0x3)
Removed property 0xc0000002 to merge main.o (not found) and sse.o (0x3)
Removed property 0xc0000002 to merge main.o (not found) and pci.o (0x3)
Removed property 0xc0000002 to merge main.o (not found) and i965.o (0x3)
Removed property 0xc0000002 to merge main.o (not found) and cursor.o (0x3)
Removed property 0xc0000002 to merge main.o (not found) and acpi.o (0x3)
Removed property 0xc0000002 to merge main.o (not found) and hpet.o (0x3)
Removed property 0xc0000002 to merge main.o (not found) and lpc.o (0x3)
Removed property 0xc0000002 to merge main.o (not found) and pit.o (0x3)
Removed property 0xc0000002 to merge main.o (not found) and ps2.o (0x3)
Removed property 0xc0000002 to merge main.o (not found) and mouse.o (0x3)
Removed property 0xc0000002 to merge main.o (not found) and keyboard.o (0x3)
Removed property 0xc0000002 to merge main.o (not found) and ahci.o (0x3)
Removed property 0xc0000002 to merge main.o (not found) and ide.o (0x3)
Removed property 0xc0000002 to merge main.o (not found) and storage.o (0x3)
Removed property 0xc0000002 to merge main.o (not found) and rtc.o (0x3)
Removed property 0xc0000002 to merge main.o (not found) and hda.o (0x3)
Removed property 0xc0000002 to merge main.o (not found) and speaker.o (0x3)
Removed property 0xc0000002 to merge main.o (not found) and e1000.o (0x3)
Removed property 0xc0000002 to merge main.o (not found) and ethernet.o (0x3)
Removed property 0xc0000002 to merge main.o (not found) and arp.o (0x3)
Removed property 0xc0000002 to merge main.o (not found) and udp.o (0x3)
Removed property 0xc0000002 to merge main.o (not found) and ipv4.o (0x3)
Removed property 0xc0000002 to merge main.o (not found) and dhcp.o (0x3)
Removed property 0xc0000002 to merge main.o (not found) and tcp.o (0x3)
Removed property 0xc0000002 to merge main.o (not found) and checksum.o (0x3)
Removed property 0xc0000002 to merge main.o (not found) and rtl8169.o (0x3)
Removed property 0xc0000002 to merge main.o (not found) and pcnet.o (0x3)
Removed property 0xc0000002 to merge main.o (not found) and vmnet.o (0x3)
Removed property 0xc0000002 to merge main.o (not found) and port.o (0x3)
Removed property 0xc0000002 to merge main.o (not found) and bga.o (0x3)
Removed property 0xc0000002 to merge main.o (not found) and video.o (0x3)
Removed property 0xc0000002 to merge main.o (not found) and gui.o (0x3)
Removed property 0xc0000002 to merge main.o (not found) and compositor.o (0x3)
Removed property 0xc0000002 to merge main.o (not found) and window_server.o (0x3)
Removed property 0xc0000002 to merge main.o (not found) and font8x16.o (0x3)
Removed property 0xc0000002 to merge main.o (not found) and terminal.o (0x3)
Removed property 0xc0000002 to merge main.o (not found) and std.o (0x3)
Removed property 0xc0000002 to merge main.o (not found) and cfs.o (0x3)
Removed property 0xc0000002 to merge main.o (not found) and pipe.o (0x3)
Removed property 0xc0000002 to merge main.o (not found) and socket.o (0x3)
Removed property 0xc0000002 to merge main.o (not found) and elf.o (0x3)
[...]
Memory Configuration

Name             Origin             Length             Attributes
*default*        0x0000000000000000 0xffffffffffffffff

Linker script and memory map

                0x0000000000401000                . = 0x401000
                0x0000000000401000                _start = .

.text           0x0000000000401000    0x28000
                0x0000000000401000                code = .
                0x0000000000401000                _code = .
                0x0000000000401000                __code = .
 *(.text)
 .text          0x0000000000401000       0xc2 setup.o
                0x0000000000401031                gdt_flush
                0x0000000000401054                idt_flush
                0x000000000040105b                call_function
                0x0000000000401070                copymem
                0x00000000004010a4                DisableSSE
                0x00000000004010af                EnableSSE
                0x00000000004010ba                SaveSSE
                0x00000000004010be                RestoreSSE
 .text          0x00000000004010c2      0xe1c main.o
                0x00000000004010c2                main
 .text          0x0000000000401ede       0x42 io.o
                0x0000000000401ede                wait
 .text          0x0000000000401f20      0x5c5 gdt.o
                0x00000000004021e9                gdt_install
 .text          0x00000000004024e5       0xa6 tss.o
                0x00000000004024e5                load_ltr
                0x0000000000402518                tss_install
 .text          0x000000000040258b      0x517 idt.o
                0x000000000040279d                idt_install
                0x0000000000402907                idt_gate
                0x000000000040296f                _idt_gate
                0x0000000000402a4e                intr_null_function
 *fill*         0x0000000000402aa2        0xe 
 .text          0x0000000000402ab0      0xc49 vetor.o
                0x0000000000402b0e                isr00
                0x0000000000402b1d                isr01
                0x0000000000402b2c                isr02
                0x0000000000402b3b                isr03
                0x0000000000402b4a                isr04
                0x0000000000402b59                isr05
                0x0000000000402b68                isr06
                0x0000000000402b77                isr07
                0x0000000000402b86                isr08
                0x0000000000402b90                isr09
                0x0000000000402b9f                isr10
                0x0000000000402ba9                isr11
                0x0000000000402bb3                isr12
                0x0000000000402bbd                isr13
                0x0000000000402bc7                isr14
                0x0000000000402bd1                isr15
                0x0000000000402be0                isr16
                0x0000000000402bef                isr17
                0x0000000000402bf9                isr18
                0x0000000000402c08                isr19
                0x0000000000402c17                isr20
                0x0000000000402c26                isr21
                0x0000000000402c35                isr22
                0x0000000000402c44                isr23
                0x0000000000402c53                isr24
                0x0000000000402c62                isr25
                0x0000000000402c71                isr26
                0x0000000000402c80                isr27
                0x0000000000402c8f                isr28
                0x0000000000402c9e                isr29
                0x0000000000402cad                isr30
                0x0000000000402cbc                isr31
                0x0000000000402d67                lvt0
                0x0000000000402f5e                lvt1
                0x0000000000402f6d                lvt2
                0x0000000000402f7c                lvt3
                0x0000000000402f8b                lvt4
                0x0000000000402f9a                timer1
                0x0000000000403191                timer2
                0x00000000004031a0                timer3
                0x00000000004031af                timer4
                0x00000000004031be                timer5
                0x00000000004031cd                timer6
                0x00000000004031dc                timer7
                0x00000000004031eb                timer8
                0x0000000000403248                irq0
                0x0000000000403257                irq1
                0x0000000000403266                irq2
                0x0000000000403275                irq3
                0x0000000000403284                irq4
                0x0000000000403293                irq5
                0x00000000004032a2                irq6
                0x00000000004032b1                irq7
                0x00000000004032c0                irq8
                0x00000000004032cf                irq9
                0x00000000004032de                irq10
                0x00000000004032ed                irq11
                0x00000000004032fc                irq12
                0x000000000040330b                irq13
                0x000000000040331a                irq14
                0x0000000000403329                irq15
                0x0000000000403338                irq16
                0x0000000000403347                irq17
                0x0000000000403356                irq18
                0x0000000000403365                irq19
                0x0000000000403374                irq20
                0x0000000000403383                irq21
                0x0000000000403392                irq22
                0x00000000004033a1                irq23
                0x000000000040340e                intr255
                0x000000000040341d                intr_null
                0x00000000004034c2                msi0
                0x00000000004034d1                msi1
                0x00000000004034e0                msi2
                0x00000000004034ef                msi3
                0x00000000004034fe                msi4
                0x000000000040350d                msi5
                0x000000000040351c                msi6
                0x000000000040352b                msi7
                0x000000000040353a                msi8
                0x0000000000403549                msi9
                0x0000000000403558                msi10
                0x0000000000403567                msi11
                0x0000000000403576                msi12
                0x0000000000403585                msi13
                0x0000000000403594                msi14
                0x00000000004035a3                msi15
                0x00000000004035b2                msi16
                0x00000000004035c1                msi17
                0x00000000004035d0                msi18
                0x00000000004035df                msi19
                0x00000000004035ee                msi20
                0x00000000004035fd                msi21
                0x000000000040360c                msi22
                0x000000000040361b                msi23
                0x000000000040362a                msi24
                0x0000000000403639                msi25
                0x0000000000403648                msi26
                0x0000000000403657                msi27
                0x0000000000403666                msi28
                0x0000000000403675                msi29
                0x0000000000403684                msi30
                0x0000000000403693                msi31
                0x00000000004036a2                intr_vmnet
 .text          0x00000000004036f9      0x843 exception.o
                0x00000000004036f9                exceptions_install
                0x0000000000403d42                fault_exception
 .text          0x0000000000403f3c        0x0 data.o
 .text          0x0000000000403f3c      0x21c server.o
                0x0000000000403f3c                foco
                0x0000000000404051                foco_default
                0x00000000004040fd                server
 .text          0x0000000000404158      0x69e smp.o
                0x0000000000404158                setup_smp
                0x00000000004046e7                done
                0x0000000000404720                ap_startup
 .text          0x00000000004047f6       0x8e delay.o
                0x00000000004047f6                mdelay
                0x000000000040483d                udelay
 .text          0x0000000000404884      0x1b9 paging.o
                0x0000000000404884                flush_tlb
                0x00000000004048de                load_pae_page_directory_pointer_table
                0x0000000000404910                load_pml4_table
                0x0000000000404942                enable_pae
                0x000000000040496e                page_enable
                0x000000000040499c                page_install
 .text          0x0000000000404a3d     0x167e mm.o
                0x0000000000404a3d                initialize_mm_mp
                0x0000000000404bdc                mm_mp
                0x0000000000405037                ram_setup
                0x0000000000405100                alloc_frame
                0x00000000004051c8                free_frame
                0x000000000040526b                alloc_pages_setup
                0x00000000004056a0                v_pool
                0x0000000000405934                get_free_page
                0x0000000000405a26                get_busy_page_size
                0x0000000000405b1d                alloc_pages
                0x0000000000405d00                free_pages
                0x0000000000405ee9                get_phy_addr
 .text          0x00000000004060bb      0x1f9 cpuid.o
                0x00000000004060bb                cpuid_vendor
                0x0000000000406129                cpuid_processor_brand
                0x0000000000406200                cpuid
                0x000000000040624b                cpuid_string
 .text          0x00000000004062b4       0xb9 msr.o
                0x00000000004062b4                getmsr
                0x00000000004062ff                setmsr
 .text          0x000000000040636d      0x6be lvt.o
                0x000000000040636d                lvt_function
                0x0000000000406579                lvt_function2
                0x0000000000406785                lvt_install
 .text          0x0000000000406a2b      0x5f4 irq.o
                0x0000000000406a2b                default_irq
                0x0000000000406a87                irq_function
                0x0000000000406b5e                irq_install
 .text          0x000000000040701f      0x579 apic.o
                0x000000000040701f                local_apic_read_command
                0x0000000000407062                local_apic_write_command
                0x00000000004070af                getapicbase
                0x0000000000407102                enableapic
                0x000000000040716d                apic_eoi_register
                0x00000000004071aa                setup_apic
                0x0000000000407441                local_apic_get_id
                0x000000000040747e                local_apic_send_init
                0x0000000000407508                local_apic_send_startup
 .text          0x0000000000407598      0x309 apic_timer.o
                0x0000000000407598                apic_initial_count_timer
                0x00000000004075e6                apic_timer
                0x00000000004077c9                apic_timer_umasked
                0x0000000000407835                apic_timer_masked
 .text          0x00000000004078a1      0x5d6 ioapic.o
                0x00000000004078a1                read_ioapic_register
                0x00000000004078f1                write_ioapic_register
                0x000000000040794b                ioapic_masked
                0x00000000004079e8                ioapic_umasked
                0x0000000000407a85                set_ioapic_redir_table
                0x0000000000407d11                ioapic_cofiguration
                0x0000000000407dab                setup_ioapic
 .text          0x0000000000407e77       0xc6 intr.o
                0x0000000000407e77                intr_install
                0x0000000000407ed8                intr_function
 .text          0x0000000000407f3d       0x6b sleep.o
                0x0000000000407f3d                sleep
 .text          0x0000000000407fa8     0x204f thread.o
                0x0000000000407fa8                thread_setup
                0x000000000040835c                create_thread
                0x00000000004088c0                create_thread_child
                0x0000000000408cbc                pthread_create
                0x000000000040904a                pthread_join
                0x0000000000409096                task_switch
                0x00000000004098b1                task_switch2
                0x0000000000409eed                getpid
                0x0000000000409f24                getpid2
                0x0000000000409f87                get_thread
 .text          0x0000000000409ff7     0x12ac exectve.o
                0x0000000000409ff7                exectve
                0x000000000040a93f                exectve_child
 .text          0x000000000040b2a3      0xb3e syscall.o
                0x000000000040b2a3                default_syscall
                0x000000000040b30e                syscall_getpid
                0x000000000040b3a5                syscall_window
                0x000000000040b3fd                syscall_kbd_foco
                0x000000000040b4d8                syscall_alloc_pages
                0x000000000040b559                syscall_free_pages
                0x000000000040b5b1                syscall_readsector
                0x000000000040b62d                syscall_writesector
                0x000000000040b6a9                syscall_geral
                0x000000000040b7f0                syscall_tmpnam
                0x000000000040b8be                syscall_io
                0x000000000040b9f8                syscall_register_pipe_launcher
                0x000000000040ba44                syscall_get_pipe_launcher
                0x000000000040ba89                syscall_get_paint_list
                0x000000000040bace                syscall_get_thread_id
                0x000000000040bb17                syscall_create_socket
                0x000000000040bb9c                syscall_get_socket_ready_queue
                0x000000000040bbe1                syscall_pthread_create
                0x000000000040bc69                syscall_pthread_join
                0x000000000040bccf                syscall_function_handler
                0x000000000040bd7a                syscall_install
 *fill*         0x000000000040bde1        0xf 
 .text          0x000000000040bdf0       0x86 asyscall.o
                0x000000000040be67                int114
 .text          0x000000000040be76      0xaa9 console.o
                0x000000000040be76                console
                0x000000000040c11e                cmd_version
                0x000000000040c181                cmd_time
                0x000000000040c1e4                cmd_shutdown
                0x000000000040c23e                cmd_rename
                0x000000000040c2a1                cmd_reboot
                0x000000000040c2fb                cmd_new
                0x000000000040c35e                cmd_mov
                0x000000000040c3c1                cmd_info
                0x000000000040c49f                cmd_help
                0x000000000040c610                cmd_exit
                0x000000000040c673                cmd_echo
                0x000000000040c6d6                cmd_dir
                0x000000000040c739                cmd_del
                0x000000000040c79c                cmd_date
                0x000000000040c7ff                cmd_copy
                0x000000000040c862                cmd_clear
                0x000000000040c8bc                cmd_cd
 .text          0x000000000040c91f      0x59b exit.o
                0x000000000040c91f                user_free
                0x000000000040c9d3                exit
 .text          0x000000000040ceba      0x1c7 sse.o
                0x000000000040ceba                fpu_cw
                0x000000000040ceea                sse_cr
                0x000000000040cf1e                sse_cw
                0x000000000040cf4c                fpu_save
                0x000000000040cf7b                fpu_restore
                0x000000000040cfaa                setup_sse
 .text          0x000000000040d081      0xcfb pci.o
                0x000000000040d081                read_pci_config_addr
                0x000000000040d0fb                write_pci_config_addr
                0x000000000040d175                pci_read_config_dword
                0x000000000040d1ef                pci_write_config_dword
                0x000000000040d269                pci_read_config_word
                0x000000000040d309                pci_write_config_word
                0x000000000040d3d2                pci_read_config_byte
                0x000000000040d472                pci_write_config_byte
                0x000000000040d53a                pci_get_info
                0x000000000040d7e8                pci_scan_bcc
                0x000000000040d8cb                pci_scan_class
                0x000000000040d9bc                pci_scan_class_subclass
                0x000000000040dac4                pci_scan_bcc_scc
                0x000000000040dbc2                pci_scan_bcc_scc_prog
                0x000000000040dcd1                pci_scan_vendor
                0x000000000040dd02                pci_check_vendor
                0x000000000040dd3c                pci_size
 .text          0x000000000040dd7c     0x1014 i965.o
                0x000000000040dd7c                i965_pci_init
                0x000000000040df2b                setup_i965
                0x000000000040e452                timings
                0x000000000040e6f0                disable_dac
                0x000000000040e76d                enable_dac
                0x000000000040e7ea                disable_plane
                0x000000000040e869                enable_plane
                0x000000000040e8e8                disable_pipe
                0x000000000040e967                enable_pipe
                0x000000000040e9e6                disable_dpll
                0x000000000040ea11                enable_dpll
                0x000000000040ea50                disable_legacy_vga_emul
                0x000000000040eb18                gmbus_reset
                0x000000000040eb43                gmbus_stoptransaction
                0x000000000040eb82                gmbus_wait
                0x000000000040ebc8                gmbus_read
                0x000000000040ed5f                gmbus_write
 .text          0x000000000040ed90      0x26f cursor.o
                0x000000000040ed90                DrawMouse
                0x000000000040ee7a                setup_cursor
                0x000000000040ef86                update_graphic_cursor
 .text          0x000000000040efff      0xa96 acpi.o
                0x000000000040f388                acpi_probe
                0x000000000040f45e                acpi_enable
                0x000000000040f6b4                setup_acpi
                0x000000000040f954                poweroff
                0x000000000040f9da                reboot
 .text          0x000000000040fa95      0x21c hpet.o
                0x000000000040fbdd                setup_hpet
                0x000000000040fc3f                hpet_sleep
 .text          0x000000000040fcb1       0xf9 lpc.o
                0x000000000040fce5                setup_lpc
 .text          0x000000000040fdaa      0x2df pit.o
                0x000000000040fe3e                pit_set_frequencia
                0x000000000040fe9c                pit_enable
                0x000000000040ff33                timer_wait
                0x000000000040ff88                pit_prepare_sleep
                0x0000000000410016                pit_perform_sleep
 .text          0x0000000000410089      0x1b3 ps2.o
                0x0000000000410089                kbdc_wait
                0x0000000000410128                kbdc_set_cmd
                0x00000000004101ba                kbdc_wait_ack
 .text          0x000000000041023c      0x911 mouse.o
                0x000000000041023c                mouse_write
                0x00000000004102b5                mouse_read
                0x0000000000410309                MOUSE_BAT_TEST
                0x000000000041037e                mouse_handler
                0x0000000000410722                mouse_install
 .text          0x0000000000410b4d      0x93f keyboard.o
                0x0000000000410b4d                keyboard_read
                0x0000000000410ba1                keyboard_write
                0x0000000000410bf6                KEYBOARD_BAT_TEST
                0x0000000000410c6b                keyboard_handler
                0x00000000004112c1                kbd_wait_irq_ack
                0x0000000000411381                keyboard_install
 .text          0x000000000041148c     0x19af ahci.o
                0x000000000041148c                ahci_initialize
                0x0000000000412b13                sata_read_sector
                0x0000000000412ca7                sata_write_sector
 .text          0x0000000000412e3b     0x161a ide.o
                0x0000000000412e3b                ata_wait
                0x0000000000412f1d                ata_status_read
                0x0000000000412f78                ata_wait_not_busy
                0x0000000000412fef                ata_wait_busy
                0x0000000000413066                ata_wait_no_drq
                0x00000000004130db                ata_wait_drq
                0x0000000000413150                ata_cmd_write
                0x00000000004131d6                ata_soft_reset
                0x0000000000413288                ata_pio_read
                0x00000000004132ed                ata_pio_write
                0x0000000000413352                ata_bus_install
                0x0000000000413729                ata_identify_device
                0x0000000000413ff8                ata_read_sector
                0x00000000004141f4                ata_write_sector
 .text          0x0000000000414455      0xe04 storage.o
                0x0000000000414a9d                ata_initialize
                0x000000000041502d                read_sector
                0x0000000000415143                write_sector
 .text          0x0000000000415259      0x680 rtc.o
                0x0000000000415259                disable_NMI
                0x00000000004152a0                enable_NMI
                0x000000000041532c                rtc_setup
                0x0000000000415467                rtc_handler
                0x0000000000415647                swait_init
                0x00000000004157cf                swait
 .text          0x00000000004158d9     0x20ee hda.o
                0x00000000004158d9                hda_wait
                0x0000000000415928                hda_outb
                0x0000000000415979                hda_outw
                0x00000000004159cc                hda_outl
                0x0000000000415a1a                hda_inb
                0x0000000000415a62                hda_inw
                0x0000000000415aaa                hda_inl
                0x0000000000415af1                corb_write_command
                0x0000000000415c98                hda_reset
                0x0000000000415d64                setup_hda
                0x0000000000416fe6                hda_response
                0x0000000000417026                hda_send_verb
                0x0000000000417378                hda_ic_verbe
                0x00000000004174ba                hda_set_output_node
                0x000000000041774f                hda_play_sound
                0x000000000041792c                hda_volume
 .text          0x00000000004179c7      0x129 speaker.o
                0x00000000004179c7                turn_speaker_on
                0x0000000000417a06                turn_speaker_off
                0x0000000000417a47                set_speaker_frequence
                0x0000000000417a97                play_speaker
 .text          0x0000000000417af0     0x12c6 e1000.o
                0x0000000000417af0                e1000_read_command
                0x0000000000417b33                e1000_write_command
                0x0000000000417b80                e1000_is_eeprom
                0x0000000000417bf5                e1000_enable_int
                0x0000000000417c8c                e1000_link_up
                0x0000000000417d17                irq_e1000
                0x0000000000417ef4                init_e1000
                0x00000000004188a4                e1000_send_package
                0x0000000000418a6c                e1000_recieve_package
 .text          0x0000000000418db6     0x153e ethernet.o
                0x0000000000418e48                get_default_ethernet_device
                0x0000000000418eae                ethernet_set_link_status
                0x0000000000418eed                ethernet_set_interrupt_status
                0x0000000000418f2c                register_ethernet_device
                0x0000000000418fce                get_ethernet_package
                0x0000000000419043                send_ethernet_package
                0x00000000004190eb                handler_ethernet_package_received
                0x00000000004198ab                int_ethernet_device
                0x0000000000419ad3                fillMac
                0x0000000000419b35                fillIP
                0x0000000000419b97                initialise_ethernet
 .text          0x000000000041a2f4     0x1301 arp.o
                0x000000000041a333                init_arp
                0x000000000041a3ff                arp_save_address
                0x000000000041a9d3                get_hardwere_ethernet
                0x000000000041aaa0                arp_request
                0x000000000041acea                arp_replay
                0x000000000041af27                arp_replay2
                0x000000000041b15e                arp_hexdump
 .text          0x000000000041b5f5      0x3c7 udp.o
                0x000000000041b634                udp_send
                0x000000000041b797                udp_receive
 .text          0x000000000041b9bc      0x305 ipv4.o
                0x000000000041b9fb                ipv4_send
 .text          0x000000000041bcc1      0x745 dhcp.o
                0x000000000041bd53                dhcp_send
                0x000000000041c16b                dhcp_parse_options
 .text          0x000000000041c406      0xa89 tcp.o
                0x000000000041c498                init_tcp
                0x000000000041c53a                tcp_send
                0x000000000041c89a                tcp_connect
                0x000000000041c9fe                tcp_ack
                0x000000000041cc96                tcp_send_payload
                0x000000000041cdde                tcp_finish
 .text          0x000000000041ce8f      0x134 checksum.o
                0x000000000041cece                net_checksum
 .text          0x000000000041cfc3     0x1ef6 rtl8169.o
                0x000000000041cfc3                re_read_command
                0x000000000041d006                re_write_command
                0x000000000041d053                re_read_command_word
                0x000000000041d097                re_write_command_word
                0x000000000041d0e9                re_read_command_byte
                0x000000000041d12d                re_write_command_byte
                0x000000000041d17f                re_probe
                0x000000000041e302                setup_realtek
                0x000000000041ebfb                re_handle
 .text          0x000000000041eeb9     0x1019 pcnet.o
                0x000000000041efd1                pcnetWriteBCR
                0x000000000041f46a                setup_pcnet
                0x000000000041fb00                pcnet_send_package
                0x000000000041fc72                pcnet_recieve_package
 .text          0x000000000041fed2      0x9a7 vmnet.o
                0x0000000000420090                setup_vmnet
                0x0000000000420119                handler_vmnet
                0x000000000042034a                vmnet_send_package
                0x0000000000420631                vmipv4_send
                0x0000000000420718                vmnet_udp_send
 .text          0x0000000000420879      0x291 port.o
                0x0000000000420879                ethernet_port_setup
                0x000000000042092c                get_port
                0x00000000004209ee                set_port
                0x0000000000420a8b                clean_port
 .text          0x0000000000420b0a      0x336 bga.o
                0x0000000000420b0a                bga_write_register
                0x0000000000420b53                bga_read_register
                0x0000000000420b9b                bga_is_available
                0x0000000000420bdc                bga_set_video_mode
                0x0000000000420cca                bga_set_bank
                0x0000000000420d12                setup_bga
 .text          0x0000000000420e40      0x1f9 video.o
                0x0000000000420e40                initialize_graphic_adapter
 .text          0x0000000000421039      0x880 gui.o
                0x0000000000421039                initialize_gui
                0x0000000000421192                update_gui
                0x00000000004212ea                put_pixel
                0x000000000042135d                put_pixel_buff
                0x00000000004213fc                refresh_rate
                0x00000000004214a1                clears_creen
                0x0000000000421559                draw_char_transparent
                0x0000000000421663                glyph
 .text          0x00000000004218b9      0xd56 compositor.o
                0x00000000004219aa                window_add
                0x0000000000421b69                window_remove
                0x0000000000421d0f                window_foco
                0x0000000000421e46                paint_desktop
                0x0000000000422217                paint_cursor
                0x00000000004223a8                compose
 .text          0x000000000042260f      0x2db window_server.o
                0x000000000042260f                window_server
 .text          0x00000000004228ea        0x0 font8x16.o
 .text          0x00000000004228ea      0xbe0 terminal.o
                0x00000000004228ea                put_pixel_sirius
                0x000000000042298b                drawchar
                0x0000000000422ad9                drawline
                0x0000000000422e43                window_putchar
 .text          0x00000000004234ca      0x556 std.o
                0x00000000004234ca                std_open_file
                0x0000000000423679                std_file_close
                0x00000000004236e8                std_putc
                0x0000000000423860                std_getc
 .text          0x0000000000423a20      0xaaa cfs.o
                0x0000000000423a20                filename_cmp
                0x0000000000423b07                read_super_block
                0x0000000000423b70                read_directory_entry
                0x0000000000423cfb                open_file_r
                0x000000000042407c                open_file
                0x00000000004242e3                file_close
                0x00000000004243ec                file_read_block
 .text          0x00000000004244ca      0x2e7 pipe.o
                0x00000000004244ca                pipe_open_file
                0x00000000004245b6                pipe_write
                0x00000000004246ba                pipe_read
 .text          0x00000000004247b1      0xfc3 socket.o
                0x00000000004247f0                init_socket
                0x0000000000424a70                socket_address
                0x0000000000424ad2                socket
                0x0000000000424c51                socket_server_transmit
                0x0000000000425314                socket_execute_row
                0x00000000004255d4                socket_server_receive
 .text          0x0000000000425774      0x2b2 elf.o
                0x0000000000425774                load_elf64_header
                0x0000000000425947                load_elf64_segment
 .text          0x0000000000425a26      0x224 bind.o
                0x0000000000425a65                bind
 .text          0x0000000000425c4a       0x5d inet.o
                0x0000000000425c4a                inet_addr
 .text          0x0000000000425ca7      0x169 recvfrom.o
                0x0000000000425ca7                recvfrom
 .text          0x0000000000425e10      0x14e sendto.o
                0x0000000000425e10                sendto
 .text          0x0000000000425f5e      0x2b3 string.o
                0x0000000000425f5e                memset
                0x0000000000425fc3                memcpy
                0x000000000042603a                strcpy
                0x00000000004260b5                strlen
                0x0000000000426101                strcmp
                0x000000000042619b                memcmp
 .text          0x0000000000426211      0x4e4 vsprintf.o
                0x000000000042627d                vsprintf
 .text          0x00000000004266f5      0x818 stdio.o
                0x00000000004266f5                putchar
                0x0000000000426755                puts
                0x00000000004267e5                printf
                0x0000000000426912                fopen
                0x0000000000426a33                fclose
                0x0000000000426ad7                rewind
                0x0000000000426b40                fseek
                0x0000000000426c1e                ftell
                0x0000000000426c5f                fputc
                0x0000000000426cdd                fgetc
                0x0000000000426e50                fread
 .text          0x0000000000426f0d      0x4fb stdlib.o
                0x0000000000426f0d                malloc
                0x0000000000426f7c                free
                0x0000000000426fc8                i2hex
                0x0000000000427236                utoa
                0x00000000004272c1                itoa
 .text          0x0000000000427408      0x14a sse_memcpy.o
                0x0000000000427408                sse_memcpy
 .text          0x0000000000427552      0x140 panic.o
                0x0000000000427552                kernel_panic
 .text          0x0000000000427692      0xa9d msi.o
                0x0000000000427692                msi_vector_install
                0x0000000000427cec                default_mas
                0x0000000000427d4b                msi_function
                0x0000000000427e01                apic_send_msi
                0x00000000004280fc                apic_send_msix
 .text          0x000000000042812f      0x6f6 communication.o
                0x00000000004281c1                commun_switch
                0x00000000004285e7                kernel_thread_communication
 .text          0x0000000000428825      0x1e4 argv.o
                0x00000000004288da                format_argv
                0x0000000000429000                . = ALIGN (0x1000)
 *fill*         0x0000000000428a09      0x5f7 

.iplt           0x0000000000429000        0x0
 .iplt          0x0000000000429000        0x0 setup.o

.data           0x0000000000429000    0x16000
                0x0000000000429000                data = .
                0x0000000000429000                _data = .
                0x0000000000429000                __data = .
 *(.data)
 .data          0x0000000000429000        0x8 setup.o
                0x0000000000429000                _rsp0
 .data          0x0000000000429008        0x0 main.o
 .data          0x0000000000429008        0x0 io.o
 .data          0x0000000000429008        0x0 gdt.o
 .data          0x0000000000429008        0x0 tss.o
 .data          0x0000000000429008        0x0 idt.o
 *fill*         0x0000000000429008        0x8 
 .data          0x0000000000429010      0x600 vetor.o
                0x0000000000429010                SavedFloats
                0x0000000000429210                SavedFloats2
                0x0000000000429410                SavedFloats3
 .data          0x0000000000429610        0x0 exception.o
 .data          0x0000000000429610        0x0 data.o
 .data          0x0000000000429610        0x0 server.o
 .data          0x0000000000429610        0x0 smp.o
 .data          0x0000000000429610        0x0 delay.o
 .data          0x0000000000429610        0x0 paging.o
 .data          0x0000000000429610        0x0 mm.o
 .data          0x0000000000429610        0x0 cpuid.o
 .data          0x0000000000429610        0x0 msr.o
 .data          0x0000000000429610        0x0 lvt.o
 .data          0x0000000000429610        0x0 irq.o
 .data          0x0000000000429610        0x0 apic.o
 .data          0x0000000000429610        0x0 apic_timer.o
 .data          0x0000000000429610        0x0 ioapic.o
 .data          0x0000000000429610        0x0 intr.o
 .data          0x0000000000429610        0x0 sleep.o
 .data          0x0000000000429610        0x0 thread.o
 .data          0x0000000000429610        0x0 exectve.o
 .data          0x0000000000429610        0x0 syscall.o
 .data          0x0000000000429610        0x0 console.o
 .data          0x0000000000429610        0x0 exit.o
 .data          0x0000000000429610        0x0 sse.o
 .data          0x0000000000429610        0x0 pci.o
 .data          0x0000000000429610        0x0 i965.o
 *fill*         0x0000000000429610       0x10 
 .data          0x0000000000429620      0x168 cursor.o
                0x0000000000429620                cursor18x18
 .data          0x0000000000429788        0x0 acpi.o
 .data          0x0000000000429788        0x0 hpet.o
 .data          0x0000000000429788        0x0 lpc.o
 .data          0x0000000000429788        0x0 pit.o
 .data          0x0000000000429788        0x0 ps2.o
 .data          0x0000000000429788        0x4 mouse.o
                0x0000000000429788                speed
 .data          0x000000000042978c        0x0 keyboard.o
 .data          0x000000000042978c        0x0 ahci.o
 .data          0x000000000042978c        0x0 ide.o
 .data          0x000000000042978c        0x0 storage.o
 .data          0x000000000042978c        0x0 rtc.o
 .data          0x000000000042978c        0x0 hda.o
 .data          0x000000000042978c        0x0 speaker.o
 .data          0x000000000042978c        0x0 e1000.o
 .data          0x000000000042978c        0x0 ethernet.o
 .data          0x000000000042978c        0x0 arp.o
 .data          0x000000000042978c        0x0 udp.o
 .data          0x000000000042978c        0x0 ipv4.o
 .data          0x000000000042978c        0x0 dhcp.o
 .data          0x000000000042978c        0x0 tcp.o
 .data          0x000000000042978c        0x0 checksum.o
 .data          0x000000000042978c        0x0 rtl8169.o
 .data          0x000000000042978c        0x0 pcnet.o
 .data          0x000000000042978c        0x0 vmnet.o
 .data          0x000000000042978c        0x0 port.o
 .data          0x000000000042978c        0x0 bga.o
 .data          0x000000000042978c        0x0 video.o
 .data          0x000000000042978c        0x0 gui.o
 .data          0x000000000042978c        0x0 compositor.o
 .data          0x000000000042978c        0x0 window_server.o
 *fill*         0x000000000042978c       0x14 
 .data          0x00000000004297a0     0x1000 font8x16.o
                0x00000000004297a0                font8x16
 .data          0x000000000042a7a0       0x40 terminal.o
 .data          0x000000000042a7e0        0x0 std.o
 .data          0x000000000042a7e0        0x0 cfs.o
 .data          0x000000000042a7e0        0x0 pipe.o
 .data          0x000000000042a7e0        0x0 socket.o
 .data          0x000000000042a7e0        0x0 elf.o
 .data          0x000000000042a7e0        0x0 bind.o
 .data          0x000000000042a7e0        0x0 inet.o
 .data          0x000000000042a7e0        0x0 recvfrom.o
 .data          0x000000000042a7e0        0x0 sendto.o
 .data          0x000000000042a7e0        0x0 string.o
 .data          0x000000000042a7e0        0x0 vsprintf.o
 .data          0x000000000042a7e0        0x0 stdio.o
 .data          0x000000000042a7e0        0x0 stdlib.o
 .data          0x000000000042a7e0        0x0 sse_memcpy.o
 .data          0x000000000042a7e0        0x0 panic.o
 .data          0x000000000042a7e0        0x0 msi.o
 .data          0x000000000042a7e0        0x0 communication.o
 .data          0x000000000042a7e0        0x0 argv.o
 *(.rodata)
 .rodata        0x000000000042a7e0      0x25b main.o
 .rodata        0x000000000042aa3b        0xa idt.o
 *fill*         0x000000000042aa45        0x3 
 .rodata        0x000000000042aa48      0x416 exception.o
 *fill*         0x000000000042ae5e        0x2 
 .rodata        0x000000000042ae60       0xf8 smp.o
 .rodata        0x000000000042af58       0x5d mm.o
 *fill*         0x000000000042afb5        0x3 
 .rodata        0x000000000042afb8      0x130 lvt.o
 .rodata        0x000000000042b0e8       0x1c irq.o
 .rodata        0x000000000042b104       0x33 apic.o
 .rodata        0x000000000042b137       0x15 apic_timer.o
 .rodata        0x000000000042b14c        0xa intr.o
 .rodata        0x000000000042b156       0x19 thread.o
 *fill*         0x000000000042b16f        0x1 
 .rodata        0x000000000042b170       0x48 syscall.o
 .rodata        0x000000000042b1b8      0x215 console.o
 .rodata        0x000000000042b3cd       0x2e sse.o
 *fill*         0x000000000042b3fb        0x5 
 .rodata        0x000000000042b400     0x15ff pci.o
 *fill*         0x000000000042c9ff        0x1 
 .rodata        0x000000000042ca00       0x3d i965.o
 *fill*         0x000000000042ca3d        0x3 
 .rodata        0x000000000042ca40       0xc7 acpi.o
 .rodata        0x000000000042cb07       0x14 hpet.o
 *fill*         0x000000000042cb1b        0x5 
 .rodata        0x000000000042cb20       0x31 lpc.o
 .rodata        0x000000000042cb51       0x1d mouse.o
 *fill*         0x000000000042cb6e       0x12 
 .rodata        0x000000000042cb80      0x253 keyboard.o
                0x000000000042cb80                ascii_minusculas
                0x000000000042cc80                ascii_maiusculas
 *fill*         0x000000000042cdd3      0x22d 
 .rodata        0x000000000042d000    0x108cf ahci.o
 *fill*         0x000000000043d8cf        0x1 
 .rodata        0x000000000043d8d0       0xb1 ide.o
 *fill*         0x000000000043d981        0x7 
 .rodata        0x000000000043d988      0x139 storage.o
 .rodata        0x000000000043dac1       0x12 rtc.o
 *fill*         0x000000000043dad3        0x5 
 .rodata        0x000000000043dad8      0x342 hda.o
 *fill*         0x000000000043de1a        0x6 
 .rodata        0x000000000043de20      0x223 e1000.o
 *fill*         0x000000000043e043        0x5 
 .rodata        0x000000000043e048      0x1f1 ethernet.o
 *fill*         0x000000000043e239        0x7 
 .rodata        0x000000000043e240      0x1b1 arp.o
 .rodata        0x000000000043e3f1       0x15 ipv4.o
 .rodata        0x000000000043e406       0xa5 dhcp.o
 *fill*         0x000000000043e4ab        0x5 
 .rodata        0x000000000043e4b0      0x1f3 rtl8169.o
 *fill*         0x000000000043e6a3        0x5 
 .rodata        0x000000000043e6a8      0x1ae pcnet.o
 *fill*         0x000000000043e856        0x2 
 .rodata        0x000000000043e858       0x74 vmnet.o
 *fill*         0x000000000043e8cc        0x4 
 .rodata        0x000000000043e8d0       0x71 video.o
 .rodata        0x000000000043e941       0x14 std.o
 *fill*         0x000000000043e955        0x3 
 .rodata        0x000000000043e958       0xad elf.o
 *fill*         0x000000000043ea05        0x3 
 .rodata        0x000000000043ea08      0x110 vsprintf.o
 .rodata        0x000000000043eb18        0x9 stdio.o
 .rodata        0x000000000043eb21        0xf panic.o
 .rodata        0x000000000043eb30       0x2b msi.o
 *fill*         0x000000000043eb5b        0x5 
 .rodata        0x000000000043eb60       0xb8 communication.o
                0x000000000043f000                . = ALIGN (0x1000)
 *fill*         0x000000000043ec18      0x3e8 

.got            0x000000000043f000      0x550
 .got           0x000000000043f000      0x550 setup.o

.got.plt        0x000000000043f550       0x18
 .got.plt       0x000000000043f550       0x18 setup.o
                0x000000000043f550                _GLOBAL_OFFSET_TABLE_

.igot.plt       0x000000000043f568        0x0
 .igot.plt      0x000000000043f568        0x0 setup.o

.data.rel.local
                0x000000000043f580     0x1dc0
 .data.rel.local
                0x000000000043f580      0x100 exception.o
                0x000000000043f580                exception_mensagem
 .data.rel.local
                0x000000000043f680       0xc0 irq.o
                0x000000000043f680                fnvetors_handler
 .data.rel.local
                0x000000000043f740       0x98 syscall.o
                0x000000000043f740                fnvetors_syscall
 *fill*         0x000000000043f7d8        0x8 
 .data.rel.local
                0x000000000043f7e0      0x1b0 console.o
                0x000000000043f7e0                cmd_table
 *fill*         0x000000000043f990       0x10 
 .data.rel.local
                0x000000000043f9a0     0x1400 pci.o
                0x000000000043f9a0                pci_classes
                0x00000000004401a0                pci_class_names
 .data.rel.local
                0x0000000000440da0       0x20 mouse.o
                0x0000000000440da0                id_mouse_strings
 .data.rel.local
                0x0000000000440dc0       0x38 ahci.o
                0x0000000000440dc0                ahci_type
 *fill*         0x0000000000440df8        0x8 
 .data.rel.local
                0x0000000000440e00       0x48 dhcp.o
                0x0000000000440e00                string_dhcp_message
 *fill*         0x0000000000440e48       0x18 
 .data.rel.local
                0x0000000000440e60      0x3d0 rtl8169.o
 *fill*         0x0000000000441230       0x10 
 .data.rel.local
                0x0000000000441240      0x100 msi.o

.bss            0x0000000000441340    0x27cc0
                0x0000000000441340                bss = .
                0x0000000000441340                _bss = .
                0x0000000000441340                __bss = .
 *(.bss)
 .bss           0x0000000000441340    0x20000 setup.o
 .bss           0x0000000000461340        0x0 main.o
 .bss           0x0000000000461340        0x0 io.o
 .bss           0x0000000000461340        0x0 gdt.o
 .bss           0x0000000000461340        0x0 tss.o
 .bss           0x0000000000461340        0x0 idt.o
 .bss           0x0000000000461340        0x0 exception.o
 .bss           0x0000000000461340        0x0 data.o
 .bss           0x0000000000461340        0x0 server.o
 .bss           0x0000000000461340        0x0 smp.o
 .bss           0x0000000000461340        0x0 delay.o
 .bss           0x0000000000461340       0x20 paging.o
                0x0000000000461340                pml4e
                0x0000000000461348                pdpte
                0x0000000000461350                pae_pde
                0x0000000000461358                pae_pte
 .bss           0x0000000000461360        0x0 mm.o
 .bss           0x0000000000461360        0x0 cpuid.o
 .bss           0x0000000000461360        0x0 msr.o
 .bss           0x0000000000461360        0x0 lvt.o
 .bss           0x0000000000461360        0x0 irq.o
 .bss           0x0000000000461360        0x0 apic.o
 .bss           0x0000000000461360        0x0 apic_timer.o
 .bss           0x0000000000461360        0x0 ioapic.o
 .bss           0x0000000000461360        0x0 intr.o
 .bss           0x0000000000461360        0x0 sleep.o
 .bss           0x0000000000461360        0x0 thread.o
 .bss           0x0000000000461360        0x0 exectve.o
 .bss           0x0000000000461360        0x0 syscall.o
 .bss           0x0000000000461360        0x8 console.o
                0x0000000000461360                call_loader
 .bss           0x0000000000461368        0x0 exit.o
 .bss           0x0000000000461368        0x0 sse.o
 .bss           0x0000000000461368        0x0 pci.o
 .bss           0x0000000000461368        0x0 i965.o
 .bss           0x0000000000461368        0x0 cursor.o
 .bss           0x0000000000461368        0x0 acpi.o
 *fill*         0x0000000000461368       0x18 
 .bss           0x0000000000461380      0x100 hpet.o
 .bss           0x0000000000461480        0x0 lpc.o
 .bss           0x0000000000461480        0x0 pit.o
 .bss           0x0000000000461480        0x0 ps2.o
 .bss           0x0000000000461480        0x4 mouse.o
                0x0000000000461480                mouse_position
 *fill*         0x0000000000461484        0x4 
 .bss           0x0000000000461488       0x18 keyboard.o
                0x0000000000461488                kbd_irq_ack
 .bss           0x00000000004614a0        0x0 ahci.o
 .bss           0x00000000004614a0        0x0 ide.o
 .bss           0x00000000004614a0        0x8 storage.o
                0x00000000004614a0                ata_pci
 .bss           0x00000000004614a8        0x1 rtc.o
 .bss           0x00000000004614a9        0x0 hda.o
 .bss           0x00000000004614a9        0x0 speaker.o
 *fill*         0x00000000004614a9        0x7 
 .bss           0x00000000004614b0       0x10 e1000.o
 .bss           0x00000000004614c0        0x8 ethernet.o
                0x00000000004614c0                package_recieved_ack
 .bss           0x00000000004614c8        0x0 arp.o
 .bss           0x00000000004614c8        0x0 udp.o
 .bss           0x00000000004614c8        0x4 ipv4.o
                0x00000000004614c8                ipv4_count
 .bss           0x00000000004614cc        0x0 dhcp.o
 .bss           0x00000000004614cc        0x0 tcp.o
 .bss           0x00000000004614cc        0x0 checksum.o
 .bss           0x00000000004614cc        0x0 rtl8169.o
 .bss           0x00000000004614cc        0x4 pcnet.o
 .bss           0x00000000004614d0        0x8 vmnet.o
 .bss           0x00000000004614d8        0x0 port.o
 .bss           0x00000000004614d8        0x0 bga.o
 .bss           0x00000000004614d8        0x0 video.o
 .bss           0x00000000004614d8        0x0 gui.o
 .bss           0x00000000004614d8        0x0 compositor.o
 .bss           0x00000000004614d8        0x0 window_server.o
 .bss           0x00000000004614d8        0x0 font8x16.o
 .bss           0x00000000004614d8        0x0 terminal.o
 .bss           0x00000000004614d8        0x0 std.o
 .bss           0x00000000004614d8        0x0 cfs.o
 .bss           0x00000000004614d8        0x0 pipe.o
 .bss           0x00000000004614d8        0x2 socket.o
 .bss           0x00000000004614da        0x0 elf.o
 .bss           0x00000000004614da        0x0 bind.o
 .bss           0x00000000004614da        0x0 inet.o
 .bss           0x00000000004614da        0x0 recvfrom.o
 .bss           0x00000000004614da        0x0 sendto.o
 .bss           0x00000000004614da        0x0 string.o
 .bss           0x00000000004614da        0x0 vsprintf.o
 .bss           0x00000000004614da        0x0 stdio.o
 .bss           0x00000000004614da        0x0 stdlib.o
 .bss           0x00000000004614da        0x0 sse_memcpy.o
 .bss           0x00000000004614da        0x0 panic.o
 .bss           0x00000000004614da        0x0 msi.o
 *fill*         0x00000000004614da        0x6 
 .bss           0x00000000004614e0        0x8 communication.o
                0x00000000004614e0                memory
 .bss           0x00000000004614e8        0x0 argv.o
 *(COMMON)
 COMMON         0x00000000004614e8       0x28 main.o
                0x00000000004614e8                mult_task
                0x00000000004614f0                user
                0x00000000004614f8                CPUID_REQUEST
                0x00000000004614fc                launcher
                0x0000000000461500                no
                0x0000000000461508                syspwd
 *fill*         0x0000000000461510       0x10 
 COMMON         0x0000000000461520      0x120 gdt.o
                0x0000000000461520                gdtr
                0x0000000000461540                gdt
 COMMON         0x0000000000461640       0x68 tss.o
                0x0000000000461640                tss
 *fill*         0x00000000004616a8       0x18 
 COMMON         0x00000000004616c0     0x100a idt.o
                0x00000000004616c0                idt
                0x00000000004626c0                idtr
 *fill*         0x00000000004626ca        0x6 
 COMMON         0x00000000004626d0       0x25 data.o
                0x00000000004626d0                interrupt_status
                0x00000000004626d8                kernelmouse
                0x00000000004626e0                dv_uid
                0x00000000004626e8                pipe_launcher
                0x00000000004626f0                tmpnam
                0x00000000004626f4                dv_num
 *fill*         0x00000000004626f5        0xb 
 COMMON         0x0000000000462700       0x50 server.o
                0x0000000000462700                thread_id
                0x0000000000462720                server_id
 *fill*         0x0000000000462750       0x10 
 COMMON         0x0000000000462760      0x112 smp.o
                0x0000000000462760                core
 *fill*         0x0000000000462872        0x6 
 COMMON         0x0000000000462878       0x38 mm.o
                0x0000000000462878                PAGE_BITMAP
                0x0000000000462880                alloc_pte
                0x0000000000462888                alloc_pde
                0x0000000000462890                RAM_BITMAP
                0x0000000000462898                alloc_spin_lock
                0x00000000004628a0                device_pde
                0x00000000004628a8                g_mm_mp_index
 COMMON         0x00000000004628b0       0x10 apic.o
                0x00000000004628b0                localId
                0x00000000004628b8                lapicbase
 COMMON         0x00000000004628c0        0x4 apic_timer.o
                0x00000000004628c0                apic_timer_ticks
 *fill*         0x00000000004628c4       0x1c 
 COMMON         0x00000000004628e0       0xc8 ioapic.o
                0x00000000004628e0                ioapic_redir_table
                0x00000000004629a0                ioapic_base
 COMMON         0x00000000004629a8      0x1f0 thread.o
                0x00000000004629a8                context2_r15
                0x00000000004629b0                context2_rsp0
                0x00000000004629b8                context2_r12
                0x00000000004629c0                context2_gs
                0x00000000004629c8                context_rcx
                0x00000000004629d0                context2_ds
                0x00000000004629d8                context_r12
                0x00000000004629e0                context_rax
                0x00000000004629e8                context_ds
                0x00000000004629f0                context2_ss
                0x00000000004629f8                current_thread
                0x0000000000462a00                context2_cs
                0x0000000000462a08                current_thread2
                0x0000000000462a10                context2_pid
                0x0000000000462a18                context_rsi
                0x0000000000462a20                context2_r13
                0x0000000000462a28                context2_rbp
                0x0000000000462a30                context_r9
                0x0000000000462a38                context_rdx
                0x0000000000462a40                context_rflag
                0x0000000000462a48                current_thread1
                0x0000000000462a50                context_fxsave
                0x0000000000462a58                context2_rdx
                0x0000000000462a60                context_cs
                0x0000000000462a68                context_rsp0
                0x0000000000462a70                context2_es
                0x0000000000462a78                thread_ready_queue
                0x0000000000462a80                context_cr3
                0x0000000000462a88                context_rsp
                0x0000000000462a90                context_fs
                0x0000000000462a98                context2_rax
                0x0000000000462aa0                context_rbp
                0x0000000000462aa8                context_r8
                0x0000000000462ab0                context2_rcx
                0x0000000000462ab8                context_r15
                0x0000000000462ac0                context2_rflag
                0x0000000000462ac8                context_ss
                0x0000000000462ad0                context2_r14
                0x0000000000462ad8                context2_fs
                0x0000000000462ae0                context2_rbx
                0x0000000000462ae8                context2_r11
                0x0000000000462af0                context2_cr3
                0x0000000000462af8                next_pid
                0x0000000000462b00                context_gs
                0x0000000000462b08                context_r11
                0x0000000000462b10                context2_r9
                0x0000000000462b18                first_thread2
                0x0000000000462b20                context2_r10
                0x0000000000462b28                context2_rip
                0x0000000000462b30                context2_fxsave
                0x0000000000462b38                context2_rsp
                0x0000000000462b40                context_r13
                0x0000000000462b48                context_r10
                0x0000000000462b50                context_rip
                0x0000000000462b58                context_pid
                0x0000000000462b60                context_rbx
                0x0000000000462b68                context_r14
                0x0000000000462b70                context2_r8
                0x0000000000462b78                context2_rsi
                0x0000000000462b80                context_rdi
                0x0000000000462b88                context2_rdi
                0x0000000000462b90                context_es
 COMMON         0x0000000000462b98        0x8 syscall.o
                0x0000000000462b98                ret
 COMMON         0x0000000000462ba0       0x78 i965.o
                0x0000000000462ba0                fb
                0x0000000000462bc0                mode
                0x0000000000462be0                gtt
 COMMON         0x0000000000462c18       0x50 acpi.o
                0x0000000000462c18                fadt
                0x0000000000462c20                acpi_physical_init
                0x0000000000462c28                SLP_TYPa
                0x0000000000462c30                hpet
                0x0000000000462c38                xsdt
                0x0000000000462c40                rsdt
                0x0000000000462c48                dsdt
                0x0000000000462c50                SLP_TYPb
                0x0000000000462c58                acpi_virtual_addr
                0x0000000000462c60                rsdp
 COMMON         0x0000000000462c68       0x10 hpet.o
                0x0000000000462c68                hpet_register
                0x0000000000462c70                period
 COMMON         0x0000000000462c78       0x10 pit.o
                0x0000000000462c78                eticks
                0x0000000000462c80                timer_ticks
 COMMON         0x0000000000462c88       0x24 mouse.o
                0x0000000000462c88                mouse_x
                0x0000000000462c8c                count_mouse
                0x0000000000462c90                mouse2
                0x0000000000462c98                first_time
                0x0000000000462c9c                buttons
                0x0000000000462ca0                mouse
                0x0000000000462ca8                mouse_y
 COMMON         0x0000000000462cac        0x4 keyboard.o
                0x0000000000462cac                key_buffer
                0x0000000000462cae                led_status
                0x0000000000462caf                keyboard_charset
 *fill*         0x0000000000462cb0       0x10 
 COMMON         0x0000000000462cc0      0x220 ahci.o
                0x0000000000462cc0                dmavirt
                0x0000000000462cc8                dmaphy
                0x0000000000462cd0                HBA_BASE
                0x0000000000462cd8                hba_mem_space
                0x0000000000462ce0                sata_idtfy
 COMMON         0x0000000000462ee0        0x8 ide.o
                0x0000000000462ee0                ata_record_channel
                0x0000000000462ee4                ata_record_dev
 *fill*         0x0000000000462ee8       0x18 
 COMMON         0x0000000000462f00      0x830 storage.o
                0x0000000000462f00                ATA_BAR1
                0x0000000000462f04                ATA_BAR4
                0x0000000000462f20                ata
                0x0000000000463720                ATA_BAR0
                0x0000000000463724                ATA_BAR3
                0x0000000000463728                ATA_BAR2
                0x000000000046372c                ATA_BAR5
 COMMON         0x0000000000463730        0x8 rtc.o
                0x0000000000463730                clock
 *fill*         0x0000000000463738        0x8 
 COMMON         0x0000000000463740       0xd4 hda.o
                0x0000000000463740                corb_pointer
                0x0000000000463744                HDBARL
                0x0000000000463748                hda_base
                0x0000000000463750                HDA_MEM_SIZE
                0x0000000000463754                beep_node
                0x0000000000463760                hda_widget
                0x00000000004637e0                output_node
                0x00000000004637e8                HDA_STREAM_MEMORY
                0x00000000004637f0                RIRB_MEMORY
                0x00000000004637f8                HDA_MEM
                0x0000000000463800                CORB_MEMORY
                0x0000000000463808                hda_max_volume
                0x000000000046380c                HDBARU
                0x0000000000463810                input_node
 *fill*         0x0000000000463814        0xc 
 COMMON         0x0000000000463820      0x180 e1000.o
                0x0000000000463820                tx_descs
                0x0000000000463860                rx_memory
                0x0000000000463880                rx_descs
                0x0000000000463980                tx_memory
 COMMON         0x00000000004639a0      0x2e4 ethernet.o
                0x00000000004639a0                our_ip
                0x00000000004639a4                local_ip
                0x00000000004639a8                router_ip
                0x00000000004639c0                packege_desc_buffer
                0x0000000000463c40                default_ethernet_device
                0x0000000000463c61                dns_ip
                0x0000000000463c65                dhcp_ip
                0x0000000000463c70                default_ethernet_package_descriptor
 *fill*         0x0000000000463c84       0x1c 
 COMMON         0x0000000000463ca0     0x2800 arp.o
                0x0000000000463ca0                arp_cache
 COMMON         0x00000000004664a0        0x8 ipv4.o
                0x00000000004664a0                ipv4_cache
 COMMON         0x00000000004664a8        0x8 tcp.o
                0x00000000004664a8                queue_conn
 *fill*         0x00000000004664b0       0x10 
 COMMON         0x00000000004664c0     0x1068 rtl8169.o
                0x00000000004664c0                re_soft
                0x0000000000467520                re_base_addr
 *fill*         0x0000000000467528       0x18 
 COMMON         0x0000000000467540      0x1d0 pcnet.o
                0x0000000000467540                pcnet_block
                0x0000000000467560                pcnet_softc
 *fill*         0x0000000000467710       0x10 
 COMMON         0x0000000000467720      0x800 vmnet.o
                0x0000000000467720                rx_desc
 COMMON         0x0000000000467f20        0x8 port.o
                0x0000000000467f20                port_bitmap
 *fill*         0x0000000000467f28       0x18 
 COMMON         0x0000000000467f40       0x68 gui.o
                0x0000000000467f40                gui
 COMMON         0x0000000000467fa8       0x38 compositor.o
                0x0000000000467fa8                rf
                0x0000000000467fb0                window_count
                0x0000000000467fb8                screan_spin_lock
                0x0000000000467fc0                paint
                0x0000000000467fc8                gid
                0x0000000000467fd0                paint_ready_queue
                0x0000000000467fd8                paint_foco
 COMMON         0x0000000000467fe0        0x4 window_server.o
                0x0000000000467fe0                w_remove_spinlock
 *fill*         0x0000000000467fe4        0x4 
 COMMON         0x0000000000467fe8       0x30 std.o
                0x0000000000467fe8                stdout
                0x0000000000467ff0                _stderr
                0x0000000000467ff8                _stdin
                0x0000000000468000                stdin
                0x0000000000468008                _stdout
                0x0000000000468010                stderr
 COMMON         0x0000000000468018        0x8 cfs.o
                0x0000000000468018                fs_directory
 COMMON         0x0000000000468020      0x4cc socket.o
                0x0000000000468020                current_saddr
                0x0000000000468028                row_cur
                0x0000000000468040                sockt_receive_row
                0x00000000004684e0                saddr_ready_queue
                0x00000000004684e8                socket_next_id
 COMMON         0x00000000004684ec        0x4 stdio.o
                0x00000000004684ec                VERBOSE
 COMMON         0x00000000004684f0        0x4 msi.o
                0x00000000004684f0                vector_msi
                0x0000000000469000                . = ALIGN (0x1000)
 *fill*         0x00000000004684f4      0xb0c 

.eh_frame       0x0000000000469000     0x5000
                0x0000000000469000                eh_frame = .
 *(.eh_frame)
 .eh_frame      0x0000000000469000       0x48 main.o
 .eh_frame      0x0000000000469048       0x20 io.o
                                         0x38 (size before relaxing)
 .eh_frame      0x0000000000469068       0x50 gdt.o
                                         0x68 (size before relaxing)
 .eh_frame      0x00000000004690b8       0x48 tss.o
                                         0x60 (size before relaxing)
 .eh_frame      0x0000000000469100       0xd8 idt.o
                                         0xf0 (size before relaxing)
 .eh_frame      0x00000000004691d8       0x50 exception.o
                                         0x68 (size before relaxing)
 .eh_frame      0x0000000000469228       0x68 server.o
                                         0x80 (size before relaxing)
 .eh_frame      0x0000000000469290       0x70 smp.o
                                         0x88 (size before relaxing)
 .eh_frame      0x0000000000469300       0x40 delay.o
                                         0x58 (size before relaxing)
 .eh_frame      0x0000000000469340       0xc0 paging.o
                                         0xd8 (size before relaxing)
 .eh_frame      0x0000000000469400      0x228 mm.o
                                        0x240 (size before relaxing)
 .eh_frame      0x0000000000469628       0x90 cpuid.o
                                         0xa8 (size before relaxing)
 .eh_frame      0x00000000004696b8       0x40 msr.o
                                         0x58 (size before relaxing)
 .eh_frame      0x00000000004696f8       0x88 lvt.o
                                         0xa0 (size before relaxing)
 .eh_frame      0x0000000000469780       0x78 irq.o
                                         0x90 (size before relaxing)
 .eh_frame      0x00000000004697f8      0x140 apic.o
                                        0x158 (size before relaxing)
 .eh_frame      0x0000000000469938       0xa0 apic_timer.o
                                         0xb8 (size before relaxing)
 .eh_frame      0x00000000004699d8       0xf8 ioapic.o
                                        0x110 (size before relaxing)
 .eh_frame      0x0000000000469ad0       0x50 intr.o
                                         0x68 (size before relaxing)
 .eh_frame      0x0000000000469b20       0x28 sleep.o
                                         0x40 (size before relaxing)
 .eh_frame      0x0000000000469b48      0x178 thread.o
                                        0x190 (size before relaxing)
 .eh_frame      0x0000000000469cc0       0x58 exectve.o
                                         0x70 (size before relaxing)
 .eh_frame      0x0000000000469d18      0x300 syscall.o
                                        0x318 (size before relaxing)
 .eh_frame      0x000000000046a018      0x290 console.o
                                        0x2a8 (size before relaxing)
 .eh_frame      0x000000000046a2a8       0x58 exit.o
                                         0x70 (size before relaxing)
 .eh_frame      0x000000000046a300       0xc8 sse.o
                                         0xe0 (size before relaxing)
 .eh_frame      0x000000000046a3c8      0x238 pci.o
                                        0x250 (size before relaxing)
 .eh_frame      0x000000000046a600      0x240 i965.o
                                        0x258 (size before relaxing)
 .eh_frame      0x000000000046a840       0x68 cursor.o
                                         0x80 (size before relaxing)
 .eh_frame      0x000000000046a8a8      0x148 acpi.o
                                        0x160 (size before relaxing)
 .eh_frame      0x000000000046a9f0       0xa0 hpet.o
                                         0xb8 (size before relaxing)
 .eh_frame      0x000000000046aa90       0x48 lpc.o
                                         0x60 (size before relaxing)
 .eh_frame      0x000000000046aad8       0xc8 pit.o
                                         0xe0 (size before relaxing)
 .eh_frame      0x000000000046aba0       0x88 ps2.o
                                         0xa0 (size before relaxing)
 .eh_frame      0x000000000046ac28       0xf0 mouse.o
                                        0x108 (size before relaxing)
 .eh_frame      0x000000000046ad18      0x128 keyboard.o
                                        0x140 (size before relaxing)
 .eh_frame      0x000000000046ae40      0x218 ahci.o
                                        0x230 (size before relaxing)
 .eh_frame      0x000000000046b058      0x248 ide.o
                                        0x260 (size before relaxing)
 .eh_frame      0x000000000046b2a0       0xb0 storage.o
                                         0xc8 (size before relaxing)
 .eh_frame      0x000000000046b350      0x100 rtc.o
                                        0x118 (size before relaxing)
 .eh_frame      0x000000000046b450      0x270 hda.o
                                        0x288 (size before relaxing)
 .eh_frame      0x000000000046b6c0       0x88 speaker.o
                                         0xa0 (size before relaxing)
 .eh_frame      0x000000000046b748      0x190 e1000.o
                                        0x1a8 (size before relaxing)
 .eh_frame      0x000000000046b8d8      0x1d8 ethernet.o
                                        0x1f0 (size before relaxing)
 .eh_frame      0x000000000046bab0      0x178 arp.o
                                        0x190 (size before relaxing)
 .eh_frame      0x000000000046bc28       0x78 udp.o
                                         0x90 (size before relaxing)
 .eh_frame      0x000000000046bca0       0x50 ipv4.o
                                         0x68 (size before relaxing)
 .eh_frame      0x000000000046bcf0       0x98 dhcp.o
                                         0xb0 (size before relaxing)
 .eh_frame      0x000000000046bd88      0x120 tcp.o
                                        0x138 (size before relaxing)
 .eh_frame      0x000000000046bea8       0x40 checksum.o
                                         0x58 (size before relaxing)
 .eh_frame      0x000000000046bee8      0x2c8 rtl8169.o
                                        0x2e0 (size before relaxing)
 .eh_frame      0x000000000046c1b0      0x1a0 pcnet.o
                                        0x1b8 (size before relaxing)
 .eh_frame      0x000000000046c350      0x138 vmnet.o
                                        0x150 (size before relaxing)
 .eh_frame      0x000000000046c488       0x88 port.o
                                         0xa0 (size before relaxing)
 .eh_frame      0x000000000046c510       0xd0 bga.o
                                         0xe8 (size before relaxing)
 .eh_frame      0x000000000046c5e0       0x30 video.o
                                         0x48 (size before relaxing)
 .eh_frame      0x000000000046c610      0x128 gui.o
                                        0x140 (size before relaxing)
 .eh_frame      0x000000000046c738      0x110 compositor.o
                                        0x128 (size before relaxing)
 .eh_frame      0x000000000046c848       0x20 window_server.o
                                         0x38 (size before relaxing)
 .eh_frame      0x000000000046c868       0xb8 terminal.o
                                         0xd0 (size before relaxing)
 .eh_frame      0x000000000046c920       0x98 std.o
                                         0xb0 (size before relaxing)
 .eh_frame      0x000000000046c9b8      0x118 cfs.o
                                        0x130 (size before relaxing)
 .eh_frame      0x000000000046cad0       0x68 pipe.o
                                         0x80 (size before relaxing)
 .eh_frame      0x000000000046cb38      0x150 socket.o
                                        0x168 (size before relaxing)
 .eh_frame      0x000000000046cc88       0x48 elf.o
                                         0x60 (size before relaxing)
 .eh_frame      0x000000000046ccd0       0x50 bind.o
                                         0x68 (size before relaxing)
 .eh_frame      0x000000000046cd20       0x20 inet.o
                                         0x38 (size before relaxing)
 .eh_frame      0x000000000046cd40       0x30 recvfrom.o
                                         0x48 (size before relaxing)
 .eh_frame      0x000000000046cd70       0x30 sendto.o
                                         0x48 (size before relaxing)
 .eh_frame      0x000000000046cda0       0xc0 string.o
                                         0xd8 (size before relaxing)
 .eh_frame      0x000000000046ce60       0x50 vsprintf.o
                                         0x68 (size before relaxing)
 .eh_frame      0x000000000046ceb0      0x198 stdio.o
                                        0x1b0 (size before relaxing)
 .eh_frame      0x000000000046d048       0xd8 stdlib.o
                                         0xf0 (size before relaxing)
 .eh_frame      0x000000000046d120       0x20 sse_memcpy.o
                                         0x38 (size before relaxing)
 .eh_frame      0x000000000046d140       0x20 panic.o
                                         0x38 (size before relaxing)
 .eh_frame      0x000000000046d160       0xc8 msi.o
                                         0xe0 (size before relaxing)
 .eh_frame      0x000000000046d228       0x90 communication.o
                                         0xa8 (size before relaxing)
 .eh_frame      0x000000000046d2b8       0x4c argv.o
                                         0x68 (size before relaxing)
                0x000000000046e000                . = ALIGN (0x1000)
 *fill*         0x000000000046d304      0xcfc 
                0x000000000046e000                end = .
                0x000000000046e000                _end = .
                0x000000000046e000                __end = .
LOAD setup.o
LOAD main.o
LOAD io.o
LOAD gdt.o
LOAD tss.o
LOAD idt.o
LOAD vetor.o
LOAD exception.o
LOAD data.o
LOAD server.o
LOAD smp.o
LOAD delay.o
LOAD paging.o
LOAD mm.o
LOAD cpuid.o
LOAD msr.o
LOAD lvt.o
LOAD irq.o
LOAD apic.o
LOAD apic_timer.o
LOAD ioapic.o
LOAD intr.o
LOAD sleep.o
LOAD thread.o
LOAD exectve.o
LOAD syscall.o
LOAD asyscall.o
LOAD console.o
LOAD exit.o
LOAD sse.o
LOAD pci.o
LOAD i965.o
LOAD cursor.o
LOAD acpi.o
LOAD hpet.o
LOAD lpc.o
LOAD pit.o
LOAD ps2.o
LOAD mouse.o
LOAD keyboard.o
LOAD ahci.o
LOAD ide.o
LOAD storage.o
LOAD rtc.o
LOAD hda.o
LOAD speaker.o
LOAD e1000.o
LOAD ethernet.o
LOAD arp.o
LOAD udp.o
LOAD ipv4.o
LOAD dhcp.o
LOAD tcp.o
LOAD checksum.o
LOAD rtl8169.o
LOAD pcnet.o
LOAD vmnet.o
LOAD port.o
LOAD bga.o
LOAD video.o
LOAD gui.o
LOAD compositor.o
LOAD window_server.o
LOAD font8x16.o
LOAD terminal.o
LOAD std.o
LOAD cfs.o
LOAD pipe.o
LOAD socket.o
LOAD elf.o
LOAD bind.o
LOAD inet.o
LOAD recvfrom.o
LOAD sendto.o
LOAD string.o
LOAD vsprintf.o
LOAD stdio.o
LOAD stdlib.o
LOAD sse_memcpy.o
LOAD panic.o
LOAD msi.o
LOAD communication.o
LOAD argv.o
OUTPUT(kernel.bin elf64-x86-64)

.rela.dyn       0x000000000046e000        0x0
 .rela.got      0x000000000046e000        0x0 setup.o
 .rela.iplt     0x000000000046e000        0x0 setup.o
 .rela.text     0x000000000046e000        0x0 setup.o

.comment        0x0000000000000000       0x2b
 .comment       0x0000000000000000       0x2b main.o
                                         0x2c (size before relaxing)
 .comment       0x000000000000002b       0x2c io.o
 .comment       0x000000000000002b       0x2c gdt.o
 .comment       0x000000000000002b       0x2c tss.o
 .comment       0x000000000000002b       0x2c idt.o
 .comment       0x000000000000002b       0x2c exception.o
 .comment       0x000000000000002b       0x2c data.o
 .comment       0x000000000000002b       0x2c server.o
 .comment       0x000000000000002b       0x2c smp.o
 .comment       0x000000000000002b       0x2c delay.o
 .comment       0x000000000000002b       0x2c paging.o
 .comment       0x000000000000002b       0x2c mm.o
 .comment       0x000000000000002b       0x2c cpuid.o
 .comment       0x000000000000002b       0x2c msr.o
 .comment       0x000000000000002b       0x2c lvt.o
 .comment       0x000000000000002b       0x2c irq.o
 .comment       0x000000000000002b       0x2c apic.o
 .comment       0x000000000000002b       0x2c apic_timer.o
 .comment       0x000000000000002b       0x2c ioapic.o
 .comment       0x000000000000002b       0x2c intr.o
 .comment       0x000000000000002b       0x2c sleep.o
 .comment       0x000000000000002b       0x2c thread.o
 .comment       0x000000000000002b       0x2c exectve.o
 .comment       0x000000000000002b       0x2c syscall.o
 .comment       0x000000000000002b       0x2c console.o
 .comment       0x000000000000002b       0x2c exit.o
 .comment       0x000000000000002b       0x2c sse.o
 .comment       0x000000000000002b       0x2c pci.o
 .comment       0x000000000000002b       0x2c i965.o
 .comment       0x000000000000002b       0x2c cursor.o
 .comment       0x000000000000002b       0x2c acpi.o
 .comment       0x000000000000002b       0x2c hpet.o
 .comment       0x000000000000002b       0x2c lpc.o
 .comment       0x000000000000002b       0x2c pit.o
 .comment       0x000000000000002b       0x2c ps2.o
 .comment       0x000000000000002b       0x2c mouse.o
 .comment       0x000000000000002b       0x2c keyboard.o
 .comment       0x000000000000002b       0x2c ahci.o
 .comment       0x000000000000002b       0x2c ide.o
 .comment       0x000000000000002b       0x2c storage.o
 .comment       0x000000000000002b       0x2c rtc.o
 .comment       0x000000000000002b       0x2c hda.o
 .comment       0x000000000000002b       0x2c speaker.o
 .comment       0x000000000000002b       0x2c e1000.o
 .comment       0x000000000000002b       0x2c ethernet.o
 .comment       0x000000000000002b       0x2c arp.o
 .comment       0x000000000000002b       0x2c udp.o
 .comment       0x000000000000002b       0x2c ipv4.o
 .comment       0x000000000000002b       0x2c dhcp.o
 .comment       0x000000000000002b       0x2c tcp.o
 .comment       0x000000000000002b       0x2c checksum.o
 .comment       0x000000000000002b       0x2c rtl8169.o
 .comment       0x000000000000002b       0x2c pcnet.o
 .comment       0x000000000000002b       0x2c vmnet.o
 .comment       0x000000000000002b       0x2c port.o
 .comment       0x000000000000002b       0x2c bga.o
 .comment       0x000000000000002b       0x2c video.o
 .comment       0x000000000000002b       0x2c gui.o
 .comment       0x000000000000002b       0x2c compositor.o
 .comment       0x000000000000002b       0x2c window_server.o
 .comment       0x000000000000002b       0x2c font8x16.o
 .comment       0x000000000000002b       0x2c terminal.o
 .comment       0x000000000000002b       0x2c std.o
 .comment       0x000000000000002b       0x2c cfs.o
 .comment       0x000000000000002b       0x2c pipe.o
 .comment       0x000000000000002b       0x2c socket.o
 .comment       0x000000000000002b       0x2c elf.o
 .comment       0x000000000000002b       0x2c bind.o
 .comment       0x000000000000002b       0x2c inet.o
 .comment       0x000000000000002b       0x2c recvfrom.o
 .comment       0x000000000000002b       0x2c sendto.o
 .comment       0x000000000000002b       0x2c string.o
 .comment       0x000000000000002b       0x2c vsprintf.o
 .comment       0x000000000000002b       0x2c stdio.o
 .comment       0x000000000000002b       0x2c stdlib.o
 .comment       0x000000000000002b       0x2c sse_memcpy.o
 .comment       0x000000000000002b       0x2c panic.o
 .comment       0x000000000000002b       0x2c msi.o
 .comment       0x000000000000002b       0x2c communication.o
 .comment       0x000000000000002b       0x2c argv.o

.note.GNU-stack
                0x0000000000000000        0x0
 .note.GNU-stack
                0x0000000000000000        0x0 main.o
 .note.GNU-stack
                0x0000000000000000        0x0 io.o
 .note.GNU-stack
                0x0000000000000000        0x0 gdt.o
 .note.GNU-stack
                0x0000000000000000        0x0 tss.o
 .note.GNU-stack
                0x0000000000000000        0x0 idt.o
 .note.GNU-stack
                0x0000000000000000        0x0 exception.o
 .note.GNU-stack
                0x0000000000000000        0x0 data.o
 .note.GNU-stack
                0x0000000000000000        0x0 server.o
 .note.GNU-stack
                0x0000000000000000        0x0 smp.o
 .note.GNU-stack
                0x0000000000000000        0x0 delay.o
 .note.GNU-stack
                0x0000000000000000        0x0 paging.o
 .note.GNU-stack
                0x0000000000000000        0x0 mm.o
 .note.GNU-stack
                0x0000000000000000        0x0 cpuid.o
 .note.GNU-stack
                0x0000000000000000        0x0 msr.o
 .note.GNU-stack
                0x0000000000000000        0x0 lvt.o
 .note.GNU-stack
                0x0000000000000000        0x0 irq.o
 .note.GNU-stack
                0x0000000000000000        0x0 apic.o
 .note.GNU-stack
                0x0000000000000000        0x0 apic_timer.o
 .note.GNU-stack
                0x0000000000000000        0x0 ioapic.o
 .note.GNU-stack
                0x0000000000000000        0x0 intr.o
 .note.GNU-stack
                0x0000000000000000        0x0 sleep.o
 .note.GNU-stack
                0x0000000000000000        0x0 thread.o
 .note.GNU-stack
                0x0000000000000000        0x0 exectve.o
 .note.GNU-stack
                0x0000000000000000        0x0 syscall.o
 .note.GNU-stack
                0x0000000000000000        0x0 console.o
 .note.GNU-stack
                0x0000000000000000        0x0 exit.o
 .note.GNU-stack
                0x0000000000000000        0x0 sse.o
 .note.GNU-stack
                0x0000000000000000        0x0 pci.o
 .note.GNU-stack
                0x0000000000000000        0x0 i965.o
 .note.GNU-stack
                0x0000000000000000        0x0 cursor.o
 .note.GNU-stack
                0x0000000000000000        0x0 acpi.o
 .note.GNU-stack
                0x0000000000000000        0x0 hpet.o
 .note.GNU-stack
                0x0000000000000000        0x0 lpc.o
 .note.GNU-stack
                0x0000000000000000        0x0 pit.o
 .note.GNU-stack
                0x0000000000000000        0x0 ps2.o
 .note.GNU-stack
                0x0000000000000000        0x0 mouse.o
 .note.GNU-stack
                0x0000000000000000        0x0 keyboard.o
 .note.GNU-stack
                0x0000000000000000        0x0 ahci.o
 .note.GNU-stack
                0x0000000000000000        0x0 ide.o
 .note.GNU-stack
                0x0000000000000000        0x0 storage.o
 .note.GNU-stack
                0x0000000000000000        0x0 rtc.o
 .note.GNU-stack
                0x0000000000000000        0x0 hda.o
 .note.GNU-stack
                0x0000000000000000        0x0 speaker.o
 .note.GNU-stack
                0x0000000000000000        0x0 e1000.o
 .note.GNU-stack
                0x0000000000000000        0x0 ethernet.o
 .note.GNU-stack
                0x0000000000000000        0x0 arp.o
 .note.GNU-stack
                0x0000000000000000        0x0 udp.o
 .note.GNU-stack
                0x0000000000000000        0x0 ipv4.o
 .note.GNU-stack
                0x0000000000000000        0x0 dhcp.o
 .note.GNU-stack
                0x0000000000000000        0x0 tcp.o
 .note.GNU-stack
                0x0000000000000000        0x0 checksum.o
 .note.GNU-stack
                0x0000000000000000        0x0 rtl8169.o
 .note.GNU-stack
                0x0000000000000000        0x0 pcnet.o
 .note.GNU-stack
                0x0000000000000000        0x0 vmnet.o
 .note.GNU-stack
                0x0000000000000000        0x0 port.o
 .note.GNU-stack
                0x0000000000000000        0x0 bga.o
 .note.GNU-stack
                0x0000000000000000        0x0 video.o
 .note.GNU-stack
                0x0000000000000000        0x0 gui.o
 .note.GNU-stack
                0x0000000000000000        0x0 compositor.o
 .note.GNU-stack
                0x0000000000000000        0x0 window_server.o
 .note.GNU-stack
                0x0000000000000000        0x0 font8x16.o
 .note.GNU-stack
                0x0000000000000000        0x0 terminal.o
 .note.GNU-stack
                0x0000000000000000        0x0 std.o
 .note.GNU-stack
                0x0000000000000000        0x0 cfs.o
 .note.GNU-stack
                0x0000000000000000        0x0 pipe.o
 .note.GNU-stack
                0x0000000000000000        0x0 socket.o
 .note.GNU-stack
                0x0000000000000000        0x0 elf.o
 .note.GNU-stack
                0x0000000000000000        0x0 bind.o
 .note.GNU-stack
                0x0000000000000000        0x0 inet.o
 .note.GNU-stack
                0x0000000000000000        0x0 recvfrom.o
 .note.GNU-stack
                0x0000000000000000        0x0 sendto.o
 .note.GNU-stack
                0x0000000000000000        0x0 string.o
 .note.GNU-stack
                0x0000000000000000        0x0 vsprintf.o
 .note.GNU-stack
                0x0000000000000000        0x0 stdio.o
 .note.GNU-stack
                0x0000000000000000        0x0 stdlib.o
 .note.GNU-stack
                0x0000000000000000        0x0 sse_memcpy.o
 .note.GNU-stack
                0x0000000000000000        0x0 panic.o
 .note.GNU-stack
                0x0000000000000000        0x0 msi.o
 .note.GNU-stack
                0x0000000000000000        0x0 communication.o
 .note.GNU-stack
                0x0000000000000000        0x0 argv.o
