
Merging program properties

Removed property 0xc0000002 to merge main.o (0x3) and setup.o (not found)
Removed property 0xc0000002 to merge main.o (not found) and io.o (0x3)
Removed property 0xc0000002 to merge main.o (not found) and gdt.o (0x3)
Removed property 0xc0000002 to merge main.o (not found) and tss.o (0x3)
Removed property 0xc0000002 to merge main.o (not found) and idt.o (0x3)
Removed property 0xc0000002 to merge main.o (not found) and exception.o (0x3)
Removed property 0xc0000002 to merge main.o (not found) and data.o (0x3)
Removed property 0xc0000002 to merge main.o (not found) and server.o (0x3)
Removed property 0xc0000002 to merge main.o (not found) and smp.o (0x3)
Removed property 0xc0000002 to merge main.o (not found) and delay.o (0x3)
Removed property 0xc0000002 to merge main.o (not found) and paging.o (0x3)
Removed property 0xc0000002 to merge main.o (not found) and mm.o (0x3)
Removed property 0xc0000002 to merge main.o (not found) and cpuid.o (0x3)
Removed property 0xc0000002 to merge main.o (not found) and msr.o (0x3)
Removed property 0xc0000002 to merge main.o (not found) and lvt.o (0x3)
Removed property 0xc0000002 to merge main.o (not found) and irq.o (0x3)
Removed property 0xc0000002 to merge main.o (not found) and apic.o (0x3)
Removed property 0xc0000002 to merge main.o (not found) and ioapic.o (0x3)
Removed property 0xc0000002 to merge main.o (not found) and intr.o (0x3)
Removed property 0xc0000002 to merge main.o (not found) and sleep.o (0x3)
Removed property 0xc0000002 to merge main.o (not found) and thread.o (0x3)
Removed property 0xc0000002 to merge main.o (not found) and exectve.o (0x3)
Removed property 0xc0000002 to merge main.o (not found) and syscall.o (0x3)
Removed property 0xc0000002 to merge main.o (not found) and console.o (0x3)
Removed property 0xc0000002 to merge main.o (not found) and exit.o (0x3)
Removed property 0xc0000002 to merge main.o (not found) and sse.o (0x3)
Removed property 0xc0000002 to merge main.o (not found) and pci.o (0x3)
Removed property 0xc0000002 to merge main.o (not found) and i965.o (0x3)
Removed property 0xc0000002 to merge main.o (not found) and cursor.o (0x3)
Removed property 0xc0000002 to merge main.o (not found) and acpi.o (0x3)
Removed property 0xc0000002 to merge main.o (not found) and hpet.o (0x3)
Removed property 0xc0000002 to merge main.o (not found) and lpc.o (0x3)
Removed property 0xc0000002 to merge main.o (not found) and pit.o (0x3)
Removed property 0xc0000002 to merge main.o (not found) and ps2.o (0x3)
Removed property 0xc0000002 to merge main.o (not found) and mouse.o (0x3)
Removed property 0xc0000002 to merge main.o (not found) and keyboard.o (0x3)
Removed property 0xc0000002 to merge main.o (not found) and ahci.o (0x3)
Removed property 0xc0000002 to merge main.o (not found) and ide.o (0x3)
Removed property 0xc0000002 to merge main.o (not found) and storage.o (0x3)
Removed property 0xc0000002 to merge main.o (not found) and rtc.o (0x3)
Removed property 0xc0000002 to merge main.o (not found) and hda.o (0x3)
Removed property 0xc0000002 to merge main.o (not found) and speaker.o (0x3)
Removed property 0xc0000002 to merge main.o (not found) and e1000.o (0x3)
Removed property 0xc0000002 to merge main.o (not found) and ethernet.o (0x3)
Removed property 0xc0000002 to merge main.o (not found) and arp.o (0x3)
Removed property 0xc0000002 to merge main.o (not found) and udp.o (0x3)
Removed property 0xc0000002 to merge main.o (not found) and ipv4.o (0x3)
Removed property 0xc0000002 to merge main.o (not found) and dhcp.o (0x3)
Removed property 0xc0000002 to merge main.o (not found) and tcp.o (0x3)
Removed property 0xc0000002 to merge main.o (not found) and checksum.o (0x3)
Removed property 0xc0000002 to merge main.o (not found) and rtl8169.o (0x3)
Removed property 0xc0000002 to merge main.o (not found) and pcnet.o (0x3)
Removed property 0xc0000002 to merge main.o (not found) and vmnet.o (0x3)
Removed property 0xc0000002 to merge main.o (not found) and port.o (0x3)
Removed property 0xc0000002 to merge main.o (not found) and bga.o (0x3)
Removed property 0xc0000002 to merge main.o (not found) and video.o (0x3)
Removed property 0xc0000002 to merge main.o (not found) and gui.o (0x3)
Removed property 0xc0000002 to merge main.o (not found) and compositor.o (0x3)
Removed property 0xc0000002 to merge main.o (not found) and font8x16.o (0x3)
Removed property 0xc0000002 to merge main.o (not found) and std.o (0x3)
Removed property 0xc0000002 to merge main.o (not found) and cfs.o (0x3)
Removed property 0xc0000002 to merge main.o (not found) and pipe.o (0x3)
Removed property 0xc0000002 to merge main.o (not found) and socket.o (0x3)
Removed property 0xc0000002 to merge main.o (not found) and elf.o (0x3)
Removed property 0xc0000002 to merge main.o (not found) and bind.o (0x3)
Removed property 0xc0000002 to merge main.o (not found) and inet.o (0x3)
Removed property 0xc0000002 to merge main.o (not found) and recvfrom.o (0x3)
[...]
Memory Configuration

Name             Origin             Length             Attributes
*default*        0x0000000000000000 0xffffffffffffffff

Linker script and memory map

                0x0000000000401000                . = 0x401000
                0x0000000000401000                _start = .

.text           0x0000000000401000    0x26000
                0x0000000000401000                code = .
                0x0000000000401000                _code = .
                0x0000000000401000                __code = .
 *(.text)
 .text          0x0000000000401000       0xc2 setup.o
                0x0000000000401031                gdt_flush
                0x0000000000401054                idt_flush
                0x000000000040105b                call_function
                0x0000000000401070                copymem
                0x00000000004010a4                DisableSSE
                0x00000000004010af                EnableSSE
                0x00000000004010ba                SaveSSE
                0x00000000004010be                RestoreSSE
 .text          0x00000000004010c2      0xeba main.o
                0x0000000000401335                main
 .text          0x0000000000401f7c       0x42 io.o
                0x0000000000401f7c                wait
 .text          0x0000000000401fbe      0x5c5 gdt.o
                0x0000000000402287                gdt_install
 .text          0x0000000000402583       0xa6 tss.o
                0x0000000000402583                load_ltr
                0x00000000004025b6                tss_install
 .text          0x0000000000402629      0x517 idt.o
                0x000000000040283b                idt_install
                0x00000000004029a5                idt_gate
                0x0000000000402a0d                _idt_gate
                0x0000000000402aec                intr_null_function
 .text          0x0000000000402b40      0xc62 vetor.o
                0x0000000000402b9e                isr00
                0x0000000000402bad                isr01
                0x0000000000402bbc                isr02
                0x0000000000402bcb                isr03
                0x0000000000402bda                isr04
                0x0000000000402be9                isr05
                0x0000000000402bf8                isr06
                0x0000000000402c07                isr07
                0x0000000000402c16                isr08
                0x0000000000402c20                isr09
                0x0000000000402c2f                isr10
                0x0000000000402c39                isr11
                0x0000000000402c43                isr12
                0x0000000000402c4d                isr13
                0x0000000000402c57                isr14
                0x0000000000402c61                isr15
                0x0000000000402c70                isr16
                0x0000000000402c7f                isr17
                0x0000000000402c89                isr18
                0x0000000000402c98                isr19
                0x0000000000402ca7                isr20
                0x0000000000402cb6                isr21
                0x0000000000402cc5                isr22
                0x0000000000402cd4                isr23
                0x0000000000402ce3                isr24
                0x0000000000402cf2                isr25
                0x0000000000402d01                isr26
                0x0000000000402d10                isr27
                0x0000000000402d1f                isr28
                0x0000000000402d2e                isr29
                0x0000000000402d3d                isr30
                0x0000000000402d4c                isr31
                0x0000000000402df7                lvt0
                0x0000000000402ffe                lvt1
                0x000000000040300d                lvt2
                0x000000000040301c                lvt3
                0x000000000040302b                lvt4
                0x000000000040303b                timer1
                0x000000000040323a                timer2
                0x0000000000403249                timer3
                0x0000000000403258                timer4
                0x0000000000403267                timer5
                0x0000000000403276                timer6
                0x0000000000403285                timer7
                0x0000000000403294                timer8
                0x00000000004032f1                irq0
                0x0000000000403300                irq1
                0x000000000040330f                irq2
                0x000000000040331e                irq3
                0x000000000040332d                irq4
                0x000000000040333c                irq5
                0x000000000040334b                irq6
                0x000000000040335a                irq7
                0x0000000000403369                irq8
                0x0000000000403378                irq9
                0x0000000000403387                irq10
                0x0000000000403396                irq11
                0x00000000004033a5                irq12
                0x00000000004033b4                irq13
                0x00000000004033c3                irq14
                0x00000000004033d2                irq15
                0x00000000004033e1                irq16
                0x00000000004033f0                irq17
                0x00000000004033ff                irq18
                0x000000000040340e                irq19
                0x000000000040341d                irq20
                0x000000000040342c                irq21
                0x000000000040343b                irq22
                0x000000000040344a                irq23
                0x00000000004034b7                intr255
                0x00000000004034c6                intr_null
                0x000000000040356b                msi0
                0x000000000040357a                msi1
                0x0000000000403589                msi2
                0x0000000000403598                msi3
                0x00000000004035a7                msi4
                0x00000000004035b6                msi5
                0x00000000004035c5                msi6
                0x00000000004035d4                msi7
                0x00000000004035e3                msi8
                0x00000000004035f2                msi9
                0x0000000000403601                msi10
                0x0000000000403610                msi11
                0x000000000040361f                msi12
                0x000000000040362e                msi13
                0x000000000040363d                msi14
                0x000000000040364c                msi15
                0x000000000040365b                msi16
                0x000000000040366a                msi17
                0x0000000000403679                msi18
                0x0000000000403688                msi19
                0x0000000000403697                msi20
                0x00000000004036a6                msi21
                0x00000000004036b5                msi22
                0x00000000004036c4                msi23
                0x00000000004036d3                msi24
                0x00000000004036e2                msi25
                0x00000000004036f1                msi26
                0x0000000000403700                msi27
                0x000000000040370f                msi28
                0x000000000040371e                msi29
                0x000000000040372d                msi30
                0x000000000040373c                msi31
                0x000000000040374b                intr_vmnet
 .text          0x00000000004037a2      0x7c9 exception.o
                0x00000000004037a2                exceptions_install
                0x0000000000403deb                fault_exception
 .text          0x0000000000403f6b        0x0 data.o
 .text          0x0000000000403f6b      0x57b server.o
                0x0000000000403f6b                foco
                0x0000000000404044                foco_default
                0x00000000004040b8                server
 .text          0x00000000004044e6      0x684 smp.o
                0x00000000004044e6                setup_smp
                0x0000000000404a5b                done
                0x0000000000404a94                ap_startup
 .text          0x0000000000404b6a       0x8e delay.o
                0x0000000000404b6a                mdelay
                0x0000000000404bb1                udelay
 .text          0x0000000000404bf8      0x1b9 paging.o
                0x0000000000404bf8                flush_tlb
                0x0000000000404c52                load_pae_page_directory_pointer_table
                0x0000000000404c84                load_pml4_table
                0x0000000000404cb6                enable_pae
                0x0000000000404ce2                page_enable
                0x0000000000404d10                page_install
 .text          0x0000000000404db1     0x16fe mm.o
                0x0000000000404db1                initialize_mm_mp
                0x0000000000404f50                mm_mp
                0x00000000004053ab                ram_setup
                0x0000000000405474                alloc_frame
                0x000000000040553c                free_frame
                0x00000000004055df                alloc_pages_setup
                0x0000000000405a14                v_pool
                0x0000000000405ca8                get_free_page
                0x0000000000405d9a                get_busy_page_size
                0x0000000000405e91                alloc_pages
                0x00000000004060b4                free_pages
                0x00000000004062dd                get_phy_addr
 .text          0x00000000004064af      0x1f9 cpuid.o
                0x00000000004064af                cpuid_vendor
                0x000000000040651d                cpuid_processor_brand
                0x00000000004065f4                cpuid
                0x000000000040663f                cpuid_string
 .text          0x00000000004066a8       0xb9 msr.o
                0x00000000004066a8                getmsr
                0x00000000004066f3                setmsr
 .text          0x0000000000406761      0x4e8 lvt.o
                0x0000000000406761                lvt_function
                0x00000000004069a3                lvt_install
 .text          0x0000000000406c49      0x5f4 irq.o
                0x0000000000406c49                default_irq
                0x0000000000406ca5                irq_function
                0x0000000000406d7c                irq_install
 .text          0x000000000040723d      0x554 apic.o
                0x000000000040723d                local_apic_read_command
                0x0000000000407280                local_apic_write_command
                0x00000000004072cd                getapicbase
                0x0000000000407320                enableapic
                0x000000000040738b                apic_eoi_register
                0x00000000004073c8                setup_apic
                0x000000000040763a                local_apic_get_id
                0x0000000000407677                local_apic_send_init
                0x0000000000407701                local_apic_send_startup
 .text          0x0000000000407791      0x7c4 ioapic.o
                0x0000000000407791                read_ioapic_register
                0x00000000004077e1                write_ioapic_register
                0x000000000040783b                ioapic_masked
                0x00000000004078d8                ioapic_umasked
                0x0000000000407975                set_ioapic_redir_table
                0x0000000000407c01                ioapic_cofiguration
                0x0000000000407c9b                setup_ioapic
                0x0000000000407d67                apic_initial_count_timer
                0x0000000000407db5                apic_timer
                0x0000000000407e45                apic_timer_umasked
                0x0000000000407ee9                apic_timer_masked
 .text          0x0000000000407f55       0xc6 intr.o
                0x0000000000407f55                intr_install
                0x0000000000407fb6                intr_function
 .text          0x000000000040801b       0x6b sleep.o
                0x000000000040801b                sleep
 .text          0x0000000000408086     0x1eac thread.o
                0x0000000000408086                thread_setup
                0x00000000004083c2                create_thread
                0x0000000000408917                create_thread_child
                0x0000000000408cdd                pthread_create
                0x000000000040906b                pthread_join
                0x00000000004090b7                task_switch
                0x0000000000409942                task_switch2
                0x0000000000409ec2                thread
 .text          0x0000000000409f32     0x12ac exectve.o
                0x0000000000409f32                exectve
                0x000000000040a87a                exectve_child
 .text          0x000000000040b1de      0xa99 syscall.o
                0x000000000040b1de                default_syscall
                0x000000000040b249                syscall_puts
                0x000000000040b2a1                syscall_window
                0x000000000040b2f9                syscall_kbd_foco
                0x000000000040b36e                syscall_alloc_pages
                0x000000000040b3ef                syscall_free_pages
                0x000000000040b447                syscall_readsector
                0x000000000040b4c3                syscall_writesector
                0x000000000040b53f                syscall_geral
                0x000000000040b686                syscall_tmpnam
                0x000000000040b754                syscall_io
                0x000000000040b88e                syscall_register_pipe_launcher
                0x000000000040b8da                syscall_get_pipe_launcher
                0x000000000040b91f                syscall_get_paint_list
                0x000000000040b964                syscall_get_thread_id
                0x000000000040b9ad                syscall_create_socket
                0x000000000040ba32                syscall_get_socket_ready_queue
                0x000000000040ba77                syscall_pthread_create
                0x000000000040baff                syscall_pthread_join
                0x000000000040bb65                syscall_function_handler
                0x000000000040bc10                syscall_install
 *fill*         0x000000000040bc77        0x9 
 .text          0x000000000040bc80       0x86 asyscall.o
                0x000000000040bcf7                int114
 .text          0x000000000040bd06      0xaa9 console.o
                0x000000000040bd06                console
                0x000000000040bfae                cmd_version
                0x000000000040c011                cmd_time
                0x000000000040c074                cmd_shutdown
                0x000000000040c0ce                cmd_rename
                0x000000000040c131                cmd_reboot
                0x000000000040c18b                cmd_new
                0x000000000040c1ee                cmd_mov
                0x000000000040c251                cmd_info
                0x000000000040c32f                cmd_help
                0x000000000040c4a0                cmd_exit
                0x000000000040c503                cmd_echo
                0x000000000040c566                cmd_dir
                0x000000000040c5c9                cmd_del
                0x000000000040c62c                cmd_date
                0x000000000040c68f                cmd_copy
                0x000000000040c6f2                cmd_clear
                0x000000000040c74c                cmd_cd
 .text          0x000000000040c7af      0x59b exit.o
                0x000000000040c7af                user_free
                0x000000000040c863                exit
 .text          0x000000000040cd4a      0x1c7 sse.o
                0x000000000040cd4a                fpu_cw
                0x000000000040cd7a                sse_cr
                0x000000000040cdae                sse_cw
                0x000000000040cddc                fpu_save
                0x000000000040ce0b                fpu_restore
                0x000000000040ce3a                setup_sse
 .text          0x000000000040cf11      0xcfb pci.o
                0x000000000040cf11                read_pci_config_addr
                0x000000000040cf8b                write_pci_config_addr
                0x000000000040d005                pci_read_config_dword
                0x000000000040d07f                pci_write_config_dword
                0x000000000040d0f9                pci_read_config_word
                0x000000000040d199                pci_write_config_word
                0x000000000040d262                pci_read_config_byte
                0x000000000040d302                pci_write_config_byte
                0x000000000040d3ca                pci_get_info
                0x000000000040d678                pci_scan_bcc
                0x000000000040d75b                pci_scan_class
                0x000000000040d84c                pci_scan_class_subclass
                0x000000000040d954                pci_scan_bcc_scc
                0x000000000040da52                pci_scan_bcc_scc_prog
                0x000000000040db61                pci_scan_vendor
                0x000000000040db92                pci_check_vendor
                0x000000000040dbcc                pci_size
 .text          0x000000000040dc0c     0x1014 i965.o
                0x000000000040dc0c                i965_pci_init
                0x000000000040ddbb                setup_i965
                0x000000000040e2e2                timings
                0x000000000040e580                disable_dac
                0x000000000040e5fd                enable_dac
                0x000000000040e67a                disable_plane
                0x000000000040e6f9                enable_plane
                0x000000000040e778                disable_pipe
                0x000000000040e7f7                enable_pipe
                0x000000000040e876                disable_dpll
                0x000000000040e8a1                enable_dpll
                0x000000000040e8e0                disable_legacy_vga_emul
                0x000000000040e9a8                gmbus_reset
                0x000000000040e9d3                gmbus_stoptransaction
                0x000000000040ea12                gmbus_wait
                0x000000000040ea58                gmbus_read
                0x000000000040ebef                gmbus_write
 .text          0x000000000040ec20      0x26f cursor.o
                0x000000000040ec20                DrawMouse
                0x000000000040ed0a                setup_cursor
                0x000000000040ee16                update_graphic_cursor
 .text          0x000000000040ee8f      0xa96 acpi.o
                0x000000000040f218                acpi_probe
                0x000000000040f2ee                acpi_enable
                0x000000000040f544                setup_acpi
                0x000000000040f7e4                poweroff
                0x000000000040f86a                reboot
 .text          0x000000000040f925      0x21c hpet.o
                0x000000000040fa6d                setup_hpet
                0x000000000040facf                hpet_sleep
 .text          0x000000000040fb41       0xf9 lpc.o
                0x000000000040fb75                setup_lpc
 .text          0x000000000040fc3a      0x1de pit.o
                0x000000000040fcce                pit_set_frequencia
                0x000000000040fd2c                pit_enable
                0x000000000040fdc3                timer_wait
 .text          0x000000000040fe18      0x1b3 ps2.o
                0x000000000040fe18                kbdc_wait
                0x000000000040feb7                kbdc_set_cmd
                0x000000000040ff49                kbdc_wait_ack
 .text          0x000000000040ffcb      0x94a mouse.o
                0x000000000040ffcb                mouse_write
                0x0000000000410044                mouse_read
                0x0000000000410098                MOUSE_BAT_TEST
                0x000000000041010d                mouse_handler
                0x00000000004104ea                mouse_install
 .text          0x0000000000410915      0x961 keyboard.o
                0x0000000000410915                keyboard_read
                0x0000000000410969                keyboard_write
                0x00000000004109be                KEYBOARD_BAT_TEST
                0x0000000000410a33                keyboard_handler
                0x00000000004110ab                kbd_wait_irq_ack
                0x000000000041116b                keyboard_install
 .text          0x0000000000411276     0x19af ahci.o
                0x0000000000411276                ahci_initialize
                0x00000000004128fd                sata_read_sector
                0x0000000000412a91                sata_write_sector
 .text          0x0000000000412c25     0x15f5 ide.o
                0x0000000000412c25                ata_wait
                0x0000000000412d07                ata_status_read
                0x0000000000412d62                ata_wait_not_busy
                0x0000000000412dd9                ata_wait_busy
                0x0000000000412e50                ata_wait_no_drq
                0x0000000000412ec5                ata_wait_drq
                0x0000000000412f3a                ata_cmd_write
                0x0000000000412fc0                ata_soft_reset
                0x0000000000413072                ata_pio_read
                0x00000000004130d7                ata_pio_write
                0x000000000041313c                ata_bus_install
                0x0000000000413513                ata_identify_device
                0x0000000000413dbd                ata_read_sector
                0x0000000000413fb9                ata_write_sector
 .text          0x000000000041421a      0xe04 storage.o
                0x0000000000414862                ata_initialize
                0x0000000000414df2                read_sector
                0x0000000000414f08                write_sector
 .text          0x000000000041501e      0x680 rtc.o
                0x000000000041501e                disable_NMI
                0x0000000000415065                enable_NMI
                0x00000000004150f1                rtc_setup
                0x000000000041522c                rtc_handler
                0x000000000041540c                swait_init
                0x0000000000415594                swait
 .text          0x000000000041569e     0x20ee hda.o
                0x000000000041569e                hda_wait
                0x00000000004156ed                hda_outb
                0x000000000041573e                hda_outw
                0x0000000000415791                hda_outl
                0x00000000004157df                hda_inb
                0x0000000000415827                hda_inw
                0x000000000041586f                hda_inl
                0x00000000004158b6                corb_write_command
                0x0000000000415a5d                hda_reset
                0x0000000000415b29                setup_hda
                0x0000000000416dab                hda_response
                0x0000000000416deb                hda_send_verb
                0x000000000041713d                hda_ic_verbe
                0x000000000041727f                hda_set_output_node
                0x0000000000417514                hda_play_sound
                0x00000000004176f1                hda_volume
 .text          0x000000000041778c      0x129 speaker.o
                0x000000000041778c                turn_speaker_on
                0x00000000004177cb                turn_speaker_off
                0x000000000041780c                set_speaker_frequence
                0x000000000041785c                play_speaker
 .text          0x00000000004178b5     0x12c6 e1000.o
                0x00000000004178b5                e1000_read_command
                0x00000000004178f8                e1000_write_command
                0x0000000000417945                e1000_is_eeprom
                0x00000000004179ba                e1000_enable_int
                0x0000000000417a51                e1000_link_up
                0x0000000000417adc                irq_e1000
                0x0000000000417cb9                init_e1000
                0x0000000000418669                e1000_send_package
                0x0000000000418831                e1000_recieve_package
 .text          0x0000000000418b7b     0x153e ethernet.o
                0x0000000000418c0d                get_default_ethernet_device
                0x0000000000418c73                ethernet_set_link_status
                0x0000000000418cb2                ethernet_set_interrupt_status
                0x0000000000418cf1                register_ethernet_device
                0x0000000000418d93                get_ethernet_package
                0x0000000000418e08                send_ethernet_package
                0x0000000000418eb0                handler_ethernet_package_received
                0x0000000000419670                int_ethernet_device
                0x0000000000419898                fillMac
                0x00000000004198fa                fillIP
                0x000000000041995c                initialise_ethernet
 .text          0x000000000041a0b9     0x1301 arp.o
                0x000000000041a0f8                init_arp
                0x000000000041a1c4                arp_save_address
                0x000000000041a798                get_hardwere_ethernet
                0x000000000041a865                arp_request
                0x000000000041aaaf                arp_replay
                0x000000000041acec                arp_replay2
                0x000000000041af23                arp_hexdump
 .text          0x000000000041b3ba      0x3c7 udp.o
                0x000000000041b3f9                udp_send
                0x000000000041b55c                udp_receive
 .text          0x000000000041b781      0x305 ipv4.o
                0x000000000041b7c0                ipv4_send
 .text          0x000000000041ba86      0x745 dhcp.o
                0x000000000041bb18                dhcp_send
                0x000000000041bf30                dhcp_parse_options
 .text          0x000000000041c1cb      0xa85 tcp.o
                0x000000000041c25d                init_tcp
                0x000000000041c2fb                tcp_send
                0x000000000041c65b                tcp_connect
                0x000000000041c7bf                tcp_ack
                0x000000000041ca57                tcp_send_payload
                0x000000000041cb9f                tcp_finish
 .text          0x000000000041cc50      0x134 checksum.o
                0x000000000041cc8f                net_checksum
 .text          0x000000000041cd84     0x1ef6 rtl8169.o
                0x000000000041cd84                re_read_command
                0x000000000041cdc7                re_write_command
                0x000000000041ce14                re_read_command_word
                0x000000000041ce58                re_write_command_word
                0x000000000041ceaa                re_read_command_byte
                0x000000000041ceee                re_write_command_byte
                0x000000000041cf40                re_probe
                0x000000000041e0c3                setup_realtek
                0x000000000041e9bc                re_handle
 .text          0x000000000041ec7a     0x1019 pcnet.o
                0x000000000041ed92                pcnetWriteBCR
                0x000000000041f22b                setup_pcnet
                0x000000000041f8c1                pcnet_send_package
                0x000000000041fa33                pcnet_recieve_package
 .text          0x000000000041fc93      0x9c6 vmnet.o
                0x000000000041fe40                setup_vmnet
                0x000000000041fec9                handler_vmnet
                0x00000000004200f9                vmnet_send_package
                0x0000000000420411                vmipv4_send
                0x00000000004204f8                vmnet_udp_send
 .text          0x0000000000420659      0x291 port.o
                0x0000000000420659                ethernet_port_setup
                0x000000000042070c                get_port
                0x00000000004207ce                set_port
                0x000000000042086b                clean_port
 .text          0x00000000004208ea      0x336 bga.o
                0x00000000004208ea                bga_write_register
                0x0000000000420933                bga_read_register
                0x000000000042097b                bga_is_available
                0x00000000004209bc                bga_set_video_mode
                0x0000000000420aaa                bga_set_bank
                0x0000000000420af2                setup_bga
 .text          0x0000000000420c20      0x1de video.o
                0x0000000000420c20                initialize_graphic_adapter
 .text          0x0000000000420dfe      0x880 gui.o
                0x0000000000420dfe                initialize_gui
                0x0000000000420f57                update_gui
                0x00000000004210af                put_pixel
                0x0000000000421122                put_pixel_buff
                0x00000000004211c1                refresh_rate
                0x0000000000421266                clears_creen
                0x000000000042131e                draw_char_transparent
                0x0000000000421428                glyph
 .text          0x000000000042167e      0xcae compositor.o
                0x000000000042176f                window_add
                0x0000000000421919                window_remove
                0x0000000000421a42                window_foco
                0x0000000000421b67                paint_desktop
                0x0000000000421f46                paint_cursor
                0x00000000004220d7                compose
 .text          0x000000000042232c        0x0 font8x16.o
 .text          0x000000000042232c      0x481 std.o
                0x000000000042232c                std_open_file
                0x00000000004224db                std_file_close
                0x000000000042254a                std_putc
                0x000000000042265b                std_getc
 .text          0x00000000004227ad      0xaaa cfs.o
                0x00000000004227ad                filename_cmp
                0x0000000000422894                read_super_block
                0x00000000004228fd                read_directory_entry
                0x0000000000422a88                open_file_r
                0x0000000000422e09                open_file
                0x0000000000423070                file_close
                0x0000000000423179                file_read_block
 .text          0x0000000000423257      0x2dd pipe.o
                0x0000000000423257                pipe_open_file
                0x0000000000423343                pipe_write
                0x000000000042343f                pipe_read
 .text          0x0000000000423534      0xfc3 socket.o
                0x0000000000423573                init_socket
                0x00000000004237f3                socket_address
                0x0000000000423855                socket
                0x00000000004239d4                socket_server_transmit
                0x0000000000424097                socket_execute_row
                0x0000000000424357                socket_server_receive
 .text          0x00000000004244f7      0x2b2 elf.o
                0x00000000004244f7                load_elf64_header
                0x00000000004246ca                load_elf64_segment
 .text          0x00000000004247a9      0x224 bind.o
                0x00000000004247e8                bind
 .text          0x00000000004249cd       0x5d inet.o
                0x00000000004249cd                inet_addr
 .text          0x0000000000424a2a      0x169 recvfrom.o
                0x0000000000424a2a                recvfrom
 .text          0x0000000000424b93      0x13b sendto.o
                0x0000000000424b93                sendto
 .text          0x0000000000424cce      0x2b3 string.o
                0x0000000000424cce                memset
                0x0000000000424d33                memcpy
                0x0000000000424daa                strcpy
                0x0000000000424e25                strlen
                0x0000000000424e71                strcmp
                0x0000000000424f0b                memcmp
 .text          0x0000000000424f81      0x4e4 vsprintf.o
                0x0000000000424fed                vsprintf
 .text          0x0000000000425465      0x818 stdio.o
                0x0000000000425465                putchar
                0x00000000004254c5                puts
                0x0000000000425555                printf
                0x0000000000425682                fopen
                0x00000000004257a3                fclose
                0x0000000000425847                rewind
                0x00000000004258b0                fseek
                0x000000000042598e                ftell
                0x00000000004259cf                fputc
                0x0000000000425a4d                fgetc
                0x0000000000425bc0                fread
 .text          0x0000000000425c7d      0x4fb stdlib.o
                0x0000000000425c7d                malloc
                0x0000000000425cec                free
                0x0000000000425d38                i2hex
                0x0000000000425fa6                utoa
                0x0000000000426031                itoa
 .text          0x0000000000426178      0x14a sse_memcpy.o
                0x0000000000426178                sse_memcpy
 .text          0x00000000004262c2      0x140 panic.o
                0x00000000004262c2                kernel_panic
 .text          0x0000000000426402      0xa9d msi.o
                0x0000000000426402                msi_vector_install
                0x0000000000426a5c                default_mas
                0x0000000000426abb                msi_function
                0x0000000000426b71                apic_send_msi
                0x0000000000426e6c                apic_send_msix
                0x0000000000427000                . = ALIGN (0x1000)
 *fill*         0x0000000000426e9f      0x161 

.iplt           0x0000000000427000        0x0
 .iplt          0x0000000000427000        0x0 setup.o

.data           0x0000000000427000    0x16000
                0x0000000000427000                data = .
                0x0000000000427000                _data = .
                0x0000000000427000                __data = .
 *(.data)
 .data          0x0000000000427000        0x8 setup.o
                0x0000000000427000                _rsp0
 .data          0x0000000000427008        0x0 main.o
 .data          0x0000000000427008        0x0 io.o
 .data          0x0000000000427008        0x0 gdt.o
 .data          0x0000000000427008        0x0 tss.o
 .data          0x0000000000427008        0x0 idt.o
 *fill*         0x0000000000427008        0x8 
 .data          0x0000000000427010      0x400 vetor.o
                0x0000000000427010                SavedFloats
                0x0000000000427210                SavedFloats2
 .data          0x0000000000427410        0x0 exception.o
 .data          0x0000000000427410        0x0 data.o
 .data          0x0000000000427410        0x0 server.o
 .data          0x0000000000427410        0x0 smp.o
 .data          0x0000000000427410        0x0 delay.o
 .data          0x0000000000427410        0x0 paging.o
 .data          0x0000000000427410        0x0 mm.o
 .data          0x0000000000427410        0x0 cpuid.o
 .data          0x0000000000427410        0x0 msr.o
 .data          0x0000000000427410        0x0 lvt.o
 .data          0x0000000000427410        0x0 irq.o
 .data          0x0000000000427410        0x0 apic.o
 .data          0x0000000000427410        0x0 ioapic.o
 .data          0x0000000000427410        0x0 intr.o
 .data          0x0000000000427410        0x0 sleep.o
 .data          0x0000000000427410        0x0 thread.o
 .data          0x0000000000427410        0x0 exectve.o
 .data          0x0000000000427410        0x0 syscall.o
 .data          0x0000000000427410        0x0 console.o
 .data          0x0000000000427410        0x0 exit.o
 .data          0x0000000000427410        0x0 sse.o
 .data          0x0000000000427410        0x0 pci.o
 .data          0x0000000000427410        0x0 i965.o
 *fill*         0x0000000000427410       0x10 
 .data          0x0000000000427420      0x168 cursor.o
                0x0000000000427420                cursor18x18
 .data          0x0000000000427588        0x0 acpi.o
 .data          0x0000000000427588        0x0 hpet.o
 .data          0x0000000000427588        0x0 lpc.o
 .data          0x0000000000427588        0x0 pit.o
 .data          0x0000000000427588        0x0 ps2.o
 .data          0x0000000000427588        0x4 mouse.o
                0x0000000000427588                speed
 .data          0x000000000042758c        0x0 keyboard.o
 .data          0x000000000042758c        0x0 ahci.o
 .data          0x000000000042758c        0x0 ide.o
 .data          0x000000000042758c        0x0 storage.o
 .data          0x000000000042758c        0x0 rtc.o
 .data          0x000000000042758c        0x0 hda.o
 .data          0x000000000042758c        0x0 speaker.o
 .data          0x000000000042758c        0x0 e1000.o
 .data          0x000000000042758c        0x0 ethernet.o
 .data          0x000000000042758c        0x0 arp.o
 .data          0x000000000042758c        0x0 udp.o
 .data          0x000000000042758c        0x0 ipv4.o
 .data          0x000000000042758c        0x0 dhcp.o
 .data          0x000000000042758c        0x0 tcp.o
 .data          0x000000000042758c        0x0 checksum.o
 .data          0x000000000042758c        0x0 rtl8169.o
 .data          0x000000000042758c        0x0 pcnet.o
 .data          0x000000000042758c        0x0 vmnet.o
 .data          0x000000000042758c        0x0 port.o
 .data          0x000000000042758c        0x0 bga.o
 .data          0x000000000042758c        0x0 video.o
 .data          0x000000000042758c        0x0 gui.o
 .data          0x000000000042758c        0x0 compositor.o
 *fill*         0x000000000042758c       0x14 
 .data          0x00000000004275a0     0x1000 font8x16.o
                0x00000000004275a0                font8x16
 .data          0x00000000004285a0        0x0 std.o
 .data          0x00000000004285a0        0x0 cfs.o
 .data          0x00000000004285a0        0x0 pipe.o
 .data          0x00000000004285a0        0x0 socket.o
 .data          0x00000000004285a0        0x0 elf.o
 .data          0x00000000004285a0        0x0 bind.o
 .data          0x00000000004285a0        0x0 inet.o
 .data          0x00000000004285a0        0x0 recvfrom.o
 .data          0x00000000004285a0        0x0 sendto.o
 .data          0x00000000004285a0        0x0 string.o
 .data          0x00000000004285a0        0x0 vsprintf.o
 .data          0x00000000004285a0        0x0 stdio.o
 .data          0x00000000004285a0        0x0 stdlib.o
 .data          0x00000000004285a0        0x0 sse_memcpy.o
 .data          0x00000000004285a0        0x0 panic.o
 .data          0x00000000004285a0        0x0 msi.o
 *(.rodata)
 .rodata        0x00000000004285a0      0x213 main.o
 .rodata        0x00000000004287b3        0xa idt.o
 *fill*         0x00000000004287bd        0x3 
 .rodata        0x00000000004287c0      0x403 exception.o
 *fill*         0x0000000000428bc3        0x5 
 .rodata        0x0000000000428bc8       0x38 server.o
 .rodata        0x0000000000428c00       0xf8 smp.o
 .rodata        0x0000000000428cf8       0x5d mm.o
 *fill*         0x0000000000428d55        0x3 
 .rodata        0x0000000000428d58       0xc8 lvt.o
 .rodata        0x0000000000428e20       0x1c irq.o
 .rodata        0x0000000000428e3c       0x19 apic.o
 .rodata        0x0000000000428e55        0xa intr.o
 .rodata        0x0000000000428e5f       0x19 thread.o
 .rodata        0x0000000000428e78       0x48 syscall.o
 .rodata        0x0000000000428ec0      0x215 console.o
 .rodata        0x00000000004290d5       0x2e sse.o
 *fill*         0x0000000000429103        0x5 
 .rodata        0x0000000000429108     0x15ff pci.o
 *fill*         0x000000000042a707        0x1 
 .rodata        0x000000000042a708       0x3d i965.o
 *fill*         0x000000000042a745        0x3 
 .rodata        0x000000000042a748       0xc7 acpi.o
 .rodata        0x000000000042a80f       0x14 hpet.o
 *fill*         0x000000000042a823        0x5 
 .rodata        0x000000000042a828       0x31 lpc.o
 .rodata        0x000000000042a859       0x1d mouse.o
 *fill*         0x000000000042a876        0xa 
 .rodata        0x000000000042a880      0x253 keyboard.o
                0x000000000042a880                ascii_minusculas
                0x000000000042a980                ascii_maiusculas
 *fill*         0x000000000042aad3      0x52d 
 .rodata        0x000000000042b000    0x108cf ahci.o
 *fill*         0x000000000043b8cf        0x1 
 .rodata        0x000000000043b8d0       0xb1 ide.o
 *fill*         0x000000000043b981        0x7 
 .rodata        0x000000000043b988      0x139 storage.o
 .rodata        0x000000000043bac1       0x12 rtc.o
 *fill*         0x000000000043bad3        0x5 
 .rodata        0x000000000043bad8      0x342 hda.o
 *fill*         0x000000000043be1a        0x6 
 .rodata        0x000000000043be20      0x223 e1000.o
 *fill*         0x000000000043c043        0x5 
 .rodata        0x000000000043c048      0x1f1 ethernet.o
 *fill*         0x000000000043c239        0x7 
 .rodata        0x000000000043c240      0x1b1 arp.o
 .rodata        0x000000000043c3f1       0x15 ipv4.o
 .rodata        0x000000000043c406       0xa5 dhcp.o
 *fill*         0x000000000043c4ab        0x5 
 .rodata        0x000000000043c4b0      0x1f3 rtl8169.o
 *fill*         0x000000000043c6a3        0x5 
 .rodata        0x000000000043c6a8      0x1ae pcnet.o
 *fill*         0x000000000043c856        0x2 
 .rodata        0x000000000043c858       0x74 vmnet.o
 *fill*         0x000000000043c8cc        0x4 
 .rodata        0x000000000043c8d0       0x71 video.o
 .rodata        0x000000000043c941       0x14 std.o
 *fill*         0x000000000043c955        0x3 
 .rodata        0x000000000043c958       0xad elf.o
 *fill*         0x000000000043ca05        0x3 
 .rodata        0x000000000043ca08      0x110 vsprintf.o
 .rodata        0x000000000043cb18        0x9 stdio.o
 .rodata        0x000000000043cb21        0xf panic.o
 .rodata        0x000000000043cb30       0x2b msi.o
                0x000000000043d000                . = ALIGN (0x1000)
 *fill*         0x000000000043cb5b      0x4a5 

.got            0x000000000043d000      0x518
 .got           0x000000000043d000      0x518 setup.o

.got.plt        0x000000000043d518       0x18
 .got.plt       0x000000000043d518       0x18 setup.o
                0x000000000043d518                _GLOBAL_OFFSET_TABLE_

.igot.plt       0x000000000043d530        0x0
 .igot.plt      0x000000000043d530        0x0 setup.o

.data.rel.local
                0x000000000043d540     0x1dc0
 .data.rel.local
                0x000000000043d540      0x100 exception.o
                0x000000000043d540                exception_mensagem
 .data.rel.local
                0x000000000043d640       0xc0 irq.o
                0x000000000043d640                fnvetors_handler
 .data.rel.local
                0x000000000043d700       0x98 syscall.o
                0x000000000043d700                fnvetors_syscall
 *fill*         0x000000000043d798        0x8 
 .data.rel.local
                0x000000000043d7a0      0x1b0 console.o
                0x000000000043d7a0                cmd_table
 *fill*         0x000000000043d950       0x10 
 .data.rel.local
                0x000000000043d960     0x1400 pci.o
                0x000000000043d960                pci_classes
                0x000000000043e160                pci_class_names
 .data.rel.local
                0x000000000043ed60       0x20 mouse.o
                0x000000000043ed60                id_mouse_strings
 .data.rel.local
                0x000000000043ed80       0x38 ahci.o
                0x000000000043ed80                ahci_type
 *fill*         0x000000000043edb8        0x8 
 .data.rel.local
                0x000000000043edc0       0x48 dhcp.o
                0x000000000043edc0                string_dhcp_message
 *fill*         0x000000000043ee08       0x18 
 .data.rel.local
                0x000000000043ee20      0x3d0 rtl8169.o
 *fill*         0x000000000043f1f0       0x10 
 .data.rel.local
                0x000000000043f200      0x100 msi.o

.bss            0x000000000043f300    0x27d00
                0x000000000043f300                bss = .
                0x000000000043f300                _bss = .
                0x000000000043f300                __bss = .
 *(.bss)
 .bss           0x000000000043f300    0x20000 setup.o
 .bss           0x000000000045f300        0x0 main.o
 .bss           0x000000000045f300        0x0 io.o
 .bss           0x000000000045f300        0x0 gdt.o
 .bss           0x000000000045f300        0x0 tss.o
 .bss           0x000000000045f300        0x0 idt.o
 .bss           0x000000000045f300        0x0 exception.o
 .bss           0x000000000045f300        0x0 data.o
 .bss           0x000000000045f300        0x0 server.o
 .bss           0x000000000045f300        0x0 smp.o
 .bss           0x000000000045f300        0x0 delay.o
 .bss           0x000000000045f300       0x20 paging.o
                0x000000000045f300                pml4e
                0x000000000045f308                pdpte
                0x000000000045f310                pae_pde
                0x000000000045f318                pae_pte
 .bss           0x000000000045f320        0x0 mm.o
 .bss           0x000000000045f320        0x0 cpuid.o
 .bss           0x000000000045f320        0x0 msr.o
 .bss           0x000000000045f320        0x0 lvt.o
 .bss           0x000000000045f320        0x0 irq.o
 .bss           0x000000000045f320        0x0 apic.o
 .bss           0x000000000045f320        0x0 ioapic.o
 .bss           0x000000000045f320        0x0 intr.o
 .bss           0x000000000045f320        0x0 sleep.o
 .bss           0x000000000045f320        0x0 thread.o
 .bss           0x000000000045f320        0x0 exectve.o
 .bss           0x000000000045f320        0x0 syscall.o
 .bss           0x000000000045f320        0x8 console.o
                0x000000000045f320                call_loader
 .bss           0x000000000045f328        0x0 exit.o
 .bss           0x000000000045f328        0x0 sse.o
 .bss           0x000000000045f328        0x0 pci.o
 .bss           0x000000000045f328        0x0 i965.o
 .bss           0x000000000045f328        0x0 cursor.o
 .bss           0x000000000045f328        0x0 acpi.o
 *fill*         0x000000000045f328       0x18 
 .bss           0x000000000045f340      0x100 hpet.o
 .bss           0x000000000045f440        0x0 lpc.o
 .bss           0x000000000045f440        0x0 pit.o
 .bss           0x000000000045f440        0x0 ps2.o
 .bss           0x000000000045f440        0x4 mouse.o
                0x000000000045f440                mouse_position
 *fill*         0x000000000045f444        0x4 
 .bss           0x000000000045f448       0x18 keyboard.o
                0x000000000045f448                kbd_irq_ack
 .bss           0x000000000045f460        0x0 ahci.o
 .bss           0x000000000045f460        0x0 ide.o
 .bss           0x000000000045f460        0x8 storage.o
                0x000000000045f460                ata_pci
 .bss           0x000000000045f468        0x1 rtc.o
 .bss           0x000000000045f469        0x0 hda.o
 .bss           0x000000000045f469        0x0 speaker.o
 *fill*         0x000000000045f469        0x7 
 .bss           0x000000000045f470       0x10 e1000.o
 .bss           0x000000000045f480        0x8 ethernet.o
                0x000000000045f480                package_recieved_ack
 .bss           0x000000000045f488        0x0 arp.o
 .bss           0x000000000045f488        0x0 udp.o
 .bss           0x000000000045f488        0x4 ipv4.o
                0x000000000045f488                ipv4_count
 .bss           0x000000000045f48c        0x0 dhcp.o
 .bss           0x000000000045f48c        0x0 tcp.o
 .bss           0x000000000045f48c        0x0 checksum.o
 .bss           0x000000000045f48c        0x0 rtl8169.o
 .bss           0x000000000045f48c        0x4 pcnet.o
 .bss           0x000000000045f490        0x4 vmnet.o
 .bss           0x000000000045f494        0x0 port.o
 .bss           0x000000000045f494        0x0 bga.o
 .bss           0x000000000045f494        0x0 video.o
 .bss           0x000000000045f494        0x0 gui.o
 .bss           0x000000000045f494        0x0 compositor.o
 .bss           0x000000000045f494        0x0 font8x16.o
 .bss           0x000000000045f494        0x0 std.o
 .bss           0x000000000045f494        0x0 cfs.o
 .bss           0x000000000045f494        0x0 pipe.o
 .bss           0x000000000045f494        0x2 socket.o
 .bss           0x000000000045f496        0x0 elf.o
 .bss           0x000000000045f496        0x0 bind.o
 .bss           0x000000000045f496        0x0 inet.o
 .bss           0x000000000045f496        0x0 recvfrom.o
 .bss           0x000000000045f496        0x0 sendto.o
 .bss           0x000000000045f496        0x0 string.o
 .bss           0x000000000045f496        0x0 vsprintf.o
 .bss           0x000000000045f496        0x0 stdio.o
 .bss           0x000000000045f496        0x0 stdlib.o
 .bss           0x000000000045f496        0x0 sse_memcpy.o
 .bss           0x000000000045f496        0x0 panic.o
 .bss           0x000000000045f496        0x0 msi.o
 *(COMMON)
 *fill*         0x000000000045f496        0x2 
 COMMON         0x000000000045f498       0x40 main.o
                0x000000000045f498                mult_task
                0x000000000045f49c                ATA_BAR1
                0x000000000045f4a0                ATA_BAR4
                0x000000000045f4a8                user
                0x000000000045f4b0                CPUID_REQUEST
                0x000000000045f4b4                launcher
                0x000000000045f4b8                ATA_BAR0
                0x000000000045f4bc                ATA_BAR3
                0x000000000045f4c0                no
                0x000000000045f4c8                syspwd
                0x000000000045f4d0                ATA_BAR2
                0x000000000045f4d4                ATA_BAR5
 *fill*         0x000000000045f4d8        0x8 
 COMMON         0x000000000045f4e0      0x120 gdt.o
                0x000000000045f4e0                gdtr
                0x000000000045f500                gdt
 COMMON         0x000000000045f600       0x68 tss.o
                0x000000000045f600                tss
 *fill*         0x000000000045f668       0x18 
 COMMON         0x000000000045f680     0x100a idt.o
                0x000000000045f680                idt
                0x0000000000460680                idtr
 *fill*         0x000000000046068a        0x6 
 COMMON         0x0000000000460690       0x25 data.o
                0x0000000000460690                interrupt_status
                0x0000000000460698                kernelmouse
                0x00000000004606a0                dv_uid
                0x00000000004606a8                pipe_launcher
                0x00000000004606b0                tmpnam
                0x00000000004606b4                dv_num
 *fill*         0x00000000004606b5        0xb 
 COMMON         0x00000000004606c0       0x50 server.o
                0x00000000004606c0                thread_id
                0x00000000004606e0                server_id
 *fill*         0x0000000000460710       0x10 
 COMMON         0x0000000000460720      0x112 smp.o
                0x0000000000460720                core
 *fill*         0x0000000000460832        0x6 
 COMMON         0x0000000000460838       0x38 mm.o
                0x0000000000460838                PAGE_BITMAP
                0x0000000000460840                alloc_pte
                0x0000000000460848                alloc_pde
                0x0000000000460850                RAM_BITMAP
                0x0000000000460858                alloc_spin_lock
                0x0000000000460860                device_pde
                0x0000000000460868                g_mm_mp_index
 COMMON         0x0000000000460870       0x10 apic.o
                0x0000000000460870                localId
                0x0000000000460878                lapicbase
 COMMON         0x0000000000460880       0xc8 ioapic.o
                0x0000000000460880                ioapic_redir_table
                0x0000000000460940                ioapic_base
 COMMON         0x0000000000460948      0x108 thread.o
                0x0000000000460948                context_rcx
                0x0000000000460950                context_r12
                0x0000000000460958                context_rax
                0x0000000000460960                context_ds
                0x0000000000460968                current_thread
                0x0000000000460970                current_thread2
                0x0000000000460978                context_rsi
                0x0000000000460980                context_r9
                0x0000000000460988                context_rdx
                0x0000000000460990                context_rflag
                0x0000000000460998                current_thread1
                0x00000000004609a0                context_fxsave
                0x00000000004609a8                context_cs
                0x00000000004609b0                context_rsp0
                0x00000000004609b8                thread_ready_queue
                0x00000000004609c0                context_cr3
                0x00000000004609c8                context_rsp
                0x00000000004609d0                context_fs
                0x00000000004609d8                context_rbp
                0x00000000004609e0                context_r8
                0x00000000004609e8                context_r15
                0x00000000004609f0                context_ss
                0x00000000004609f8                next_pid
                0x0000000000460a00                context_gs
                0x0000000000460a08                context_r11
                0x0000000000460a10                context_r13
                0x0000000000460a18                context_r10
                0x0000000000460a20                context_rip
                0x0000000000460a28                context_pid
                0x0000000000460a30                context_rbx
                0x0000000000460a38                context_r14
                0x0000000000460a40                context_rdi
                0x0000000000460a48                context_es
 COMMON         0x0000000000460a50        0x8 syscall.o
                0x0000000000460a50                ret
 *fill*         0x0000000000460a58        0x8 
 COMMON         0x0000000000460a60       0x78 i965.o
                0x0000000000460a60                fb
                0x0000000000460a80                mode
                0x0000000000460aa0                gtt
 COMMON         0x0000000000460ad8       0x50 acpi.o
                0x0000000000460ad8                fadt
                0x0000000000460ae0                acpi_physical_init
                0x0000000000460ae8                SLP_TYPa
                0x0000000000460af0                hpet
                0x0000000000460af8                xsdt
                0x0000000000460b00                rsdt
                0x0000000000460b08                dsdt
                0x0000000000460b10                SLP_TYPb
                0x0000000000460b18                acpi_virtual_addr
                0x0000000000460b20                rsdp
 COMMON         0x0000000000460b28       0x10 hpet.o
                0x0000000000460b28                hpet_register
                0x0000000000460b30                period
 COMMON         0x0000000000460b38       0x10 pit.o
                0x0000000000460b38                eticks
                0x0000000000460b40                timer_ticks
 COMMON         0x0000000000460b48       0x24 mouse.o
                0x0000000000460b48                mouse_x
                0x0000000000460b4c                count_mouse
                0x0000000000460b50                mouse2
                0x0000000000460b58                first_time
                0x0000000000460b5c                buttons
                0x0000000000460b60                mouse
                0x0000000000460b68                mouse_y
 COMMON         0x0000000000460b6c        0x4 keyboard.o
                0x0000000000460b6c                key_buffer
                0x0000000000460b6e                led_status
                0x0000000000460b6f                keyboard_charset
 *fill*         0x0000000000460b70       0x10 
 COMMON         0x0000000000460b80      0x220 ahci.o
                0x0000000000460b80                dmavirt
                0x0000000000460b88                dmaphy
                0x0000000000460b90                HBA_BASE
                0x0000000000460b98                hba_mem_space
                0x0000000000460ba0                sata_idtfy
 COMMON         0x0000000000460da0        0x8 ide.o
                0x0000000000460da0                ata_record_channel
                0x0000000000460da4                ata_record_dev
 *fill*         0x0000000000460da8       0x18 
 COMMON         0x0000000000460dc0      0x800 storage.o
                0x0000000000460dc0                ata
 COMMON         0x00000000004615c0        0x8 rtc.o
                0x00000000004615c0                clock
 *fill*         0x00000000004615c8       0x18 
 COMMON         0x00000000004615e0       0xd4 hda.o
                0x00000000004615e0                corb_pointer
                0x00000000004615e4                HDBARL
                0x00000000004615e8                hda_base
                0x00000000004615f0                HDA_MEM_SIZE
                0x00000000004615f4                beep_node
                0x0000000000461600                hda_widget
                0x0000000000461680                output_node
                0x0000000000461688                HDA_STREAM_MEMORY
                0x0000000000461690                RIRB_MEMORY
                0x0000000000461698                HDA_MEM
                0x00000000004616a0                CORB_MEMORY
                0x00000000004616a8                hda_max_volume
                0x00000000004616ac                HDBARU
                0x00000000004616b0                input_node
 *fill*         0x00000000004616b4        0xc 
 COMMON         0x00000000004616c0      0x180 e1000.o
                0x00000000004616c0                tx_descs
                0x0000000000461700                rx_memory
                0x0000000000461720                rx_descs
                0x0000000000461820                tx_memory
 COMMON         0x0000000000461840      0x2e4 ethernet.o
                0x0000000000461840                our_ip
                0x0000000000461844                local_ip
                0x0000000000461848                router_ip
                0x0000000000461860                packege_desc_buffer
                0x0000000000461ae0                default_ethernet_device
                0x0000000000461b01                dns_ip
                0x0000000000461b05                dhcp_ip
                0x0000000000461b10                default_ethernet_package_descriptor
 *fill*         0x0000000000461b24       0x1c 
 COMMON         0x0000000000461b40     0x2800 arp.o
                0x0000000000461b40                arp_cache
 COMMON         0x0000000000464340        0x8 ipv4.o
                0x0000000000464340                ipv4_cache
 COMMON         0x0000000000464348        0x8 tcp.o
                0x0000000000464348                queue_conn
 *fill*         0x0000000000464350       0x10 
 COMMON         0x0000000000464360     0x1068 rtl8169.o
                0x0000000000464360                re_soft
                0x00000000004653c0                re_base_addr
 *fill*         0x00000000004653c8       0x18 
 COMMON         0x00000000004653e0      0x1d0 pcnet.o
                0x00000000004653e0                pcnet_block
                0x0000000000465400                pcnet_softc
 *fill*         0x00000000004655b0       0x10 
 COMMON         0x00000000004655c0      0x800 vmnet.o
                0x00000000004655c0                rx_desc
 COMMON         0x0000000000465dc0        0x8 port.o
                0x0000000000465dc0                port_bitmap
 *fill*         0x0000000000465dc8       0x18 
 COMMON         0x0000000000465de0       0x68 gui.o
                0x0000000000465de0                gui
 COMMON         0x0000000000465e48       0x30 compositor.o
                0x0000000000465e48                rf
                0x0000000000465e50                window_count
                0x0000000000465e58                screan_spin_lock
                0x0000000000465e60                paint
                0x0000000000465e68                gid
                0x0000000000465e70                paint_ready_queue
 COMMON         0x0000000000465e78       0x30 std.o
                0x0000000000465e78                stdout
                0x0000000000465e80                _stderr
                0x0000000000465e88                _stdin
                0x0000000000465e90                stdin
                0x0000000000465e98                _stdout
                0x0000000000465ea0                stderr
 COMMON         0x0000000000465ea8        0x8 cfs.o
                0x0000000000465ea8                fs_directory
 *fill*         0x0000000000465eb0       0x10 
 COMMON         0x0000000000465ec0      0x4cc socket.o
                0x0000000000465ec0                current_saddr
                0x0000000000465ec8                row_cur
                0x0000000000465ee0                sockt_receive_row
                0x0000000000466380                saddr_ready_queue
                0x0000000000466388                socket_next_id
 COMMON         0x000000000046638c        0x4 stdio.o
                0x000000000046638c                VERBOSE
 COMMON         0x0000000000466390        0x4 msi.o
                0x0000000000466390                vector_msi
                0x0000000000467000                . = ALIGN (0x1000)
 *fill*         0x0000000000466394      0xc6c 

.eh_frame       0x0000000000467000     0x5000
                0x0000000000467000                eh_frame = .
 *(.eh_frame)
 .eh_frame      0x0000000000467000       0xa8 main.o
 .eh_frame      0x00000000004670a8       0x20 io.o
                                         0x38 (size before relaxing)
 .eh_frame      0x00000000004670c8       0x50 gdt.o
                                         0x68 (size before relaxing)
 .eh_frame      0x0000000000467118       0x48 tss.o
                                         0x60 (size before relaxing)
 .eh_frame      0x0000000000467160       0xd8 idt.o
                                         0xf0 (size before relaxing)
 .eh_frame      0x0000000000467238       0x50 exception.o
                                         0x68 (size before relaxing)
 .eh_frame      0x0000000000467288       0x68 server.o
                                         0x80 (size before relaxing)
 .eh_frame      0x00000000004672f0       0x70 smp.o
                                         0x88 (size before relaxing)
 .eh_frame      0x0000000000467360       0x40 delay.o
                                         0x58 (size before relaxing)
 .eh_frame      0x00000000004673a0       0xc0 paging.o
                                         0xd8 (size before relaxing)
 .eh_frame      0x0000000000467460      0x228 mm.o
                                        0x240 (size before relaxing)
 .eh_frame      0x0000000000467688       0x90 cpuid.o
                                         0xa8 (size before relaxing)
 .eh_frame      0x0000000000467718       0x40 msr.o
                                         0x58 (size before relaxing)
 .eh_frame      0x0000000000467758       0x58 lvt.o
                                         0x70 (size before relaxing)
 .eh_frame      0x00000000004677b0       0x78 irq.o
                                         0x90 (size before relaxing)
 .eh_frame      0x0000000000467828      0x140 apic.o
                                        0x158 (size before relaxing)
 .eh_frame      0x0000000000467968      0x190 ioapic.o
                                        0x1a8 (size before relaxing)
 .eh_frame      0x0000000000467af8       0x50 intr.o
                                         0x68 (size before relaxing)
 .eh_frame      0x0000000000467b48       0x28 sleep.o
                                         0x40 (size before relaxing)
 .eh_frame      0x0000000000467b70      0x138 thread.o
                                        0x150 (size before relaxing)
 .eh_frame      0x0000000000467ca8       0x58 exectve.o
                                         0x70 (size before relaxing)
 .eh_frame      0x0000000000467d00      0x300 syscall.o
                                        0x318 (size before relaxing)
 .eh_frame      0x0000000000468000      0x290 console.o
                                        0x2a8 (size before relaxing)
 .eh_frame      0x0000000000468290       0x58 exit.o
                                         0x70 (size before relaxing)
 .eh_frame      0x00000000004682e8       0xc8 sse.o
                                         0xe0 (size before relaxing)
 .eh_frame      0x00000000004683b0      0x238 pci.o
                                        0x250 (size before relaxing)
 .eh_frame      0x00000000004685e8      0x240 i965.o
                                        0x258 (size before relaxing)
 .eh_frame      0x0000000000468828       0x68 cursor.o
                                         0x80 (size before relaxing)
 .eh_frame      0x0000000000468890      0x148 acpi.o
                                        0x160 (size before relaxing)
 .eh_frame      0x00000000004689d8       0xa0 hpet.o
                                         0xb8 (size before relaxing)
 .eh_frame      0x0000000000468a78       0x48 lpc.o
                                         0x60 (size before relaxing)
 .eh_frame      0x0000000000468ac0       0x88 pit.o
                                         0xa0 (size before relaxing)
 .eh_frame      0x0000000000468b48       0x88 ps2.o
                                         0xa0 (size before relaxing)
 .eh_frame      0x0000000000468bd0       0xf0 mouse.o
                                        0x108 (size before relaxing)
 .eh_frame      0x0000000000468cc0      0x128 keyboard.o
                                        0x140 (size before relaxing)
 .eh_frame      0x0000000000468de8      0x218 ahci.o
                                        0x230 (size before relaxing)
 .eh_frame      0x0000000000469000      0x248 ide.o
                                        0x260 (size before relaxing)
 .eh_frame      0x0000000000469248       0xb0 storage.o
                                         0xc8 (size before relaxing)
 .eh_frame      0x00000000004692f8      0x100 rtc.o
                                        0x118 (size before relaxing)
 .eh_frame      0x00000000004693f8      0x270 hda.o
                                        0x288 (size before relaxing)
 .eh_frame      0x0000000000469668       0x88 speaker.o
                                         0xa0 (size before relaxing)
 .eh_frame      0x00000000004696f0      0x190 e1000.o
                                        0x1a8 (size before relaxing)
 .eh_frame      0x0000000000469880      0x1d8 ethernet.o
                                        0x1f0 (size before relaxing)
 .eh_frame      0x0000000000469a58      0x178 arp.o
                                        0x190 (size before relaxing)
 .eh_frame      0x0000000000469bd0       0x78 udp.o
                                         0x90 (size before relaxing)
 .eh_frame      0x0000000000469c48       0x50 ipv4.o
                                         0x68 (size before relaxing)
 .eh_frame      0x0000000000469c98       0x98 dhcp.o
                                         0xb0 (size before relaxing)
 .eh_frame      0x0000000000469d30      0x120 tcp.o
                                        0x138 (size before relaxing)
 .eh_frame      0x0000000000469e50       0x40 checksum.o
                                         0x58 (size before relaxing)
 .eh_frame      0x0000000000469e90      0x2c8 rtl8169.o
                                        0x2e0 (size before relaxing)
 .eh_frame      0x000000000046a158      0x1a0 pcnet.o
                                        0x1b8 (size before relaxing)
 .eh_frame      0x000000000046a2f8      0x138 vmnet.o
                                        0x150 (size before relaxing)
 .eh_frame      0x000000000046a430       0x88 port.o
                                         0xa0 (size before relaxing)
 .eh_frame      0x000000000046a4b8       0xd0 bga.o
                                         0xe8 (size before relaxing)
 .eh_frame      0x000000000046a588       0x30 video.o
                                         0x48 (size before relaxing)
 .eh_frame      0x000000000046a5b8      0x128 gui.o
                                        0x140 (size before relaxing)
 .eh_frame      0x000000000046a6e0      0x110 compositor.o
                                        0x128 (size before relaxing)
 .eh_frame      0x000000000046a7f0       0x98 std.o
                                         0xb0 (size before relaxing)
 .eh_frame      0x000000000046a888      0x118 cfs.o
                                        0x130 (size before relaxing)
 .eh_frame      0x000000000046a9a0       0x68 pipe.o
                                         0x80 (size before relaxing)
 .eh_frame      0x000000000046aa08      0x150 socket.o
                                        0x168 (size before relaxing)
 .eh_frame      0x000000000046ab58       0x48 elf.o
                                         0x60 (size before relaxing)
 .eh_frame      0x000000000046aba0       0x50 bind.o
                                         0x68 (size before relaxing)
 .eh_frame      0x000000000046abf0       0x20 inet.o
                                         0x38 (size before relaxing)
 .eh_frame      0x000000000046ac10       0x30 recvfrom.o
                                         0x48 (size before relaxing)
 .eh_frame      0x000000000046ac40       0x30 sendto.o
                                         0x48 (size before relaxing)
 .eh_frame      0x000000000046ac70       0xc0 string.o
                                         0xd8 (size before relaxing)
 .eh_frame      0x000000000046ad30       0x50 vsprintf.o
                                         0x68 (size before relaxing)
 .eh_frame      0x000000000046ad80      0x198 stdio.o
                                        0x1b0 (size before relaxing)
 .eh_frame      0x000000000046af18       0xd8 stdlib.o
                                         0xf0 (size before relaxing)
 .eh_frame      0x000000000046aff0       0x20 sse_memcpy.o
                                         0x38 (size before relaxing)
 .eh_frame      0x000000000046b010       0x20 panic.o
                                         0x38 (size before relaxing)
 .eh_frame      0x000000000046b030       0xc4 msi.o
                                         0xe0 (size before relaxing)
                0x000000000046c000                . = ALIGN (0x1000)
 *fill*         0x000000000046b0f4      0xf0c 
                0x000000000046c000                end = .
                0x000000000046c000                _end = .
                0x000000000046c000                __end = .
LOAD setup.o
LOAD main.o
LOAD io.o
LOAD gdt.o
LOAD tss.o
LOAD idt.o
LOAD vetor.o
LOAD exception.o
LOAD data.o
LOAD server.o
LOAD smp.o
LOAD delay.o
LOAD paging.o
LOAD mm.o
LOAD cpuid.o
LOAD msr.o
LOAD lvt.o
LOAD irq.o
LOAD apic.o
LOAD ioapic.o
LOAD intr.o
LOAD sleep.o
LOAD thread.o
LOAD exectve.o
LOAD syscall.o
LOAD asyscall.o
LOAD console.o
LOAD exit.o
LOAD sse.o
LOAD pci.o
LOAD i965.o
LOAD cursor.o
LOAD acpi.o
LOAD hpet.o
LOAD lpc.o
LOAD pit.o
LOAD ps2.o
LOAD mouse.o
LOAD keyboard.o
LOAD ahci.o
LOAD ide.o
LOAD storage.o
LOAD rtc.o
LOAD hda.o
LOAD speaker.o
LOAD e1000.o
LOAD ethernet.o
LOAD arp.o
LOAD udp.o
LOAD ipv4.o
LOAD dhcp.o
LOAD tcp.o
LOAD checksum.o
LOAD rtl8169.o
LOAD pcnet.o
LOAD vmnet.o
LOAD port.o
LOAD bga.o
LOAD video.o
LOAD gui.o
LOAD compositor.o
LOAD font8x16.o
LOAD std.o
LOAD cfs.o
LOAD pipe.o
LOAD socket.o
LOAD elf.o
LOAD bind.o
LOAD inet.o
LOAD recvfrom.o
LOAD sendto.o
LOAD string.o
LOAD vsprintf.o
LOAD stdio.o
LOAD stdlib.o
LOAD sse_memcpy.o
LOAD panic.o
LOAD msi.o
OUTPUT(kernel.bin elf64-x86-64)

.rela.dyn       0x000000000046c000        0x0
 .rela.got      0x000000000046c000        0x0 setup.o
 .rela.iplt     0x000000000046c000        0x0 setup.o
 .rela.text     0x000000000046c000        0x0 setup.o

.comment        0x0000000000000000       0x2a
 .comment       0x0000000000000000       0x2a main.o
                                         0x2b (size before relaxing)
 .comment       0x000000000000002a       0x2b io.o
 .comment       0x000000000000002a       0x2b gdt.o
 .comment       0x000000000000002a       0x2b tss.o
 .comment       0x000000000000002a       0x2b idt.o
 .comment       0x000000000000002a       0x2b exception.o
 .comment       0x000000000000002a       0x2b data.o
 .comment       0x000000000000002a       0x2b server.o
 .comment       0x000000000000002a       0x2b smp.o
 .comment       0x000000000000002a       0x2b delay.o
 .comment       0x000000000000002a       0x2b paging.o
 .comment       0x000000000000002a       0x2b mm.o
 .comment       0x000000000000002a       0x2b cpuid.o
 .comment       0x000000000000002a       0x2b msr.o
 .comment       0x000000000000002a       0x2b lvt.o
 .comment       0x000000000000002a       0x2b irq.o
 .comment       0x000000000000002a       0x2b apic.o
 .comment       0x000000000000002a       0x2b ioapic.o
 .comment       0x000000000000002a       0x2b intr.o
 .comment       0x000000000000002a       0x2b sleep.o
 .comment       0x000000000000002a       0x2b thread.o
 .comment       0x000000000000002a       0x2b exectve.o
 .comment       0x000000000000002a       0x2b syscall.o
 .comment       0x000000000000002a       0x2b console.o
 .comment       0x000000000000002a       0x2b exit.o
 .comment       0x000000000000002a       0x2b sse.o
 .comment       0x000000000000002a       0x2b pci.o
 .comment       0x000000000000002a       0x2b i965.o
 .comment       0x000000000000002a       0x2b cursor.o
 .comment       0x000000000000002a       0x2b acpi.o
 .comment       0x000000000000002a       0x2b hpet.o
 .comment       0x000000000000002a       0x2b lpc.o
 .comment       0x000000000000002a       0x2b pit.o
 .comment       0x000000000000002a       0x2b ps2.o
 .comment       0x000000000000002a       0x2b mouse.o
 .comment       0x000000000000002a       0x2b keyboard.o
 .comment       0x000000000000002a       0x2b ahci.o
 .comment       0x000000000000002a       0x2b ide.o
 .comment       0x000000000000002a       0x2b storage.o
 .comment       0x000000000000002a       0x2b rtc.o
 .comment       0x000000000000002a       0x2b hda.o
 .comment       0x000000000000002a       0x2b speaker.o
 .comment       0x000000000000002a       0x2b e1000.o
 .comment       0x000000000000002a       0x2b ethernet.o
 .comment       0x000000000000002a       0x2b arp.o
 .comment       0x000000000000002a       0x2b udp.o
 .comment       0x000000000000002a       0x2b ipv4.o
 .comment       0x000000000000002a       0x2b dhcp.o
 .comment       0x000000000000002a       0x2b tcp.o
 .comment       0x000000000000002a       0x2b checksum.o
 .comment       0x000000000000002a       0x2b rtl8169.o
 .comment       0x000000000000002a       0x2b pcnet.o
 .comment       0x000000000000002a       0x2b vmnet.o
 .comment       0x000000000000002a       0x2b port.o
 .comment       0x000000000000002a       0x2b bga.o
 .comment       0x000000000000002a       0x2b video.o
 .comment       0x000000000000002a       0x2b gui.o
 .comment       0x000000000000002a       0x2b compositor.o
 .comment       0x000000000000002a       0x2b font8x16.o
 .comment       0x000000000000002a       0x2b std.o
 .comment       0x000000000000002a       0x2b cfs.o
 .comment       0x000000000000002a       0x2b pipe.o
 .comment       0x000000000000002a       0x2b socket.o
 .comment       0x000000000000002a       0x2b elf.o
 .comment       0x000000000000002a       0x2b bind.o
 .comment       0x000000000000002a       0x2b inet.o
 .comment       0x000000000000002a       0x2b recvfrom.o
 .comment       0x000000000000002a       0x2b sendto.o
 .comment       0x000000000000002a       0x2b string.o
 .comment       0x000000000000002a       0x2b vsprintf.o
 .comment       0x000000000000002a       0x2b stdio.o
 .comment       0x000000000000002a       0x2b stdlib.o
 .comment       0x000000000000002a       0x2b sse_memcpy.o
 .comment       0x000000000000002a       0x2b panic.o
 .comment       0x000000000000002a       0x2b msi.o

.note.GNU-stack
                0x0000000000000000        0x0
 .note.GNU-stack
                0x0000000000000000        0x0 main.o
 .note.GNU-stack
                0x0000000000000000        0x0 io.o
 .note.GNU-stack
                0x0000000000000000        0x0 gdt.o
 .note.GNU-stack
                0x0000000000000000        0x0 tss.o
 .note.GNU-stack
                0x0000000000000000        0x0 idt.o
 .note.GNU-stack
                0x0000000000000000        0x0 exception.o
 .note.GNU-stack
                0x0000000000000000        0x0 data.o
 .note.GNU-stack
                0x0000000000000000        0x0 server.o
 .note.GNU-stack
                0x0000000000000000        0x0 smp.o
 .note.GNU-stack
                0x0000000000000000        0x0 delay.o
 .note.GNU-stack
                0x0000000000000000        0x0 paging.o
 .note.GNU-stack
                0x0000000000000000        0x0 mm.o
 .note.GNU-stack
                0x0000000000000000        0x0 cpuid.o
 .note.GNU-stack
                0x0000000000000000        0x0 msr.o
 .note.GNU-stack
                0x0000000000000000        0x0 lvt.o
 .note.GNU-stack
                0x0000000000000000        0x0 irq.o
 .note.GNU-stack
                0x0000000000000000        0x0 apic.o
 .note.GNU-stack
                0x0000000000000000        0x0 ioapic.o
 .note.GNU-stack
                0x0000000000000000        0x0 intr.o
 .note.GNU-stack
                0x0000000000000000        0x0 sleep.o
 .note.GNU-stack
                0x0000000000000000        0x0 thread.o
 .note.GNU-stack
                0x0000000000000000        0x0 exectve.o
 .note.GNU-stack
                0x0000000000000000        0x0 syscall.o
 .note.GNU-stack
                0x0000000000000000        0x0 console.o
 .note.GNU-stack
                0x0000000000000000        0x0 exit.o
 .note.GNU-stack
                0x0000000000000000        0x0 sse.o
 .note.GNU-stack
                0x0000000000000000        0x0 pci.o
 .note.GNU-stack
                0x0000000000000000        0x0 i965.o
 .note.GNU-stack
                0x0000000000000000        0x0 cursor.o
 .note.GNU-stack
                0x0000000000000000        0x0 acpi.o
 .note.GNU-stack
                0x0000000000000000        0x0 hpet.o
 .note.GNU-stack
                0x0000000000000000        0x0 lpc.o
 .note.GNU-stack
                0x0000000000000000        0x0 pit.o
 .note.GNU-stack
                0x0000000000000000        0x0 ps2.o
 .note.GNU-stack
                0x0000000000000000        0x0 mouse.o
 .note.GNU-stack
                0x0000000000000000        0x0 keyboard.o
 .note.GNU-stack
                0x0000000000000000        0x0 ahci.o
 .note.GNU-stack
                0x0000000000000000        0x0 ide.o
 .note.GNU-stack
                0x0000000000000000        0x0 storage.o
 .note.GNU-stack
                0x0000000000000000        0x0 rtc.o
 .note.GNU-stack
                0x0000000000000000        0x0 hda.o
 .note.GNU-stack
                0x0000000000000000        0x0 speaker.o
 .note.GNU-stack
                0x0000000000000000        0x0 e1000.o
 .note.GNU-stack
                0x0000000000000000        0x0 ethernet.o
 .note.GNU-stack
                0x0000000000000000        0x0 arp.o
 .note.GNU-stack
                0x0000000000000000        0x0 udp.o
 .note.GNU-stack
                0x0000000000000000        0x0 ipv4.o
 .note.GNU-stack
                0x0000000000000000        0x0 dhcp.o
 .note.GNU-stack
                0x0000000000000000        0x0 tcp.o
 .note.GNU-stack
                0x0000000000000000        0x0 checksum.o
 .note.GNU-stack
                0x0000000000000000        0x0 rtl8169.o
 .note.GNU-stack
                0x0000000000000000        0x0 pcnet.o
 .note.GNU-stack
                0x0000000000000000        0x0 vmnet.o
 .note.GNU-stack
                0x0000000000000000        0x0 port.o
 .note.GNU-stack
                0x0000000000000000        0x0 bga.o
 .note.GNU-stack
                0x0000000000000000        0x0 video.o
 .note.GNU-stack
                0x0000000000000000        0x0 gui.o
 .note.GNU-stack
                0x0000000000000000        0x0 compositor.o
 .note.GNU-stack
                0x0000000000000000        0x0 font8x16.o
 .note.GNU-stack
                0x0000000000000000        0x0 std.o
 .note.GNU-stack
                0x0000000000000000        0x0 cfs.o
 .note.GNU-stack
                0x0000000000000000        0x0 pipe.o
 .note.GNU-stack
                0x0000000000000000        0x0 socket.o
 .note.GNU-stack
                0x0000000000000000        0x0 elf.o
 .note.GNU-stack
                0x0000000000000000        0x0 bind.o
 .note.GNU-stack
                0x0000000000000000        0x0 inet.o
 .note.GNU-stack
                0x0000000000000000        0x0 recvfrom.o
 .note.GNU-stack
                0x0000000000000000        0x0 sendto.o
 .note.GNU-stack
                0x0000000000000000        0x0 string.o
 .note.GNU-stack
                0x0000000000000000        0x0 vsprintf.o
 .note.GNU-stack
                0x0000000000000000        0x0 stdio.o
 .note.GNU-stack
                0x0000000000000000        0x0 stdlib.o
 .note.GNU-stack
                0x0000000000000000        0x0 sse_memcpy.o
 .note.GNU-stack
                0x0000000000000000        0x0 panic.o
 .note.GNU-stack
                0x0000000000000000        0x0 msi.o
