
Merging program properties

Removed property 0xc0000002 to merge crt0.o (0x3) and setup.o (not found)
Removed property 0xc0000002 to merge crt0.o (not found) and pci.o (0x3)
Removed property 0xc0000002 to merge crt0.o (not found) and file.o (0x3)
Removed property 0xc0000002 to merge crt0.o (not found) and cfs.o (0x3)
Removed property 0xc0000002 to merge crt0.o (not found) and alloc.o (0x3)
Removed property 0xc0000002 to merge crt0.o (not found) and pipe.o (0x3)
Removed property 0xc0000002 to merge crt0.o (not found) and path.o (0x3)
Removed property 0xc0000002 to merge crt0.o (not found) and socket.o (0x3)
Removed property 0xc0000002 to merge crt0.o (not found) and inet.o (0x3)
Removed property 0xc0000002 to merge crt0.o (not found) and communication.o (0x3)
Removed property 0xc0000002 to merge crt0.o (not found) and sys_exit.o (0x3)
Removed property 0xc0000002 to merge crt0.o (not found) and dns.o (0x3)
Removed property 0xc0000002 to merge crt0.o (not found) and pthread.o (0x3)
Removed property 0xc0000002 to merge crt0.o (not found) and gui.o (0x3)
Removed property 0xc0000002 to merge crt0.o (not found) and font8x16.o (0x3)
Removed property 0xc0000002 to merge crt0.o (not found) and window.o (0x3)
Removed property 0xc0000002 to merge crt0.o (not found) and bmp.o (0x3)
Removed property 0xc0000002 to merge crt0.o (not found) and font.o (0x3)
Removed property 0xc0000002 to merge crt0.o (not found) and border.o (0x3)
Removed property 0xc0000002 to merge crt0.o (not found) and libterm.o (0x3)
Removed property 0xc0000002 to merge crt0.o (not found) and memcmp.o (0x3)
Removed property 0xc0000002 to merge crt0.o (not found) and memcpy.o (0x3)
Removed property 0xc0000002 to merge crt0.o (not found) and memset.o (0x3)
Removed property 0xc0000002 to merge crt0.o (not found) and strcasecmp.o (0x3)
Removed property 0xc0000002 to merge crt0.o (not found) and strcat.o (0x3)
Removed property 0xc0000002 to merge crt0.o (not found) and strchr.o (0x3)
Removed property 0xc0000002 to merge crt0.o (not found) and strcmp.o (0x3)
Removed property 0xc0000002 to merge crt0.o (not found) and strcpy.o (0x3)
Removed property 0xc0000002 to merge crt0.o (not found) and strcspn.o (0x3)
Removed property 0xc0000002 to merge crt0.o (not found) and string.o (0x3)
Removed property 0xc0000002 to merge crt0.o (not found) and strlen.o (0x3)
Removed property 0xc0000002 to merge crt0.o (not found) and strncasecmp.o (0x3)
Removed property 0xc0000002 to merge crt0.o (not found) and strncmp.o (0x3)
Removed property 0xc0000002 to merge crt0.o (not found) and strncpy.o (0x3)
Removed property 0xc0000002 to merge crt0.o (not found) and strpbrk.o (0x3)
Removed property 0xc0000002 to merge crt0.o (not found) and strrchr.o (0x3)
Removed property 0xc0000002 to merge crt0.o (not found) and strsep.o (0x3)
Removed property 0xc0000002 to merge crt0.o (not found) and strspn.o (0x3)
Removed property 0xc0000002 to merge crt0.o (not found) and strtok.o (0x3)
Removed property 0xc0000002 to merge crt0.o (not found) and strstr.o (0x3)
Removed property 0xc0000002 to merge crt0.o (not found) and strdup.o (0x3)
Removed property 0xc0000002 to merge crt0.o (not found) and memmove.o (0x3)
Removed property 0xc0000002 to merge crt0.o (not found) and strcoll.o (0x3)
Removed property 0xc0000002 to merge crt0.o (not found) and strerror.o (0x3)
Removed property 0xc0000002 to merge crt0.o (not found) and ctype.o (0x3)
Removed property 0xc0000002 to merge crt0.o (not found) and tolower.o (0x3)
Removed property 0xc0000002 to merge crt0.o (not found) and toupper.o (0x3)
Removed property 0xc0000002 to merge crt0.o (not found) and stdio.o (0x3)
Removed property 0xc0000002 to merge crt0.o (not found) and fopen.o (0x3)
Removed property 0xc0000002 to merge crt0.o (not found) and fclose.o (0x3)
Removed property 0xc0000002 to merge crt0.o (not found) and fflush.o (0x3)
Removed property 0xc0000002 to merge crt0.o (not found) and putc.o (0x3)
Removed property 0xc0000002 to merge crt0.o (not found) and getc.o (0x3)
Removed property 0xc0000002 to merge crt0.o (not found) and fputc.o (0x3)
Removed property 0xc0000002 to merge crt0.o (not found) and fgetc.o (0x3)
Removed property 0xc0000002 to merge crt0.o (not found) and fgets.o (0x3)
Removed property 0xc0000002 to merge crt0.o (not found) and fputs.o (0x3)
Removed property 0xc0000002 to merge crt0.o (not found) and fread.o (0x3)
Removed property 0xc0000002 to merge crt0.o (not found) and fwrite.o (0x3)
Removed property 0xc0000002 to merge crt0.o (not found) and remove.o (0x3)
Removed property 0xc0000002 to merge crt0.o (not found) and rewind.o (0x3)
Removed property 0xc0000002 to merge crt0.o (not found) and fseek.o (0x3)
Removed property 0xc0000002 to merge crt0.o (not found) and feof.o (0x3)
Removed property 0xc0000002 to merge crt0.o (not found) and ftell.o (0x3)
Removed property 0xc0000002 to merge crt0.o (not found) and vfprintf.o (0x3)
Removed property 0xc0000002 to merge crt0.o (not found) and fprintf.o (0x3)
[...]
Memory Configuration

Name             Origin             Length             Attributes
*default*        0x0000000000000000 0xffffffffffffffff

Linker script and memory map

                0x0000008000001000                . = 0x8000001000
                0x0000008000001000                _start = .

.text           0x0000008000001000     0xf000
                0x0000008000001000                code = .
                0x0000008000001000                _code = .
                0x0000008000001000                __code = .
                0x0000008000001000                code = .
 *(.text)
 .text          0x0000008000001000       0x65 setup.o
                0x0000008000001053                call_function
 .text          0x0000008000001065      0x210 crt0.o
                0x0000008000001065                ctr0
 .text          0x0000008000001275      0x445 pci.o
                0x0000008000001275                pci_read_config_dword
                0x000000800000130c                pci_write_config_dword
                0x00000080000013a0                pci_get_info
                0x000000800000164e                main
 .text          0x00000080000016ba      0xdf6 file.o
                0x00000080000016ba                stdputc_r
                0x00000080000018f2                stdgetc_r
                0x0000008000001aae                getkey
                0x0000008000001b56                getkeyw
                0x0000008000001bff                open_r
                0x0000008000001c6f                flush_r
                0x0000008000001d56                close_r
                0x0000008000001dc8                putc_r
                0x0000008000001fe4                getc_r
                0x00000080000021b3                read_r
                0x0000008000002274                write_r
                0x0000008000002328                seek_r
                0x0000008000002406                tell_r
                0x0000008000002447                rewind_r
 .text          0x00000080000024b0     0x2851 cfs.o
                0x00000080000024b0                read_sector
                0x0000008000002505                write_sector
                0x000000800000255a                assert_fn
                0x00000080000025c3                get_file_name
                0x000000800000262a                filename_cmp
                0x0000008000002711                search_blk_null
                0x000000800000289b                write_blk
                0x00000080000028d4                clean_blk_enter
                0x00000080000029bd                read_super_block
                0x0000008000002a1b                read_directory_blk
                0x0000008000002c30                read_directory_entry
                0x0000008000002dfa                update_directory_entry
                0x0000008000003057                open_file_r
                0x00000080000033d6                open_file
                0x0000008000003b1a                file_update
                0x0000008000003c54                file_close
                0x0000008000003d54                file_read_block
                0x0000008000003e28                file_write_block
                0x0000008000003efc                open_dir
                0x00000080000042eb                create_file
                0x0000008000004654                remove_blk
                0x000000800000489c                remove_file
 .text          0x0000008000004d01      0x7eb alloc.o
                0x0000008000004d01                __block_r
                0x0000008000004d62                __free_block_r
                0x0000008000004d9b                __heap_r
                0x0000008000004e22                __malloc_r
                0x0000008000005149                __free_r
                0x000000800000534a                __realloc_r
 .text          0x00000080000054ec      0x315 pipe.o
                0x00000080000054ec                pipe_write
                0x00000080000055fd                pipe_read
                0x00000080000056f5                pipe_read_2x
 .text          0x0000008000005801      0x5d1 path.o
                0x0000008000005801                setpath
                0x0000008000005950                upath
                0x0000008000005a3c                getpathname
                0x0000008000005c7f                path_count
                0x0000008000005cea                getfilename
 .text          0x0000008000005dd2      0x991 socket.o
                0x0000008000005dd2                socket_address
                0x0000008000005e47                accept
                0x0000008000005e7d                bind
                0x0000008000005f4b                connect
                0x00000080000060db                listen
                0x000000800000610c                recv
                0x0000008000006244                recvfrom
                0x00000080000063ab                send
                0x00000080000064dd                sendto
                0x0000008000006629                shutdown
                0x0000008000006715                socket
 .text          0x0000008000006763      0x2dc inet.o
                0x0000008000006763                inet_addr
                0x0000008000006957                inet_lnaof
                0x0000008000006985                inet_makeaddr
                0x00000080000069b4                inet_netof
                0x00000080000069e2                inet_network
                0x0000008000006a11                inet_ntoa
 .text          0x0000008000006a3f      0x287 communication.o
                0x0000008000006ad1                communication
 .text          0x0000008000006cc6       0x87 sys_exit.o
                0x0000008000006cc6                sys_exit
 .text          0x0000008000006d4d      0x6c1 dns.o
                0x0000008000006ddf                changeto_dns_name_format
                0x0000008000006eb3                get_ip_from_name
 .text          0x000000800000740e      0x144 pthread.o
                0x000000800000740e                pthread_create
                0x00000080000074d0                pthread_exit
                0x00000080000074fa                pthread_join
 .text          0x0000008000007552      0x1ab gui.o
                0x0000008000007552                put_pixel
                0x00000080000075e8                draw_char_transparent
 .text          0x00000080000076fd        0x0 font8x16.o
 .text          0x00000080000076fd     0x1143 window.o
                0x00000080000076fd                drawline
                0x00000080000077ac                _drawline
                0x0000008000007873                drawrect
                0x0000008000007a1d                drawchar
                0x0000008000007b87                drawstring
                0x0000008000007c43                drawchar_trans
                0x0000008000007d62                drawstring_trans
                0x0000008000007e1e                window
                0x0000008000008388                wcl
                0x0000008000008474                update_window
                0x000000800000849f                __window_clear
                0x00000080000084d5                __window_putchar
                0x0000008000008782                color
                0x00000080000087cb                __window_puts
 .text          0x0000008000008840      0x5c5 bmp.o
                0x0000008000008840                BitMAP
                0x0000008000008b22                BitMAP2
 .text          0x0000008000008e05       0xdc font.o
                0x0000008000008e05                put
 .text          0x0000008000008ee1      0x332 border.o
                0x0000008000008ee1                border
 .text          0x0000008000009213       0x4d libterm.o
                0x0000008000009213                term_color
 .text          0x0000008000009260       0x96 memcmp.o
                0x0000008000009260                memcmp
 .text          0x00000080000092f6       0x77 memcpy.o
                0x00000080000092f6                memcpy
 .text          0x000000800000936d       0x62 memset.o
                0x000000800000936d                memset
 .text          0x00000080000093cf       0xbb strcasecmp.o
                0x00000080000093cf                strcasecmp
 .text          0x000000800000948a       0x7a strcat.o
                0x000000800000948a                strcat
 .text          0x0000008000009504       0x61 strchr.o
                0x0000008000009504                strchr
 .text          0x0000008000009565       0x9a strcmp.o
                0x0000008000009565                strcmp
 .text          0x00000080000095ff       0x7b strcpy.o
                0x00000080000095ff                strcpy
 .text          0x000000800000967a      0x261 strcspn.o
                0x000000800000967a                strchrnul
                0x00000080000097a5                strcspn
 .text          0x00000080000098db        0x0 string.o
 .text          0x00000080000098db       0x4c strlen.o
                0x00000080000098db                strlen
 .text          0x0000008000009927       0xc8 strncasecmp.o
                0x0000008000009927                strncasecmp
 .text          0x00000080000099ef       0x80 strncmp.o
                0x00000080000099ef                strncmp
 .text          0x0000008000009a6f       0x7d strncpy.o
                0x0000008000009a6f                strncpy
 .text          0x0000008000009aec       0x72 strpbrk.o
                0x0000008000009aec                strpbrk
 .text          0x0000008000009b5e       0x93 strrchr.o
                0x0000008000009b5e                strrchr
 .text          0x0000008000009bf1       0xbd strsep.o
                0x0000008000009bf1                strsep
 .text          0x0000008000009cae      0x133 strspn.o
                0x0000008000009cae                strspn
 .text          0x0000008000009de1      0x18e strtok.o
                0x0000008000009de1                strtok_r
                0x0000008000009f18                strtok
 .text          0x0000008000009f6f       0x98 strstr.o
                0x0000008000009f6f                strstr
 .text          0x000000800000a007       0xa0 strdup.o
                0x000000800000a007                strdup
 .text          0x000000800000a0a7       0xc2 memmove.o
                0x000000800000a0a7                memmove
 .text          0x000000800000a169       0x56 strcoll.o
                0x000000800000a169                strcoll
 .text          0x000000800000a1bf       0x50 strerror.o
                0x000000800000a1bf                strerror
 .text          0x000000800000a20f        0x0 ctype.o
 .text          0x000000800000a20f       0x55 tolower.o
                0x000000800000a20f                tolower
 .text          0x000000800000a264       0x55 toupper.o
                0x000000800000a264                toupper
 .text          0x000000800000a2b9       0xa2 stdio.o
                0x000000800000a2b9                debug_o
 .text          0x000000800000a35b       0x96 fopen.o
                0x000000800000a35b                fopen
 .text          0x000000800000a3f1       0x4b fclose.o
                0x000000800000a3f1                fclose
 .text          0x000000800000a43c       0x4b fflush.o
                0x000000800000a43c                fflush
 .text          0x000000800000a487       0x53 putc.o
                0x000000800000a487                putc
 .text          0x000000800000a4da       0x5f getc.o
                0x000000800000a4da                getc
 .text          0x000000800000a539       0x53 fputc.o
                0x000000800000a539                fputc
 .text          0x000000800000a58c       0x4b fgetc.o
                0x000000800000a58c                fgetc
 .text          0x000000800000a5d7      0x120 fgets.o
                0x000000800000a5d7                fgets
 .text          0x000000800000a6f7       0xa4 fputs.o
                0x000000800000a6f7                fputs
 .text          0x000000800000a79b       0x5d fread.o
                0x000000800000a79b                fread
 .text          0x000000800000a7f8       0x5d fwrite.o
                0x000000800000a7f8                fwrite
 .text          0x000000800000a855       0x4b remove.o
                0x000000800000a855                remove
 .text          0x000000800000a8a0       0x4c rewind.o
                0x000000800000a8a0                rewind
 .text          0x000000800000a8ec       0x59 fseek.o
                0x000000800000a8ec                fseek
 .text          0x000000800000a945       0x59 feof.o
                0x000000800000a945                feof
 .text          0x000000800000a99e       0x4b ftell.o
                0x000000800000a99e                ftell
 .text          0x000000800000a9e9      0x93b vfprintf.o
                0x000000800000a9e9                vfprintf
 .text          0x000000800000b324       0xeb fprintf.o
                0x000000800000b324                fprintf
 .text          0x000000800000b40f      0x9eb vsprintf.o
                0x000000800000b40f                _vsputs_r
                0x000000800000b47b                vsprintf
 .text          0x000000800000bdfa      0x101 sprintf.o
                0x000000800000bdfa                sprintf
 .text          0x000000800000befb       0xed snprintf.o
                0x000000800000befb                snprintf
 .text          0x000000800000bfe8       0xd9 vsnprintf.o
                0x000000800000bfe8                vsnprintf
 .text          0x000000800000c0c1       0x5c putchar.o
                0x000000800000c0c1                putchar
 .text          0x000000800000c11d       0xa6 puts.o
                0x000000800000c11d                puts
 .text          0x000000800000c1c3       0xf5 printf.o
                0x000000800000c1c3                printf
 .text          0x000000800000c2b8       0xa1 sscanf.o
                0x000000800000c2b8                sscanf
 .text          0x000000800000c359       0x4c perror.o
                0x000000800000c359                perror
 .text          0x000000800000c3a5      0x8ee vfscanf.o
                0x000000800000c78d                vfscanf
 .text          0x000000800000cc93       0xeb fscanf.o
                0x000000800000cc93                fscanf
 .text          0x000000800000cd7e       0xf5 scanf.o
                0x000000800000cd7e                scanf
 .text          0x000000800000ce73       0xb2 ungetc.o
                0x000000800000ce73                ungetc
 .text          0x000000800000cf25       0x8d getchar.o
                0x000000800000cf25                getchar
 .text          0x000000800000cfb2       0x59 freopen.o
                0x000000800000cfb2                freopen
 .text          0x000000800000d00b       0xb9 tmpnam.o
                0x000000800000d00b                sysgettmpnam
                0x000000800000d044                tmpnam
 .text          0x000000800000d0c4       0xf8 rename.o
                0x000000800000d0c4                rename
 .text          0x000000800000d1bc      0x147 itoa.o
                0x000000800000d1bc                itoa
 .text          0x000000800000d303      0x175 i2hex.o
                0x000000800000d303                i2hex
 .text          0x000000800000d478       0x4d malloc.o
                0x000000800000d478                malloc
 .text          0x000000800000d4c5       0x4f calloc.o
                0x000000800000d4c5                calloc
 .text          0x000000800000d514       0x4c free.o
                0x000000800000d514                free
 .text          0x000000800000d560       0x53 realloc.o
                0x000000800000d560                realloc
 .text          0x000000800000d5b3       0x88 div.o
                0x000000800000d5b3                div
 .text          0x000000800000d63b       0xaa ldiv.o
                0x000000800000d63b                ldiv
 .text          0x000000800000d6e5       0xaa lldiv.o
                0x000000800000d6e5                lldiv
 .text          0x000000800000d78f      0x332 strtol.o
                0x000000800000d78f                strtol
 .text          0x000000800000dac1       0x55 atoi.o
                0x000000800000dac1                atoi
 .text          0x000000800000db16       0x55 atol.o
                0x000000800000db16                atol
 .text          0x000000800000db6b      0x24c strtoul.o
                0x000000800000db6b                strtoul
 .text          0x000000800000ddb7       0x49 exit.o
                0x000000800000ddb7                exit
 .text          0x000000800000de00       0x77 getenv.o
                0x000000800000de00                getenv
 .text          0x000000800000de77      0x49c qsort.o
                0x000000800000e292                qsort
 .text          0x000000800000e313       0x5c system.o
                0x000000800000e313                system
 .text          0x000000800000e36f      0x335 strtod.o
                0x000000800000e36f                strtod
 .text          0x000000800000e6a4      0x24a ftoa.o
                0x000000800000e703                ftoa
 .text          0x000000800000e8ee       0x50 atof.o
                0x000000800000e8ee                atof
 .text          0x000000800000e93e       0x5a strtof.o
                0x000000800000e93e                strtof
 .text          0x000000800000e998       0x5e strtold.o
                0x000000800000e998                strtold
 .text          0x000000800000e9f6       0x34 abs.o
                0x000000800000e9f6                abs
 .text          0x000000800000ea2a      0x225 ltoa.o
                0x000000800000ea2a                ltoa_r
                0x000000800000eba0                ltoa
 .text          0x000000800000ec4f      0x18e utoa.o
                0x000000800000ed48                utoa
 .text          0x000000800000eddd       0x2a srand.o
                0x000000800000eddd                srand
 .text          0x000000800000ee07       0x27 rand.o
                0x000000800000ee07                rand
 .text          0x000000800000ee2e        0x0 errno.o
 .text          0x000000800000ee2e       0x2f time.o
                0x000000800000ee2e                time
 .text          0x000000800000ee5d       0x3b gmtime.o
                0x000000800000ee5d                gmtime
 .text          0x000000800000ee98       0x3b localtime.o
                0x000000800000ee98                localtime
 .text          0x000000800000eed3       0x3a strftime.o
                0x000000800000eed3                strftime
 .text          0x000000800000ef0d       0x27 clock.o
                0x000000800000ef0d                clock
 .text          0x000000800000ef34       0xf0 math.o
                0x000000800000ef34                log10
                0x000000800000ef6d                ldexp
                0x000000800000efa9                frexp
                0x000000800000efe6                atan2
 .text          0x000000800000f024       0x6e pow.o
                0x000000800000f024                pow
 .text          0x000000800000f092       0x3b sqrt.o
                0x000000800000f092                sqrt
 .text          0x000000800000f0cd       0x39 atan.o
                0x000000800000f0cd                atan
 .text          0x000000800000f106       0x39 acos.o
                0x000000800000f106                acos
 .text          0x000000800000f13f       0x39 asin.o
                0x000000800000f13f                asin
 .text          0x000000800000f178      0x1b8 sin.o
                0x000000800000f235                sin
 .text          0x000000800000f330       0x39 tan.o
                0x000000800000f330                tan
 .text          0x000000800000f369      0x1b3 cos.o
                0x000000800000f426                cos
 .text          0x000000800000f51c       0x39 floor.o
                0x000000800000f51c                floor
 .text          0x000000800000f555       0x54 ceil.o
                0x000000800000f555                ceil
 .text          0x000000800000f5a9       0x61 exp.o
                0x000000800000f5a9                exp
 .text          0x000000800000f60a      0x11a log.o
                0x000000800000f60a                log
 .text          0x000000800000f724       0x48 fmax.o
                0x000000800000f724                fmax
 .text          0x000000800000f76c       0x48 fmin.o
                0x000000800000f76c                fmin
 .text          0x000000800000f7b4       0x47 fminf.o
                0x000000800000f7b4                fminf
 .text          0x000000800000f7fb       0x36 min.o
                0x000000800000f7fb                min
 .text          0x000000800000f831       0x36 max.o
                0x000000800000f831                max
 .text          0x000000800000f867       0x5f fabs.o
                0x000000800000f867                fabs
 *fill*         0x000000800000f8c6        0xa 
 .text          0x000000800000f8d0        0x2 lbm.o
                0x000000800000f8d0                __sin
                0x000000800000f8d1                cosine
 .text          0x000000800000f8d2       0x32 locale.o
                0x000000800000f8d2                setlocale
 .text          0x000000800000f904       0xbb signal.o
                0x000000800000f904                signal
                0x000000800000f962                sigaction
 *fill*         0x000000800000f9bf        0x1 
 .text          0x000000800000f9c0       0x2c setjmp.o
                0x000000800000f9c0                setjmp
 *fill*         0x000000800000f9ec        0x4 
 .text          0x000000800000f9f0       0x2f longjmp.o
                0x000000800000f9f0                longjmp
                0x0000008000010000                . = ALIGN (0x1000)
 *fill*         0x000000800000fa1f      0x5e1 

.iplt           0x0000008000010000        0x0
 .iplt          0x0000008000010000        0x0 setup.o

.data           0x0000008000010000     0x4000
                0x0000008000010000                data = .
                0x0000008000010000                _data = .
                0x0000008000010000                __data = .
 *(.data)
 .data          0x0000008000010000       0x18 setup.o
                0x0000008000010000                argc
                0x0000008000010008                argv
                0x0000008000010010                pwd_ptr
 .data          0x0000008000010018        0x0 crt0.o
 .data          0x0000008000010018        0x0 pci.o
 .data          0x0000008000010018        0x0 file.o
 .data          0x0000008000010018        0x0 cfs.o
 .data          0x0000008000010018        0x0 alloc.o
 .data          0x0000008000010018        0x0 pipe.o
 .data          0x0000008000010018        0x0 path.o
 .data          0x0000008000010018        0x0 socket.o
 .data          0x0000008000010018        0x0 inet.o
 .data          0x0000008000010018        0x0 communication.o
 .data          0x0000008000010018        0x0 sys_exit.o
 *fill*         0x0000008000010018        0x8 
 .data          0x0000008000010020      0x500 dns.o
                0x0000008000010020                dns_servers
 .data          0x0000008000010520        0x0 pthread.o
 .data          0x0000008000010520        0x0 gui.o
 .data          0x0000008000010520     0x1000 font8x16.o
                0x0000008000010520                font8x16
 .data          0x0000008000011520        0x0 window.o
 .data          0x0000008000011520        0x0 bmp.o
 .data          0x0000008000011520      0x240 font.o
                0x0000008000011520                A__
 .data          0x0000008000011760        0x0 border.o
 .data          0x0000008000011760        0x0 libterm.o
 .data          0x0000008000011760        0x0 memcmp.o
 .data          0x0000008000011760        0x0 memcpy.o
 .data          0x0000008000011760        0x0 memset.o
 .data          0x0000008000011760        0x0 strcasecmp.o
 .data          0x0000008000011760        0x0 strcat.o
 .data          0x0000008000011760        0x0 strchr.o
 .data          0x0000008000011760        0x0 strcmp.o
 .data          0x0000008000011760        0x0 strcpy.o
 .data          0x0000008000011760        0x0 strcspn.o
 .data          0x0000008000011760        0x0 string.o
 .data          0x0000008000011760        0x0 strlen.o
 .data          0x0000008000011760        0x0 strncasecmp.o
 .data          0x0000008000011760        0x0 strncmp.o
 .data          0x0000008000011760        0x0 strncpy.o
 .data          0x0000008000011760        0x0 strpbrk.o
 .data          0x0000008000011760        0x0 strrchr.o
 .data          0x0000008000011760        0x0 strsep.o
 .data          0x0000008000011760        0x0 strspn.o
 .data          0x0000008000011760        0x0 strtok.o
 .data          0x0000008000011760        0x0 strstr.o
 .data          0x0000008000011760        0x0 strdup.o
 .data          0x0000008000011760        0x0 memmove.o
 .data          0x0000008000011760        0x0 strcoll.o
 .data          0x0000008000011760        0x0 strerror.o
 .data          0x0000008000011760        0x0 ctype.o
 .data          0x0000008000011760        0x0 tolower.o
 .data          0x0000008000011760        0x0 toupper.o
 .data          0x0000008000011760        0x0 stdio.o
 .data          0x0000008000011760        0x0 fopen.o
 .data          0x0000008000011760        0x0 fclose.o
 .data          0x0000008000011760        0x0 fflush.o
 .data          0x0000008000011760        0x0 putc.o
 .data          0x0000008000011760        0x0 getc.o
 .data          0x0000008000011760        0x0 fputc.o
 .data          0x0000008000011760        0x0 fgetc.o
 .data          0x0000008000011760        0x0 fgets.o
 .data          0x0000008000011760        0x0 fputs.o
 .data          0x0000008000011760        0x0 fread.o
 .data          0x0000008000011760        0x0 fwrite.o
 .data          0x0000008000011760        0x0 remove.o
 .data          0x0000008000011760        0x0 rewind.o
 .data          0x0000008000011760        0x0 fseek.o
 .data          0x0000008000011760        0x0 feof.o
 .data          0x0000008000011760        0x0 ftell.o
 .data          0x0000008000011760        0x0 vfprintf.o
 .data          0x0000008000011760        0x0 fprintf.o
 .data          0x0000008000011760        0x0 vsprintf.o
 .data          0x0000008000011760        0x0 sprintf.o
 .data          0x0000008000011760        0x0 snprintf.o
 .data          0x0000008000011760        0x0 vsnprintf.o
 .data          0x0000008000011760        0x0 putchar.o
 .data          0x0000008000011760        0x0 puts.o
 .data          0x0000008000011760        0x0 printf.o
 .data          0x0000008000011760        0x0 sscanf.o
 .data          0x0000008000011760        0x0 perror.o
 .data          0x0000008000011760        0x0 vfscanf.o
 .data          0x0000008000011760        0x0 fscanf.o
 .data          0x0000008000011760        0x0 scanf.o
 .data          0x0000008000011760        0x0 ungetc.o
 .data          0x0000008000011760        0x0 getchar.o
 .data          0x0000008000011760        0x0 freopen.o
 .data          0x0000008000011760        0x0 tmpnam.o
 .data          0x0000008000011760        0x0 rename.o
 .data          0x0000008000011760        0x0 itoa.o
 .data          0x0000008000011760        0x0 i2hex.o
 .data          0x0000008000011760        0x0 malloc.o
 .data          0x0000008000011760        0x0 calloc.o
 .data          0x0000008000011760        0x0 free.o
 .data          0x0000008000011760        0x0 realloc.o
 .data          0x0000008000011760        0x0 div.o
 .data          0x0000008000011760        0x0 ldiv.o
 .data          0x0000008000011760        0x0 lldiv.o
 .data          0x0000008000011760        0x0 strtol.o
 .data          0x0000008000011760        0x0 atoi.o
 .data          0x0000008000011760        0x0 atol.o
 .data          0x0000008000011760        0x0 strtoul.o
 .data          0x0000008000011760        0x0 exit.o
 .data          0x0000008000011760        0x0 getenv.o
 .data          0x0000008000011760        0x0 qsort.o
 .data          0x0000008000011760        0x0 system.o
 .data          0x0000008000011760        0x8 strtod.o
                0x0000008000011760                _infinity
 .data          0x0000008000011768        0x0 ftoa.o
 .data          0x0000008000011768        0x0 atof.o
 .data          0x0000008000011768        0x0 strtof.o
 .data          0x0000008000011768        0x0 strtold.o
 .data          0x0000008000011768        0x0 abs.o
 .data          0x0000008000011768        0x0 ltoa.o
 .data          0x0000008000011768        0x0 utoa.o
 .data          0x0000008000011768        0x0 srand.o
 .data          0x0000008000011768        0x0 rand.o
 .data          0x0000008000011768        0x0 errno.o
 .data          0x0000008000011768        0x0 time.o
 .data          0x0000008000011768        0x0 gmtime.o
 .data          0x0000008000011768        0x0 localtime.o
 .data          0x0000008000011768        0x0 strftime.o
 .data          0x0000008000011768        0x0 clock.o
 .data          0x0000008000011768        0x0 math.o
 .data          0x0000008000011768        0x0 pow.o
 .data          0x0000008000011768        0x0 sqrt.o
 .data          0x0000008000011768        0x0 atan.o
 .data          0x0000008000011768        0x0 acos.o
 .data          0x0000008000011768        0x0 asin.o
 .data          0x0000008000011768        0x0 sin.o
 .data          0x0000008000011768        0x0 tan.o
 .data          0x0000008000011768        0x0 cos.o
 .data          0x0000008000011768        0x0 floor.o
 .data          0x0000008000011768        0x0 ceil.o
 .data          0x0000008000011768        0x0 exp.o
 .data          0x0000008000011768        0x0 log.o
 .data          0x0000008000011768        0x0 fmax.o
 .data          0x0000008000011768        0x0 fmin.o
 .data          0x0000008000011768        0x0 fminf.o
 .data          0x0000008000011768        0x0 min.o
 .data          0x0000008000011768        0x0 max.o
 .data          0x0000008000011768        0x0 fabs.o
 .data          0x0000008000011768        0x0 locale.o
 .data          0x0000008000011768        0x0 signal.o
 *(.rodata)
 .rodata        0x0000008000011768     0x1614 pci.o
 *fill*         0x0000008000012d7c        0x4 
 .rodata        0x0000008000012d80       0x96 cfs.o
 *fill*         0x0000008000012e16        0x2 
 .rodata        0x0000008000012e18       0x64 alloc.o
 .rodata        0x0000008000012e7c        0x4 path.o
 .rodata        0x0000008000012e80       0x21 socket.o
 .rodata        0x0000008000012ea1        0x3 inet.o
 .rodata        0x0000008000012ea4       0x36 communication.o
 .rodata        0x0000008000012eda       0x56 dns.o
 .rodata        0x0000008000012f30       0x40 bmp.o
 .rodata        0x0000008000012f70        0xb strerror.o
 *fill*         0x0000008000012f7b        0x5 
 .rodata        0x0000008000012f80      0x100 ctype.o
                0x0000008000012f80                _ctype
 .rodata        0x0000008000013080       0x11 stdio.o
 *fill*         0x0000008000013091        0x7 
 .rodata        0x0000008000013098      0x1f8 vfprintf.o
 .rodata        0x0000008000013290      0x200 vsprintf.o
 .rodata        0x0000008000013490       0x11 sscanf.o
 *fill*         0x00000080000134a1        0x7 
 .rodata        0x00000080000134a8      0x1f0 vfscanf.o
 .rodata        0x0000008000013698       0x12 freopen.o
 .rodata        0x00000080000136aa        0x3 rename.o
 .rodata        0x00000080000136ad        0x4 getenv.o
 .rodata        0x00000080000136b1       0x1d system.o
 *fill*         0x00000080000136ce        0x2 
 .rodata        0x00000080000136d0       0x20 strtod.o
 .rodata        0x00000080000136f0       0x28 ftoa.o
 .rodata        0x0000008000013718        0x8 math.o
 .rodata        0x0000008000013720        0x8 atan.o
 .rodata        0x0000008000013728        0x8 acos.o
 .rodata        0x0000008000013730        0x8 asin.o
 .rodata        0x0000008000013738       0x18 sin.o
 .rodata        0x0000008000013750        0x8 tan.o
 .rodata        0x0000008000013758       0x18 cos.o
 .rodata        0x0000008000013770        0x8 floor.o
 .rodata        0x0000008000013778        0x8 exp.o
 .rodata        0x0000008000013780       0x30 log.o
 .rodata        0x00000080000137b0       0x20 fabs.o
 .rodata        0x00000080000137d0       0x42 signal.o
                0x0000008000014000                . = ALIGN (0x1000)
 *fill*         0x0000008000013812      0x7ee 

.got            0x0000008000014000       0x70
 .got           0x0000008000014000       0x70 setup.o

.got.plt        0x0000008000014070       0x18
 .got.plt       0x0000008000014070       0x18 setup.o
                0x0000008000014070                _GLOBAL_OFFSET_TABLE_

.igot.plt       0x0000008000014088        0x0
 .igot.plt      0x0000008000014088        0x0 setup.o

.data.rel.local
                0x00000080000140a0     0x1400
 .data.rel.local
                0x00000080000140a0     0x1400 pci.o
                0x00000080000140a0                pci_classes
                0x00000080000148a0                pci_class_names

.bss            0x00000080000154a0    0x10b60
                0x00000080000154a0                bss = .
                0x00000080000154a0                _bss = .
                0x00000080000154a0                __bss = .
 *(.bss)
 .bss           0x00000080000154a0        0x0 crt0.o
 .bss           0x00000080000154a0        0x0 pci.o
 .bss           0x00000080000154a0        0x0 file.o
 .bss           0x00000080000154a0        0x0 cfs.o
 .bss           0x00000080000154a0        0x4 alloc.o
 .bss           0x00000080000154a4        0x0 pipe.o
 .bss           0x00000080000154a4        0x0 path.o
 .bss           0x00000080000154a4        0x0 socket.o
 .bss           0x00000080000154a4        0x0 inet.o
 .bss           0x00000080000154a4        0x0 communication.o
 .bss           0x00000080000154a4        0x0 sys_exit.o
 .bss           0x00000080000154a4        0x0 dns.o
 .bss           0x00000080000154a4        0x0 pthread.o
 .bss           0x00000080000154a4        0x0 gui.o
 .bss           0x00000080000154a4        0x0 font8x16.o
 .bss           0x00000080000154a4        0x0 window.o
 .bss           0x00000080000154a4        0x0 bmp.o
 .bss           0x00000080000154a4        0x0 font.o
 .bss           0x00000080000154a4        0x0 border.o
 .bss           0x00000080000154a4        0x0 libterm.o
 .bss           0x00000080000154a4        0x0 memcmp.o
 .bss           0x00000080000154a4        0x0 memcpy.o
 .bss           0x00000080000154a4        0x0 memset.o
 .bss           0x00000080000154a4        0x0 strcasecmp.o
 .bss           0x00000080000154a4        0x0 strcat.o
 .bss           0x00000080000154a4        0x0 strchr.o
 .bss           0x00000080000154a4        0x0 strcmp.o
 .bss           0x00000080000154a4        0x0 strcpy.o
 .bss           0x00000080000154a4        0x0 strcspn.o
 .bss           0x00000080000154a4        0x0 string.o
 .bss           0x00000080000154a4        0x0 strlen.o
 .bss           0x00000080000154a4        0x0 strncasecmp.o
 .bss           0x00000080000154a4        0x0 strncmp.o
 .bss           0x00000080000154a4        0x0 strncpy.o
 .bss           0x00000080000154a4        0x0 strpbrk.o
 .bss           0x00000080000154a4        0x0 strrchr.o
 .bss           0x00000080000154a4        0x0 strsep.o
 .bss           0x00000080000154a4        0x0 strspn.o
 *fill*         0x00000080000154a4        0x4 
 .bss           0x00000080000154a8        0x8 strtok.o
 .bss           0x00000080000154b0        0x0 strstr.o
 .bss           0x00000080000154b0        0x0 strdup.o
 .bss           0x00000080000154b0        0x0 memmove.o
 .bss           0x00000080000154b0        0x0 strcoll.o
 .bss           0x00000080000154b0        0x0 strerror.o
 .bss           0x00000080000154b0        0x0 ctype.o
 .bss           0x00000080000154b0        0x0 tolower.o
 .bss           0x00000080000154b0        0x0 toupper.o
 .bss           0x00000080000154b0        0x0 stdio.o
 .bss           0x00000080000154b0        0x0 fopen.o
 .bss           0x00000080000154b0        0x0 fclose.o
 .bss           0x00000080000154b0        0x0 fflush.o
 .bss           0x00000080000154b0        0x0 putc.o
 .bss           0x00000080000154b0        0x0 getc.o
 .bss           0x00000080000154b0        0x0 fputc.o
 .bss           0x00000080000154b0        0x0 fgetc.o
 .bss           0x00000080000154b0        0x0 fgets.o
 .bss           0x00000080000154b0        0x0 fputs.o
 .bss           0x00000080000154b0        0x0 fread.o
 .bss           0x00000080000154b0        0x0 fwrite.o
 .bss           0x00000080000154b0        0x0 remove.o
 .bss           0x00000080000154b0        0x0 rewind.o
 .bss           0x00000080000154b0        0x0 fseek.o
 .bss           0x00000080000154b0        0x0 feof.o
 .bss           0x00000080000154b0        0x0 ftell.o
 .bss           0x00000080000154b0        0x0 vfprintf.o
 .bss           0x00000080000154b0        0x0 fprintf.o
 .bss           0x00000080000154b0        0x0 vsprintf.o
 .bss           0x00000080000154b0        0x0 sprintf.o
 .bss           0x00000080000154b0        0x0 snprintf.o
 *fill*         0x00000080000154b0       0x10 
 .bss           0x00000080000154c0    0x10000 vsnprintf.o
 .bss           0x00000080000254c0        0x0 putchar.o
 .bss           0x00000080000254c0        0x0 puts.o
 .bss           0x00000080000254c0        0x0 printf.o
 .bss           0x00000080000254c0        0x0 sscanf.o
 .bss           0x00000080000254c0        0x0 perror.o
 .bss           0x00000080000254c0      0x200 vfscanf.o
 .bss           0x00000080000256c0        0x0 fscanf.o
 .bss           0x00000080000256c0        0x0 scanf.o
 .bss           0x00000080000256c0        0x0 ungetc.o
 .bss           0x00000080000256c0        0x0 getchar.o
 .bss           0x00000080000256c0        0x0 freopen.o
 .bss           0x00000080000256c0       0x60 tmpnam.o
 .bss           0x0000008000025720        0x0 rename.o
 .bss           0x0000008000025720        0x0 itoa.o
 .bss           0x0000008000025720        0x0 i2hex.o
 .bss           0x0000008000025720        0x0 malloc.o
 .bss           0x0000008000025720        0x0 calloc.o
 .bss           0x0000008000025720        0x0 free.o
 .bss           0x0000008000025720        0x0 realloc.o
 .bss           0x0000008000025720        0x0 div.o
 .bss           0x0000008000025720        0x0 ldiv.o
 .bss           0x0000008000025720        0x0 lldiv.o
 .bss           0x0000008000025720        0x0 strtol.o
 .bss           0x0000008000025720        0x0 atoi.o
 .bss           0x0000008000025720        0x0 atol.o
 .bss           0x0000008000025720        0x0 strtoul.o
 .bss           0x0000008000025720        0x0 exit.o
 .bss           0x0000008000025720        0x0 getenv.o
 .bss           0x0000008000025720        0xc qsort.o
 .bss           0x000000800002572c        0x0 system.o
 .bss           0x000000800002572c        0x0 strtod.o
 .bss           0x000000800002572c        0x0 ftoa.o
 .bss           0x000000800002572c        0x0 atof.o
 .bss           0x000000800002572c        0x0 strtof.o
 .bss           0x000000800002572c        0x0 strtold.o
 .bss           0x000000800002572c        0x0 abs.o
 .bss           0x000000800002572c        0x0 ltoa.o
 .bss           0x000000800002572c        0x0 utoa.o
 .bss           0x000000800002572c        0x0 srand.o
 .bss           0x000000800002572c        0x0 rand.o
 .bss           0x000000800002572c        0x0 errno.o
 .bss           0x000000800002572c        0x0 time.o
 .bss           0x000000800002572c        0x0 gmtime.o
 .bss           0x000000800002572c        0x0 localtime.o
 .bss           0x000000800002572c        0x0 strftime.o
 .bss           0x000000800002572c        0x0 clock.o
 .bss           0x000000800002572c        0x0 math.o
 .bss           0x000000800002572c        0x0 pow.o
 .bss           0x000000800002572c        0x0 sqrt.o
 .bss           0x000000800002572c        0x0 atan.o
 .bss           0x000000800002572c        0x0 acos.o
 .bss           0x000000800002572c        0x0 asin.o
 .bss           0x000000800002572c        0x0 sin.o
 .bss           0x000000800002572c        0x0 tan.o
 .bss           0x000000800002572c        0x0 cos.o
 .bss           0x000000800002572c        0x0 floor.o
 .bss           0x000000800002572c        0x0 ceil.o
 .bss           0x000000800002572c        0x0 exp.o
 .bss           0x000000800002572c        0x0 log.o
 .bss           0x000000800002572c        0x0 fmax.o
 .bss           0x000000800002572c        0x0 fmin.o
 .bss           0x000000800002572c        0x0 fminf.o
 .bss           0x000000800002572c        0x0 min.o
 .bss           0x000000800002572c        0x0 max.o
 .bss           0x000000800002572c        0x0 fabs.o
 .bss           0x000000800002572c        0x0 locale.o
 .bss           0x000000800002572c        0x0 signal.o
 *(COMMON)
 *fill*         0x000000800002572c        0x4 
 COMMON         0x0000008000025730       0x68 crt0.o
                0x0000008000025730                stdout
                0x0000008000025738                __tm
                0x0000008000025740                mouse2
                0x0000008000025748                __pipe__
                0x0000008000025750                user
                0x0000008000025758                stdin
                0x0000008000025760                obj_list
                0x0000008000025768                pwd
                0x0000008000025770                ptr_mouse2
                0x0000008000025778                stderr
                0x0000008000025780                mouse
                0x0000008000025788                __window
                0x0000008000025790                pipe_r
 *fill*         0x0000008000025798        0x8 
 COMMON         0x00000080000257a0      0x820 cfs.o
                0x00000080000257a0                fs_directory
                0x00000080000257c0                _BLK_
 COMMON         0x0000008000025fc0       0x18 alloc.o
                0x0000008000025fc0                __m_i
                0x0000008000025fc8                __m_c
                0x0000008000025fd0                addr
 COMMON         0x0000008000025fd8        0x8 libterm.o
                0x0000008000025fd8                term_bg_color
                0x0000008000025fdc                term_fg_color
 COMMON         0x0000008000025fe0        0x4 errno.o
                0x0000008000025fe0                errno
                0x0000008000026000                . = ALIGN (0x1000)
 *fill*         0x0000008000025fe4       0x1c 

.eh_frame       0x0000008000026000     0x3000
                0x0000008000026000                eh_frame = .
 *(.eh_frame)
 .eh_frame      0x0000008000026000       0x48 crt0.o
 .eh_frame      0x0000008000026048       0x98 pci.o
                                         0xb0 (size before relaxing)
 .eh_frame      0x00000080000260e0      0x1f8 file.o
                                        0x210 (size before relaxing)
 .eh_frame      0x00000080000262d8      0x350 cfs.o
                                        0x368 (size before relaxing)
 .eh_frame      0x0000008000026628       0xe0 alloc.o
                                         0xf8 (size before relaxing)
 .eh_frame      0x0000008000026708       0x60 pipe.o
                                         0x78 (size before relaxing)
 .eh_frame      0x0000008000026768       0xc8 path.o
                                         0xe0 (size before relaxing)
 .eh_frame      0x0000008000026830      0x1a8 socket.o
                                        0x1c0 (size before relaxing)
 .eh_frame      0x00000080000269d8       0xd0 inet.o
                                         0xe8 (size before relaxing)
 .eh_frame      0x0000008000026aa8       0x70 communication.o
                                         0x88 (size before relaxing)
 .eh_frame      0x0000008000026b18       0x20 sys_exit.o
                                         0x38 (size before relaxing)
 .eh_frame      0x0000008000026b38       0x90 dns.o
                                         0xa8 (size before relaxing)
 .eh_frame      0x0000008000026bc8       0x68 pthread.o
                                         0x80 (size before relaxing)
 .eh_frame      0x0000008000026c30       0x48 gui.o
                                         0x60 (size before relaxing)
 .eh_frame      0x0000008000026c78      0x218 window.o
                                        0x230 (size before relaxing)
 .eh_frame      0x0000008000026e90       0x58 bmp.o
                                         0x70 (size before relaxing)
 .eh_frame      0x0000008000026ee8       0x28 font.o
                                         0x40 (size before relaxing)
 .eh_frame      0x0000008000026f10       0x30 border.o
                                         0x48 (size before relaxing)
 .eh_frame      0x0000008000026f40       0x20 libterm.o
                                         0x38 (size before relaxing)
 .eh_frame      0x0000008000026f60       0x20 memcmp.o
                                         0x38 (size before relaxing)
 .eh_frame      0x0000008000026f80       0x20 memcpy.o
                                         0x38 (size before relaxing)
 .eh_frame      0x0000008000026fa0       0x20 memset.o
                                         0x38 (size before relaxing)
 .eh_frame      0x0000008000026fc0       0x28 strcasecmp.o
                                         0x40 (size before relaxing)
 .eh_frame      0x0000008000026fe8       0x28 strcat.o
                                         0x40 (size before relaxing)
 .eh_frame      0x0000008000027010       0x20 strchr.o
                                         0x38 (size before relaxing)
 .eh_frame      0x0000008000027030       0x20 strcmp.o
                                         0x38 (size before relaxing)
 .eh_frame      0x0000008000027050       0x20 strcpy.o
                                         0x38 (size before relaxing)
 .eh_frame      0x0000008000027070       0x48 strcspn.o
                                         0x60 (size before relaxing)
 .eh_frame      0x00000080000270b8       0x20 strlen.o
                                         0x38 (size before relaxing)
 .eh_frame      0x00000080000270d8       0x28 strncasecmp.o
                                         0x40 (size before relaxing)
 .eh_frame      0x0000008000027100       0x20 strncmp.o
                                         0x38 (size before relaxing)
 .eh_frame      0x0000008000027120       0x20 strncpy.o
                                         0x38 (size before relaxing)
 .eh_frame      0x0000008000027140       0x28 strpbrk.o
                                         0x40 (size before relaxing)
 .eh_frame      0x0000008000027168       0x28 strrchr.o
                                         0x40 (size before relaxing)
 .eh_frame      0x0000008000027190       0x20 strsep.o
                                         0x38 (size before relaxing)
 .eh_frame      0x00000080000271b0       0x20 strspn.o
                                         0x38 (size before relaxing)
 .eh_frame      0x00000080000271d0       0x40 strtok.o
                                         0x58 (size before relaxing)
 .eh_frame      0x0000008000027210       0x28 strstr.o
                                         0x40 (size before relaxing)
 .eh_frame      0x0000008000027238       0x28 strdup.o
                                         0x40 (size before relaxing)
 .eh_frame      0x0000008000027260       0x20 memmove.o
                                         0x38 (size before relaxing)
 .eh_frame      0x0000008000027280       0x28 strcoll.o
                                         0x40 (size before relaxing)
 .eh_frame      0x00000080000272a8       0x20 strerror.o
                                         0x38 (size before relaxing)
 .eh_frame      0x00000080000272c8       0x20 tolower.o
                                         0x38 (size before relaxing)
 .eh_frame      0x00000080000272e8       0x20 toupper.o
                                         0x38 (size before relaxing)
 .eh_frame      0x0000008000027308       0x28 stdio.o
                                         0x40 (size before relaxing)
 .eh_frame      0x0000008000027330       0x28 fopen.o
                                         0x40 (size before relaxing)
 .eh_frame      0x0000008000027358       0x28 fclose.o
                                         0x40 (size before relaxing)
 .eh_frame      0x0000008000027380       0x28 fflush.o
                                         0x40 (size before relaxing)
 .eh_frame      0x00000080000273a8       0x28 putc.o
                                         0x40 (size before relaxing)
 .eh_frame      0x00000080000273d0       0x28 getc.o
                                         0x40 (size before relaxing)
 .eh_frame      0x00000080000273f8       0x28 fputc.o
                                         0x40 (size before relaxing)
 .eh_frame      0x0000008000027420       0x28 fgetc.o
                                         0x40 (size before relaxing)
 .eh_frame      0x0000008000027448       0x30 fgets.o
                                         0x48 (size before relaxing)
 .eh_frame      0x0000008000027478       0x28 fputs.o
                                         0x40 (size before relaxing)
 .eh_frame      0x00000080000274a0       0x28 fread.o
                                         0x40 (size before relaxing)
 .eh_frame      0x00000080000274c8       0x28 fwrite.o
                                         0x40 (size before relaxing)
 .eh_frame      0x00000080000274f0       0x28 remove.o
                                         0x40 (size before relaxing)
 .eh_frame      0x0000008000027518       0x28 rewind.o
                                         0x40 (size before relaxing)
 .eh_frame      0x0000008000027540       0x28 fseek.o
                                         0x40 (size before relaxing)
 .eh_frame      0x0000008000027568       0x20 feof.o
                                         0x38 (size before relaxing)
 .eh_frame      0x0000008000027588       0x28 ftell.o
                                         0x40 (size before relaxing)
 .eh_frame      0x00000080000275b0       0x50 vfprintf.o
                                         0x68 (size before relaxing)
 .eh_frame      0x0000008000027600       0x28 fprintf.o
                                         0x40 (size before relaxing)
 .eh_frame      0x0000008000027628       0x70 vsprintf.o
                                         0x88 (size before relaxing)
 .eh_frame      0x0000008000027698       0x28 sprintf.o
                                         0x40 (size before relaxing)
 .eh_frame      0x00000080000276c0       0x28 snprintf.o
                                         0x40 (size before relaxing)
 .eh_frame      0x00000080000276e8       0x28 vsnprintf.o
                                         0x40 (size before relaxing)
 .eh_frame      0x0000008000027710       0x28 putchar.o
                                         0x40 (size before relaxing)
 .eh_frame      0x0000008000027738       0x28 puts.o
                                         0x40 (size before relaxing)
 .eh_frame      0x0000008000027760       0x28 printf.o
                                         0x40 (size before relaxing)
 .eh_frame      0x0000008000027788       0x20 sscanf.o
                                         0x38 (size before relaxing)
 .eh_frame      0x00000080000277a8       0x28 perror.o
                                         0x40 (size before relaxing)
 .eh_frame      0x00000080000277d0       0xe8 vfscanf.o
                                        0x100 (size before relaxing)
 .eh_frame      0x00000080000278b8       0x28 fscanf.o
                                         0x40 (size before relaxing)
 .eh_frame      0x00000080000278e0       0x28 scanf.o
                                         0x40 (size before relaxing)
 .eh_frame      0x0000008000027908       0x20 ungetc.o
                                         0x38 (size before relaxing)
 .eh_frame      0x0000008000027928       0x28 getchar.o
                                         0x40 (size before relaxing)
 .eh_frame      0x0000008000027950       0x20 freopen.o
                                         0x38 (size before relaxing)
 .eh_frame      0x0000008000027970       0x48 tmpnam.o
                                         0x60 (size before relaxing)
 .eh_frame      0x00000080000279b8       0x28 rename.o
                                         0x40 (size before relaxing)
 .eh_frame      0x00000080000279e0       0x20 itoa.o
                                         0x38 (size before relaxing)
 .eh_frame      0x0000008000027a00       0x30 i2hex.o
                                         0x48 (size before relaxing)
 .eh_frame      0x0000008000027a30       0x28 malloc.o
                                         0x40 (size before relaxing)
 .eh_frame      0x0000008000027a58       0x28 calloc.o
                                         0x40 (size before relaxing)
 .eh_frame      0x0000008000027a80       0x28 free.o
                                         0x40 (size before relaxing)
 .eh_frame      0x0000008000027aa8       0x28 realloc.o
                                         0x40 (size before relaxing)
 .eh_frame      0x0000008000027ad0       0x20 div.o
                                         0x38 (size before relaxing)
 .eh_frame      0x0000008000027af0       0x20 ldiv.o
                                         0x38 (size before relaxing)
 .eh_frame      0x0000008000027b10       0x20 lldiv.o
                                         0x38 (size before relaxing)
 .eh_frame      0x0000008000027b30       0x20 strtol.o
                                         0x38 (size before relaxing)
 .eh_frame      0x0000008000027b50       0x28 atoi.o
                                         0x40 (size before relaxing)
 .eh_frame      0x0000008000027b78       0x28 atol.o
                                         0x40 (size before relaxing)
 .eh_frame      0x0000008000027ba0       0x38 strtoul.o
                                         0x50 (size before relaxing)
 .eh_frame      0x0000008000027bd8       0x28 exit.o
                                         0x40 (size before relaxing)
 .eh_frame      0x0000008000027c00       0x28 getenv.o
                                         0x40 (size before relaxing)
 .eh_frame      0x0000008000027c28       0x98 qsort.o
                                         0xb0 (size before relaxing)
 .eh_frame      0x0000008000027cc0       0x28 system.o
                                         0x40 (size before relaxing)
 .eh_frame      0x0000008000027ce8       0x20 strtod.o
                                         0x38 (size before relaxing)
 .eh_frame      0x0000008000027d08       0x50 ftoa.o
                                         0x68 (size before relaxing)
 .eh_frame      0x0000008000027d58       0x28 atof.o
                                         0x40 (size before relaxing)
 .eh_frame      0x0000008000027d80       0x28 strtof.o
                                         0x40 (size before relaxing)
 .eh_frame      0x0000008000027da8       0x28 strtold.o
                                         0x40 (size before relaxing)
 .eh_frame      0x0000008000027dd0       0x20 abs.o
                                         0x38 (size before relaxing)
 .eh_frame      0x0000008000027df0       0x48 ltoa.o
                                         0x60 (size before relaxing)
 .eh_frame      0x0000008000027e38       0x48 utoa.o
                                         0x60 (size before relaxing)
 .eh_frame      0x0000008000027e80       0x20 srand.o
                                         0x38 (size before relaxing)
 .eh_frame      0x0000008000027ea0       0x20 rand.o
                                         0x38 (size before relaxing)
 .eh_frame      0x0000008000027ec0       0x20 time.o
                                         0x38 (size before relaxing)
 .eh_frame      0x0000008000027ee0       0x20 gmtime.o
                                         0x38 (size before relaxing)
 .eh_frame      0x0000008000027f00       0x20 localtime.o
                                         0x38 (size before relaxing)
 .eh_frame      0x0000008000027f20       0x20 strftime.o
                                         0x38 (size before relaxing)
 .eh_frame      0x0000008000027f40       0x20 clock.o
                                         0x38 (size before relaxing)
 .eh_frame      0x0000008000027f60       0x80 math.o
                                         0x98 (size before relaxing)
 .eh_frame      0x0000008000027fe0       0x20 pow.o
                                         0x38 (size before relaxing)
 .eh_frame      0x0000008000028000       0x20 sqrt.o
                                         0x38 (size before relaxing)
 .eh_frame      0x0000008000028020       0x20 atan.o
                                         0x38 (size before relaxing)
 .eh_frame      0x0000008000028040       0x20 acos.o
                                         0x38 (size before relaxing)
 .eh_frame      0x0000008000028060       0x20 asin.o
                                         0x38 (size before relaxing)
 .eh_frame      0x0000008000028080       0x68 sin.o
                                         0x80 (size before relaxing)
 .eh_frame      0x00000080000280e8       0x20 tan.o
                                         0x38 (size before relaxing)
 .eh_frame      0x0000008000028108       0x68 cos.o
                                         0x80 (size before relaxing)
 .eh_frame      0x0000008000028170       0x20 floor.o
                                         0x38 (size before relaxing)
 .eh_frame      0x0000008000028190       0x20 ceil.o
                                         0x38 (size before relaxing)
 .eh_frame      0x00000080000281b0       0x28 exp.o
                                         0x40 (size before relaxing)
 .eh_frame      0x00000080000281d8       0x20 log.o
                                         0x38 (size before relaxing)
 .eh_frame      0x00000080000281f8       0x20 fmax.o
                                         0x38 (size before relaxing)
 .eh_frame      0x0000008000028218       0x20 fmin.o
                                         0x38 (size before relaxing)
 .eh_frame      0x0000008000028238       0x20 fminf.o
                                         0x38 (size before relaxing)
 .eh_frame      0x0000008000028258       0x20 min.o
                                         0x38 (size before relaxing)
 .eh_frame      0x0000008000028278       0x20 max.o
                                         0x38 (size before relaxing)
 .eh_frame      0x0000008000028298       0x20 fabs.o
                                         0x38 (size before relaxing)
 .eh_frame      0x00000080000282b8       0x20 locale.o
                                         0x38 (size before relaxing)
 .eh_frame      0x00000080000282d8       0x38 signal.o
                                         0x50 (size before relaxing)
                0x0000008000029000                . = ALIGN (0x1000)
 *fill*         0x0000008000028310      0xcf0 
                0x0000008000029000                end = .
                0x0000008000029000                _end = .
                0x0000008000029000                __end = .
LOAD setup.o
LOAD crt0.o
LOAD pci.o
LOAD file.o
LOAD cfs.o
LOAD alloc.o
LOAD pipe.o
LOAD path.o
LOAD socket.o
LOAD inet.o
LOAD communication.o
LOAD sys_exit.o
LOAD dns.o
LOAD pthread.o
LOAD gui.o
LOAD font8x16.o
LOAD window.o
LOAD bmp.o
LOAD font.o
LOAD border.o
LOAD libterm.o
LOAD memcmp.o
LOAD memcpy.o
LOAD memset.o
LOAD strcasecmp.o
LOAD strcat.o
LOAD strchr.o
LOAD strcmp.o
LOAD strcpy.o
LOAD strcspn.o
LOAD string.o
LOAD strlen.o
LOAD strncasecmp.o
LOAD strncmp.o
LOAD strncpy.o
LOAD strpbrk.o
LOAD strrchr.o
LOAD strsep.o
LOAD strspn.o
LOAD strtok.o
LOAD strstr.o
LOAD strdup.o
LOAD memmove.o
LOAD strcoll.o
LOAD strerror.o
LOAD ctype.o
LOAD tolower.o
LOAD toupper.o
LOAD stdio.o
LOAD fopen.o
LOAD fclose.o
LOAD fflush.o
LOAD putc.o
LOAD getc.o
LOAD fputc.o
LOAD fgetc.o
LOAD fgets.o
LOAD fputs.o
LOAD fread.o
LOAD fwrite.o
LOAD remove.o
LOAD rewind.o
LOAD fseek.o
LOAD feof.o
LOAD ftell.o
LOAD vfprintf.o
LOAD fprintf.o
LOAD vsprintf.o
LOAD sprintf.o
LOAD snprintf.o
LOAD vsnprintf.o
LOAD putchar.o
LOAD puts.o
LOAD printf.o
LOAD sscanf.o
LOAD perror.o
LOAD vfscanf.o
LOAD fscanf.o
LOAD scanf.o
LOAD ungetc.o
LOAD getchar.o
LOAD freopen.o
LOAD tmpnam.o
LOAD rename.o
LOAD itoa.o
LOAD i2hex.o
LOAD malloc.o
LOAD calloc.o
LOAD free.o
LOAD realloc.o
LOAD div.o
LOAD ldiv.o
LOAD lldiv.o
LOAD strtol.o
LOAD atoi.o
LOAD atol.o
LOAD strtoul.o
LOAD exit.o
LOAD getenv.o
LOAD qsort.o
LOAD system.o
LOAD strtod.o
LOAD ftoa.o
LOAD atof.o
LOAD strtof.o
LOAD strtold.o
LOAD abs.o
LOAD ltoa.o
LOAD utoa.o
LOAD srand.o
LOAD rand.o
LOAD errno.o
LOAD time.o
LOAD gmtime.o
LOAD localtime.o
LOAD strftime.o
LOAD clock.o
LOAD math.o
LOAD pow.o
LOAD sqrt.o
LOAD atan.o
LOAD acos.o
LOAD asin.o
LOAD sin.o
LOAD tan.o
LOAD cos.o
LOAD floor.o
LOAD ceil.o
LOAD exp.o
LOAD log.o
LOAD fmax.o
LOAD fmin.o
LOAD fminf.o
LOAD min.o
LOAD max.o
LOAD fabs.o
LOAD lbm.o
LOAD locale.o
LOAD signal.o
LOAD setjmp.o
LOAD longjmp.o
OUTPUT(pci.bin elf64-x86-64)

.rela.dyn       0x0000008000029000        0x0
 .rela.got      0x0000008000029000        0x0 setup.o
 .rela.iplt     0x0000008000029000        0x0 setup.o
 .rela.text     0x0000008000029000        0x0 setup.o

.comment        0x0000000000000000       0x2a
 .comment       0x0000000000000000       0x2a crt0.o
                                         0x2b (size before relaxing)
 .comment       0x000000000000002a       0x2b pci.o
 .comment       0x000000000000002a       0x2b file.o
 .comment       0x000000000000002a       0x2b cfs.o
 .comment       0x000000000000002a       0x2b alloc.o
 .comment       0x000000000000002a       0x2b pipe.o
 .comment       0x000000000000002a       0x2b path.o
 .comment       0x000000000000002a       0x2b socket.o
 .comment       0x000000000000002a       0x2b inet.o
 .comment       0x000000000000002a       0x2b communication.o
 .comment       0x000000000000002a       0x2b sys_exit.o
 .comment       0x000000000000002a       0x2b dns.o
 .comment       0x000000000000002a       0x2b pthread.o
 .comment       0x000000000000002a       0x2b gui.o
 .comment       0x000000000000002a       0x2b font8x16.o
 .comment       0x000000000000002a       0x2b window.o
 .comment       0x000000000000002a       0x2b bmp.o
 .comment       0x000000000000002a       0x2b font.o
 .comment       0x000000000000002a       0x2b border.o
 .comment       0x000000000000002a       0x2b libterm.o
 .comment       0x000000000000002a       0x2b memcmp.o
 .comment       0x000000000000002a       0x2b memcpy.o
 .comment       0x000000000000002a       0x2b memset.o
 .comment       0x000000000000002a       0x2b strcasecmp.o
 .comment       0x000000000000002a       0x2b strcat.o
 .comment       0x000000000000002a       0x2b strchr.o
 .comment       0x000000000000002a       0x2b strcmp.o
 .comment       0x000000000000002a       0x2b strcpy.o
 .comment       0x000000000000002a       0x2b strcspn.o
 .comment       0x000000000000002a       0x2b string.o
 .comment       0x000000000000002a       0x2b strlen.o
 .comment       0x000000000000002a       0x2b strncasecmp.o
 .comment       0x000000000000002a       0x2b strncmp.o
 .comment       0x000000000000002a       0x2b strncpy.o
 .comment       0x000000000000002a       0x2b strpbrk.o
 .comment       0x000000000000002a       0x2b strrchr.o
 .comment       0x000000000000002a       0x2b strsep.o
 .comment       0x000000000000002a       0x2b strspn.o
 .comment       0x000000000000002a       0x2b strtok.o
 .comment       0x000000000000002a       0x2b strstr.o
 .comment       0x000000000000002a       0x2b strdup.o
 .comment       0x000000000000002a       0x2b memmove.o
 .comment       0x000000000000002a       0x2b strcoll.o
 .comment       0x000000000000002a       0x2b strerror.o
 .comment       0x000000000000002a       0x2b ctype.o
 .comment       0x000000000000002a       0x2b tolower.o
 .comment       0x000000000000002a       0x2b toupper.o
 .comment       0x000000000000002a       0x2b stdio.o
 .comment       0x000000000000002a       0x2b fopen.o
 .comment       0x000000000000002a       0x2b fclose.o
 .comment       0x000000000000002a       0x2b fflush.o
 .comment       0x000000000000002a       0x2b putc.o
 .comment       0x000000000000002a       0x2b getc.o
 .comment       0x000000000000002a       0x2b fputc.o
 .comment       0x000000000000002a       0x2b fgetc.o
 .comment       0x000000000000002a       0x2b fgets.o
 .comment       0x000000000000002a       0x2b fputs.o
 .comment       0x000000000000002a       0x2b fread.o
 .comment       0x000000000000002a       0x2b fwrite.o
 .comment       0x000000000000002a       0x2b remove.o
 .comment       0x000000000000002a       0x2b rewind.o
 .comment       0x000000000000002a       0x2b fseek.o
 .comment       0x000000000000002a       0x2b feof.o
 .comment       0x000000000000002a       0x2b ftell.o
 .comment       0x000000000000002a       0x2b vfprintf.o
 .comment       0x000000000000002a       0x2b fprintf.o
 .comment       0x000000000000002a       0x2b vsprintf.o
 .comment       0x000000000000002a       0x2b sprintf.o
 .comment       0x000000000000002a       0x2b snprintf.o
 .comment       0x000000000000002a       0x2b vsnprintf.o
 .comment       0x000000000000002a       0x2b putchar.o
 .comment       0x000000000000002a       0x2b puts.o
 .comment       0x000000000000002a       0x2b printf.o
 .comment       0x000000000000002a       0x2b sscanf.o
 .comment       0x000000000000002a       0x2b perror.o
 .comment       0x000000000000002a       0x2b vfscanf.o
 .comment       0x000000000000002a       0x2b fscanf.o
 .comment       0x000000000000002a       0x2b scanf.o
 .comment       0x000000000000002a       0x2b ungetc.o
 .comment       0x000000000000002a       0x2b getchar.o
 .comment       0x000000000000002a       0x2b freopen.o
 .comment       0x000000000000002a       0x2b tmpnam.o
 .comment       0x000000000000002a       0x2b rename.o
 .comment       0x000000000000002a       0x2b itoa.o
 .comment       0x000000000000002a       0x2b i2hex.o
 .comment       0x000000000000002a       0x2b malloc.o
 .comment       0x000000000000002a       0x2b calloc.o
 .comment       0x000000000000002a       0x2b free.o
 .comment       0x000000000000002a       0x2b realloc.o
 .comment       0x000000000000002a       0x2b div.o
 .comment       0x000000000000002a       0x2b ldiv.o
 .comment       0x000000000000002a       0x2b lldiv.o
 .comment       0x000000000000002a       0x2b strtol.o
 .comment       0x000000000000002a       0x2b atoi.o
 .comment       0x000000000000002a       0x2b atol.o
 .comment       0x000000000000002a       0x2b strtoul.o
 .comment       0x000000000000002a       0x2b exit.o
 .comment       0x000000000000002a       0x2b getenv.o
 .comment       0x000000000000002a       0x2b qsort.o
 .comment       0x000000000000002a       0x2b system.o
 .comment       0x000000000000002a       0x2b strtod.o
 .comment       0x000000000000002a       0x2b ftoa.o
 .comment       0x000000000000002a       0x2b atof.o
 .comment       0x000000000000002a       0x2b strtof.o
 .comment       0x000000000000002a       0x2b strtold.o
 .comment       0x000000000000002a       0x2b abs.o
 .comment       0x000000000000002a       0x2b ltoa.o
 .comment       0x000000000000002a       0x2b utoa.o
 .comment       0x000000000000002a       0x2b srand.o
 .comment       0x000000000000002a       0x2b rand.o
 .comment       0x000000000000002a       0x2b errno.o
 .comment       0x000000000000002a       0x2b time.o
 .comment       0x000000000000002a       0x2b gmtime.o
 .comment       0x000000000000002a       0x2b localtime.o
 .comment       0x000000000000002a       0x2b strftime.o
 .comment       0x000000000000002a       0x2b clock.o
 .comment       0x000000000000002a       0x2b math.o
 .comment       0x000000000000002a       0x2b pow.o
 .comment       0x000000000000002a       0x2b sqrt.o
 .comment       0x000000000000002a       0x2b atan.o
 .comment       0x000000000000002a       0x2b acos.o
 .comment       0x000000000000002a       0x2b asin.o
 .comment       0x000000000000002a       0x2b sin.o
 .comment       0x000000000000002a       0x2b tan.o
 .comment       0x000000000000002a       0x2b cos.o
 .comment       0x000000000000002a       0x2b floor.o
 .comment       0x000000000000002a       0x2b ceil.o
 .comment       0x000000000000002a       0x2b exp.o
 .comment       0x000000000000002a       0x2b log.o
 .comment       0x000000000000002a       0x2b fmax.o
 .comment       0x000000000000002a       0x2b fmin.o
 .comment       0x000000000000002a       0x2b fminf.o
 .comment       0x000000000000002a       0x2b min.o
 .comment       0x000000000000002a       0x2b max.o
 .comment       0x000000000000002a       0x2b fabs.o
 .comment       0x000000000000002a       0x2b locale.o
 .comment       0x000000000000002a       0x2b signal.o

.note.GNU-stack
                0x0000000000000000        0x0
 .note.GNU-stack
                0x0000000000000000        0x0 crt0.o
 .note.GNU-stack
                0x0000000000000000        0x0 pci.o
 .note.GNU-stack
                0x0000000000000000        0x0 file.o
 .note.GNU-stack
                0x0000000000000000        0x0 cfs.o
 .note.GNU-stack
                0x0000000000000000        0x0 alloc.o
 .note.GNU-stack
                0x0000000000000000        0x0 pipe.o
 .note.GNU-stack
                0x0000000000000000        0x0 path.o
 .note.GNU-stack
                0x0000000000000000        0x0 socket.o
 .note.GNU-stack
                0x0000000000000000        0x0 inet.o
 .note.GNU-stack
                0x0000000000000000        0x0 communication.o
 .note.GNU-stack
                0x0000000000000000        0x0 sys_exit.o
 .note.GNU-stack
                0x0000000000000000        0x0 dns.o
 .note.GNU-stack
                0x0000000000000000        0x0 pthread.o
 .note.GNU-stack
                0x0000000000000000        0x0 gui.o
 .note.GNU-stack
                0x0000000000000000        0x0 font8x16.o
 .note.GNU-stack
                0x0000000000000000        0x0 window.o
 .note.GNU-stack
                0x0000000000000000        0x0 bmp.o
 .note.GNU-stack
                0x0000000000000000        0x0 font.o
 .note.GNU-stack
                0x0000000000000000        0x0 border.o
 .note.GNU-stack
                0x0000000000000000        0x0 libterm.o
 .note.GNU-stack
                0x0000000000000000        0x0 memcmp.o
 .note.GNU-stack
                0x0000000000000000        0x0 memcpy.o
 .note.GNU-stack
                0x0000000000000000        0x0 memset.o
 .note.GNU-stack
                0x0000000000000000        0x0 strcasecmp.o
 .note.GNU-stack
                0x0000000000000000        0x0 strcat.o
 .note.GNU-stack
                0x0000000000000000        0x0 strchr.o
 .note.GNU-stack
                0x0000000000000000        0x0 strcmp.o
 .note.GNU-stack
                0x0000000000000000        0x0 strcpy.o
 .note.GNU-stack
                0x0000000000000000        0x0 strcspn.o
 .note.GNU-stack
                0x0000000000000000        0x0 string.o
 .note.GNU-stack
                0x0000000000000000        0x0 strlen.o
 .note.GNU-stack
                0x0000000000000000        0x0 strncasecmp.o
 .note.GNU-stack
                0x0000000000000000        0x0 strncmp.o
 .note.GNU-stack
                0x0000000000000000        0x0 strncpy.o
 .note.GNU-stack
                0x0000000000000000        0x0 strpbrk.o
 .note.GNU-stack
                0x0000000000000000        0x0 strrchr.o
 .note.GNU-stack
                0x0000000000000000        0x0 strsep.o
 .note.GNU-stack
                0x0000000000000000        0x0 strspn.o
 .note.GNU-stack
                0x0000000000000000        0x0 strtok.o
 .note.GNU-stack
                0x0000000000000000        0x0 strstr.o
 .note.GNU-stack
                0x0000000000000000        0x0 strdup.o
 .note.GNU-stack
                0x0000000000000000        0x0 memmove.o
 .note.GNU-stack
                0x0000000000000000        0x0 strcoll.o
 .note.GNU-stack
                0x0000000000000000        0x0 strerror.o
 .note.GNU-stack
                0x0000000000000000        0x0 ctype.o
 .note.GNU-stack
                0x0000000000000000        0x0 tolower.o
 .note.GNU-stack
                0x0000000000000000        0x0 toupper.o
 .note.GNU-stack
                0x0000000000000000        0x0 stdio.o
 .note.GNU-stack
                0x0000000000000000        0x0 fopen.o
 .note.GNU-stack
                0x0000000000000000        0x0 fclose.o
 .note.GNU-stack
                0x0000000000000000        0x0 fflush.o
 .note.GNU-stack
                0x0000000000000000        0x0 putc.o
 .note.GNU-stack
                0x0000000000000000        0x0 getc.o
 .note.GNU-stack
                0x0000000000000000        0x0 fputc.o
 .note.GNU-stack
                0x0000000000000000        0x0 fgetc.o
 .note.GNU-stack
                0x0000000000000000        0x0 fgets.o
 .note.GNU-stack
                0x0000000000000000        0x0 fputs.o
 .note.GNU-stack
                0x0000000000000000        0x0 fread.o
 .note.GNU-stack
                0x0000000000000000        0x0 fwrite.o
 .note.GNU-stack
                0x0000000000000000        0x0 remove.o
 .note.GNU-stack
                0x0000000000000000        0x0 rewind.o
 .note.GNU-stack
                0x0000000000000000        0x0 fseek.o
 .note.GNU-stack
                0x0000000000000000        0x0 feof.o
 .note.GNU-stack
                0x0000000000000000        0x0 ftell.o
 .note.GNU-stack
                0x0000000000000000        0x0 vfprintf.o
 .note.GNU-stack
                0x0000000000000000        0x0 fprintf.o
 .note.GNU-stack
                0x0000000000000000        0x0 vsprintf.o
 .note.GNU-stack
                0x0000000000000000        0x0 sprintf.o
 .note.GNU-stack
                0x0000000000000000        0x0 snprintf.o
 .note.GNU-stack
                0x0000000000000000        0x0 vsnprintf.o
 .note.GNU-stack
                0x0000000000000000        0x0 putchar.o
 .note.GNU-stack
                0x0000000000000000        0x0 puts.o
 .note.GNU-stack
                0x0000000000000000        0x0 printf.o
 .note.GNU-stack
                0x0000000000000000        0x0 sscanf.o
 .note.GNU-stack
                0x0000000000000000        0x0 perror.o
 .note.GNU-stack
                0x0000000000000000        0x0 vfscanf.o
 .note.GNU-stack
                0x0000000000000000        0x0 fscanf.o
 .note.GNU-stack
                0x0000000000000000        0x0 scanf.o
 .note.GNU-stack
                0x0000000000000000        0x0 ungetc.o
 .note.GNU-stack
                0x0000000000000000        0x0 getchar.o
 .note.GNU-stack
                0x0000000000000000        0x0 freopen.o
 .note.GNU-stack
                0x0000000000000000        0x0 tmpnam.o
 .note.GNU-stack
                0x0000000000000000        0x0 rename.o
 .note.GNU-stack
                0x0000000000000000        0x0 itoa.o
 .note.GNU-stack
                0x0000000000000000        0x0 i2hex.o
 .note.GNU-stack
                0x0000000000000000        0x0 malloc.o
 .note.GNU-stack
                0x0000000000000000        0x0 calloc.o
 .note.GNU-stack
                0x0000000000000000        0x0 free.o
 .note.GNU-stack
                0x0000000000000000        0x0 realloc.o
 .note.GNU-stack
                0x0000000000000000        0x0 div.o
 .note.GNU-stack
                0x0000000000000000        0x0 ldiv.o
 .note.GNU-stack
                0x0000000000000000        0x0 lldiv.o
 .note.GNU-stack
                0x0000000000000000        0x0 strtol.o
 .note.GNU-stack
                0x0000000000000000        0x0 atoi.o
 .note.GNU-stack
                0x0000000000000000        0x0 atol.o
 .note.GNU-stack
                0x0000000000000000        0x0 strtoul.o
 .note.GNU-stack
                0x0000000000000000        0x0 exit.o
 .note.GNU-stack
                0x0000000000000000        0x0 getenv.o
 .note.GNU-stack
                0x0000000000000000        0x0 qsort.o
 .note.GNU-stack
                0x0000000000000000        0x0 system.o
 .note.GNU-stack
                0x0000000000000000        0x0 strtod.o
 .note.GNU-stack
                0x0000000000000000        0x0 ftoa.o
 .note.GNU-stack
                0x0000000000000000        0x0 atof.o
 .note.GNU-stack
                0x0000000000000000        0x0 strtof.o
 .note.GNU-stack
                0x0000000000000000        0x0 strtold.o
 .note.GNU-stack
                0x0000000000000000        0x0 abs.o
 .note.GNU-stack
                0x0000000000000000        0x0 ltoa.o
 .note.GNU-stack
                0x0000000000000000        0x0 utoa.o
 .note.GNU-stack
                0x0000000000000000        0x0 srand.o
 .note.GNU-stack
                0x0000000000000000        0x0 rand.o
 .note.GNU-stack
                0x0000000000000000        0x0 errno.o
 .note.GNU-stack
                0x0000000000000000        0x0 time.o
 .note.GNU-stack
                0x0000000000000000        0x0 gmtime.o
 .note.GNU-stack
                0x0000000000000000        0x0 localtime.o
 .note.GNU-stack
                0x0000000000000000        0x0 strftime.o
 .note.GNU-stack
                0x0000000000000000        0x0 clock.o
 .note.GNU-stack
                0x0000000000000000        0x0 math.o
 .note.GNU-stack
                0x0000000000000000        0x0 pow.o
 .note.GNU-stack
                0x0000000000000000        0x0 sqrt.o
 .note.GNU-stack
                0x0000000000000000        0x0 atan.o
 .note.GNU-stack
                0x0000000000000000        0x0 acos.o
 .note.GNU-stack
                0x0000000000000000        0x0 asin.o
 .note.GNU-stack
                0x0000000000000000        0x0 sin.o
 .note.GNU-stack
                0x0000000000000000        0x0 tan.o
 .note.GNU-stack
                0x0000000000000000        0x0 cos.o
 .note.GNU-stack
                0x0000000000000000        0x0 floor.o
 .note.GNU-stack
                0x0000000000000000        0x0 ceil.o
 .note.GNU-stack
                0x0000000000000000        0x0 exp.o
 .note.GNU-stack
                0x0000000000000000        0x0 log.o
 .note.GNU-stack
                0x0000000000000000        0x0 fmax.o
 .note.GNU-stack
                0x0000000000000000        0x0 fmin.o
 .note.GNU-stack
                0x0000000000000000        0x0 fminf.o
 .note.GNU-stack
                0x0000000000000000        0x0 min.o
 .note.GNU-stack
                0x0000000000000000        0x0 max.o
 .note.GNU-stack
                0x0000000000000000        0x0 fabs.o
 .note.GNU-stack
                0x0000000000000000        0x0 locale.o
 .note.GNU-stack
                0x0000000000000000        0x0 signal.o
