
Merging program properties

Removed property 0xc0000002 to merge crt0.o (0x3) and setup.o (not found)
Removed property 0xc0000002 to merge crt0.o (not found) and pci.o (0x3)
Removed property 0xc0000002 to merge crt0.o (not found) and file.o (0x3)
Removed property 0xc0000002 to merge crt0.o (not found) and cfs.o (0x3)
Removed property 0xc0000002 to merge crt0.o (not found) and alloc.o (0x3)
Removed property 0xc0000002 to merge crt0.o (not found) and pipe.o (0x3)
Removed property 0xc0000002 to merge crt0.o (not found) and path.o (0x3)
Removed property 0xc0000002 to merge crt0.o (not found) and socket.o (0x3)
Removed property 0xc0000002 to merge crt0.o (not found) and inet.o (0x3)
Removed property 0xc0000002 to merge crt0.o (not found) and communication.o (0x3)
Removed property 0xc0000002 to merge crt0.o (not found) and sys_exit.o (0x3)
Removed property 0xc0000002 to merge crt0.o (not found) and dns.o (0x3)
Removed property 0xc0000002 to merge crt0.o (not found) and pthread.o (0x3)
Removed property 0xc0000002 to merge crt0.o (not found) and gui.o (0x3)
Removed property 0xc0000002 to merge crt0.o (not found) and font8x16.o (0x3)
Removed property 0xc0000002 to merge crt0.o (not found) and window.o (0x3)
Removed property 0xc0000002 to merge crt0.o (not found) and bmp.o (0x3)
Removed property 0xc0000002 to merge crt0.o (not found) and font.o (0x3)
Removed property 0xc0000002 to merge crt0.o (not found) and border.o (0x3)
Removed property 0xc0000002 to merge crt0.o (not found) and libterm.o (0x3)
Removed property 0xc0000002 to merge crt0.o (not found) and memcmp.o (0x3)
Removed property 0xc0000002 to merge crt0.o (not found) and memcpy.o (0x3)
Removed property 0xc0000002 to merge crt0.o (not found) and memset.o (0x3)
Removed property 0xc0000002 to merge crt0.o (not found) and strcasecmp.o (0x3)
Removed property 0xc0000002 to merge crt0.o (not found) and strcat.o (0x3)
Removed property 0xc0000002 to merge crt0.o (not found) and strchr.o (0x3)
Removed property 0xc0000002 to merge crt0.o (not found) and strcmp.o (0x3)
Removed property 0xc0000002 to merge crt0.o (not found) and strcpy.o (0x3)
Removed property 0xc0000002 to merge crt0.o (not found) and strcspn.o (0x3)
Removed property 0xc0000002 to merge crt0.o (not found) and string.o (0x3)
Removed property 0xc0000002 to merge crt0.o (not found) and strlen.o (0x3)
Removed property 0xc0000002 to merge crt0.o (not found) and strncasecmp.o (0x3)
Removed property 0xc0000002 to merge crt0.o (not found) and strncmp.o (0x3)
Removed property 0xc0000002 to merge crt0.o (not found) and strncpy.o (0x3)
Removed property 0xc0000002 to merge crt0.o (not found) and strpbrk.o (0x3)
Removed property 0xc0000002 to merge crt0.o (not found) and strrchr.o (0x3)
Removed property 0xc0000002 to merge crt0.o (not found) and strsep.o (0x3)
Removed property 0xc0000002 to merge crt0.o (not found) and strspn.o (0x3)
Removed property 0xc0000002 to merge crt0.o (not found) and strtok.o (0x3)
Removed property 0xc0000002 to merge crt0.o (not found) and strstr.o (0x3)
Removed property 0xc0000002 to merge crt0.o (not found) and strdup.o (0x3)
Removed property 0xc0000002 to merge crt0.o (not found) and memmove.o (0x3)
Removed property 0xc0000002 to merge crt0.o (not found) and strcoll.o (0x3)
Removed property 0xc0000002 to merge crt0.o (not found) and strerror.o (0x3)
Removed property 0xc0000002 to merge crt0.o (not found) and memchr.o (0x3)
Removed property 0xc0000002 to merge crt0.o (not found) and ctype.o (0x3)
Removed property 0xc0000002 to merge crt0.o (not found) and tolower.o (0x3)
Removed property 0xc0000002 to merge crt0.o (not found) and toupper.o (0x3)
Removed property 0xc0000002 to merge crt0.o (not found) and stdio.o (0x3)
Removed property 0xc0000002 to merge crt0.o (not found) and fopen.o (0x3)
Removed property 0xc0000002 to merge crt0.o (not found) and fclose.o (0x3)
Removed property 0xc0000002 to merge crt0.o (not found) and fflush.o (0x3)
Removed property 0xc0000002 to merge crt0.o (not found) and putc.o (0x3)
Removed property 0xc0000002 to merge crt0.o (not found) and getc.o (0x3)
Removed property 0xc0000002 to merge crt0.o (not found) and fputc.o (0x3)
Removed property 0xc0000002 to merge crt0.o (not found) and fgetc.o (0x3)
Removed property 0xc0000002 to merge crt0.o (not found) and fgets.o (0x3)
Removed property 0xc0000002 to merge crt0.o (not found) and fputs.o (0x3)
Removed property 0xc0000002 to merge crt0.o (not found) and fread.o (0x3)
Removed property 0xc0000002 to merge crt0.o (not found) and fwrite.o (0x3)
Removed property 0xc0000002 to merge crt0.o (not found) and remove.o (0x3)
Removed property 0xc0000002 to merge crt0.o (not found) and rewind.o (0x3)
Removed property 0xc0000002 to merge crt0.o (not found) and fseek.o (0x3)
Removed property 0xc0000002 to merge crt0.o (not found) and feof.o (0x3)
Removed property 0xc0000002 to merge crt0.o (not found) and ftell.o (0x3)
Removed property 0xc0000002 to merge crt0.o (not found) and vfprintf.o (0x3)
[...]
Memory Configuration

Name             Origin             Length             Attributes
*default*        0x0000000000000000 0xffffffffffffffff

Linker script and memory map

                0x0000008000001000                . = 0x8000001000
                0x0000008000001000                _start = .

.text           0x0000008000001000     0xf000
                0x0000008000001000                code = .
                0x0000008000001000                _code = .
                0x0000008000001000                __code = .
                0x0000008000001000                code = .
 *(.text)
 .text          0x0000008000001000       0x65 setup.o
                0x0000008000001053                call_function
 .text          0x0000008000001065      0x210 crt0.o
                0x0000008000001065                ctr0
 .text          0x0000008000001275      0x445 pci.o
                0x0000008000001275                pci_read_config_dword
                0x000000800000130c                pci_write_config_dword
                0x00000080000013a0                pci_get_info
                0x000000800000164e                main
 .text          0x00000080000016ba      0xe14 file.o
                0x00000080000016ba                stdputc_r
                0x00000080000018d0                stdgetc_r
                0x0000008000001a75                getkey
                0x0000008000001b4c                getkeyw
                0x0000008000001c1d                open_r
                0x0000008000001c8d                flush_r
                0x0000008000001d74                close_r
                0x0000008000001de6                putc_r
                0x0000008000002002                getc_r
                0x00000080000021d1                read_r
                0x0000008000002292                write_r
                0x0000008000002346                seek_r
                0x0000008000002424                tell_r
                0x0000008000002465                rewind_r
 .text          0x00000080000024ce     0x2851 cfs.o
                0x00000080000024ce                read_sector
                0x0000008000002523                write_sector
                0x0000008000002578                assert_fn
                0x00000080000025e1                get_file_name
                0x0000008000002648                filename_cmp
                0x000000800000272f                search_blk_null
                0x00000080000028b9                write_blk
                0x00000080000028f2                clean_blk_enter
                0x00000080000029db                read_super_block
                0x0000008000002a39                read_directory_blk
                0x0000008000002c4e                read_directory_entry
                0x0000008000002e18                update_directory_entry
                0x0000008000003075                open_file_r
                0x00000080000033f4                open_file
                0x0000008000003b38                file_update
                0x0000008000003c72                file_close
                0x0000008000003d72                file_read_block
                0x0000008000003e46                file_write_block
                0x0000008000003f1a                open_dir
                0x0000008000004309                create_file
                0x0000008000004672                remove_blk
                0x00000080000048ba                remove_file
 .text          0x0000008000004d1f      0xa6f alloc.o
                0x0000008000004d1f                __block_r
                0x0000008000004d80                __free_block_r
                0x0000008000004db9                __heap_r
                0x0000008000004e97                __malloc_r
                0x00000080000051be                __free_r
                0x000000800000544e                __realloc_r
 .text          0x000000800000578e      0x2f5 pipe.o
                0x000000800000578e                pipe_write
                0x0000008000005892                pipe_read
                0x0000008000005989                pipe_read_2x
 .text          0x0000008000005a83      0x5d1 path.o
                0x0000008000005a83                setpath
                0x0000008000005bd2                upath
                0x0000008000005cbe                getpathname
                0x0000008000005f01                path_count
                0x0000008000005f6c                getfilename
 .text          0x0000008000006054      0x991 socket.o
                0x0000008000006054                socket_address
                0x00000080000060c9                accept
                0x00000080000060ff                bind
                0x00000080000061cd                connect
                0x000000800000635d                listen
                0x000000800000638e                recv
                0x00000080000064c6                recvfrom
                0x000000800000662d                send
                0x000000800000675f                sendto
                0x00000080000068ab                shutdown
                0x0000008000006997                socket
 .text          0x00000080000069e5      0x307 inet.o
                0x00000080000069e5                inet_addr
                0x0000008000006bd9                inet_lnaof
                0x0000008000006c07                inet_makeaddr
                0x0000008000006c61                inet_netof
                0x0000008000006c8f                inet_network
                0x0000008000006cbe                inet_ntoa
 .text          0x0000008000006cec      0x287 communication.o
                0x0000008000006d7e                communication
 .text          0x0000008000006f73       0x87 sys_exit.o
                0x0000008000006f73                sys_exit
 .text          0x0000008000006ffa      0x6c1 dns.o
                0x000000800000708c                changeto_dns_name_format
                0x0000008000007160                get_ip_from_name
 .text          0x00000080000076bb      0x144 pthread.o
                0x00000080000076bb                pthread_create
                0x000000800000777d                pthread_exit
                0x00000080000077a7                pthread_join
 .text          0x00000080000077ff      0x1ab gui.o
                0x00000080000077ff                put_pixel
                0x0000008000007895                draw_char_transparent
 .text          0x00000080000079aa        0x0 font8x16.o
 .text          0x00000080000079aa      0xe38 window.o
                0x00000080000079aa                drawline
                0x0000008000007a59                _drawline
                0x0000008000007b20                drawrect
                0x0000008000007cca                drawchar
                0x0000008000007e34                drawstring
                0x0000008000007ef0                drawchar_trans
                0x000000800000800f                drawstring_trans
                0x00000080000080cb                window
                0x0000008000008692                wcl
                0x000000800000877e                update_window
                0x00000080000087a9                __window_clear
 .text          0x00000080000087e2      0x5c5 bmp.o
                0x00000080000087e2                BitMAP
                0x0000008000008ac4                BitMAP2
 .text          0x0000008000008da7       0xdc font.o
                0x0000008000008da7                put
 .text          0x0000008000008e83      0x332 border.o
                0x0000008000008e83                border
 .text          0x00000080000091b5       0x4d libterm.o
                0x00000080000091b5                term_color
 .text          0x0000008000009202       0x96 memcmp.o
                0x0000008000009202                memcmp
 .text          0x0000008000009298       0x77 memcpy.o
                0x0000008000009298                memcpy
 .text          0x000000800000930f       0x62 memset.o
                0x000000800000930f                memset
 .text          0x0000008000009371       0xbb strcasecmp.o
                0x0000008000009371                strcasecmp
 .text          0x000000800000942c       0x7a strcat.o
                0x000000800000942c                strcat
 .text          0x00000080000094a6       0x61 strchr.o
                0x00000080000094a6                strchr
 .text          0x0000008000009507       0x9a strcmp.o
                0x0000008000009507                strcmp
 .text          0x00000080000095a1       0x7b strcpy.o
                0x00000080000095a1                strcpy
 .text          0x000000800000961c      0x261 strcspn.o
                0x000000800000961c                strchrnul
                0x0000008000009747                strcspn
 .text          0x000000800000987d        0x0 string.o
 .text          0x000000800000987d       0x4c strlen.o
                0x000000800000987d                strlen
 .text          0x00000080000098c9       0xc8 strncasecmp.o
                0x00000080000098c9                strncasecmp
 .text          0x0000008000009991       0x80 strncmp.o
                0x0000008000009991                strncmp
 .text          0x0000008000009a11       0x7d strncpy.o
                0x0000008000009a11                strncpy
 .text          0x0000008000009a8e       0x72 strpbrk.o
                0x0000008000009a8e                strpbrk
 .text          0x0000008000009b00       0x93 strrchr.o
                0x0000008000009b00                strrchr
 .text          0x0000008000009b93       0xbd strsep.o
                0x0000008000009b93                strsep
 .text          0x0000008000009c50      0x133 strspn.o
                0x0000008000009c50                strspn
 .text          0x0000008000009d83      0x18e strtok.o
                0x0000008000009d83                strtok_r
                0x0000008000009eba                strtok
 .text          0x0000008000009f11       0x98 strstr.o
                0x0000008000009f11                strstr
 .text          0x0000008000009fa9       0xa0 strdup.o
                0x0000008000009fa9                strdup
 .text          0x000000800000a049       0xc2 memmove.o
                0x000000800000a049                memmove
 .text          0x000000800000a10b       0x56 strcoll.o
                0x000000800000a10b                strcoll
 .text          0x000000800000a161       0x50 strerror.o
                0x000000800000a161                strerror
 .text          0x000000800000a1b1       0x71 memchr.o
                0x000000800000a1b1                memchr
 .text          0x000000800000a222        0x0 ctype.o
 .text          0x000000800000a222       0x55 tolower.o
                0x000000800000a222                tolower
 .text          0x000000800000a277       0x55 toupper.o
                0x000000800000a277                toupper
 .text          0x000000800000a2cc       0xa2 stdio.o
                0x000000800000a2cc                debug_o
 .text          0x000000800000a36e       0x96 fopen.o
                0x000000800000a36e                fopen
 .text          0x000000800000a404       0x4b fclose.o
                0x000000800000a404                fclose
 .text          0x000000800000a44f       0x4b fflush.o
                0x000000800000a44f                fflush
 .text          0x000000800000a49a       0x53 putc.o
                0x000000800000a49a                putc
 .text          0x000000800000a4ed       0x98 getc.o
                0x000000800000a4ed                getc
 .text          0x000000800000a585       0x53 fputc.o
                0x000000800000a585                fputc
 .text          0x000000800000a5d8       0x4b fgetc.o
                0x000000800000a5d8                fgetc
 .text          0x000000800000a623      0x16b fgets.o
                0x000000800000a623                fgets
 .text          0x000000800000a78e       0xa4 fputs.o
                0x000000800000a78e                fputs
 .text          0x000000800000a832       0x5d fread.o
                0x000000800000a832                fread
 .text          0x000000800000a88f       0x5d fwrite.o
                0x000000800000a88f                fwrite
 .text          0x000000800000a8ec       0x4b remove.o
                0x000000800000a8ec                remove
 .text          0x000000800000a937       0x4c rewind.o
                0x000000800000a937                rewind
 .text          0x000000800000a983       0x59 fseek.o
                0x000000800000a983                fseek
 .text          0x000000800000a9dc       0x59 feof.o
                0x000000800000a9dc                feof
 .text          0x000000800000aa35       0x4b ftell.o
                0x000000800000aa35                ftell
 .text          0x000000800000aa80      0x93b vfprintf.o
                0x000000800000aa80                vfprintf
 .text          0x000000800000b3bb       0xeb fprintf.o
                0x000000800000b3bb                fprintf
 .text          0x000000800000b4a6      0x9eb vsprintf.o
                0x000000800000b4a6                _vsputs_r
                0x000000800000b512                vsprintf
 .text          0x000000800000be91      0x101 sprintf.o
                0x000000800000be91                sprintf
 .text          0x000000800000bf92       0xed snprintf.o
                0x000000800000bf92                snprintf
 .text          0x000000800000c07f       0xd9 vsnprintf.o
                0x000000800000c07f                vsnprintf
 .text          0x000000800000c158       0x5c putchar.o
                0x000000800000c158                putchar
 .text          0x000000800000c1b4       0xa6 puts.o
                0x000000800000c1b4                puts
 .text          0x000000800000c25a       0xf5 printf.o
                0x000000800000c25a                printf
 .text          0x000000800000c34f       0xa1 sscanf.o
                0x000000800000c34f                sscanf
 .text          0x000000800000c3f0       0x4c perror.o
                0x000000800000c3f0                perror
 .text          0x000000800000c43c      0x8ee vfscanf.o
                0x000000800000c824                vfscanf
 .text          0x000000800000cd2a       0xeb fscanf.o
                0x000000800000cd2a                fscanf
 .text          0x000000800000ce15       0xf5 scanf.o
                0x000000800000ce15                scanf
 .text          0x000000800000cf0a       0xb2 ungetc.o
                0x000000800000cf0a                ungetc
 .text          0x000000800000cfbc       0x8d getchar.o
                0x000000800000cfbc                getchar
 .text          0x000000800000d049       0x59 freopen.o
                0x000000800000d049                freopen
 .text          0x000000800000d0a2       0xb9 tmpnam.o
                0x000000800000d0a2                sysgettmpnam
                0x000000800000d0db                tmpnam
 .text          0x000000800000d15b       0xf8 rename.o
                0x000000800000d15b                rename
 .text          0x000000800000d253       0x51 ferror.o
                0x000000800000d253                ferror
 .text          0x000000800000d2a4       0x5b setvbuf.o
                0x000000800000d2a4                setvbuf
 .text          0x000000800000d2ff       0x51 clearerr.o
                0x000000800000d2ff                clearerr
 .text          0x000000800000d350       0x4d tmpfile.o
                0x000000800000d350                tmpfile
 .text          0x000000800000d39d      0x147 itoa.o
                0x000000800000d39d                itoa
 .text          0x000000800000d4e4      0x175 i2hex.o
                0x000000800000d4e4                i2hex
 .text          0x000000800000d659       0x4d malloc.o
                0x000000800000d659                malloc
 .text          0x000000800000d6a6       0x4f calloc.o
                0x000000800000d6a6                calloc
 .text          0x000000800000d6f5       0x4c free.o
                0x000000800000d6f5                free
 .text          0x000000800000d741       0x53 realloc.o
                0x000000800000d741                realloc
 .text          0x000000800000d794       0x88 div.o
                0x000000800000d794                div
 .text          0x000000800000d81c       0xaa ldiv.o
                0x000000800000d81c                ldiv
 .text          0x000000800000d8c6       0xaa lldiv.o
                0x000000800000d8c6                lldiv
 .text          0x000000800000d970      0x332 strtol.o
                0x000000800000d970                strtol
 .text          0x000000800000dca2       0x55 atoi.o
                0x000000800000dca2                atoi
 .text          0x000000800000dcf7       0x55 atol.o
                0x000000800000dcf7                atol
 .text          0x000000800000dd4c      0x24c strtoul.o
                0x000000800000dd4c                strtoul
 .text          0x000000800000df98       0x49 exit.o
                0x000000800000df98                exit
 .text          0x000000800000dfe1       0x77 getenv.o
                0x000000800000dfe1                getenv
 .text          0x000000800000e058      0x49c qsort.o
                0x000000800000e473                qsort
 .text          0x000000800000e4f4       0x5c system.o
                0x000000800000e4f4                system
 .text          0x000000800000e550      0x335 strtod.o
                0x000000800000e550                strtod
 .text          0x000000800000e885      0x24a ftoa.o
                0x000000800000e8e4                ftoa
 .text          0x000000800000eacf       0x50 atof.o
                0x000000800000eacf                atof
 .text          0x000000800000eb1f       0x5a strtof.o
                0x000000800000eb1f                strtof
 .text          0x000000800000eb79       0x5e strtold.o
                0x000000800000eb79                strtold
 .text          0x000000800000ebd7       0x34 abs.o
                0x000000800000ebd7                abs
 .text          0x000000800000ec0b      0x225 ltoa.o
                0x000000800000ec0b                ltoa_r
                0x000000800000ed81                ltoa
 .text          0x000000800000ee30      0x18e utoa.o
                0x000000800000ef29                utoa
 .text          0x000000800000efbe       0x2a srand.o
                0x000000800000efbe                srand
 .text          0x000000800000efe8       0x27 rand.o
                0x000000800000efe8                rand
 .text          0x000000800000f00f       0x46 abort.o
                0x000000800000f00f                abort
 .text          0x000000800000f055        0x0 errno.o
 .text          0x000000800000f055       0x2f time.o
                0x000000800000f055                time
 .text          0x000000800000f084       0x3b gmtime.o
                0x000000800000f084                gmtime
 .text          0x000000800000f0bf       0x3b localtime.o
                0x000000800000f0bf                localtime
 .text          0x000000800000f0fa       0x3a strftime.o
                0x000000800000f0fa                strftime
 .text          0x000000800000f134       0x27 clock.o
                0x000000800000f134                clock
 .text          0x000000800000f15b       0x3c difftime.o
                0x000000800000f15b                difftime
 .text          0x000000800000f197       0x2e mktime.o
                0x000000800000f197                mktime
 .text          0x000000800000f1c5      0x19b math.o
                0x000000800000f1c5                log10
                0x000000800000f1fe                ldexp
                0x000000800000f23a                frexp
                0x000000800000f277                atan2
                0x000000800000f2b5                cosh
                0x000000800000f2ee                tanh
                0x000000800000f327                sinh
 .text          0x000000800000f360       0x6e pow.o
                0x000000800000f360                pow
 .text          0x000000800000f3ce       0x3b sqrt.o
                0x000000800000f3ce                sqrt
 .text          0x000000800000f409       0x39 atan.o
                0x000000800000f409                atan
 .text          0x000000800000f442       0x39 acos.o
                0x000000800000f442                acos
 .text          0x000000800000f47b       0x39 asin.o
                0x000000800000f47b                asin
 .text          0x000000800000f4b4      0x1b8 sin.o
                0x000000800000f571                sin
 .text          0x000000800000f66c       0x39 tan.o
                0x000000800000f66c                tan
 .text          0x000000800000f6a5      0x1b3 cos.o
                0x000000800000f762                cos
 .text          0x000000800000f858       0x39 floor.o
                0x000000800000f858                floor
 .text          0x000000800000f891       0x54 ceil.o
                0x000000800000f891                ceil
 .text          0x000000800000f8e5       0x61 exp.o
                0x000000800000f8e5                exp
 .text          0x000000800000f946      0x11a log.o
                0x000000800000f946                log
 .text          0x000000800000fa60       0x48 fmax.o
                0x000000800000fa60                fmax
 .text          0x000000800000faa8       0x48 fmin.o
                0x000000800000faa8                fmin
 .text          0x000000800000faf0       0x47 fminf.o
                0x000000800000faf0                fminf
 .text          0x000000800000fb37       0x36 min.o
                0x000000800000fb37                min
 .text          0x000000800000fb6d       0x36 max.o
                0x000000800000fb6d                max
 .text          0x000000800000fba3       0x5f fabs.o
                0x000000800000fba3                fabs
 *fill*         0x000000800000fc02        0xe 
 .text          0x000000800000fc10        0x2 lbm.o
                0x000000800000fc10                __sin
                0x000000800000fc11                cosine
 .text          0x000000800000fc12       0x39 log2.o
                0x000000800000fc12                log2
 .text          0x000000800000fc4b       0x32 locale.o
                0x000000800000fc4b                setlocale
 .text          0x000000800000fc7d       0xbb signal.o
                0x000000800000fc7d                signal
                0x000000800000fcdb                sigaction
 *fill*         0x000000800000fd38        0x8 
 .text          0x000000800000fd40       0x2c setjmp.o
                0x000000800000fd40                setjmp
 *fill*         0x000000800000fd6c        0x4 
 .text          0x000000800000fd70       0x2f longjmp.o
                0x000000800000fd70                longjmp
                0x0000008000010000                . = ALIGN (0x1000)
 *fill*         0x000000800000fd9f      0x261 

.iplt           0x0000008000010000        0x0
 .iplt          0x0000008000010000        0x0 setup.o

.data           0x0000008000010000     0x4000
                0x0000008000010000                data = .
                0x0000008000010000                _data = .
                0x0000008000010000                __data = .
 *(.data)
 .data          0x0000008000010000       0x18 setup.o
                0x0000008000010000                argc
                0x0000008000010008                argv
                0x0000008000010010                pwd_ptr
 .data          0x0000008000010018        0x0 crt0.o
 .data          0x0000008000010018        0x0 pci.o
 .data          0x0000008000010018        0x0 file.o
 .data          0x0000008000010018        0x0 cfs.o
 .data          0x0000008000010018        0x0 alloc.o
 .data          0x0000008000010018        0x0 pipe.o
 .data          0x0000008000010018        0x0 path.o
 .data          0x0000008000010018        0x0 socket.o
 .data          0x0000008000010018        0x0 inet.o
 .data          0x0000008000010018        0x0 communication.o
 .data          0x0000008000010018        0x0 sys_exit.o
 *fill*         0x0000008000010018        0x8 
 .data          0x0000008000010020      0x500 dns.o
                0x0000008000010020                dns_servers
 .data          0x0000008000010520        0x0 pthread.o
 .data          0x0000008000010520        0x0 gui.o
 .data          0x0000008000010520     0x1000 font8x16.o
                0x0000008000010520                font8x16
 .data          0x0000008000011520        0x0 window.o
 .data          0x0000008000011520        0x0 bmp.o
 .data          0x0000008000011520      0x240 font.o
                0x0000008000011520                A__
 .data          0x0000008000011760        0x0 border.o
 .data          0x0000008000011760        0x0 libterm.o
 .data          0x0000008000011760        0x0 memcmp.o
 .data          0x0000008000011760        0x0 memcpy.o
 .data          0x0000008000011760        0x0 memset.o
 .data          0x0000008000011760        0x0 strcasecmp.o
 .data          0x0000008000011760        0x0 strcat.o
 .data          0x0000008000011760        0x0 strchr.o
 .data          0x0000008000011760        0x0 strcmp.o
 .data          0x0000008000011760        0x0 strcpy.o
 .data          0x0000008000011760        0x0 strcspn.o
 .data          0x0000008000011760        0x0 string.o
 .data          0x0000008000011760        0x0 strlen.o
 .data          0x0000008000011760        0x0 strncasecmp.o
 .data          0x0000008000011760        0x0 strncmp.o
 .data          0x0000008000011760        0x0 strncpy.o
 .data          0x0000008000011760        0x0 strpbrk.o
 .data          0x0000008000011760        0x0 strrchr.o
 .data          0x0000008000011760        0x0 strsep.o
 .data          0x0000008000011760        0x0 strspn.o
 .data          0x0000008000011760        0x0 strtok.o
 .data          0x0000008000011760        0x0 strstr.o
 .data          0x0000008000011760        0x0 strdup.o
 .data          0x0000008000011760        0x0 memmove.o
 .data          0x0000008000011760        0x0 strcoll.o
 .data          0x0000008000011760        0x0 strerror.o
 .data          0x0000008000011760        0x0 memchr.o
 .data          0x0000008000011760        0x0 ctype.o
 .data          0x0000008000011760        0x0 tolower.o
 .data          0x0000008000011760        0x0 toupper.o
 .data          0x0000008000011760        0x0 stdio.o
 .data          0x0000008000011760        0x0 fopen.o
 .data          0x0000008000011760        0x0 fclose.o
 .data          0x0000008000011760        0x0 fflush.o
 .data          0x0000008000011760        0x0 putc.o
 .data          0x0000008000011760        0x0 getc.o
 .data          0x0000008000011760        0x0 fputc.o
 .data          0x0000008000011760        0x0 fgetc.o
 .data          0x0000008000011760        0x0 fgets.o
 .data          0x0000008000011760        0x0 fputs.o
 .data          0x0000008000011760        0x0 fread.o
 .data          0x0000008000011760        0x0 fwrite.o
 .data          0x0000008000011760        0x0 remove.o
 .data          0x0000008000011760        0x0 rewind.o
 .data          0x0000008000011760        0x0 fseek.o
 .data          0x0000008000011760        0x0 feof.o
 .data          0x0000008000011760        0x0 ftell.o
 .data          0x0000008000011760        0x0 vfprintf.o
 .data          0x0000008000011760        0x0 fprintf.o
 .data          0x0000008000011760        0x0 vsprintf.o
 .data          0x0000008000011760        0x0 sprintf.o
 .data          0x0000008000011760        0x0 snprintf.o
 .data          0x0000008000011760        0x0 vsnprintf.o
 .data          0x0000008000011760        0x0 putchar.o
 .data          0x0000008000011760        0x0 puts.o
 .data          0x0000008000011760        0x0 printf.o
 .data          0x0000008000011760        0x0 sscanf.o
 .data          0x0000008000011760        0x0 perror.o
 .data          0x0000008000011760        0x0 vfscanf.o
 .data          0x0000008000011760        0x0 fscanf.o
 .data          0x0000008000011760        0x0 scanf.o
 .data          0x0000008000011760        0x0 ungetc.o
 .data          0x0000008000011760        0x0 getchar.o
 .data          0x0000008000011760        0x0 freopen.o
 .data          0x0000008000011760        0x0 tmpnam.o
 .data          0x0000008000011760        0x0 rename.o
 .data          0x0000008000011760        0x0 ferror.o
 .data          0x0000008000011760        0x0 setvbuf.o
 .data          0x0000008000011760        0x0 clearerr.o
 .data          0x0000008000011760        0x0 tmpfile.o
 .data          0x0000008000011760        0x0 itoa.o
 .data          0x0000008000011760        0x0 i2hex.o
 .data          0x0000008000011760        0x0 malloc.o
 .data          0x0000008000011760        0x0 calloc.o
 .data          0x0000008000011760        0x0 free.o
 .data          0x0000008000011760        0x0 realloc.o
 .data          0x0000008000011760        0x0 div.o
 .data          0x0000008000011760        0x0 ldiv.o
 .data          0x0000008000011760        0x0 lldiv.o
 .data          0x0000008000011760        0x0 strtol.o
 .data          0x0000008000011760        0x0 atoi.o
 .data          0x0000008000011760        0x0 atol.o
 .data          0x0000008000011760        0x0 strtoul.o
 .data          0x0000008000011760        0x0 exit.o
 .data          0x0000008000011760        0x0 getenv.o
 .data          0x0000008000011760        0x0 qsort.o
 .data          0x0000008000011760        0x0 system.o
 .data          0x0000008000011760        0x8 strtod.o
                0x0000008000011760                _infinity
 .data          0x0000008000011768        0x0 ftoa.o
 .data          0x0000008000011768        0x0 atof.o
 .data          0x0000008000011768        0x0 strtof.o
 .data          0x0000008000011768        0x0 strtold.o
 .data          0x0000008000011768        0x0 abs.o
 .data          0x0000008000011768        0x0 ltoa.o
 .data          0x0000008000011768        0x0 utoa.o
 .data          0x0000008000011768        0x0 srand.o
 .data          0x0000008000011768        0x0 rand.o
 .data          0x0000008000011768        0x0 abort.o
 .data          0x0000008000011768        0x0 errno.o
 .data          0x0000008000011768        0x0 time.o
 .data          0x0000008000011768        0x0 gmtime.o
 .data          0x0000008000011768        0x0 localtime.o
 .data          0x0000008000011768        0x0 strftime.o
 .data          0x0000008000011768        0x0 clock.o
 .data          0x0000008000011768        0x0 difftime.o
 .data          0x0000008000011768        0x0 mktime.o
 .data          0x0000008000011768        0x0 math.o
 .data          0x0000008000011768        0x0 pow.o
 .data          0x0000008000011768        0x0 sqrt.o
 .data          0x0000008000011768        0x0 atan.o
 .data          0x0000008000011768        0x0 acos.o
 .data          0x0000008000011768        0x0 asin.o
 .data          0x0000008000011768        0x0 sin.o
 .data          0x0000008000011768        0x0 tan.o
 .data          0x0000008000011768        0x0 cos.o
 .data          0x0000008000011768        0x0 floor.o
 .data          0x0000008000011768        0x0 ceil.o
 .data          0x0000008000011768        0x0 exp.o
 .data          0x0000008000011768        0x0 log.o
 .data          0x0000008000011768        0x0 fmax.o
 .data          0x0000008000011768        0x0 fmin.o
 .data          0x0000008000011768        0x0 fminf.o
 .data          0x0000008000011768        0x0 min.o
 .data          0x0000008000011768        0x0 max.o
 .data          0x0000008000011768        0x0 fabs.o
 .data          0x0000008000011768        0x0 log2.o
 .data          0x0000008000011768        0x0 locale.o
 .data          0x0000008000011768        0x0 signal.o
 *(.rodata)
 .rodata        0x0000008000011768     0x1614 pci.o
 *fill*         0x0000008000012d7c        0x4 
 .rodata        0x0000008000012d80       0x96 cfs.o
 *fill*         0x0000008000012e16        0x2 
 .rodata        0x0000008000012e18       0x56 alloc.o
 .rodata        0x0000008000012e6e        0x4 path.o
 *fill*         0x0000008000012e72        0x6 
 .rodata        0x0000008000012e78       0x21 socket.o
 .rodata        0x0000008000012e99        0x3 inet.o
 .rodata        0x0000008000012e9c       0x36 communication.o
 .rodata        0x0000008000012ed2       0x56 dns.o
 .rodata        0x0000008000012f28       0x40 bmp.o
 .rodata        0x0000008000012f68        0xb strerror.o
 *fill*         0x0000008000012f73        0xd 
 .rodata        0x0000008000012f80      0x100 ctype.o
                0x0000008000012f80                _ctype
 .rodata        0x0000008000013080       0x11 stdio.o
 *fill*         0x0000008000013091        0x7 
 .rodata        0x0000008000013098      0x1f8 vfprintf.o
 .rodata        0x0000008000013290      0x200 vsprintf.o
 .rodata        0x0000008000013490       0x11 sscanf.o
 *fill*         0x00000080000134a1        0x7 
 .rodata        0x00000080000134a8      0x1f0 vfscanf.o
 .rodata        0x0000008000013698       0x12 freopen.o
 .rodata        0x00000080000136aa        0x3 rename.o
 .rodata        0x00000080000136ad        0xa ferror.o
 .rodata        0x00000080000136b7        0xb setvbuf.o
 .rodata        0x00000080000136c2        0xc clearerr.o
 .rodata        0x00000080000136ce        0xb tmpfile.o
 .rodata        0x00000080000136d9        0x4 getenv.o
 .rodata        0x00000080000136dd       0x1d system.o
 *fill*         0x00000080000136fa        0x6 
 .rodata        0x0000008000013700       0x20 strtod.o
 .rodata        0x0000008000013720       0x28 ftoa.o
 .rodata        0x0000008000013748        0x8 difftime.o
 .rodata        0x0000008000013750        0x8 math.o
 .rodata        0x0000008000013758        0x8 atan.o
 .rodata        0x0000008000013760        0x8 acos.o
 .rodata        0x0000008000013768        0x8 asin.o
 .rodata        0x0000008000013770       0x18 sin.o
 .rodata        0x0000008000013788        0x8 tan.o
 .rodata        0x0000008000013790       0x18 cos.o
 .rodata        0x00000080000137a8        0x8 floor.o
 .rodata        0x00000080000137b0        0x8 exp.o
 .rodata        0x00000080000137b8       0x30 log.o
 *fill*         0x00000080000137e8        0x8 
 .rodata        0x00000080000137f0       0x20 fabs.o
 .rodata        0x0000008000013810        0x8 log2.o
 .rodata        0x0000008000013818       0x42 signal.o
                0x0000008000014000                . = ALIGN (0x1000)
 *fill*         0x000000800001385a      0x7a6 

.got            0x0000008000014000       0x78
 .got           0x0000008000014000       0x78 setup.o

.got.plt        0x0000008000014078       0x18
 .got.plt       0x0000008000014078       0x18 setup.o
                0x0000008000014078                _GLOBAL_OFFSET_TABLE_

.igot.plt       0x0000008000014090        0x0
 .igot.plt      0x0000008000014090        0x0 setup.o

.data.rel.local
                0x00000080000140a0     0x1400
 .data.rel.local
                0x00000080000140a0     0x1400 pci.o
                0x00000080000140a0                pci_classes
                0x00000080000148a0                pci_class_names

.bss            0x00000080000154a0    0x10b60
                0x00000080000154a0                bss = .
                0x00000080000154a0                _bss = .
                0x00000080000154a0                __bss = .
 *(.bss)
 .bss           0x00000080000154a0        0x0 crt0.o
 .bss           0x00000080000154a0        0x0 pci.o
 .bss           0x00000080000154a0        0x0 file.o
 .bss           0x00000080000154a0        0x0 cfs.o
 .bss           0x00000080000154a0        0x4 alloc.o
 .bss           0x00000080000154a4        0x0 pipe.o
 .bss           0x00000080000154a4        0x0 path.o
 .bss           0x00000080000154a4        0x0 socket.o
 .bss           0x00000080000154a4        0x0 inet.o
 .bss           0x00000080000154a4        0x0 communication.o
 .bss           0x00000080000154a4        0x0 sys_exit.o
 .bss           0x00000080000154a4        0x0 dns.o
 .bss           0x00000080000154a4        0x0 pthread.o
 .bss           0x00000080000154a4        0x0 gui.o
 .bss           0x00000080000154a4        0x0 font8x16.o
 .bss           0x00000080000154a4        0x0 window.o
 .bss           0x00000080000154a4        0x0 bmp.o
 .bss           0x00000080000154a4        0x0 font.o
 .bss           0x00000080000154a4        0x0 border.o
 .bss           0x00000080000154a4        0x0 libterm.o
 .bss           0x00000080000154a4        0x0 memcmp.o
 .bss           0x00000080000154a4        0x0 memcpy.o
 .bss           0x00000080000154a4        0x0 memset.o
 .bss           0x00000080000154a4        0x0 strcasecmp.o
 .bss           0x00000080000154a4        0x0 strcat.o
 .bss           0x00000080000154a4        0x0 strchr.o
 .bss           0x00000080000154a4        0x0 strcmp.o
 .bss           0x00000080000154a4        0x0 strcpy.o
 .bss           0x00000080000154a4        0x0 strcspn.o
 .bss           0x00000080000154a4        0x0 string.o
 .bss           0x00000080000154a4        0x0 strlen.o
 .bss           0x00000080000154a4        0x0 strncasecmp.o
 .bss           0x00000080000154a4        0x0 strncmp.o
 .bss           0x00000080000154a4        0x0 strncpy.o
 .bss           0x00000080000154a4        0x0 strpbrk.o
 .bss           0x00000080000154a4        0x0 strrchr.o
 .bss           0x00000080000154a4        0x0 strsep.o
 .bss           0x00000080000154a4        0x0 strspn.o
 *fill*         0x00000080000154a4        0x4 
 .bss           0x00000080000154a8        0x8 strtok.o
 .bss           0x00000080000154b0        0x0 strstr.o
 .bss           0x00000080000154b0        0x0 strdup.o
 .bss           0x00000080000154b0        0x0 memmove.o
 .bss           0x00000080000154b0        0x0 strcoll.o
 .bss           0x00000080000154b0        0x0 strerror.o
 .bss           0x00000080000154b0        0x0 memchr.o
 .bss           0x00000080000154b0        0x0 ctype.o
 .bss           0x00000080000154b0        0x0 tolower.o
 .bss           0x00000080000154b0        0x0 toupper.o
 .bss           0x00000080000154b0        0x0 stdio.o
 .bss           0x00000080000154b0        0x0 fopen.o
 .bss           0x00000080000154b0        0x0 fclose.o
 .bss           0x00000080000154b0        0x0 fflush.o
 .bss           0x00000080000154b0        0x0 putc.o
 .bss           0x00000080000154b0        0x0 getc.o
 .bss           0x00000080000154b0        0x0 fputc.o
 .bss           0x00000080000154b0        0x0 fgetc.o
 .bss           0x00000080000154b0        0x0 fgets.o
 .bss           0x00000080000154b0        0x0 fputs.o
 .bss           0x00000080000154b0        0x0 fread.o
 .bss           0x00000080000154b0        0x0 fwrite.o
 .bss           0x00000080000154b0        0x0 remove.o
 .bss           0x00000080000154b0        0x0 rewind.o
 .bss           0x00000080000154b0        0x0 fseek.o
 .bss           0x00000080000154b0        0x0 feof.o
 .bss           0x00000080000154b0        0x0 ftell.o
 .bss           0x00000080000154b0        0x0 vfprintf.o
 .bss           0x00000080000154b0        0x0 fprintf.o
 .bss           0x00000080000154b0        0x0 vsprintf.o
 .bss           0x00000080000154b0        0x0 sprintf.o
 .bss           0x00000080000154b0        0x0 snprintf.o
 *fill*         0x00000080000154b0       0x10 
 .bss           0x00000080000154c0    0x10000 vsnprintf.o
 .bss           0x00000080000254c0        0x0 putchar.o
 .bss           0x00000080000254c0        0x0 puts.o
 .bss           0x00000080000254c0        0x0 printf.o
 .bss           0x00000080000254c0        0x0 sscanf.o
 .bss           0x00000080000254c0        0x0 perror.o
 .bss           0x00000080000254c0      0x200 vfscanf.o
 .bss           0x00000080000256c0        0x0 fscanf.o
 .bss           0x00000080000256c0        0x0 scanf.o
 .bss           0x00000080000256c0        0x0 ungetc.o
 .bss           0x00000080000256c0        0x0 getchar.o
 .bss           0x00000080000256c0        0x0 freopen.o
 .bss           0x00000080000256c0       0x60 tmpnam.o
 .bss           0x0000008000025720        0x0 rename.o
 .bss           0x0000008000025720        0x0 ferror.o
 .bss           0x0000008000025720        0x0 setvbuf.o
 .bss           0x0000008000025720        0x0 clearerr.o
 .bss           0x0000008000025720        0x0 tmpfile.o
 .bss           0x0000008000025720        0x0 itoa.o
 .bss           0x0000008000025720        0x0 i2hex.o
 .bss           0x0000008000025720        0x0 malloc.o
 .bss           0x0000008000025720        0x0 calloc.o
 .bss           0x0000008000025720        0x0 free.o
 .bss           0x0000008000025720        0x0 realloc.o
 .bss           0x0000008000025720        0x0 div.o
 .bss           0x0000008000025720        0x0 ldiv.o
 .bss           0x0000008000025720        0x0 lldiv.o
 .bss           0x0000008000025720        0x0 strtol.o
 .bss           0x0000008000025720        0x0 atoi.o
 .bss           0x0000008000025720        0x0 atol.o
 .bss           0x0000008000025720        0x0 strtoul.o
 .bss           0x0000008000025720        0x0 exit.o
 .bss           0x0000008000025720        0x0 getenv.o
 .bss           0x0000008000025720        0xc qsort.o
 .bss           0x000000800002572c        0x0 system.o
 .bss           0x000000800002572c        0x0 strtod.o
 .bss           0x000000800002572c        0x0 ftoa.o
 .bss           0x000000800002572c        0x0 atof.o
 .bss           0x000000800002572c        0x0 strtof.o
 .bss           0x000000800002572c        0x0 strtold.o
 .bss           0x000000800002572c        0x0 abs.o
 .bss           0x000000800002572c        0x0 ltoa.o
 .bss           0x000000800002572c        0x0 utoa.o
 .bss           0x000000800002572c        0x0 srand.o
 .bss           0x000000800002572c        0x0 rand.o
 .bss           0x000000800002572c        0x0 abort.o
 .bss           0x000000800002572c        0x0 errno.o
 .bss           0x000000800002572c        0x0 time.o
 .bss           0x000000800002572c        0x0 gmtime.o
 .bss           0x000000800002572c        0x0 localtime.o
 .bss           0x000000800002572c        0x0 strftime.o
 .bss           0x000000800002572c        0x0 clock.o
 .bss           0x000000800002572c        0x0 difftime.o
 .bss           0x000000800002572c        0x0 mktime.o
 .bss           0x000000800002572c        0x0 math.o
 .bss           0x000000800002572c        0x0 pow.o
 .bss           0x000000800002572c        0x0 sqrt.o
 .bss           0x000000800002572c        0x0 atan.o
 .bss           0x000000800002572c        0x0 acos.o
 .bss           0x000000800002572c        0x0 asin.o
 .bss           0x000000800002572c        0x0 sin.o
 .bss           0x000000800002572c        0x0 tan.o
 .bss           0x000000800002572c        0x0 cos.o
 .bss           0x000000800002572c        0x0 floor.o
 .bss           0x000000800002572c        0x0 ceil.o
 .bss           0x000000800002572c        0x0 exp.o
 .bss           0x000000800002572c        0x0 log.o
 .bss           0x000000800002572c        0x0 fmax.o
 .bss           0x000000800002572c        0x0 fmin.o
 .bss           0x000000800002572c        0x0 fminf.o
 .bss           0x000000800002572c        0x0 min.o
 .bss           0x000000800002572c        0x0 max.o
 .bss           0x000000800002572c        0x0 fabs.o
 .bss           0x000000800002572c        0x0 log2.o
 .bss           0x000000800002572c        0x0 locale.o
 .bss           0x000000800002572c        0x0 signal.o
 *(COMMON)
 *fill*         0x000000800002572c        0x4 
 COMMON         0x0000008000025730       0x68 crt0.o
                0x0000008000025730                stdout
                0x0000008000025738                __tm
                0x0000008000025740                mouse2
                0x0000008000025748                __pipe__
                0x0000008000025750                user
                0x0000008000025758                stdin
                0x0000008000025760                obj_list
                0x0000008000025768                pwd
                0x0000008000025770                ptr_mouse2
                0x0000008000025778                stderr
                0x0000008000025780                mouse
                0x0000008000025788                __window
                0x0000008000025790                pipe_r
 *fill*         0x0000008000025798        0x8 
 COMMON         0x00000080000257a0      0x820 cfs.o
                0x00000080000257a0                fs_directory
                0x00000080000257c0                _BLK_
 COMMON         0x0000008000025fc0       0x20 alloc.o
                0x0000008000025fc0                realloc_list
                0x0000008000025fc8                __m_i
                0x0000008000025fd0                __m_c
                0x0000008000025fd8                addr
 COMMON         0x0000008000025fe0        0x8 libterm.o
                0x0000008000025fe0                term_bg_color
                0x0000008000025fe4                term_fg_color
 COMMON         0x0000008000025fe8        0x4 errno.o
                0x0000008000025fe8                errno
                0x0000008000026000                . = ALIGN (0x1000)
 *fill*         0x0000008000025fec       0x14 

.eh_frame       0x0000008000026000     0x3000
                0x0000008000026000                eh_frame = .
 *(.eh_frame)
 .eh_frame      0x0000008000026000       0x48 crt0.o
 .eh_frame      0x0000008000026048       0x98 pci.o
                                         0xb0 (size before relaxing)
 .eh_frame      0x00000080000260e0      0x1f8 file.o
                                        0x210 (size before relaxing)
 .eh_frame      0x00000080000262d8      0x350 cfs.o
                                        0x368 (size before relaxing)
 .eh_frame      0x0000008000026628       0xe8 alloc.o
                                        0x100 (size before relaxing)
 .eh_frame      0x0000008000026710       0x60 pipe.o
                                         0x78 (size before relaxing)
 .eh_frame      0x0000008000026770       0xc8 path.o
                                         0xe0 (size before relaxing)
 .eh_frame      0x0000008000026838      0x1a8 socket.o
                                        0x1c0 (size before relaxing)
 .eh_frame      0x00000080000269e0       0xd0 inet.o
                                         0xe8 (size before relaxing)
 .eh_frame      0x0000008000026ab0       0x70 communication.o
                                         0x88 (size before relaxing)
 .eh_frame      0x0000008000026b20       0x20 sys_exit.o
                                         0x38 (size before relaxing)
 .eh_frame      0x0000008000026b40       0x90 dns.o
                                         0xa8 (size before relaxing)
 .eh_frame      0x0000008000026bd0       0x68 pthread.o
                                         0x80 (size before relaxing)
 .eh_frame      0x0000008000026c38       0x48 gui.o
                                         0x60 (size before relaxing)
 .eh_frame      0x0000008000026c80      0x1b0 window.o
                                        0x1c8 (size before relaxing)
 .eh_frame      0x0000008000026e30       0x58 bmp.o
                                         0x70 (size before relaxing)
 .eh_frame      0x0000008000026e88       0x28 font.o
                                         0x40 (size before relaxing)
 .eh_frame      0x0000008000026eb0       0x30 border.o
                                         0x48 (size before relaxing)
 .eh_frame      0x0000008000026ee0       0x20 libterm.o
                                         0x38 (size before relaxing)
 .eh_frame      0x0000008000026f00       0x20 memcmp.o
                                         0x38 (size before relaxing)
 .eh_frame      0x0000008000026f20       0x20 memcpy.o
                                         0x38 (size before relaxing)
 .eh_frame      0x0000008000026f40       0x20 memset.o
                                         0x38 (size before relaxing)
 .eh_frame      0x0000008000026f60       0x28 strcasecmp.o
                                         0x40 (size before relaxing)
 .eh_frame      0x0000008000026f88       0x28 strcat.o
                                         0x40 (size before relaxing)
 .eh_frame      0x0000008000026fb0       0x20 strchr.o
                                         0x38 (size before relaxing)
 .eh_frame      0x0000008000026fd0       0x20 strcmp.o
                                         0x38 (size before relaxing)
 .eh_frame      0x0000008000026ff0       0x20 strcpy.o
                                         0x38 (size before relaxing)
 .eh_frame      0x0000008000027010       0x48 strcspn.o
                                         0x60 (size before relaxing)
 .eh_frame      0x0000008000027058       0x20 strlen.o
                                         0x38 (size before relaxing)
 .eh_frame      0x0000008000027078       0x28 strncasecmp.o
                                         0x40 (size before relaxing)
 .eh_frame      0x00000080000270a0       0x20 strncmp.o
                                         0x38 (size before relaxing)
 .eh_frame      0x00000080000270c0       0x20 strncpy.o
                                         0x38 (size before relaxing)
 .eh_frame      0x00000080000270e0       0x28 strpbrk.o
                                         0x40 (size before relaxing)
 .eh_frame      0x0000008000027108       0x28 strrchr.o
                                         0x40 (size before relaxing)
 .eh_frame      0x0000008000027130       0x20 strsep.o
                                         0x38 (size before relaxing)
 .eh_frame      0x0000008000027150       0x20 strspn.o
                                         0x38 (size before relaxing)
 .eh_frame      0x0000008000027170       0x40 strtok.o
                                         0x58 (size before relaxing)
 .eh_frame      0x00000080000271b0       0x28 strstr.o
                                         0x40 (size before relaxing)
 .eh_frame      0x00000080000271d8       0x28 strdup.o
                                         0x40 (size before relaxing)
 .eh_frame      0x0000008000027200       0x20 memmove.o
                                         0x38 (size before relaxing)
 .eh_frame      0x0000008000027220       0x28 strcoll.o
                                         0x40 (size before relaxing)
 .eh_frame      0x0000008000027248       0x20 strerror.o
                                         0x38 (size before relaxing)
 .eh_frame      0x0000008000027268       0x20 memchr.o
                                         0x38 (size before relaxing)
 .eh_frame      0x0000008000027288       0x20 tolower.o
                                         0x38 (size before relaxing)
 .eh_frame      0x00000080000272a8       0x20 toupper.o
                                         0x38 (size before relaxing)
 .eh_frame      0x00000080000272c8       0x28 stdio.o
                                         0x40 (size before relaxing)
 .eh_frame      0x00000080000272f0       0x28 fopen.o
                                         0x40 (size before relaxing)
 .eh_frame      0x0000008000027318       0x28 fclose.o
                                         0x40 (size before relaxing)
 .eh_frame      0x0000008000027340       0x28 fflush.o
                                         0x40 (size before relaxing)
 .eh_frame      0x0000008000027368       0x28 putc.o
                                         0x40 (size before relaxing)
 .eh_frame      0x0000008000027390       0x28 getc.o
                                         0x40 (size before relaxing)
 .eh_frame      0x00000080000273b8       0x28 fputc.o
                                         0x40 (size before relaxing)
 .eh_frame      0x00000080000273e0       0x28 fgetc.o
                                         0x40 (size before relaxing)
 .eh_frame      0x0000008000027408       0x30 fgets.o
                                         0x48 (size before relaxing)
 .eh_frame      0x0000008000027438       0x28 fputs.o
                                         0x40 (size before relaxing)
 .eh_frame      0x0000008000027460       0x28 fread.o
                                         0x40 (size before relaxing)
 .eh_frame      0x0000008000027488       0x28 fwrite.o
                                         0x40 (size before relaxing)
 .eh_frame      0x00000080000274b0       0x28 remove.o
                                         0x40 (size before relaxing)
 .eh_frame      0x00000080000274d8       0x28 rewind.o
                                         0x40 (size before relaxing)
 .eh_frame      0x0000008000027500       0x28 fseek.o
                                         0x40 (size before relaxing)
 .eh_frame      0x0000008000027528       0x20 feof.o
                                         0x38 (size before relaxing)
 .eh_frame      0x0000008000027548       0x28 ftell.o
                                         0x40 (size before relaxing)
 .eh_frame      0x0000008000027570       0x50 vfprintf.o
                                         0x68 (size before relaxing)
 .eh_frame      0x00000080000275c0       0x28 fprintf.o
                                         0x40 (size before relaxing)
 .eh_frame      0x00000080000275e8       0x70 vsprintf.o
                                         0x88 (size before relaxing)
 .eh_frame      0x0000008000027658       0x28 sprintf.o
                                         0x40 (size before relaxing)
 .eh_frame      0x0000008000027680       0x28 snprintf.o
                                         0x40 (size before relaxing)
 .eh_frame      0x00000080000276a8       0x28 vsnprintf.o
                                         0x40 (size before relaxing)
 .eh_frame      0x00000080000276d0       0x28 putchar.o
                                         0x40 (size before relaxing)
 .eh_frame      0x00000080000276f8       0x28 puts.o
                                         0x40 (size before relaxing)
 .eh_frame      0x0000008000027720       0x28 printf.o
                                         0x40 (size before relaxing)
 .eh_frame      0x0000008000027748       0x20 sscanf.o
                                         0x38 (size before relaxing)
 .eh_frame      0x0000008000027768       0x28 perror.o
                                         0x40 (size before relaxing)
 .eh_frame      0x0000008000027790       0xe8 vfscanf.o
                                        0x100 (size before relaxing)
 .eh_frame      0x0000008000027878       0x28 fscanf.o
                                         0x40 (size before relaxing)
 .eh_frame      0x00000080000278a0       0x28 scanf.o
                                         0x40 (size before relaxing)
 .eh_frame      0x00000080000278c8       0x20 ungetc.o
                                         0x38 (size before relaxing)
 .eh_frame      0x00000080000278e8       0x28 getchar.o
                                         0x40 (size before relaxing)
 .eh_frame      0x0000008000027910       0x20 freopen.o
                                         0x38 (size before relaxing)
 .eh_frame      0x0000008000027930       0x48 tmpnam.o
                                         0x60 (size before relaxing)
 .eh_frame      0x0000008000027978       0x28 rename.o
                                         0x40 (size before relaxing)
 .eh_frame      0x00000080000279a0       0x20 ferror.o
                                         0x38 (size before relaxing)
 .eh_frame      0x00000080000279c0       0x20 setvbuf.o
                                         0x38 (size before relaxing)
 .eh_frame      0x00000080000279e0       0x20 clearerr.o
                                         0x38 (size before relaxing)
 .eh_frame      0x0000008000027a00       0x20 tmpfile.o
                                         0x38 (size before relaxing)
 .eh_frame      0x0000008000027a20       0x20 itoa.o
                                         0x38 (size before relaxing)
 .eh_frame      0x0000008000027a40       0x30 i2hex.o
                                         0x48 (size before relaxing)
 .eh_frame      0x0000008000027a70       0x28 malloc.o
                                         0x40 (size before relaxing)
 .eh_frame      0x0000008000027a98       0x28 calloc.o
                                         0x40 (size before relaxing)
 .eh_frame      0x0000008000027ac0       0x28 free.o
                                         0x40 (size before relaxing)
 .eh_frame      0x0000008000027ae8       0x28 realloc.o
                                         0x40 (size before relaxing)
 .eh_frame      0x0000008000027b10       0x20 div.o
                                         0x38 (size before relaxing)
 .eh_frame      0x0000008000027b30       0x20 ldiv.o
                                         0x38 (size before relaxing)
 .eh_frame      0x0000008000027b50       0x20 lldiv.o
                                         0x38 (size before relaxing)
 .eh_frame      0x0000008000027b70       0x20 strtol.o
                                         0x38 (size before relaxing)
 .eh_frame      0x0000008000027b90       0x28 atoi.o
                                         0x40 (size before relaxing)
 .eh_frame      0x0000008000027bb8       0x28 atol.o
                                         0x40 (size before relaxing)
 .eh_frame      0x0000008000027be0       0x38 strtoul.o
                                         0x50 (size before relaxing)
 .eh_frame      0x0000008000027c18       0x28 exit.o
                                         0x40 (size before relaxing)
 .eh_frame      0x0000008000027c40       0x28 getenv.o
                                         0x40 (size before relaxing)
 .eh_frame      0x0000008000027c68       0x98 qsort.o
                                         0xb0 (size before relaxing)
 .eh_frame      0x0000008000027d00       0x28 system.o
                                         0x40 (size before relaxing)
 .eh_frame      0x0000008000027d28       0x20 strtod.o
                                         0x38 (size before relaxing)
 .eh_frame      0x0000008000027d48       0x50 ftoa.o
                                         0x68 (size before relaxing)
 .eh_frame      0x0000008000027d98       0x28 atof.o
                                         0x40 (size before relaxing)
 .eh_frame      0x0000008000027dc0       0x28 strtof.o
                                         0x40 (size before relaxing)
 .eh_frame      0x0000008000027de8       0x28 strtold.o
                                         0x40 (size before relaxing)
 .eh_frame      0x0000008000027e10       0x20 abs.o
                                         0x38 (size before relaxing)
 .eh_frame      0x0000008000027e30       0x48 ltoa.o
                                         0x60 (size before relaxing)
 .eh_frame      0x0000008000027e78       0x48 utoa.o
                                         0x60 (size before relaxing)
 .eh_frame      0x0000008000027ec0       0x20 srand.o
                                         0x38 (size before relaxing)
 .eh_frame      0x0000008000027ee0       0x20 rand.o
                                         0x38 (size before relaxing)
 .eh_frame      0x0000008000027f00       0x28 abort.o
                                         0x40 (size before relaxing)
 .eh_frame      0x0000008000027f28       0x20 time.o
                                         0x38 (size before relaxing)
 .eh_frame      0x0000008000027f48       0x20 gmtime.o
                                         0x38 (size before relaxing)
 .eh_frame      0x0000008000027f68       0x20 localtime.o
                                         0x38 (size before relaxing)
 .eh_frame      0x0000008000027f88       0x20 strftime.o
                                         0x38 (size before relaxing)
 .eh_frame      0x0000008000027fa8       0x20 clock.o
                                         0x38 (size before relaxing)
 .eh_frame      0x0000008000027fc8       0x20 difftime.o
                                         0x38 (size before relaxing)
 .eh_frame      0x0000008000027fe8       0x20 mktime.o
                                         0x38 (size before relaxing)
 .eh_frame      0x0000008000028008       0xe0 math.o
                                         0xf8 (size before relaxing)
 .eh_frame      0x00000080000280e8       0x20 pow.o
                                         0x38 (size before relaxing)
 .eh_frame      0x0000008000028108       0x20 sqrt.o
                                         0x38 (size before relaxing)
 .eh_frame      0x0000008000028128       0x20 atan.o
                                         0x38 (size before relaxing)
 .eh_frame      0x0000008000028148       0x20 acos.o
                                         0x38 (size before relaxing)
 .eh_frame      0x0000008000028168       0x20 asin.o
                                         0x38 (size before relaxing)
 .eh_frame      0x0000008000028188       0x68 sin.o
                                         0x80 (size before relaxing)
 .eh_frame      0x00000080000281f0       0x20 tan.o
                                         0x38 (size before relaxing)
 .eh_frame      0x0000008000028210       0x68 cos.o
                                         0x80 (size before relaxing)
 .eh_frame      0x0000008000028278       0x20 floor.o
                                         0x38 (size before relaxing)
 .eh_frame      0x0000008000028298       0x20 ceil.o
                                         0x38 (size before relaxing)
 .eh_frame      0x00000080000282b8       0x28 exp.o
                                         0x40 (size before relaxing)
 .eh_frame      0x00000080000282e0       0x20 log.o
                                         0x38 (size before relaxing)
 .eh_frame      0x0000008000028300       0x20 fmax.o
                                         0x38 (size before relaxing)
 .eh_frame      0x0000008000028320       0x20 fmin.o
                                         0x38 (size before relaxing)
 .eh_frame      0x0000008000028340       0x20 fminf.o
                                         0x38 (size before relaxing)
 .eh_frame      0x0000008000028360       0x20 min.o
                                         0x38 (size before relaxing)
 .eh_frame      0x0000008000028380       0x20 max.o
                                         0x38 (size before relaxing)
 .eh_frame      0x00000080000283a0       0x20 fabs.o
                                         0x38 (size before relaxing)
 .eh_frame      0x00000080000283c0       0x20 log2.o
                                         0x38 (size before relaxing)
 .eh_frame      0x00000080000283e0       0x20 locale.o
                                         0x38 (size before relaxing)
 .eh_frame      0x0000008000028400       0x38 signal.o
                                         0x50 (size before relaxing)
                0x0000008000029000                . = ALIGN (0x1000)
 *fill*         0x0000008000028438      0xbc8 
                0x0000008000029000                end = .
                0x0000008000029000                _end = .
                0x0000008000029000                __end = .
LOAD setup.o
LOAD crt0.o
LOAD pci.o
LOAD file.o
LOAD cfs.o
LOAD alloc.o
LOAD pipe.o
LOAD path.o
LOAD socket.o
LOAD inet.o
LOAD communication.o
LOAD sys_exit.o
LOAD dns.o
LOAD pthread.o
LOAD gui.o
LOAD font8x16.o
LOAD window.o
LOAD bmp.o
LOAD font.o
LOAD border.o
LOAD libterm.o
LOAD memcmp.o
LOAD memcpy.o
LOAD memset.o
LOAD strcasecmp.o
LOAD strcat.o
LOAD strchr.o
LOAD strcmp.o
LOAD strcpy.o
LOAD strcspn.o
LOAD string.o
LOAD strlen.o
LOAD strncasecmp.o
LOAD strncmp.o
LOAD strncpy.o
LOAD strpbrk.o
LOAD strrchr.o
LOAD strsep.o
LOAD strspn.o
LOAD strtok.o
LOAD strstr.o
LOAD strdup.o
LOAD memmove.o
LOAD strcoll.o
LOAD strerror.o
LOAD memchr.o
LOAD ctype.o
LOAD tolower.o
LOAD toupper.o
LOAD stdio.o
LOAD fopen.o
LOAD fclose.o
LOAD fflush.o
LOAD putc.o
LOAD getc.o
LOAD fputc.o
LOAD fgetc.o
LOAD fgets.o
LOAD fputs.o
LOAD fread.o
LOAD fwrite.o
LOAD remove.o
LOAD rewind.o
LOAD fseek.o
LOAD feof.o
LOAD ftell.o
LOAD vfprintf.o
LOAD fprintf.o
LOAD vsprintf.o
LOAD sprintf.o
LOAD snprintf.o
LOAD vsnprintf.o
LOAD putchar.o
LOAD puts.o
LOAD printf.o
LOAD sscanf.o
LOAD perror.o
LOAD vfscanf.o
LOAD fscanf.o
LOAD scanf.o
LOAD ungetc.o
LOAD getchar.o
LOAD freopen.o
LOAD tmpnam.o
LOAD rename.o
LOAD ferror.o
LOAD setvbuf.o
LOAD clearerr.o
LOAD tmpfile.o
LOAD itoa.o
LOAD i2hex.o
LOAD malloc.o
LOAD calloc.o
LOAD free.o
LOAD realloc.o
LOAD div.o
LOAD ldiv.o
LOAD lldiv.o
LOAD strtol.o
LOAD atoi.o
LOAD atol.o
LOAD strtoul.o
LOAD exit.o
LOAD getenv.o
LOAD qsort.o
LOAD system.o
LOAD strtod.o
LOAD ftoa.o
LOAD atof.o
LOAD strtof.o
LOAD strtold.o
LOAD abs.o
LOAD ltoa.o
LOAD utoa.o
LOAD srand.o
LOAD rand.o
LOAD abort.o
LOAD errno.o
LOAD time.o
LOAD gmtime.o
LOAD localtime.o
LOAD strftime.o
LOAD clock.o
LOAD difftime.o
LOAD mktime.o
LOAD math.o
LOAD pow.o
LOAD sqrt.o
LOAD atan.o
LOAD acos.o
LOAD asin.o
LOAD sin.o
LOAD tan.o
LOAD cos.o
LOAD floor.o
LOAD ceil.o
LOAD exp.o
LOAD log.o
LOAD fmax.o
LOAD fmin.o
LOAD fminf.o
LOAD min.o
LOAD max.o
LOAD fabs.o
LOAD lbm.o
LOAD log2.o
LOAD locale.o
LOAD signal.o
LOAD setjmp.o
LOAD longjmp.o
OUTPUT(pci.bin elf64-x86-64)

.rela.dyn       0x0000008000029000        0x0
 .rela.got      0x0000008000029000        0x0 setup.o
 .rela.iplt     0x0000008000029000        0x0 setup.o
 .rela.text     0x0000008000029000        0x0 setup.o

.comment        0x0000000000000000       0x2b
 .comment       0x0000000000000000       0x2b crt0.o
                                         0x2c (size before relaxing)
 .comment       0x000000000000002b       0x2c pci.o
 .comment       0x000000000000002b       0x2c file.o
 .comment       0x000000000000002b       0x2c cfs.o
 .comment       0x000000000000002b       0x2c alloc.o
 .comment       0x000000000000002b       0x2c pipe.o
 .comment       0x000000000000002b       0x2c path.o
 .comment       0x000000000000002b       0x2c socket.o
 .comment       0x000000000000002b       0x2c inet.o
 .comment       0x000000000000002b       0x2c communication.o
 .comment       0x000000000000002b       0x2c sys_exit.o
 .comment       0x000000000000002b       0x2c dns.o
 .comment       0x000000000000002b       0x2c pthread.o
 .comment       0x000000000000002b       0x2c gui.o
 .comment       0x000000000000002b       0x2c font8x16.o
 .comment       0x000000000000002b       0x2c window.o
 .comment       0x000000000000002b       0x2c bmp.o
 .comment       0x000000000000002b       0x2c font.o
 .comment       0x000000000000002b       0x2c border.o
 .comment       0x000000000000002b       0x2c libterm.o
 .comment       0x000000000000002b       0x2c memcmp.o
 .comment       0x000000000000002b       0x2c memcpy.o
 .comment       0x000000000000002b       0x2c memset.o
 .comment       0x000000000000002b       0x2c strcasecmp.o
 .comment       0x000000000000002b       0x2c strcat.o
 .comment       0x000000000000002b       0x2c strchr.o
 .comment       0x000000000000002b       0x2c strcmp.o
 .comment       0x000000000000002b       0x2c strcpy.o
 .comment       0x000000000000002b       0x2c strcspn.o
 .comment       0x000000000000002b       0x2c string.o
 .comment       0x000000000000002b       0x2c strlen.o
 .comment       0x000000000000002b       0x2c strncasecmp.o
 .comment       0x000000000000002b       0x2c strncmp.o
 .comment       0x000000000000002b       0x2c strncpy.o
 .comment       0x000000000000002b       0x2c strpbrk.o
 .comment       0x000000000000002b       0x2c strrchr.o
 .comment       0x000000000000002b       0x2c strsep.o
 .comment       0x000000000000002b       0x2c strspn.o
 .comment       0x000000000000002b       0x2c strtok.o
 .comment       0x000000000000002b       0x2c strstr.o
 .comment       0x000000000000002b       0x2c strdup.o
 .comment       0x000000000000002b       0x2c memmove.o
 .comment       0x000000000000002b       0x2c strcoll.o
 .comment       0x000000000000002b       0x2c strerror.o
 .comment       0x000000000000002b       0x2c memchr.o
 .comment       0x000000000000002b       0x2c ctype.o
 .comment       0x000000000000002b       0x2c tolower.o
 .comment       0x000000000000002b       0x2c toupper.o
 .comment       0x000000000000002b       0x2c stdio.o
 .comment       0x000000000000002b       0x2c fopen.o
 .comment       0x000000000000002b       0x2c fclose.o
 .comment       0x000000000000002b       0x2c fflush.o
 .comment       0x000000000000002b       0x2c putc.o
 .comment       0x000000000000002b       0x2c getc.o
 .comment       0x000000000000002b       0x2c fputc.o
 .comment       0x000000000000002b       0x2c fgetc.o
 .comment       0x000000000000002b       0x2c fgets.o
 .comment       0x000000000000002b       0x2c fputs.o
 .comment       0x000000000000002b       0x2c fread.o
 .comment       0x000000000000002b       0x2c fwrite.o
 .comment       0x000000000000002b       0x2c remove.o
 .comment       0x000000000000002b       0x2c rewind.o
 .comment       0x000000000000002b       0x2c fseek.o
 .comment       0x000000000000002b       0x2c feof.o
 .comment       0x000000000000002b       0x2c ftell.o
 .comment       0x000000000000002b       0x2c vfprintf.o
 .comment       0x000000000000002b       0x2c fprintf.o
 .comment       0x000000000000002b       0x2c vsprintf.o
 .comment       0x000000000000002b       0x2c sprintf.o
 .comment       0x000000000000002b       0x2c snprintf.o
 .comment       0x000000000000002b       0x2c vsnprintf.o
 .comment       0x000000000000002b       0x2c putchar.o
 .comment       0x000000000000002b       0x2c puts.o
 .comment       0x000000000000002b       0x2c printf.o
 .comment       0x000000000000002b       0x2c sscanf.o
 .comment       0x000000000000002b       0x2c perror.o
 .comment       0x000000000000002b       0x2c vfscanf.o
 .comment       0x000000000000002b       0x2c fscanf.o
 .comment       0x000000000000002b       0x2c scanf.o
 .comment       0x000000000000002b       0x2c ungetc.o
 .comment       0x000000000000002b       0x2c getchar.o
 .comment       0x000000000000002b       0x2c freopen.o
 .comment       0x000000000000002b       0x2c tmpnam.o
 .comment       0x000000000000002b       0x2c rename.o
 .comment       0x000000000000002b       0x2c ferror.o
 .comment       0x000000000000002b       0x2c setvbuf.o
 .comment       0x000000000000002b       0x2c clearerr.o
 .comment       0x000000000000002b       0x2c tmpfile.o
 .comment       0x000000000000002b       0x2c itoa.o
 .comment       0x000000000000002b       0x2c i2hex.o
 .comment       0x000000000000002b       0x2c malloc.o
 .comment       0x000000000000002b       0x2c calloc.o
 .comment       0x000000000000002b       0x2c free.o
 .comment       0x000000000000002b       0x2c realloc.o
 .comment       0x000000000000002b       0x2c div.o
 .comment       0x000000000000002b       0x2c ldiv.o
 .comment       0x000000000000002b       0x2c lldiv.o
 .comment       0x000000000000002b       0x2c strtol.o
 .comment       0x000000000000002b       0x2c atoi.o
 .comment       0x000000000000002b       0x2c atol.o
 .comment       0x000000000000002b       0x2c strtoul.o
 .comment       0x000000000000002b       0x2c exit.o
 .comment       0x000000000000002b       0x2c getenv.o
 .comment       0x000000000000002b       0x2c qsort.o
 .comment       0x000000000000002b       0x2c system.o
 .comment       0x000000000000002b       0x2c strtod.o
 .comment       0x000000000000002b       0x2c ftoa.o
 .comment       0x000000000000002b       0x2c atof.o
 .comment       0x000000000000002b       0x2c strtof.o
 .comment       0x000000000000002b       0x2c strtold.o
 .comment       0x000000000000002b       0x2c abs.o
 .comment       0x000000000000002b       0x2c ltoa.o
 .comment       0x000000000000002b       0x2c utoa.o
 .comment       0x000000000000002b       0x2c srand.o
 .comment       0x000000000000002b       0x2c rand.o
 .comment       0x000000000000002b       0x2c abort.o
 .comment       0x000000000000002b       0x2c errno.o
 .comment       0x000000000000002b       0x2c time.o
 .comment       0x000000000000002b       0x2c gmtime.o
 .comment       0x000000000000002b       0x2c localtime.o
 .comment       0x000000000000002b       0x2c strftime.o
 .comment       0x000000000000002b       0x2c clock.o
 .comment       0x000000000000002b       0x2c difftime.o
 .comment       0x000000000000002b       0x2c mktime.o
 .comment       0x000000000000002b       0x2c math.o
 .comment       0x000000000000002b       0x2c pow.o
 .comment       0x000000000000002b       0x2c sqrt.o
 .comment       0x000000000000002b       0x2c atan.o
 .comment       0x000000000000002b       0x2c acos.o
 .comment       0x000000000000002b       0x2c asin.o
 .comment       0x000000000000002b       0x2c sin.o
 .comment       0x000000000000002b       0x2c tan.o
 .comment       0x000000000000002b       0x2c cos.o
 .comment       0x000000000000002b       0x2c floor.o
 .comment       0x000000000000002b       0x2c ceil.o
 .comment       0x000000000000002b       0x2c exp.o
 .comment       0x000000000000002b       0x2c log.o
 .comment       0x000000000000002b       0x2c fmax.o
 .comment       0x000000000000002b       0x2c fmin.o
 .comment       0x000000000000002b       0x2c fminf.o
 .comment       0x000000000000002b       0x2c min.o
 .comment       0x000000000000002b       0x2c max.o
 .comment       0x000000000000002b       0x2c fabs.o
 .comment       0x000000000000002b       0x2c log2.o
 .comment       0x000000000000002b       0x2c locale.o
 .comment       0x000000000000002b       0x2c signal.o

.note.GNU-stack
                0x0000000000000000        0x0
 .note.GNU-stack
                0x0000000000000000        0x0 crt0.o
 .note.GNU-stack
                0x0000000000000000        0x0 pci.o
 .note.GNU-stack
                0x0000000000000000        0x0 file.o
 .note.GNU-stack
                0x0000000000000000        0x0 cfs.o
 .note.GNU-stack
                0x0000000000000000        0x0 alloc.o
 .note.GNU-stack
                0x0000000000000000        0x0 pipe.o
 .note.GNU-stack
                0x0000000000000000        0x0 path.o
 .note.GNU-stack
                0x0000000000000000        0x0 socket.o
 .note.GNU-stack
                0x0000000000000000        0x0 inet.o
 .note.GNU-stack
                0x0000000000000000        0x0 communication.o
 .note.GNU-stack
                0x0000000000000000        0x0 sys_exit.o
 .note.GNU-stack
                0x0000000000000000        0x0 dns.o
 .note.GNU-stack
                0x0000000000000000        0x0 pthread.o
 .note.GNU-stack
                0x0000000000000000        0x0 gui.o
 .note.GNU-stack
                0x0000000000000000        0x0 font8x16.o
 .note.GNU-stack
                0x0000000000000000        0x0 window.o
 .note.GNU-stack
                0x0000000000000000        0x0 bmp.o
 .note.GNU-stack
                0x0000000000000000        0x0 font.o
 .note.GNU-stack
                0x0000000000000000        0x0 border.o
 .note.GNU-stack
                0x0000000000000000        0x0 libterm.o
 .note.GNU-stack
                0x0000000000000000        0x0 memcmp.o
 .note.GNU-stack
                0x0000000000000000        0x0 memcpy.o
 .note.GNU-stack
                0x0000000000000000        0x0 memset.o
 .note.GNU-stack
                0x0000000000000000        0x0 strcasecmp.o
 .note.GNU-stack
                0x0000000000000000        0x0 strcat.o
 .note.GNU-stack
                0x0000000000000000        0x0 strchr.o
 .note.GNU-stack
                0x0000000000000000        0x0 strcmp.o
 .note.GNU-stack
                0x0000000000000000        0x0 strcpy.o
 .note.GNU-stack
                0x0000000000000000        0x0 strcspn.o
 .note.GNU-stack
                0x0000000000000000        0x0 string.o
 .note.GNU-stack
                0x0000000000000000        0x0 strlen.o
 .note.GNU-stack
                0x0000000000000000        0x0 strncasecmp.o
 .note.GNU-stack
                0x0000000000000000        0x0 strncmp.o
 .note.GNU-stack
                0x0000000000000000        0x0 strncpy.o
 .note.GNU-stack
                0x0000000000000000        0x0 strpbrk.o
 .note.GNU-stack
                0x0000000000000000        0x0 strrchr.o
 .note.GNU-stack
                0x0000000000000000        0x0 strsep.o
 .note.GNU-stack
                0x0000000000000000        0x0 strspn.o
 .note.GNU-stack
                0x0000000000000000        0x0 strtok.o
 .note.GNU-stack
                0x0000000000000000        0x0 strstr.o
 .note.GNU-stack
                0x0000000000000000        0x0 strdup.o
 .note.GNU-stack
                0x0000000000000000        0x0 memmove.o
 .note.GNU-stack
                0x0000000000000000        0x0 strcoll.o
 .note.GNU-stack
                0x0000000000000000        0x0 strerror.o
 .note.GNU-stack
                0x0000000000000000        0x0 memchr.o
 .note.GNU-stack
                0x0000000000000000        0x0 ctype.o
 .note.GNU-stack
                0x0000000000000000        0x0 tolower.o
 .note.GNU-stack
                0x0000000000000000        0x0 toupper.o
 .note.GNU-stack
                0x0000000000000000        0x0 stdio.o
 .note.GNU-stack
                0x0000000000000000        0x0 fopen.o
 .note.GNU-stack
                0x0000000000000000        0x0 fclose.o
 .note.GNU-stack
                0x0000000000000000        0x0 fflush.o
 .note.GNU-stack
                0x0000000000000000        0x0 putc.o
 .note.GNU-stack
                0x0000000000000000        0x0 getc.o
 .note.GNU-stack
                0x0000000000000000        0x0 fputc.o
 .note.GNU-stack
                0x0000000000000000        0x0 fgetc.o
 .note.GNU-stack
                0x0000000000000000        0x0 fgets.o
 .note.GNU-stack
                0x0000000000000000        0x0 fputs.o
 .note.GNU-stack
                0x0000000000000000        0x0 fread.o
 .note.GNU-stack
                0x0000000000000000        0x0 fwrite.o
 .note.GNU-stack
                0x0000000000000000        0x0 remove.o
 .note.GNU-stack
                0x0000000000000000        0x0 rewind.o
 .note.GNU-stack
                0x0000000000000000        0x0 fseek.o
 .note.GNU-stack
                0x0000000000000000        0x0 feof.o
 .note.GNU-stack
                0x0000000000000000        0x0 ftell.o
 .note.GNU-stack
                0x0000000000000000        0x0 vfprintf.o
 .note.GNU-stack
                0x0000000000000000        0x0 fprintf.o
 .note.GNU-stack
                0x0000000000000000        0x0 vsprintf.o
 .note.GNU-stack
                0x0000000000000000        0x0 sprintf.o
 .note.GNU-stack
                0x0000000000000000        0x0 snprintf.o
 .note.GNU-stack
                0x0000000000000000        0x0 vsnprintf.o
 .note.GNU-stack
                0x0000000000000000        0x0 putchar.o
 .note.GNU-stack
                0x0000000000000000        0x0 puts.o
 .note.GNU-stack
                0x0000000000000000        0x0 printf.o
 .note.GNU-stack
                0x0000000000000000        0x0 sscanf.o
 .note.GNU-stack
                0x0000000000000000        0x0 perror.o
 .note.GNU-stack
                0x0000000000000000        0x0 vfscanf.o
 .note.GNU-stack
                0x0000000000000000        0x0 fscanf.o
 .note.GNU-stack
                0x0000000000000000        0x0 scanf.o
 .note.GNU-stack
                0x0000000000000000        0x0 ungetc.o
 .note.GNU-stack
                0x0000000000000000        0x0 getchar.o
 .note.GNU-stack
                0x0000000000000000        0x0 freopen.o
 .note.GNU-stack
                0x0000000000000000        0x0 tmpnam.o
 .note.GNU-stack
                0x0000000000000000        0x0 rename.o
 .note.GNU-stack
                0x0000000000000000        0x0 ferror.o
 .note.GNU-stack
                0x0000000000000000        0x0 setvbuf.o
 .note.GNU-stack
                0x0000000000000000        0x0 clearerr.o
 .note.GNU-stack
                0x0000000000000000        0x0 tmpfile.o
 .note.GNU-stack
                0x0000000000000000        0x0 itoa.o
 .note.GNU-stack
                0x0000000000000000        0x0 i2hex.o
 .note.GNU-stack
                0x0000000000000000        0x0 malloc.o
 .note.GNU-stack
                0x0000000000000000        0x0 calloc.o
 .note.GNU-stack
                0x0000000000000000        0x0 free.o
 .note.GNU-stack
                0x0000000000000000        0x0 realloc.o
 .note.GNU-stack
                0x0000000000000000        0x0 div.o
 .note.GNU-stack
                0x0000000000000000        0x0 ldiv.o
 .note.GNU-stack
                0x0000000000000000        0x0 lldiv.o
 .note.GNU-stack
                0x0000000000000000        0x0 strtol.o
 .note.GNU-stack
                0x0000000000000000        0x0 atoi.o
 .note.GNU-stack
                0x0000000000000000        0x0 atol.o
 .note.GNU-stack
                0x0000000000000000        0x0 strtoul.o
 .note.GNU-stack
                0x0000000000000000        0x0 exit.o
 .note.GNU-stack
                0x0000000000000000        0x0 getenv.o
 .note.GNU-stack
                0x0000000000000000        0x0 qsort.o
 .note.GNU-stack
                0x0000000000000000        0x0 system.o
 .note.GNU-stack
                0x0000000000000000        0x0 strtod.o
 .note.GNU-stack
                0x0000000000000000        0x0 ftoa.o
 .note.GNU-stack
                0x0000000000000000        0x0 atof.o
 .note.GNU-stack
                0x0000000000000000        0x0 strtof.o
 .note.GNU-stack
                0x0000000000000000        0x0 strtold.o
 .note.GNU-stack
                0x0000000000000000        0x0 abs.o
 .note.GNU-stack
                0x0000000000000000        0x0 ltoa.o
 .note.GNU-stack
                0x0000000000000000        0x0 utoa.o
 .note.GNU-stack
                0x0000000000000000        0x0 srand.o
 .note.GNU-stack
                0x0000000000000000        0x0 rand.o
 .note.GNU-stack
                0x0000000000000000        0x0 abort.o
 .note.GNU-stack
                0x0000000000000000        0x0 errno.o
 .note.GNU-stack
                0x0000000000000000        0x0 time.o
 .note.GNU-stack
                0x0000000000000000        0x0 gmtime.o
 .note.GNU-stack
                0x0000000000000000        0x0 localtime.o
 .note.GNU-stack
                0x0000000000000000        0x0 strftime.o
 .note.GNU-stack
                0x0000000000000000        0x0 clock.o
 .note.GNU-stack
                0x0000000000000000        0x0 difftime.o
 .note.GNU-stack
                0x0000000000000000        0x0 mktime.o
 .note.GNU-stack
                0x0000000000000000        0x0 math.o
 .note.GNU-stack
                0x0000000000000000        0x0 pow.o
 .note.GNU-stack
                0x0000000000000000        0x0 sqrt.o
 .note.GNU-stack
                0x0000000000000000        0x0 atan.o
 .note.GNU-stack
                0x0000000000000000        0x0 acos.o
 .note.GNU-stack
                0x0000000000000000        0x0 asin.o
 .note.GNU-stack
                0x0000000000000000        0x0 sin.o
 .note.GNU-stack
                0x0000000000000000        0x0 tan.o
 .note.GNU-stack
                0x0000000000000000        0x0 cos.o
 .note.GNU-stack
                0x0000000000000000        0x0 floor.o
 .note.GNU-stack
                0x0000000000000000        0x0 ceil.o
 .note.GNU-stack
                0x0000000000000000        0x0 exp.o
 .note.GNU-stack
                0x0000000000000000        0x0 log.o
 .note.GNU-stack
                0x0000000000000000        0x0 fmax.o
 .note.GNU-stack
                0x0000000000000000        0x0 fmin.o
 .note.GNU-stack
                0x0000000000000000        0x0 fminf.o
 .note.GNU-stack
                0x0000000000000000        0x0 min.o
 .note.GNU-stack
                0x0000000000000000        0x0 max.o
 .note.GNU-stack
                0x0000000000000000        0x0 fabs.o
 .note.GNU-stack
                0x0000000000000000        0x0 log2.o
 .note.GNU-stack
                0x0000000000000000        0x0 locale.o
 .note.GNU-stack
                0x0000000000000000        0x0 signal.o
