
Merging program properties

Removed property 0xc0000002 to merge crt0.o (0x3) and setup.o (not found)
Removed property 0xc0000002 to merge crt0.o (not found) and pci.o (0x3)
Removed property 0xc0000002 to merge crt0.o (not found) and file.o (0x3)
Removed property 0xc0000002 to merge crt0.o (not found) and cfs.o (0x3)
Removed property 0xc0000002 to merge crt0.o (not found) and alloc.o (0x3)
Removed property 0xc0000002 to merge crt0.o (not found) and pipe.o (0x3)
Removed property 0xc0000002 to merge crt0.o (not found) and path.o (0x3)
Removed property 0xc0000002 to merge crt0.o (not found) and socket.o (0x3)
Removed property 0xc0000002 to merge crt0.o (not found) and inet.o (0x3)
Removed property 0xc0000002 to merge crt0.o (not found) and communication.o (0x3)
Removed property 0xc0000002 to merge crt0.o (not found) and sys_exit.o (0x3)
Removed property 0xc0000002 to merge crt0.o (not found) and wait.o (0x3)
Removed property 0xc0000002 to merge crt0.o (not found) and exectve.o (0x3)
Removed property 0xc0000002 to merge crt0.o (not found) and dns.o (0x3)
Removed property 0xc0000002 to merge crt0.o (not found) and ether.o (0x3)
Removed property 0xc0000002 to merge crt0.o (not found) and pthread.o (0x3)
Removed property 0xc0000002 to merge crt0.o (not found) and gui.o (0x3)
Removed property 0xc0000002 to merge crt0.o (not found) and font8x16.o (0x3)
Removed property 0xc0000002 to merge crt0.o (not found) and window.o (0x3)
Removed property 0xc0000002 to merge crt0.o (not found) and bmp.o (0x3)
Removed property 0xc0000002 to merge crt0.o (not found) and font.o (0x3)
Removed property 0xc0000002 to merge crt0.o (not found) and border.o (0x3)
Removed property 0xc0000002 to merge crt0.o (not found) and libterm.o (0x3)
Removed property 0xc0000002 to merge crt0.o (not found) and memcmp.o (0x3)
Removed property 0xc0000002 to merge crt0.o (not found) and memcpy.o (0x3)
Removed property 0xc0000002 to merge crt0.o (not found) and memset.o (0x3)
Removed property 0xc0000002 to merge crt0.o (not found) and strcasecmp.o (0x3)
Removed property 0xc0000002 to merge crt0.o (not found) and strcat.o (0x3)
Removed property 0xc0000002 to merge crt0.o (not found) and strchr.o (0x3)
Removed property 0xc0000002 to merge crt0.o (not found) and strcmp.o (0x3)
Removed property 0xc0000002 to merge crt0.o (not found) and strcpy.o (0x3)
Removed property 0xc0000002 to merge crt0.o (not found) and strcspn.o (0x3)
Removed property 0xc0000002 to merge crt0.o (not found) and string.o (0x3)
Removed property 0xc0000002 to merge crt0.o (not found) and strlen.o (0x3)
Removed property 0xc0000002 to merge crt0.o (not found) and strncasecmp.o (0x3)
Removed property 0xc0000002 to merge crt0.o (not found) and strncmp.o (0x3)
Removed property 0xc0000002 to merge crt0.o (not found) and strncpy.o (0x3)
Removed property 0xc0000002 to merge crt0.o (not found) and strpbrk.o (0x3)
Removed property 0xc0000002 to merge crt0.o (not found) and strrchr.o (0x3)
Removed property 0xc0000002 to merge crt0.o (not found) and strsep.o (0x3)
Removed property 0xc0000002 to merge crt0.o (not found) and strspn.o (0x3)
Removed property 0xc0000002 to merge crt0.o (not found) and strtok.o (0x3)
Removed property 0xc0000002 to merge crt0.o (not found) and strstr.o (0x3)
Removed property 0xc0000002 to merge crt0.o (not found) and strdup.o (0x3)
Removed property 0xc0000002 to merge crt0.o (not found) and memmove.o (0x3)
Removed property 0xc0000002 to merge crt0.o (not found) and strcoll.o (0x3)
Removed property 0xc0000002 to merge crt0.o (not found) and strerror.o (0x3)
Removed property 0xc0000002 to merge crt0.o (not found) and memchr.o (0x3)
Removed property 0xc0000002 to merge crt0.o (not found) and ctype.o (0x3)
Removed property 0xc0000002 to merge crt0.o (not found) and tolower.o (0x3)
Removed property 0xc0000002 to merge crt0.o (not found) and toupper.o (0x3)
Removed property 0xc0000002 to merge crt0.o (not found) and stdio.o (0x3)
Removed property 0xc0000002 to merge crt0.o (not found) and fopen.o (0x3)
Removed property 0xc0000002 to merge crt0.o (not found) and fclose.o (0x3)
Removed property 0xc0000002 to merge crt0.o (not found) and fflush.o (0x3)
Removed property 0xc0000002 to merge crt0.o (not found) and putc.o (0x3)
Removed property 0xc0000002 to merge crt0.o (not found) and getc.o (0x3)
Removed property 0xc0000002 to merge crt0.o (not found) and fputc.o (0x3)
Removed property 0xc0000002 to merge crt0.o (not found) and fgetc.o (0x3)
Removed property 0xc0000002 to merge crt0.o (not found) and fgets.o (0x3)
Removed property 0xc0000002 to merge crt0.o (not found) and fputs.o (0x3)
Removed property 0xc0000002 to merge crt0.o (not found) and fread.o (0x3)
Removed property 0xc0000002 to merge crt0.o (not found) and fwrite.o (0x3)
Removed property 0xc0000002 to merge crt0.o (not found) and remove.o (0x3)
Removed property 0xc0000002 to merge crt0.o (not found) and rewind.o (0x3)
Removed property 0xc0000002 to merge crt0.o (not found) and fseek.o (0x3)
[...]
Memory Configuration

Name             Origin             Length             Attributes
*default*        0x0000000000000000 0xffffffffffffffff

Linker script and memory map

                0x0000008000001000                . = 0x8000001000
                0x0000008000001000                _start = .

.text           0x0000008000001000    0x10000
                0x0000008000001000                code = .
                0x0000008000001000                _code = .
                0x0000008000001000                __code = .
                0x0000008000001000                code = .
 *(.text)
 .text          0x0000008000001000       0x65 setup.o
                0x0000008000001053                call_function
 .text          0x0000008000001065      0x1e4 crt0.o
                0x0000008000001065                ctr0
 .text          0x0000008000001249      0x445 pci.o
                0x0000008000001249                pci_read_config_dword
                0x00000080000012e0                pci_write_config_dword
                0x0000008000001374                pci_get_info
                0x0000008000001622                main
 .text          0x000000800000168e      0xe14 file.o
                0x000000800000168e                stdputc_r
                0x00000080000018a4                stdgetc_r
                0x0000008000001a49                getkey
                0x0000008000001b20                getkeyw
                0x0000008000001bf1                open_r
                0x0000008000001c61                flush_r
                0x0000008000001d48                close_r
                0x0000008000001dba                putc_r
                0x0000008000001fd6                getc_r
                0x00000080000021a5                read_r
                0x0000008000002266                write_r
                0x000000800000231a                seek_r
                0x00000080000023f8                tell_r
                0x0000008000002439                rewind_r
 .text          0x00000080000024a2     0x2851 cfs.o
                0x00000080000024a2                read_sector
                0x00000080000024f7                write_sector
                0x000000800000254c                assert_fn
                0x00000080000025b5                get_file_name
                0x000000800000261c                filename_cmp
                0x0000008000002703                search_blk_null
                0x000000800000288d                write_blk
                0x00000080000028c6                clean_blk_enter
                0x00000080000029af                read_super_block
                0x0000008000002a0d                read_directory_blk
                0x0000008000002c22                read_directory_entry
                0x0000008000002dec                update_directory_entry
                0x0000008000003049                open_file_r
                0x00000080000033c8                open_file
                0x0000008000003b0c                file_update
                0x0000008000003c46                file_close
                0x0000008000003d46                file_read_block
                0x0000008000003e1a                file_write_block
                0x0000008000003eee                open_dir
                0x00000080000042dd                create_file
                0x0000008000004646                remove_blk
                0x000000800000488e                remove_file
 .text          0x0000008000004cf3       0xeb alloc.o
                0x0000008000004cf3                __malloc_r
                0x0000008000004d3d                __free_r
                0x0000008000004d7f                __realloc_r
 .text          0x0000008000004dde      0x2f5 pipe.o
                0x0000008000004dde                pipe_write
                0x0000008000004ee2                pipe_read
                0x0000008000004fd9                pipe_read_2x
 .text          0x00000080000050d3      0x5d1 path.o
                0x00000080000050d3                setpath
                0x0000008000005222                upath
                0x000000800000530e                getpathname
                0x0000008000005551                path_count
                0x00000080000055bc                getfilename
 .text          0x00000080000056a4      0x996 socket.o
                0x00000080000056a4                socket_address
                0x0000008000005719                accept
                0x000000800000574f                bind
                0x0000008000005822                connect
                0x00000080000059b2                listen
                0x00000080000059e3                recv
                0x0000008000005b1b                recvfrom
                0x0000008000005c82                send
                0x0000008000005db4                sendto
                0x0000008000005f00                shutdown
                0x0000008000005fec                socket
 .text          0x000000800000603a      0x307 inet.o
                0x000000800000603a                inet_addr
                0x000000800000622e                inet_lnaof
                0x000000800000625c                inet_makeaddr
                0x00000080000062b6                inet_netof
                0x00000080000062e4                inet_network
                0x0000008000006313                inet_ntoa
 .text          0x0000008000006341      0x571 communication.o
                0x00000080000063d3                communication
                0x00000080000065ce                con_init
                0x00000080000067d6                con_sendto
                0x0000008000006844                con_recvfrom
 .text          0x00000080000068b2       0x8c sys_exit.o
                0x00000080000068b2                sys_exit
 .text          0x000000800000693e       0x57 wait.o
                0x000000800000693e                wait
 .text          0x0000008000006995      0x474 exectve.o
                0x0000008000006995                exectve
 .text          0x0000008000006e09      0x6c1 dns.o
                0x0000008000006e9b                changeto_dns_name_format
                0x0000008000006f6f                get_ip_from_name
 .text          0x00000080000074ca       0x3d ether.o
                0x00000080000074ca                ether_getport
 .text          0x0000008000007507      0x144 pthread.o
                0x0000008000007507                pthread_create
                0x00000080000075c9                pthread_exit
                0x00000080000075f3                pthread_join
 .text          0x000000800000764b      0x1ab gui.o
                0x000000800000764b                put_pixel
                0x00000080000076e1                draw_char_transparent
 .text          0x00000080000077f6        0x0 font8x16.o
 .text          0x00000080000077f6     0x1d45 window.o
                0x00000080000077f6                drawline
                0x00000080000078a5                _drawline
                0x000000800000796c                drawrect
                0x0000008000007b16                drawtriagle
                0x0000008000007bd5                drawchar
                0x0000008000007d3f                drawstring
                0x0000008000007dfb                drawchar_trans
                0x0000008000007f1a                drawstring_trans
                0x0000008000007fd6                get_window_surface
                0x0000008000008015                init_window
                0x000000800000846c                create_new_window
                0x000000800000851f                __wcl
                0x00000080000085c6                rgb
                0x0000008000008615                create_button
                0x0000008000008929                handler_button
                0x0000008000008b84                create_textbox
                0x0000008000008d61                handler_textbox
                0x0000008000008e16                window
                0x00000080000093dd                wcl
                0x00000080000094d7                update_window
                0x0000008000009502                __window_clear
 .text          0x000000800000953b      0x5c5 bmp.o
                0x000000800000953b                BitMAP
                0x000000800000981d                BitMAP2
 .text          0x0000008000009b00       0xdc font.o
                0x0000008000009b00                put
 .text          0x0000008000009bdc      0x332 border.o
                0x0000008000009bdc                border
 .text          0x0000008000009f0e       0x4d libterm.o
                0x0000008000009f0e                term_color
 .text          0x0000008000009f5b       0x96 memcmp.o
                0x0000008000009f5b                memcmp
 .text          0x0000008000009ff1       0x77 memcpy.o
                0x0000008000009ff1                memcpy
 .text          0x000000800000a068       0x62 memset.o
                0x000000800000a068                memset
 .text          0x000000800000a0ca       0xbb strcasecmp.o
                0x000000800000a0ca                strcasecmp
 .text          0x000000800000a185       0x7a strcat.o
                0x000000800000a185                strcat
 .text          0x000000800000a1ff       0x61 strchr.o
                0x000000800000a1ff                strchr
 .text          0x000000800000a260       0x9a strcmp.o
                0x000000800000a260                strcmp
 .text          0x000000800000a2fa       0x7b strcpy.o
                0x000000800000a2fa                strcpy
 .text          0x000000800000a375      0x261 strcspn.o
                0x000000800000a375                strchrnul
                0x000000800000a4a0                strcspn
 .text          0x000000800000a5d6        0x0 string.o
 .text          0x000000800000a5d6       0x4c strlen.o
                0x000000800000a5d6                strlen
 .text          0x000000800000a622       0xc8 strncasecmp.o
                0x000000800000a622                strncasecmp
 .text          0x000000800000a6ea       0x80 strncmp.o
                0x000000800000a6ea                strncmp
 .text          0x000000800000a76a       0x7d strncpy.o
                0x000000800000a76a                strncpy
 .text          0x000000800000a7e7       0x72 strpbrk.o
                0x000000800000a7e7                strpbrk
 .text          0x000000800000a859       0x93 strrchr.o
                0x000000800000a859                strrchr
 .text          0x000000800000a8ec       0xbd strsep.o
                0x000000800000a8ec                strsep
 .text          0x000000800000a9a9      0x133 strspn.o
                0x000000800000a9a9                strspn
 .text          0x000000800000aadc      0x18e strtok.o
                0x000000800000aadc                strtok_r
                0x000000800000ac13                strtok
 .text          0x000000800000ac6a       0x98 strstr.o
                0x000000800000ac6a                strstr
 .text          0x000000800000ad02       0xa0 strdup.o
                0x000000800000ad02                strdup
 .text          0x000000800000ada2       0xc2 memmove.o
                0x000000800000ada2                memmove
 .text          0x000000800000ae64       0x56 strcoll.o
                0x000000800000ae64                strcoll
 .text          0x000000800000aeba       0x50 strerror.o
                0x000000800000aeba                strerror
 .text          0x000000800000af0a       0x71 memchr.o
                0x000000800000af0a                memchr
 .text          0x000000800000af7b        0x0 ctype.o
 .text          0x000000800000af7b       0x55 tolower.o
                0x000000800000af7b                tolower
 .text          0x000000800000afd0       0x55 toupper.o
                0x000000800000afd0                toupper
 .text          0x000000800000b025       0xa2 stdio.o
                0x000000800000b025                debug_o
 .text          0x000000800000b0c7       0x96 fopen.o
                0x000000800000b0c7                fopen
 .text          0x000000800000b15d       0x4b fclose.o
                0x000000800000b15d                fclose
 .text          0x000000800000b1a8       0x4b fflush.o
                0x000000800000b1a8                fflush
 .text          0x000000800000b1f3       0x53 putc.o
                0x000000800000b1f3                putc
 .text          0x000000800000b246       0x98 getc.o
                0x000000800000b246                getc
 .text          0x000000800000b2de       0x53 fputc.o
                0x000000800000b2de                fputc
 .text          0x000000800000b331       0x4b fgetc.o
                0x000000800000b331                fgetc
 .text          0x000000800000b37c      0x16b fgets.o
                0x000000800000b37c                fgets
 .text          0x000000800000b4e7       0xa4 fputs.o
                0x000000800000b4e7                fputs
 .text          0x000000800000b58b       0x5d fread.o
                0x000000800000b58b                fread
 .text          0x000000800000b5e8       0x5d fwrite.o
                0x000000800000b5e8                fwrite
 .text          0x000000800000b645       0x4b remove.o
                0x000000800000b645                remove
 .text          0x000000800000b690       0x4c rewind.o
                0x000000800000b690                rewind
 .text          0x000000800000b6dc       0x59 fseek.o
                0x000000800000b6dc                fseek
 .text          0x000000800000b735       0x59 feof.o
                0x000000800000b735                feof
 .text          0x000000800000b78e       0x4b ftell.o
                0x000000800000b78e                ftell
 .text          0x000000800000b7d9      0x93b vfprintf.o
                0x000000800000b7d9                vfprintf
 .text          0x000000800000c114       0xeb fprintf.o
                0x000000800000c114                fprintf
 .text          0x000000800000c1ff      0x9eb vsprintf.o
                0x000000800000c1ff                _vsputs_r
                0x000000800000c26b                vsprintf
 .text          0x000000800000cbea      0x101 sprintf.o
                0x000000800000cbea                sprintf
 .text          0x000000800000cceb       0xed snprintf.o
                0x000000800000cceb                snprintf
 .text          0x000000800000cdd8       0xd9 vsnprintf.o
                0x000000800000cdd8                vsnprintf
 .text          0x000000800000ceb1       0x5c putchar.o
                0x000000800000ceb1                putchar
 .text          0x000000800000cf0d       0xa6 puts.o
                0x000000800000cf0d                puts
 .text          0x000000800000cfb3       0xf5 printf.o
                0x000000800000cfb3                printf
 .text          0x000000800000d0a8       0xa1 sscanf.o
                0x000000800000d0a8                sscanf
 .text          0x000000800000d149       0x4c perror.o
                0x000000800000d149                perror
 .text          0x000000800000d195      0x8ee vfscanf.o
                0x000000800000d57d                vfscanf
 .text          0x000000800000da83       0xeb fscanf.o
                0x000000800000da83                fscanf
 .text          0x000000800000db6e       0xf5 scanf.o
                0x000000800000db6e                scanf
 .text          0x000000800000dc63       0xb2 ungetc.o
                0x000000800000dc63                ungetc
 .text          0x000000800000dd15       0x8d getchar.o
                0x000000800000dd15                getchar
 .text          0x000000800000dda2       0x59 freopen.o
                0x000000800000dda2                freopen
 .text          0x000000800000ddfb       0xb9 tmpnam.o
                0x000000800000ddfb                sysgettmpnam
                0x000000800000de34                tmpnam
 .text          0x000000800000deb4       0xf8 rename.o
                0x000000800000deb4                rename
 .text          0x000000800000dfac       0x51 ferror.o
                0x000000800000dfac                ferror
 .text          0x000000800000dffd       0x5b setvbuf.o
                0x000000800000dffd                setvbuf
 .text          0x000000800000e058       0x51 clearerr.o
                0x000000800000e058                clearerr
 .text          0x000000800000e0a9       0x4d tmpfile.o
                0x000000800000e0a9                tmpfile
 .text          0x000000800000e0f6      0x147 itoa.o
                0x000000800000e0f6                itoa
 .text          0x000000800000e23d      0x175 i2hex.o
                0x000000800000e23d                i2hex
 .text          0x000000800000e3b2       0x48 malloc.o
                0x000000800000e3b2                malloc
 .text          0x000000800000e3fa       0x4f calloc.o
                0x000000800000e3fa                calloc
 .text          0x000000800000e449       0x4c free.o
                0x000000800000e449                free
 .text          0x000000800000e495       0x53 realloc.o
                0x000000800000e495                realloc
 .text          0x000000800000e4e8       0x88 div.o
                0x000000800000e4e8                div
 .text          0x000000800000e570       0xaa ldiv.o
                0x000000800000e570                ldiv
 .text          0x000000800000e61a       0xaa lldiv.o
                0x000000800000e61a                lldiv
 .text          0x000000800000e6c4      0x332 strtol.o
                0x000000800000e6c4                strtol
 .text          0x000000800000e9f6       0x55 atoi.o
                0x000000800000e9f6                atoi
 .text          0x000000800000ea4b       0x55 atol.o
                0x000000800000ea4b                atol
 .text          0x000000800000eaa0      0x24c strtoul.o
                0x000000800000eaa0                strtoul
 .text          0x000000800000ecec       0x49 exit.o
                0x000000800000ecec                exit
 .text          0x000000800000ed35       0x77 getenv.o
                0x000000800000ed35                getenv
 .text          0x000000800000edac      0x49c qsort.o
                0x000000800000f1c7                qsort
 .text          0x000000800000f248       0x5c system.o
                0x000000800000f248                system
 .text          0x000000800000f2a4      0x335 strtod.o
                0x000000800000f2a4                strtod
 .text          0x000000800000f5d9      0x24a ftoa.o
                0x000000800000f638                ftoa
 .text          0x000000800000f823       0x50 atof.o
                0x000000800000f823                atof
 .text          0x000000800000f873       0x5a strtof.o
                0x000000800000f873                strtof
 .text          0x000000800000f8cd       0x5e strtold.o
                0x000000800000f8cd                strtold
 .text          0x000000800000f92b       0x34 abs.o
                0x000000800000f92b                abs
 .text          0x000000800000f95f      0x225 ltoa.o
                0x000000800000f95f                ltoa_r
                0x000000800000fad5                ltoa
 .text          0x000000800000fb84      0x18e utoa.o
                0x000000800000fc7d                utoa
 .text          0x000000800000fd12       0x2a srand.o
                0x000000800000fd12                srand
 .text          0x000000800000fd3c       0x27 rand.o
                0x000000800000fd3c                rand
 .text          0x000000800000fd63       0x46 abort.o
                0x000000800000fd63                abort
 .text          0x000000800000fda9        0x0 errno.o
 .text          0x000000800000fda9       0x2f time.o
                0x000000800000fda9                time
 .text          0x000000800000fdd8       0x3b gmtime.o
                0x000000800000fdd8                gmtime
 .text          0x000000800000fe13       0x3b localtime.o
                0x000000800000fe13                localtime
 .text          0x000000800000fe4e       0x3a strftime.o
                0x000000800000fe4e                strftime
 .text          0x000000800000fe88       0x27 clock.o
                0x000000800000fe88                clock
 .text          0x000000800000feaf       0x3c difftime.o
                0x000000800000feaf                difftime
 .text          0x000000800000feeb       0x2e mktime.o
                0x000000800000feeb                mktime
 .text          0x000000800000ff19      0x19b math.o
                0x000000800000ff19                log10
                0x000000800000ff52                ldexp
                0x000000800000ff8e                frexp
                0x000000800000ffcb                atan2
                0x0000008000010009                cosh
                0x0000008000010042                tanh
                0x000000800001007b                sinh
 .text          0x00000080000100b4       0x6e pow.o
                0x00000080000100b4                pow
 .text          0x0000008000010122       0x3b sqrt.o
                0x0000008000010122                sqrt
 .text          0x000000800001015d       0x39 atan.o
                0x000000800001015d                atan
 .text          0x0000008000010196       0x39 acos.o
                0x0000008000010196                acos
 .text          0x00000080000101cf       0x39 asin.o
                0x00000080000101cf                asin
 .text          0x0000008000010208      0x312 sin.o
                0x0000008000010208                __sinus
                0x00000080000104d1                sin
 .text          0x000000800001051a       0x7d tan.o
                0x000000800001051a                tan
 .text          0x0000008000010597       0x85 cos.o
                0x0000008000010597                cos
 .text          0x000000800001061c       0x39 floor.o
                0x000000800001061c                floor
 .text          0x0000008000010655       0x54 ceil.o
                0x0000008000010655                ceil
 .text          0x00000080000106a9       0x61 exp.o
                0x00000080000106a9                exp
 .text          0x000000800001070a      0x11a log.o
                0x000000800001070a                log
 .text          0x0000008000010824       0x48 fmax.o
                0x0000008000010824                fmax
 .text          0x000000800001086c       0x48 fmin.o
                0x000000800001086c                fmin
 .text          0x00000080000108b4       0x47 fminf.o
                0x00000080000108b4                fminf
 .text          0x00000080000108fb       0x36 min.o
                0x00000080000108fb                min
 .text          0x0000008000010931       0x36 max.o
                0x0000008000010931                max
 .text          0x0000008000010967       0x5f fabs.o
                0x0000008000010967                fabs
 *fill*         0x00000080000109c6        0xa 
 .text          0x00000080000109d0        0x2 lbm.o
                0x00000080000109d0                __sin
                0x00000080000109d1                cosine
 .text          0x00000080000109d2       0x39 log2.o
                0x00000080000109d2                log2
 .text          0x0000008000010a0b      0x14b modf.o
                0x0000008000010a0b                modf
 .text          0x0000008000010b56       0x32 locale.o
                0x0000008000010b56                setlocale
 .text          0x0000008000010b88       0xbb signal.o
                0x0000008000010b88                signal
                0x0000008000010be6                sigaction
 *fill*         0x0000008000010c43        0xd 
 .text          0x0000008000010c50       0x2c setjmp.o
                0x0000008000010c50                setjmp
 *fill*         0x0000008000010c7c        0x4 
 .text          0x0000008000010c80       0x2f longjmp.o
                0x0000008000010c80                longjmp
                0x0000008000011000                . = ALIGN (0x1000)
 *fill*         0x0000008000010caf      0x351 

.iplt           0x0000008000011000        0x0
 .iplt          0x0000008000011000        0x0 setup.o

.data           0x0000008000011000     0x4000
                0x0000008000011000                data = .
                0x0000008000011000                _data = .
                0x0000008000011000                __data = .
 *(.data)
 .data          0x0000008000011000       0x18 setup.o
                0x0000008000011000                argc
                0x0000008000011008                argv
                0x0000008000011010                pwd_ptr
 .data          0x0000008000011018        0x0 crt0.o
 .data          0x0000008000011018        0x0 pci.o
 .data          0x0000008000011018        0x0 file.o
 .data          0x0000008000011018        0x0 cfs.o
 .data          0x0000008000011018        0x0 alloc.o
 .data          0x0000008000011018        0x0 pipe.o
 .data          0x0000008000011018        0x0 path.o
 .data          0x0000008000011018        0x0 socket.o
 .data          0x0000008000011018        0x0 inet.o
 .data          0x0000008000011018        0x0 communication.o
 .data          0x0000008000011018        0x0 sys_exit.o
 .data          0x0000008000011018        0x0 wait.o
 .data          0x0000008000011018        0x0 exectve.o
 *fill*         0x0000008000011018        0x8 
 .data          0x0000008000011020      0x500 dns.o
                0x0000008000011020                dns_servers
 .data          0x0000008000011520        0x0 ether.o
 .data          0x0000008000011520        0x0 pthread.o
 .data          0x0000008000011520        0x0 gui.o
 .data          0x0000008000011520     0x1000 font8x16.o
                0x0000008000011520                font8x16
 .data          0x0000008000012520        0x0 window.o
 .data          0x0000008000012520        0x0 bmp.o
 .data          0x0000008000012520      0x240 font.o
                0x0000008000012520                A__
 .data          0x0000008000012760        0x0 border.o
 .data          0x0000008000012760        0x0 libterm.o
 .data          0x0000008000012760        0x0 memcmp.o
 .data          0x0000008000012760        0x0 memcpy.o
 .data          0x0000008000012760        0x0 memset.o
 .data          0x0000008000012760        0x0 strcasecmp.o
 .data          0x0000008000012760        0x0 strcat.o
 .data          0x0000008000012760        0x0 strchr.o
 .data          0x0000008000012760        0x0 strcmp.o
 .data          0x0000008000012760        0x0 strcpy.o
 .data          0x0000008000012760        0x0 strcspn.o
 .data          0x0000008000012760        0x0 string.o
 .data          0x0000008000012760        0x0 strlen.o
 .data          0x0000008000012760        0x0 strncasecmp.o
 .data          0x0000008000012760        0x0 strncmp.o
 .data          0x0000008000012760        0x0 strncpy.o
 .data          0x0000008000012760        0x0 strpbrk.o
 .data          0x0000008000012760        0x0 strrchr.o
 .data          0x0000008000012760        0x0 strsep.o
 .data          0x0000008000012760        0x0 strspn.o
 .data          0x0000008000012760        0x0 strtok.o
 .data          0x0000008000012760        0x0 strstr.o
 .data          0x0000008000012760        0x0 strdup.o
 .data          0x0000008000012760        0x0 memmove.o
 .data          0x0000008000012760        0x0 strcoll.o
 .data          0x0000008000012760        0x0 strerror.o
 .data          0x0000008000012760        0x0 memchr.o
 .data          0x0000008000012760        0x0 ctype.o
 .data          0x0000008000012760        0x0 tolower.o
 .data          0x0000008000012760        0x0 toupper.o
 .data          0x0000008000012760        0x0 stdio.o
 .data          0x0000008000012760        0x0 fopen.o
 .data          0x0000008000012760        0x0 fclose.o
 .data          0x0000008000012760        0x0 fflush.o
 .data          0x0000008000012760        0x0 putc.o
 .data          0x0000008000012760        0x0 getc.o
 .data          0x0000008000012760        0x0 fputc.o
 .data          0x0000008000012760        0x0 fgetc.o
 .data          0x0000008000012760        0x0 fgets.o
 .data          0x0000008000012760        0x0 fputs.o
 .data          0x0000008000012760        0x0 fread.o
 .data          0x0000008000012760        0x0 fwrite.o
 .data          0x0000008000012760        0x0 remove.o
 .data          0x0000008000012760        0x0 rewind.o
 .data          0x0000008000012760        0x0 fseek.o
 .data          0x0000008000012760        0x0 feof.o
 .data          0x0000008000012760        0x0 ftell.o
 .data          0x0000008000012760        0x0 vfprintf.o
 .data          0x0000008000012760        0x0 fprintf.o
 .data          0x0000008000012760        0x0 vsprintf.o
 .data          0x0000008000012760        0x0 sprintf.o
 .data          0x0000008000012760        0x0 snprintf.o
 .data          0x0000008000012760        0x0 vsnprintf.o
 .data          0x0000008000012760        0x0 putchar.o
 .data          0x0000008000012760        0x0 puts.o
 .data          0x0000008000012760        0x0 printf.o
 .data          0x0000008000012760        0x0 sscanf.o
 .data          0x0000008000012760        0x0 perror.o
 .data          0x0000008000012760        0x0 vfscanf.o
 .data          0x0000008000012760        0x0 fscanf.o
 .data          0x0000008000012760        0x0 scanf.o
 .data          0x0000008000012760        0x0 ungetc.o
 .data          0x0000008000012760        0x0 getchar.o
 .data          0x0000008000012760        0x0 freopen.o
 .data          0x0000008000012760        0x0 tmpnam.o
 .data          0x0000008000012760        0x0 rename.o
 .data          0x0000008000012760        0x0 ferror.o
 .data          0x0000008000012760        0x0 setvbuf.o
 .data          0x0000008000012760        0x0 clearerr.o
 .data          0x0000008000012760        0x0 tmpfile.o
 .data          0x0000008000012760        0x0 itoa.o
 .data          0x0000008000012760        0x0 i2hex.o
 .data          0x0000008000012760        0x0 malloc.o
 .data          0x0000008000012760        0x0 calloc.o
 .data          0x0000008000012760        0x0 free.o
 .data          0x0000008000012760        0x0 realloc.o
 .data          0x0000008000012760        0x0 div.o
 .data          0x0000008000012760        0x0 ldiv.o
 .data          0x0000008000012760        0x0 lldiv.o
 .data          0x0000008000012760        0x0 strtol.o
 .data          0x0000008000012760        0x0 atoi.o
 .data          0x0000008000012760        0x0 atol.o
 .data          0x0000008000012760        0x0 strtoul.o
 .data          0x0000008000012760        0x0 exit.o
 .data          0x0000008000012760        0x0 getenv.o
 .data          0x0000008000012760        0x0 qsort.o
 .data          0x0000008000012760        0x0 system.o
 .data          0x0000008000012760        0x8 strtod.o
                0x0000008000012760                _infinity
 .data          0x0000008000012768        0x0 ftoa.o
 .data          0x0000008000012768        0x0 atof.o
 .data          0x0000008000012768        0x0 strtof.o
 .data          0x0000008000012768        0x0 strtold.o
 .data          0x0000008000012768        0x0 abs.o
 .data          0x0000008000012768        0x0 ltoa.o
 .data          0x0000008000012768        0x0 utoa.o
 .data          0x0000008000012768        0x0 srand.o
 .data          0x0000008000012768        0x0 rand.o
 .data          0x0000008000012768        0x0 abort.o
 .data          0x0000008000012768        0x0 errno.o
 .data          0x0000008000012768        0x0 time.o
 .data          0x0000008000012768        0x0 gmtime.o
 .data          0x0000008000012768        0x0 localtime.o
 .data          0x0000008000012768        0x0 strftime.o
 .data          0x0000008000012768        0x0 clock.o
 .data          0x0000008000012768        0x0 difftime.o
 .data          0x0000008000012768        0x0 mktime.o
 .data          0x0000008000012768        0x0 math.o
 .data          0x0000008000012768        0x0 pow.o
 .data          0x0000008000012768        0x0 sqrt.o
 .data          0x0000008000012768        0x0 atan.o
 .data          0x0000008000012768        0x0 acos.o
 .data          0x0000008000012768        0x0 asin.o
 .data          0x0000008000012768        0x0 sin.o
 .data          0x0000008000012768        0x0 tan.o
 .data          0x0000008000012768        0x0 cos.o
 .data          0x0000008000012768        0x0 floor.o
 .data          0x0000008000012768        0x0 ceil.o
 .data          0x0000008000012768        0x0 exp.o
 .data          0x0000008000012768        0x0 log.o
 .data          0x0000008000012768        0x0 fmax.o
 .data          0x0000008000012768        0x0 fmin.o
 .data          0x0000008000012768        0x0 fminf.o
 .data          0x0000008000012768        0x0 min.o
 .data          0x0000008000012768        0x0 max.o
 .data          0x0000008000012768        0x0 fabs.o
 .data          0x0000008000012768        0x0 log2.o
 .data          0x0000008000012768        0x0 modf.o
 .data          0x0000008000012768        0x0 locale.o
 .data          0x0000008000012768        0x0 signal.o
 *(.rodata)
 .rodata        0x0000008000012768     0x1614 pci.o
 *fill*         0x0000008000013d7c        0x4 
 .rodata        0x0000008000013d80       0x96 cfs.o
 .rodata        0x0000008000013e16       0x11 alloc.o
 .rodata        0x0000008000013e27        0x4 path.o
 *fill*         0x0000008000013e2b        0x5 
 .rodata        0x0000008000013e30       0x21 socket.o
 .rodata        0x0000008000013e51        0x3 inet.o
 .rodata        0x0000008000013e54       0x36 communication.o
 .rodata        0x0000008000013e8a       0x2e exectve.o
 .rodata        0x0000008000013eb8       0x56 dns.o
 .rodata        0x0000008000013f0e        0x6 window.o
 .rodata        0x0000008000013f14       0x40 bmp.o
 .rodata        0x0000008000013f54        0xb strerror.o
 *fill*         0x0000008000013f5f        0x1 
 .rodata        0x0000008000013f60      0x100 ctype.o
                0x0000008000013f60                _ctype
 .rodata        0x0000008000014060       0x11 stdio.o
 *fill*         0x0000008000014071        0x7 
 .rodata        0x0000008000014078      0x1f8 vfprintf.o
 .rodata        0x0000008000014270      0x200 vsprintf.o
 .rodata        0x0000008000014470       0x11 sscanf.o
 *fill*         0x0000008000014481        0x7 
 .rodata        0x0000008000014488      0x1f0 vfscanf.o
 .rodata        0x0000008000014678       0x12 freopen.o
 .rodata        0x000000800001468a        0x3 rename.o
 .rodata        0x000000800001468d        0xa ferror.o
 .rodata        0x0000008000014697        0xb setvbuf.o
 .rodata        0x00000080000146a2        0xc clearerr.o
 .rodata        0x00000080000146ae        0xb tmpfile.o
 .rodata        0x00000080000146b9        0x4 getenv.o
 .rodata        0x00000080000146bd       0x1d system.o
 *fill*         0x00000080000146da        0x6 
 .rodata        0x00000080000146e0       0x20 strtod.o
 .rodata        0x0000008000014700       0x28 ftoa.o
 .rodata        0x0000008000014728        0x8 difftime.o
 .rodata        0x0000008000014730        0x8 math.o
 .rodata        0x0000008000014738        0x8 atan.o
 .rodata        0x0000008000014740        0x8 acos.o
 .rodata        0x0000008000014748        0x8 asin.o
 .rodata        0x0000008000014750       0x90 sin.o
 .rodata        0x00000080000147e0       0x20 cos.o
 .rodata        0x0000008000014800        0x8 floor.o
 .rodata        0x0000008000014808        0x8 exp.o
 .rodata        0x0000008000014810       0x30 log.o
 .rodata        0x0000008000014840       0x20 fabs.o
 .rodata        0x0000008000014860        0x8 log2.o
 .rodata        0x0000008000014868       0x42 signal.o
                0x0000008000015000                . = ALIGN (0x1000)
 *fill*         0x00000080000148aa      0x756 

.got            0x0000008000015000       0x70
 .got           0x0000008000015000       0x70 setup.o

.got.plt        0x0000008000015070       0x18
 .got.plt       0x0000008000015070       0x18 setup.o
                0x0000008000015070                _GLOBAL_OFFSET_TABLE_

.igot.plt       0x0000008000015088        0x0
 .igot.plt      0x0000008000015088        0x0 setup.o

.data.rel.local
                0x00000080000150a0     0x1400
 .data.rel.local
                0x00000080000150a0     0x1400 pci.o
                0x00000080000150a0                pci_classes
                0x00000080000158a0                pci_class_names

.bss            0x00000080000164a0    0x10b60
                0x00000080000164a0                bss = .
                0x00000080000164a0                _bss = .
                0x00000080000164a0                __bss = .
 *(.bss)
 .bss           0x00000080000164a0        0x0 crt0.o
 .bss           0x00000080000164a0        0x0 pci.o
 .bss           0x00000080000164a0        0x0 file.o
 .bss           0x00000080000164a0        0x0 cfs.o
 .bss           0x00000080000164a0        0x0 alloc.o
 .bss           0x00000080000164a0        0x0 pipe.o
 .bss           0x00000080000164a0        0x0 path.o
 .bss           0x00000080000164a0        0x0 socket.o
 .bss           0x00000080000164a0        0x0 inet.o
 .bss           0x00000080000164a0        0x0 communication.o
 .bss           0x00000080000164a0        0x0 sys_exit.o
 .bss           0x00000080000164a0        0x0 wait.o
 .bss           0x00000080000164a0        0x0 exectve.o
 .bss           0x00000080000164a0        0x0 dns.o
 .bss           0x00000080000164a0        0x0 ether.o
 .bss           0x00000080000164a0        0x0 pthread.o
 .bss           0x00000080000164a0        0x0 gui.o
 .bss           0x00000080000164a0        0x0 font8x16.o
 .bss           0x00000080000164a0        0x0 window.o
 .bss           0x00000080000164a0        0x0 bmp.o
 .bss           0x00000080000164a0        0x0 font.o
 .bss           0x00000080000164a0        0x0 border.o
 .bss           0x00000080000164a0        0x0 libterm.o
 .bss           0x00000080000164a0        0x0 memcmp.o
 .bss           0x00000080000164a0        0x0 memcpy.o
 .bss           0x00000080000164a0        0x0 memset.o
 .bss           0x00000080000164a0        0x0 strcasecmp.o
 .bss           0x00000080000164a0        0x0 strcat.o
 .bss           0x00000080000164a0        0x0 strchr.o
 .bss           0x00000080000164a0        0x0 strcmp.o
 .bss           0x00000080000164a0        0x0 strcpy.o
 .bss           0x00000080000164a0        0x0 strcspn.o
 .bss           0x00000080000164a0        0x0 string.o
 .bss           0x00000080000164a0        0x0 strlen.o
 .bss           0x00000080000164a0        0x0 strncasecmp.o
 .bss           0x00000080000164a0        0x0 strncmp.o
 .bss           0x00000080000164a0        0x0 strncpy.o
 .bss           0x00000080000164a0        0x0 strpbrk.o
 .bss           0x00000080000164a0        0x0 strrchr.o
 .bss           0x00000080000164a0        0x0 strsep.o
 .bss           0x00000080000164a0        0x0 strspn.o
 .bss           0x00000080000164a0        0x8 strtok.o
 .bss           0x00000080000164a8        0x0 strstr.o
 .bss           0x00000080000164a8        0x0 strdup.o
 .bss           0x00000080000164a8        0x0 memmove.o
 .bss           0x00000080000164a8        0x0 strcoll.o
 .bss           0x00000080000164a8        0x0 strerror.o
 .bss           0x00000080000164a8        0x0 memchr.o
 .bss           0x00000080000164a8        0x0 ctype.o
 .bss           0x00000080000164a8        0x0 tolower.o
 .bss           0x00000080000164a8        0x0 toupper.o
 .bss           0x00000080000164a8        0x0 stdio.o
 .bss           0x00000080000164a8        0x0 fopen.o
 .bss           0x00000080000164a8        0x0 fclose.o
 .bss           0x00000080000164a8        0x0 fflush.o
 .bss           0x00000080000164a8        0x0 putc.o
 .bss           0x00000080000164a8        0x0 getc.o
 .bss           0x00000080000164a8        0x0 fputc.o
 .bss           0x00000080000164a8        0x0 fgetc.o
 .bss           0x00000080000164a8        0x0 fgets.o
 .bss           0x00000080000164a8        0x0 fputs.o
 .bss           0x00000080000164a8        0x0 fread.o
 .bss           0x00000080000164a8        0x0 fwrite.o
 .bss           0x00000080000164a8        0x0 remove.o
 .bss           0x00000080000164a8        0x0 rewind.o
 .bss           0x00000080000164a8        0x0 fseek.o
 .bss           0x00000080000164a8        0x0 feof.o
 .bss           0x00000080000164a8        0x0 ftell.o
 .bss           0x00000080000164a8        0x0 vfprintf.o
 .bss           0x00000080000164a8        0x0 fprintf.o
 .bss           0x00000080000164a8        0x0 vsprintf.o
 .bss           0x00000080000164a8        0x0 sprintf.o
 .bss           0x00000080000164a8        0x0 snprintf.o
 *fill*         0x00000080000164a8       0x18 
 .bss           0x00000080000164c0    0x10000 vsnprintf.o
 .bss           0x00000080000264c0        0x0 putchar.o
 .bss           0x00000080000264c0        0x0 puts.o
 .bss           0x00000080000264c0        0x0 printf.o
 .bss           0x00000080000264c0        0x0 sscanf.o
 .bss           0x00000080000264c0        0x0 perror.o
 .bss           0x00000080000264c0      0x200 vfscanf.o
 .bss           0x00000080000266c0        0x0 fscanf.o
 .bss           0x00000080000266c0        0x0 scanf.o
 .bss           0x00000080000266c0        0x0 ungetc.o
 .bss           0x00000080000266c0        0x0 getchar.o
 .bss           0x00000080000266c0        0x0 freopen.o
 .bss           0x00000080000266c0       0x60 tmpnam.o
 .bss           0x0000008000026720        0x0 rename.o
 .bss           0x0000008000026720        0x0 ferror.o
 .bss           0x0000008000026720        0x0 setvbuf.o
 .bss           0x0000008000026720        0x0 clearerr.o
 .bss           0x0000008000026720        0x0 tmpfile.o
 .bss           0x0000008000026720        0x0 itoa.o
 .bss           0x0000008000026720        0x0 i2hex.o
 .bss           0x0000008000026720        0x0 malloc.o
 .bss           0x0000008000026720        0x0 calloc.o
 .bss           0x0000008000026720        0x0 free.o
 .bss           0x0000008000026720        0x0 realloc.o
 .bss           0x0000008000026720        0x0 div.o
 .bss           0x0000008000026720        0x0 ldiv.o
 .bss           0x0000008000026720        0x0 lldiv.o
 .bss           0x0000008000026720        0x0 strtol.o
 .bss           0x0000008000026720        0x0 atoi.o
 .bss           0x0000008000026720        0x0 atol.o
 .bss           0x0000008000026720        0x0 strtoul.o
 .bss           0x0000008000026720        0x0 exit.o
 .bss           0x0000008000026720        0x0 getenv.o
 .bss           0x0000008000026720        0xc qsort.o
 .bss           0x000000800002672c        0x0 system.o
 .bss           0x000000800002672c        0x0 strtod.o
 .bss           0x000000800002672c        0x0 ftoa.o
 .bss           0x000000800002672c        0x0 atof.o
 .bss           0x000000800002672c        0x0 strtof.o
 .bss           0x000000800002672c        0x0 strtold.o
 .bss           0x000000800002672c        0x0 abs.o
 .bss           0x000000800002672c        0x0 ltoa.o
 .bss           0x000000800002672c        0x0 utoa.o
 .bss           0x000000800002672c        0x0 srand.o
 .bss           0x000000800002672c        0x0 rand.o
 .bss           0x000000800002672c        0x0 abort.o
 .bss           0x000000800002672c        0x0 errno.o
 .bss           0x000000800002672c        0x0 time.o
 .bss           0x000000800002672c        0x0 gmtime.o
 .bss           0x000000800002672c        0x0 localtime.o
 .bss           0x000000800002672c        0x0 strftime.o
 .bss           0x000000800002672c        0x0 clock.o
 .bss           0x000000800002672c        0x0 difftime.o
 .bss           0x000000800002672c        0x0 mktime.o
 .bss           0x000000800002672c        0x0 math.o
 .bss           0x000000800002672c        0x0 pow.o
 .bss           0x000000800002672c        0x0 sqrt.o
 .bss           0x000000800002672c        0x0 atan.o
 .bss           0x000000800002672c        0x0 acos.o
 .bss           0x000000800002672c        0x0 asin.o
 .bss           0x000000800002672c        0x0 sin.o
 .bss           0x000000800002672c        0x0 tan.o
 .bss           0x000000800002672c        0x0 cos.o
 .bss           0x000000800002672c        0x0 floor.o
 .bss           0x000000800002672c        0x0 ceil.o
 .bss           0x000000800002672c        0x0 exp.o
 .bss           0x000000800002672c        0x0 log.o
 .bss           0x000000800002672c        0x0 fmax.o
 .bss           0x000000800002672c        0x0 fmin.o
 .bss           0x000000800002672c        0x0 fminf.o
 .bss           0x000000800002672c        0x0 min.o
 .bss           0x000000800002672c        0x0 max.o
 .bss           0x000000800002672c        0x0 fabs.o
 .bss           0x000000800002672c        0x0 log2.o
 .bss           0x000000800002672c        0x0 modf.o
 .bss           0x000000800002672c        0x0 locale.o
 .bss           0x000000800002672c        0x0 signal.o
 *(COMMON)
 *fill*         0x000000800002672c        0x4 
 COMMON         0x0000008000026730       0x68 crt0.o
                0x0000008000026730                stdout
                0x0000008000026738                __tm
                0x0000008000026740                mouse2
                0x0000008000026748                __pipe__
                0x0000008000026750                user
                0x0000008000026758                stdin
                0x0000008000026760                obj_list
                0x0000008000026768                pwd
                0x0000008000026770                ptr_mouse2
                0x0000008000026778                stderr
                0x0000008000026780                mouse
                0x0000008000026788                __window
                0x0000008000026790                pipe_r
 *fill*         0x0000008000026798        0x8 
 COMMON         0x00000080000267a0      0x820 cfs.o
                0x00000080000267a0                fs_directory
                0x00000080000267c0                _BLK_
 COMMON         0x0000008000026fc0        0x8 libterm.o
                0x0000008000026fc0                term_bg_color
                0x0000008000026fc4                term_fg_color
 COMMON         0x0000008000026fc8        0x4 errno.o
                0x0000008000026fc8                errno
                0x0000008000027000                . = ALIGN (0x1000)
 *fill*         0x0000008000026fcc       0x34 

.eh_frame       0x0000008000027000     0x3000
                0x0000008000027000                eh_frame = .
 *(.eh_frame)
 .eh_frame      0x0000008000027000       0x48 crt0.o
 .eh_frame      0x0000008000027048       0x98 pci.o
                                         0xb0 (size before relaxing)
 .eh_frame      0x00000080000270e0      0x1f8 file.o
                                        0x210 (size before relaxing)
 .eh_frame      0x00000080000272d8      0x350 cfs.o
                                        0x368 (size before relaxing)
 .eh_frame      0x0000008000027628       0x60 alloc.o
                                         0x78 (size before relaxing)
 .eh_frame      0x0000008000027688       0x60 pipe.o
                                         0x78 (size before relaxing)
 .eh_frame      0x00000080000276e8       0xc8 path.o
                                         0xe0 (size before relaxing)
 .eh_frame      0x00000080000277b0      0x1a8 socket.o
                                        0x1c0 (size before relaxing)
 .eh_frame      0x0000008000027958       0xd0 inet.o
                                         0xe8 (size before relaxing)
 .eh_frame      0x0000008000027a28       0xe0 communication.o
                                         0xf8 (size before relaxing)
 .eh_frame      0x0000008000027b08       0x20 sys_exit.o
                                         0x38 (size before relaxing)
 .eh_frame      0x0000008000027b28       0x20 wait.o
                                         0x38 (size before relaxing)
 .eh_frame      0x0000008000027b48       0x30 exectve.o
                                         0x48 (size before relaxing)
 .eh_frame      0x0000008000027b78       0x90 dns.o
                                         0xa8 (size before relaxing)
 .eh_frame      0x0000008000027c08       0x20 ether.o
                                         0x38 (size before relaxing)
 .eh_frame      0x0000008000027c28       0x68 pthread.o
                                         0x80 (size before relaxing)
 .eh_frame      0x0000008000027c90       0x48 gui.o
                                         0x60 (size before relaxing)
 .eh_frame      0x0000008000027cd8      0x338 window.o
                                        0x350 (size before relaxing)
 .eh_frame      0x0000008000028010       0x58 bmp.o
                                         0x70 (size before relaxing)
 .eh_frame      0x0000008000028068       0x28 font.o
                                         0x40 (size before relaxing)
 .eh_frame      0x0000008000028090       0x30 border.o
                                         0x48 (size before relaxing)
 .eh_frame      0x00000080000280c0       0x20 libterm.o
                                         0x38 (size before relaxing)
 .eh_frame      0x00000080000280e0       0x20 memcmp.o
                                         0x38 (size before relaxing)
 .eh_frame      0x0000008000028100       0x20 memcpy.o
                                         0x38 (size before relaxing)
 .eh_frame      0x0000008000028120       0x20 memset.o
                                         0x38 (size before relaxing)
 .eh_frame      0x0000008000028140       0x28 strcasecmp.o
                                         0x40 (size before relaxing)
 .eh_frame      0x0000008000028168       0x28 strcat.o
                                         0x40 (size before relaxing)
 .eh_frame      0x0000008000028190       0x20 strchr.o
                                         0x38 (size before relaxing)
 .eh_frame      0x00000080000281b0       0x20 strcmp.o
                                         0x38 (size before relaxing)
 .eh_frame      0x00000080000281d0       0x20 strcpy.o
                                         0x38 (size before relaxing)
 .eh_frame      0x00000080000281f0       0x48 strcspn.o
                                         0x60 (size before relaxing)
 .eh_frame      0x0000008000028238       0x20 strlen.o
                                         0x38 (size before relaxing)
 .eh_frame      0x0000008000028258       0x28 strncasecmp.o
                                         0x40 (size before relaxing)
 .eh_frame      0x0000008000028280       0x20 strncmp.o
                                         0x38 (size before relaxing)
 .eh_frame      0x00000080000282a0       0x20 strncpy.o
                                         0x38 (size before relaxing)
 .eh_frame      0x00000080000282c0       0x28 strpbrk.o
                                         0x40 (size before relaxing)
 .eh_frame      0x00000080000282e8       0x28 strrchr.o
                                         0x40 (size before relaxing)
 .eh_frame      0x0000008000028310       0x20 strsep.o
                                         0x38 (size before relaxing)
 .eh_frame      0x0000008000028330       0x20 strspn.o
                                         0x38 (size before relaxing)
 .eh_frame      0x0000008000028350       0x40 strtok.o
                                         0x58 (size before relaxing)
 .eh_frame      0x0000008000028390       0x28 strstr.o
                                         0x40 (size before relaxing)
 .eh_frame      0x00000080000283b8       0x28 strdup.o
                                         0x40 (size before relaxing)
 .eh_frame      0x00000080000283e0       0x20 memmove.o
                                         0x38 (size before relaxing)
 .eh_frame      0x0000008000028400       0x28 strcoll.o
                                         0x40 (size before relaxing)
 .eh_frame      0x0000008000028428       0x20 strerror.o
                                         0x38 (size before relaxing)
 .eh_frame      0x0000008000028448       0x20 memchr.o
                                         0x38 (size before relaxing)
 .eh_frame      0x0000008000028468       0x20 tolower.o
                                         0x38 (size before relaxing)
 .eh_frame      0x0000008000028488       0x20 toupper.o
                                         0x38 (size before relaxing)
 .eh_frame      0x00000080000284a8       0x28 stdio.o
                                         0x40 (size before relaxing)
 .eh_frame      0x00000080000284d0       0x28 fopen.o
                                         0x40 (size before relaxing)
 .eh_frame      0x00000080000284f8       0x28 fclose.o
                                         0x40 (size before relaxing)
 .eh_frame      0x0000008000028520       0x28 fflush.o
                                         0x40 (size before relaxing)
 .eh_frame      0x0000008000028548       0x28 putc.o
                                         0x40 (size before relaxing)
 .eh_frame      0x0000008000028570       0x28 getc.o
                                         0x40 (size before relaxing)
 .eh_frame      0x0000008000028598       0x28 fputc.o
                                         0x40 (size before relaxing)
 .eh_frame      0x00000080000285c0       0x28 fgetc.o
                                         0x40 (size before relaxing)
 .eh_frame      0x00000080000285e8       0x30 fgets.o
                                         0x48 (size before relaxing)
 .eh_frame      0x0000008000028618       0x28 fputs.o
                                         0x40 (size before relaxing)
 .eh_frame      0x0000008000028640       0x28 fread.o
                                         0x40 (size before relaxing)
 .eh_frame      0x0000008000028668       0x28 fwrite.o
                                         0x40 (size before relaxing)
 .eh_frame      0x0000008000028690       0x28 remove.o
                                         0x40 (size before relaxing)
 .eh_frame      0x00000080000286b8       0x28 rewind.o
                                         0x40 (size before relaxing)
 .eh_frame      0x00000080000286e0       0x28 fseek.o
                                         0x40 (size before relaxing)
 .eh_frame      0x0000008000028708       0x20 feof.o
                                         0x38 (size before relaxing)
 .eh_frame      0x0000008000028728       0x28 ftell.o
                                         0x40 (size before relaxing)
 .eh_frame      0x0000008000028750       0x50 vfprintf.o
                                         0x68 (size before relaxing)
 .eh_frame      0x00000080000287a0       0x28 fprintf.o
                                         0x40 (size before relaxing)
 .eh_frame      0x00000080000287c8       0x70 vsprintf.o
                                         0x88 (size before relaxing)
 .eh_frame      0x0000008000028838       0x28 sprintf.o
                                         0x40 (size before relaxing)
 .eh_frame      0x0000008000028860       0x28 snprintf.o
                                         0x40 (size before relaxing)
 .eh_frame      0x0000008000028888       0x28 vsnprintf.o
                                         0x40 (size before relaxing)
 .eh_frame      0x00000080000288b0       0x28 putchar.o
                                         0x40 (size before relaxing)
 .eh_frame      0x00000080000288d8       0x28 puts.o
                                         0x40 (size before relaxing)
 .eh_frame      0x0000008000028900       0x28 printf.o
                                         0x40 (size before relaxing)
 .eh_frame      0x0000008000028928       0x20 sscanf.o
                                         0x38 (size before relaxing)
 .eh_frame      0x0000008000028948       0x28 perror.o
                                         0x40 (size before relaxing)
 .eh_frame      0x0000008000028970       0xe8 vfscanf.o
                                        0x100 (size before relaxing)
 .eh_frame      0x0000008000028a58       0x28 fscanf.o
                                         0x40 (size before relaxing)
 .eh_frame      0x0000008000028a80       0x28 scanf.o
                                         0x40 (size before relaxing)
 .eh_frame      0x0000008000028aa8       0x20 ungetc.o
                                         0x38 (size before relaxing)
 .eh_frame      0x0000008000028ac8       0x28 getchar.o
                                         0x40 (size before relaxing)
 .eh_frame      0x0000008000028af0       0x20 freopen.o
                                         0x38 (size before relaxing)
 .eh_frame      0x0000008000028b10       0x48 tmpnam.o
                                         0x60 (size before relaxing)
 .eh_frame      0x0000008000028b58       0x28 rename.o
                                         0x40 (size before relaxing)
 .eh_frame      0x0000008000028b80       0x20 ferror.o
                                         0x38 (size before relaxing)
 .eh_frame      0x0000008000028ba0       0x20 setvbuf.o
                                         0x38 (size before relaxing)
 .eh_frame      0x0000008000028bc0       0x20 clearerr.o
                                         0x38 (size before relaxing)
 .eh_frame      0x0000008000028be0       0x20 tmpfile.o
                                         0x38 (size before relaxing)
 .eh_frame      0x0000008000028c00       0x20 itoa.o
                                         0x38 (size before relaxing)
 .eh_frame      0x0000008000028c20       0x30 i2hex.o
                                         0x48 (size before relaxing)
 .eh_frame      0x0000008000028c50       0x28 malloc.o
                                         0x40 (size before relaxing)
 .eh_frame      0x0000008000028c78       0x28 calloc.o
                                         0x40 (size before relaxing)
 .eh_frame      0x0000008000028ca0       0x28 free.o
                                         0x40 (size before relaxing)
 .eh_frame      0x0000008000028cc8       0x28 realloc.o
                                         0x40 (size before relaxing)
 .eh_frame      0x0000008000028cf0       0x20 div.o
                                         0x38 (size before relaxing)
 .eh_frame      0x0000008000028d10       0x20 ldiv.o
                                         0x38 (size before relaxing)
 .eh_frame      0x0000008000028d30       0x20 lldiv.o
                                         0x38 (size before relaxing)
 .eh_frame      0x0000008000028d50       0x20 strtol.o
                                         0x38 (size before relaxing)
 .eh_frame      0x0000008000028d70       0x28 atoi.o
                                         0x40 (size before relaxing)
 .eh_frame      0x0000008000028d98       0x28 atol.o
                                         0x40 (size before relaxing)
 .eh_frame      0x0000008000028dc0       0x38 strtoul.o
                                         0x50 (size before relaxing)
 .eh_frame      0x0000008000028df8       0x28 exit.o
                                         0x40 (size before relaxing)
 .eh_frame      0x0000008000028e20       0x28 getenv.o
                                         0x40 (size before relaxing)
 .eh_frame      0x0000008000028e48       0x98 qsort.o
                                         0xb0 (size before relaxing)
 .eh_frame      0x0000008000028ee0       0x28 system.o
                                         0x40 (size before relaxing)
 .eh_frame      0x0000008000028f08       0x20 strtod.o
                                         0x38 (size before relaxing)
 .eh_frame      0x0000008000028f28       0x50 ftoa.o
                                         0x68 (size before relaxing)
 .eh_frame      0x0000008000028f78       0x28 atof.o
                                         0x40 (size before relaxing)
 .eh_frame      0x0000008000028fa0       0x28 strtof.o
                                         0x40 (size before relaxing)
 .eh_frame      0x0000008000028fc8       0x28 strtold.o
                                         0x40 (size before relaxing)
 .eh_frame      0x0000008000028ff0       0x20 abs.o
                                         0x38 (size before relaxing)
 .eh_frame      0x0000008000029010       0x48 ltoa.o
                                         0x60 (size before relaxing)
 .eh_frame      0x0000008000029058       0x48 utoa.o
                                         0x60 (size before relaxing)
 .eh_frame      0x00000080000290a0       0x20 srand.o
                                         0x38 (size before relaxing)
 .eh_frame      0x00000080000290c0       0x20 rand.o
                                         0x38 (size before relaxing)
 .eh_frame      0x00000080000290e0       0x28 abort.o
                                         0x40 (size before relaxing)
 .eh_frame      0x0000008000029108       0x20 time.o
                                         0x38 (size before relaxing)
 .eh_frame      0x0000008000029128       0x20 gmtime.o
                                         0x38 (size before relaxing)
 .eh_frame      0x0000008000029148       0x20 localtime.o
                                         0x38 (size before relaxing)
 .eh_frame      0x0000008000029168       0x20 strftime.o
                                         0x38 (size before relaxing)
 .eh_frame      0x0000008000029188       0x20 clock.o
                                         0x38 (size before relaxing)
 .eh_frame      0x00000080000291a8       0x20 difftime.o
                                         0x38 (size before relaxing)
 .eh_frame      0x00000080000291c8       0x20 mktime.o
                                         0x38 (size before relaxing)
 .eh_frame      0x00000080000291e8       0xe0 math.o
                                         0xf8 (size before relaxing)
 .eh_frame      0x00000080000292c8       0x20 pow.o
                                         0x38 (size before relaxing)
 .eh_frame      0x00000080000292e8       0x20 sqrt.o
                                         0x38 (size before relaxing)
 .eh_frame      0x0000008000029308       0x20 atan.o
                                         0x38 (size before relaxing)
 .eh_frame      0x0000008000029328       0x20 acos.o
                                         0x38 (size before relaxing)
 .eh_frame      0x0000008000029348       0x20 asin.o
                                         0x38 (size before relaxing)
 .eh_frame      0x0000008000029368       0x50 sin.o
                                         0x68 (size before relaxing)
 .eh_frame      0x00000080000293b8       0x28 tan.o
                                         0x40 (size before relaxing)
 .eh_frame      0x00000080000293e0       0x28 cos.o
                                         0x40 (size before relaxing)
 .eh_frame      0x0000008000029408       0x20 floor.o
                                         0x38 (size before relaxing)
 .eh_frame      0x0000008000029428       0x20 ceil.o
                                         0x38 (size before relaxing)
 .eh_frame      0x0000008000029448       0x28 exp.o
                                         0x40 (size before relaxing)
 .eh_frame      0x0000008000029470       0x20 log.o
                                         0x38 (size before relaxing)
 .eh_frame      0x0000008000029490       0x20 fmax.o
                                         0x38 (size before relaxing)
 .eh_frame      0x00000080000294b0       0x20 fmin.o
                                         0x38 (size before relaxing)
 .eh_frame      0x00000080000294d0       0x20 fminf.o
                                         0x38 (size before relaxing)
 .eh_frame      0x00000080000294f0       0x20 min.o
                                         0x38 (size before relaxing)
 .eh_frame      0x0000008000029510       0x20 max.o
                                         0x38 (size before relaxing)
 .eh_frame      0x0000008000029530       0x20 fabs.o
                                         0x38 (size before relaxing)
 .eh_frame      0x0000008000029550       0x20 log2.o
                                         0x38 (size before relaxing)
 .eh_frame      0x0000008000029570       0x20 modf.o
                                         0x38 (size before relaxing)
 .eh_frame      0x0000008000029590       0x20 locale.o
                                         0x38 (size before relaxing)
 .eh_frame      0x00000080000295b0       0x38 signal.o
                                         0x50 (size before relaxing)
                0x000000800002a000                . = ALIGN (0x1000)
 *fill*         0x00000080000295e8      0xa18 
                0x000000800002a000                end = .
                0x000000800002a000                _end = .
                0x000000800002a000                __end = .
LOAD setup.o
LOAD crt0.o
LOAD pci.o
LOAD file.o
LOAD cfs.o
LOAD alloc.o
LOAD pipe.o
LOAD path.o
LOAD socket.o
LOAD inet.o
LOAD communication.o
LOAD sys_exit.o
LOAD wait.o
LOAD exectve.o
LOAD dns.o
LOAD ether.o
LOAD pthread.o
LOAD gui.o
LOAD font8x16.o
LOAD window.o
LOAD bmp.o
LOAD font.o
LOAD border.o
LOAD libterm.o
LOAD memcmp.o
LOAD memcpy.o
LOAD memset.o
LOAD strcasecmp.o
LOAD strcat.o
LOAD strchr.o
LOAD strcmp.o
LOAD strcpy.o
LOAD strcspn.o
LOAD string.o
LOAD strlen.o
LOAD strncasecmp.o
LOAD strncmp.o
LOAD strncpy.o
LOAD strpbrk.o
LOAD strrchr.o
LOAD strsep.o
LOAD strspn.o
LOAD strtok.o
LOAD strstr.o
LOAD strdup.o
LOAD memmove.o
LOAD strcoll.o
LOAD strerror.o
LOAD memchr.o
LOAD ctype.o
LOAD tolower.o
LOAD toupper.o
LOAD stdio.o
LOAD fopen.o
LOAD fclose.o
LOAD fflush.o
LOAD putc.o
LOAD getc.o
LOAD fputc.o
LOAD fgetc.o
LOAD fgets.o
LOAD fputs.o
LOAD fread.o
LOAD fwrite.o
LOAD remove.o
LOAD rewind.o
LOAD fseek.o
LOAD feof.o
LOAD ftell.o
LOAD vfprintf.o
LOAD fprintf.o
LOAD vsprintf.o
LOAD sprintf.o
LOAD snprintf.o
LOAD vsnprintf.o
LOAD putchar.o
LOAD puts.o
LOAD printf.o
LOAD sscanf.o
LOAD perror.o
LOAD vfscanf.o
LOAD fscanf.o
LOAD scanf.o
LOAD ungetc.o
LOAD getchar.o
LOAD freopen.o
LOAD tmpnam.o
LOAD rename.o
LOAD ferror.o
LOAD setvbuf.o
LOAD clearerr.o
LOAD tmpfile.o
LOAD itoa.o
LOAD i2hex.o
LOAD malloc.o
LOAD calloc.o
LOAD free.o
LOAD realloc.o
LOAD div.o
LOAD ldiv.o
LOAD lldiv.o
LOAD strtol.o
LOAD atoi.o
LOAD atol.o
LOAD strtoul.o
LOAD exit.o
LOAD getenv.o
LOAD qsort.o
LOAD system.o
LOAD strtod.o
LOAD ftoa.o
LOAD atof.o
LOAD strtof.o
LOAD strtold.o
LOAD abs.o
LOAD ltoa.o
LOAD utoa.o
LOAD srand.o
LOAD rand.o
LOAD abort.o
LOAD errno.o
LOAD time.o
LOAD gmtime.o
LOAD localtime.o
LOAD strftime.o
LOAD clock.o
LOAD difftime.o
LOAD mktime.o
LOAD math.o
LOAD pow.o
LOAD sqrt.o
LOAD atan.o
LOAD acos.o
LOAD asin.o
LOAD sin.o
LOAD tan.o
LOAD cos.o
LOAD floor.o
LOAD ceil.o
LOAD exp.o
LOAD log.o
LOAD fmax.o
LOAD fmin.o
LOAD fminf.o
LOAD min.o
LOAD max.o
LOAD fabs.o
LOAD lbm.o
LOAD log2.o
LOAD modf.o
LOAD locale.o
LOAD signal.o
LOAD setjmp.o
LOAD longjmp.o
OUTPUT(pci.bin elf64-x86-64)

.rela.dyn       0x000000800002a000        0x0
 .rela.got      0x000000800002a000        0x0 setup.o
 .rela.iplt     0x000000800002a000        0x0 setup.o
 .rela.text     0x000000800002a000        0x0 setup.o

.comment        0x0000000000000000       0x2b
 .comment       0x0000000000000000       0x2b crt0.o
                                         0x2c (size before relaxing)
 .comment       0x000000000000002b       0x2c pci.o
 .comment       0x000000000000002b       0x2c file.o
 .comment       0x000000000000002b       0x2c cfs.o
 .comment       0x000000000000002b       0x2c alloc.o
 .comment       0x000000000000002b       0x2c pipe.o
 .comment       0x000000000000002b       0x2c path.o
 .comment       0x000000000000002b       0x2c socket.o
 .comment       0x000000000000002b       0x2c inet.o
 .comment       0x000000000000002b       0x2c communication.o
 .comment       0x000000000000002b       0x2c sys_exit.o
 .comment       0x000000000000002b       0x2c wait.o
 .comment       0x000000000000002b       0x2c exectve.o
 .comment       0x000000000000002b       0x2c dns.o
 .comment       0x000000000000002b       0x2c ether.o
 .comment       0x000000000000002b       0x2c pthread.o
 .comment       0x000000000000002b       0x2c gui.o
 .comment       0x000000000000002b       0x2c font8x16.o
 .comment       0x000000000000002b       0x2c window.o
 .comment       0x000000000000002b       0x2c bmp.o
 .comment       0x000000000000002b       0x2c font.o
 .comment       0x000000000000002b       0x2c border.o
 .comment       0x000000000000002b       0x2c libterm.o
 .comment       0x000000000000002b       0x2c memcmp.o
 .comment       0x000000000000002b       0x2c memcpy.o
 .comment       0x000000000000002b       0x2c memset.o
 .comment       0x000000000000002b       0x2c strcasecmp.o
 .comment       0x000000000000002b       0x2c strcat.o
 .comment       0x000000000000002b       0x2c strchr.o
 .comment       0x000000000000002b       0x2c strcmp.o
 .comment       0x000000000000002b       0x2c strcpy.o
 .comment       0x000000000000002b       0x2c strcspn.o
 .comment       0x000000000000002b       0x2c string.o
 .comment       0x000000000000002b       0x2c strlen.o
 .comment       0x000000000000002b       0x2c strncasecmp.o
 .comment       0x000000000000002b       0x2c strncmp.o
 .comment       0x000000000000002b       0x2c strncpy.o
 .comment       0x000000000000002b       0x2c strpbrk.o
 .comment       0x000000000000002b       0x2c strrchr.o
 .comment       0x000000000000002b       0x2c strsep.o
 .comment       0x000000000000002b       0x2c strspn.o
 .comment       0x000000000000002b       0x2c strtok.o
 .comment       0x000000000000002b       0x2c strstr.o
 .comment       0x000000000000002b       0x2c strdup.o
 .comment       0x000000000000002b       0x2c memmove.o
 .comment       0x000000000000002b       0x2c strcoll.o
 .comment       0x000000000000002b       0x2c strerror.o
 .comment       0x000000000000002b       0x2c memchr.o
 .comment       0x000000000000002b       0x2c ctype.o
 .comment       0x000000000000002b       0x2c tolower.o
 .comment       0x000000000000002b       0x2c toupper.o
 .comment       0x000000000000002b       0x2c stdio.o
 .comment       0x000000000000002b       0x2c fopen.o
 .comment       0x000000000000002b       0x2c fclose.o
 .comment       0x000000000000002b       0x2c fflush.o
 .comment       0x000000000000002b       0x2c putc.o
 .comment       0x000000000000002b       0x2c getc.o
 .comment       0x000000000000002b       0x2c fputc.o
 .comment       0x000000000000002b       0x2c fgetc.o
 .comment       0x000000000000002b       0x2c fgets.o
 .comment       0x000000000000002b       0x2c fputs.o
 .comment       0x000000000000002b       0x2c fread.o
 .comment       0x000000000000002b       0x2c fwrite.o
 .comment       0x000000000000002b       0x2c remove.o
 .comment       0x000000000000002b       0x2c rewind.o
 .comment       0x000000000000002b       0x2c fseek.o
 .comment       0x000000000000002b       0x2c feof.o
 .comment       0x000000000000002b       0x2c ftell.o
 .comment       0x000000000000002b       0x2c vfprintf.o
 .comment       0x000000000000002b       0x2c fprintf.o
 .comment       0x000000000000002b       0x2c vsprintf.o
 .comment       0x000000000000002b       0x2c sprintf.o
 .comment       0x000000000000002b       0x2c snprintf.o
 .comment       0x000000000000002b       0x2c vsnprintf.o
 .comment       0x000000000000002b       0x2c putchar.o
 .comment       0x000000000000002b       0x2c puts.o
 .comment       0x000000000000002b       0x2c printf.o
 .comment       0x000000000000002b       0x2c sscanf.o
 .comment       0x000000000000002b       0x2c perror.o
 .comment       0x000000000000002b       0x2c vfscanf.o
 .comment       0x000000000000002b       0x2c fscanf.o
 .comment       0x000000000000002b       0x2c scanf.o
 .comment       0x000000000000002b       0x2c ungetc.o
 .comment       0x000000000000002b       0x2c getchar.o
 .comment       0x000000000000002b       0x2c freopen.o
 .comment       0x000000000000002b       0x2c tmpnam.o
 .comment       0x000000000000002b       0x2c rename.o
 .comment       0x000000000000002b       0x2c ferror.o
 .comment       0x000000000000002b       0x2c setvbuf.o
 .comment       0x000000000000002b       0x2c clearerr.o
 .comment       0x000000000000002b       0x2c tmpfile.o
 .comment       0x000000000000002b       0x2c itoa.o
 .comment       0x000000000000002b       0x2c i2hex.o
 .comment       0x000000000000002b       0x2c malloc.o
 .comment       0x000000000000002b       0x2c calloc.o
 .comment       0x000000000000002b       0x2c free.o
 .comment       0x000000000000002b       0x2c realloc.o
 .comment       0x000000000000002b       0x2c div.o
 .comment       0x000000000000002b       0x2c ldiv.o
 .comment       0x000000000000002b       0x2c lldiv.o
 .comment       0x000000000000002b       0x2c strtol.o
 .comment       0x000000000000002b       0x2c atoi.o
 .comment       0x000000000000002b       0x2c atol.o
 .comment       0x000000000000002b       0x2c strtoul.o
 .comment       0x000000000000002b       0x2c exit.o
 .comment       0x000000000000002b       0x2c getenv.o
 .comment       0x000000000000002b       0x2c qsort.o
 .comment       0x000000000000002b       0x2c system.o
 .comment       0x000000000000002b       0x2c strtod.o
 .comment       0x000000000000002b       0x2c ftoa.o
 .comment       0x000000000000002b       0x2c atof.o
 .comment       0x000000000000002b       0x2c strtof.o
 .comment       0x000000000000002b       0x2c strtold.o
 .comment       0x000000000000002b       0x2c abs.o
 .comment       0x000000000000002b       0x2c ltoa.o
 .comment       0x000000000000002b       0x2c utoa.o
 .comment       0x000000000000002b       0x2c srand.o
 .comment       0x000000000000002b       0x2c rand.o
 .comment       0x000000000000002b       0x2c abort.o
 .comment       0x000000000000002b       0x2c errno.o
 .comment       0x000000000000002b       0x2c time.o
 .comment       0x000000000000002b       0x2c gmtime.o
 .comment       0x000000000000002b       0x2c localtime.o
 .comment       0x000000000000002b       0x2c strftime.o
 .comment       0x000000000000002b       0x2c clock.o
 .comment       0x000000000000002b       0x2c difftime.o
 .comment       0x000000000000002b       0x2c mktime.o
 .comment       0x000000000000002b       0x2c math.o
 .comment       0x000000000000002b       0x2c pow.o
 .comment       0x000000000000002b       0x2c sqrt.o
 .comment       0x000000000000002b       0x2c atan.o
 .comment       0x000000000000002b       0x2c acos.o
 .comment       0x000000000000002b       0x2c asin.o
 .comment       0x000000000000002b       0x2c sin.o
 .comment       0x000000000000002b       0x2c tan.o
 .comment       0x000000000000002b       0x2c cos.o
 .comment       0x000000000000002b       0x2c floor.o
 .comment       0x000000000000002b       0x2c ceil.o
 .comment       0x000000000000002b       0x2c exp.o
 .comment       0x000000000000002b       0x2c log.o
 .comment       0x000000000000002b       0x2c fmax.o
 .comment       0x000000000000002b       0x2c fmin.o
 .comment       0x000000000000002b       0x2c fminf.o
 .comment       0x000000000000002b       0x2c min.o
 .comment       0x000000000000002b       0x2c max.o
 .comment       0x000000000000002b       0x2c fabs.o
 .comment       0x000000000000002b       0x2c log2.o
 .comment       0x000000000000002b       0x2c modf.o
 .comment       0x000000000000002b       0x2c locale.o
 .comment       0x000000000000002b       0x2c signal.o

.note.GNU-stack
                0x0000000000000000        0x0
 .note.GNU-stack
                0x0000000000000000        0x0 crt0.o
 .note.GNU-stack
                0x0000000000000000        0x0 pci.o
 .note.GNU-stack
                0x0000000000000000        0x0 file.o
 .note.GNU-stack
                0x0000000000000000        0x0 cfs.o
 .note.GNU-stack
                0x0000000000000000        0x0 alloc.o
 .note.GNU-stack
                0x0000000000000000        0x0 pipe.o
 .note.GNU-stack
                0x0000000000000000        0x0 path.o
 .note.GNU-stack
                0x0000000000000000        0x0 socket.o
 .note.GNU-stack
                0x0000000000000000        0x0 inet.o
 .note.GNU-stack
                0x0000000000000000        0x0 communication.o
 .note.GNU-stack
                0x0000000000000000        0x0 sys_exit.o
 .note.GNU-stack
                0x0000000000000000        0x0 wait.o
 .note.GNU-stack
                0x0000000000000000        0x0 exectve.o
 .note.GNU-stack
                0x0000000000000000        0x0 dns.o
 .note.GNU-stack
                0x0000000000000000        0x0 ether.o
 .note.GNU-stack
                0x0000000000000000        0x0 pthread.o
 .note.GNU-stack
                0x0000000000000000        0x0 gui.o
 .note.GNU-stack
                0x0000000000000000        0x0 font8x16.o
 .note.GNU-stack
                0x0000000000000000        0x0 window.o
 .note.GNU-stack
                0x0000000000000000        0x0 bmp.o
 .note.GNU-stack
                0x0000000000000000        0x0 font.o
 .note.GNU-stack
                0x0000000000000000        0x0 border.o
 .note.GNU-stack
                0x0000000000000000        0x0 libterm.o
 .note.GNU-stack
                0x0000000000000000        0x0 memcmp.o
 .note.GNU-stack
                0x0000000000000000        0x0 memcpy.o
 .note.GNU-stack
                0x0000000000000000        0x0 memset.o
 .note.GNU-stack
                0x0000000000000000        0x0 strcasecmp.o
 .note.GNU-stack
                0x0000000000000000        0x0 strcat.o
 .note.GNU-stack
                0x0000000000000000        0x0 strchr.o
 .note.GNU-stack
                0x0000000000000000        0x0 strcmp.o
 .note.GNU-stack
                0x0000000000000000        0x0 strcpy.o
 .note.GNU-stack
                0x0000000000000000        0x0 strcspn.o
 .note.GNU-stack
                0x0000000000000000        0x0 string.o
 .note.GNU-stack
                0x0000000000000000        0x0 strlen.o
 .note.GNU-stack
                0x0000000000000000        0x0 strncasecmp.o
 .note.GNU-stack
                0x0000000000000000        0x0 strncmp.o
 .note.GNU-stack
                0x0000000000000000        0x0 strncpy.o
 .note.GNU-stack
                0x0000000000000000        0x0 strpbrk.o
 .note.GNU-stack
                0x0000000000000000        0x0 strrchr.o
 .note.GNU-stack
                0x0000000000000000        0x0 strsep.o
 .note.GNU-stack
                0x0000000000000000        0x0 strspn.o
 .note.GNU-stack
                0x0000000000000000        0x0 strtok.o
 .note.GNU-stack
                0x0000000000000000        0x0 strstr.o
 .note.GNU-stack
                0x0000000000000000        0x0 strdup.o
 .note.GNU-stack
                0x0000000000000000        0x0 memmove.o
 .note.GNU-stack
                0x0000000000000000        0x0 strcoll.o
 .note.GNU-stack
                0x0000000000000000        0x0 strerror.o
 .note.GNU-stack
                0x0000000000000000        0x0 memchr.o
 .note.GNU-stack
                0x0000000000000000        0x0 ctype.o
 .note.GNU-stack
                0x0000000000000000        0x0 tolower.o
 .note.GNU-stack
                0x0000000000000000        0x0 toupper.o
 .note.GNU-stack
                0x0000000000000000        0x0 stdio.o
 .note.GNU-stack
                0x0000000000000000        0x0 fopen.o
 .note.GNU-stack
                0x0000000000000000        0x0 fclose.o
 .note.GNU-stack
                0x0000000000000000        0x0 fflush.o
 .note.GNU-stack
                0x0000000000000000        0x0 putc.o
 .note.GNU-stack
                0x0000000000000000        0x0 getc.o
 .note.GNU-stack
                0x0000000000000000        0x0 fputc.o
 .note.GNU-stack
                0x0000000000000000        0x0 fgetc.o
 .note.GNU-stack
                0x0000000000000000        0x0 fgets.o
 .note.GNU-stack
                0x0000000000000000        0x0 fputs.o
 .note.GNU-stack
                0x0000000000000000        0x0 fread.o
 .note.GNU-stack
                0x0000000000000000        0x0 fwrite.o
 .note.GNU-stack
                0x0000000000000000        0x0 remove.o
 .note.GNU-stack
                0x0000000000000000        0x0 rewind.o
 .note.GNU-stack
                0x0000000000000000        0x0 fseek.o
 .note.GNU-stack
                0x0000000000000000        0x0 feof.o
 .note.GNU-stack
                0x0000000000000000        0x0 ftell.o
 .note.GNU-stack
                0x0000000000000000        0x0 vfprintf.o
 .note.GNU-stack
                0x0000000000000000        0x0 fprintf.o
 .note.GNU-stack
                0x0000000000000000        0x0 vsprintf.o
 .note.GNU-stack
                0x0000000000000000        0x0 sprintf.o
 .note.GNU-stack
                0x0000000000000000        0x0 snprintf.o
 .note.GNU-stack
                0x0000000000000000        0x0 vsnprintf.o
 .note.GNU-stack
                0x0000000000000000        0x0 putchar.o
 .note.GNU-stack
                0x0000000000000000        0x0 puts.o
 .note.GNU-stack
                0x0000000000000000        0x0 printf.o
 .note.GNU-stack
                0x0000000000000000        0x0 sscanf.o
 .note.GNU-stack
                0x0000000000000000        0x0 perror.o
 .note.GNU-stack
                0x0000000000000000        0x0 vfscanf.o
 .note.GNU-stack
                0x0000000000000000        0x0 fscanf.o
 .note.GNU-stack
                0x0000000000000000        0x0 scanf.o
 .note.GNU-stack
                0x0000000000000000        0x0 ungetc.o
 .note.GNU-stack
                0x0000000000000000        0x0 getchar.o
 .note.GNU-stack
                0x0000000000000000        0x0 freopen.o
 .note.GNU-stack
                0x0000000000000000        0x0 tmpnam.o
 .note.GNU-stack
                0x0000000000000000        0x0 rename.o
 .note.GNU-stack
                0x0000000000000000        0x0 ferror.o
 .note.GNU-stack
                0x0000000000000000        0x0 setvbuf.o
 .note.GNU-stack
                0x0000000000000000        0x0 clearerr.o
 .note.GNU-stack
                0x0000000000000000        0x0 tmpfile.o
 .note.GNU-stack
                0x0000000000000000        0x0 itoa.o
 .note.GNU-stack
                0x0000000000000000        0x0 i2hex.o
 .note.GNU-stack
                0x0000000000000000        0x0 malloc.o
 .note.GNU-stack
                0x0000000000000000        0x0 calloc.o
 .note.GNU-stack
                0x0000000000000000        0x0 free.o
 .note.GNU-stack
                0x0000000000000000        0x0 realloc.o
 .note.GNU-stack
                0x0000000000000000        0x0 div.o
 .note.GNU-stack
                0x0000000000000000        0x0 ldiv.o
 .note.GNU-stack
                0x0000000000000000        0x0 lldiv.o
 .note.GNU-stack
                0x0000000000000000        0x0 strtol.o
 .note.GNU-stack
                0x0000000000000000        0x0 atoi.o
 .note.GNU-stack
                0x0000000000000000        0x0 atol.o
 .note.GNU-stack
                0x0000000000000000        0x0 strtoul.o
 .note.GNU-stack
                0x0000000000000000        0x0 exit.o
 .note.GNU-stack
                0x0000000000000000        0x0 getenv.o
 .note.GNU-stack
                0x0000000000000000        0x0 qsort.o
 .note.GNU-stack
                0x0000000000000000        0x0 system.o
 .note.GNU-stack
                0x0000000000000000        0x0 strtod.o
 .note.GNU-stack
                0x0000000000000000        0x0 ftoa.o
 .note.GNU-stack
                0x0000000000000000        0x0 atof.o
 .note.GNU-stack
                0x0000000000000000        0x0 strtof.o
 .note.GNU-stack
                0x0000000000000000        0x0 strtold.o
 .note.GNU-stack
                0x0000000000000000        0x0 abs.o
 .note.GNU-stack
                0x0000000000000000        0x0 ltoa.o
 .note.GNU-stack
                0x0000000000000000        0x0 utoa.o
 .note.GNU-stack
                0x0000000000000000        0x0 srand.o
 .note.GNU-stack
                0x0000000000000000        0x0 rand.o
 .note.GNU-stack
                0x0000000000000000        0x0 abort.o
 .note.GNU-stack
                0x0000000000000000        0x0 errno.o
 .note.GNU-stack
                0x0000000000000000        0x0 time.o
 .note.GNU-stack
                0x0000000000000000        0x0 gmtime.o
 .note.GNU-stack
                0x0000000000000000        0x0 localtime.o
 .note.GNU-stack
                0x0000000000000000        0x0 strftime.o
 .note.GNU-stack
                0x0000000000000000        0x0 clock.o
 .note.GNU-stack
                0x0000000000000000        0x0 difftime.o
 .note.GNU-stack
                0x0000000000000000        0x0 mktime.o
 .note.GNU-stack
                0x0000000000000000        0x0 math.o
 .note.GNU-stack
                0x0000000000000000        0x0 pow.o
 .note.GNU-stack
                0x0000000000000000        0x0 sqrt.o
 .note.GNU-stack
                0x0000000000000000        0x0 atan.o
 .note.GNU-stack
                0x0000000000000000        0x0 acos.o
 .note.GNU-stack
                0x0000000000000000        0x0 asin.o
 .note.GNU-stack
                0x0000000000000000        0x0 sin.o
 .note.GNU-stack
                0x0000000000000000        0x0 tan.o
 .note.GNU-stack
                0x0000000000000000        0x0 cos.o
 .note.GNU-stack
                0x0000000000000000        0x0 floor.o
 .note.GNU-stack
                0x0000000000000000        0x0 ceil.o
 .note.GNU-stack
                0x0000000000000000        0x0 exp.o
 .note.GNU-stack
                0x0000000000000000        0x0 log.o
 .note.GNU-stack
                0x0000000000000000        0x0 fmax.o
 .note.GNU-stack
                0x0000000000000000        0x0 fmin.o
 .note.GNU-stack
                0x0000000000000000        0x0 fminf.o
 .note.GNU-stack
                0x0000000000000000        0x0 min.o
 .note.GNU-stack
                0x0000000000000000        0x0 max.o
 .note.GNU-stack
                0x0000000000000000        0x0 fabs.o
 .note.GNU-stack
                0x0000000000000000        0x0 log2.o
 .note.GNU-stack
                0x0000000000000000        0x0 modf.o
 .note.GNU-stack
                0x0000000000000000        0x0 locale.o
 .note.GNU-stack
                0x0000000000000000        0x0 signal.o
