
Merging program properties

Removed property 0xc0000002 to merge crt0.o (0x3) and setup.o (not found)
Removed property 0xc0000002 to merge crt0.o (not found) and pci.o (0x3)
Removed property 0xc0000002 to merge crt0.o (not found) and file.o (0x3)
Removed property 0xc0000002 to merge crt0.o (not found) and cfs.o (0x3)
Removed property 0xc0000002 to merge crt0.o (not found) and alloc.o (0x3)
Removed property 0xc0000002 to merge crt0.o (not found) and pipe.o (0x3)
Removed property 0xc0000002 to merge crt0.o (not found) and path.o (0x3)
Removed property 0xc0000002 to merge crt0.o (not found) and socket.o (0x3)
Removed property 0xc0000002 to merge crt0.o (not found) and inet.o (0x3)
Removed property 0xc0000002 to merge crt0.o (not found) and dns.o (0x3)
Removed property 0xc0000002 to merge crt0.o (not found) and pthread.o (0x3)
Removed property 0xc0000002 to merge crt0.o (not found) and gui.o (0x3)
Removed property 0xc0000002 to merge crt0.o (not found) and font8x16.o (0x3)
Removed property 0xc0000002 to merge crt0.o (not found) and window.o (0x3)
Removed property 0xc0000002 to merge crt0.o (not found) and bmp.o (0x3)
Removed property 0xc0000002 to merge crt0.o (not found) and font.o (0x3)
Removed property 0xc0000002 to merge crt0.o (not found) and border.o (0x3)
Removed property 0xc0000002 to merge crt0.o (not found) and libterm.o (0x3)
Removed property 0xc0000002 to merge crt0.o (not found) and memcmp.o (0x3)
Removed property 0xc0000002 to merge crt0.o (not found) and memcpy.o (0x3)
Removed property 0xc0000002 to merge crt0.o (not found) and memset.o (0x3)
Removed property 0xc0000002 to merge crt0.o (not found) and strcasecmp.o (0x3)
Removed property 0xc0000002 to merge crt0.o (not found) and strcat.o (0x3)
Removed property 0xc0000002 to merge crt0.o (not found) and strchr.o (0x3)
Removed property 0xc0000002 to merge crt0.o (not found) and strcmp.o (0x3)
Removed property 0xc0000002 to merge crt0.o (not found) and strcpy.o (0x3)
Removed property 0xc0000002 to merge crt0.o (not found) and strcspn.o (0x3)
Removed property 0xc0000002 to merge crt0.o (not found) and string.o (0x3)
Removed property 0xc0000002 to merge crt0.o (not found) and strlen.o (0x3)
Removed property 0xc0000002 to merge crt0.o (not found) and strncasecmp.o (0x3)
Removed property 0xc0000002 to merge crt0.o (not found) and strncmp.o (0x3)
Removed property 0xc0000002 to merge crt0.o (not found) and strncpy.o (0x3)
Removed property 0xc0000002 to merge crt0.o (not found) and strpbrk.o (0x3)
Removed property 0xc0000002 to merge crt0.o (not found) and strrchr.o (0x3)
Removed property 0xc0000002 to merge crt0.o (not found) and strsep.o (0x3)
Removed property 0xc0000002 to merge crt0.o (not found) and strspn.o (0x3)
Removed property 0xc0000002 to merge crt0.o (not found) and strtok.o (0x3)
Removed property 0xc0000002 to merge crt0.o (not found) and strstr.o (0x3)
Removed property 0xc0000002 to merge crt0.o (not found) and strdup.o (0x3)
Removed property 0xc0000002 to merge crt0.o (not found) and memmove.o (0x3)
Removed property 0xc0000002 to merge crt0.o (not found) and strcoll.o (0x3)
Removed property 0xc0000002 to merge crt0.o (not found) and strerror.o (0x3)
Removed property 0xc0000002 to merge crt0.o (not found) and ctype.o (0x3)
Removed property 0xc0000002 to merge crt0.o (not found) and tolower.o (0x3)
Removed property 0xc0000002 to merge crt0.o (not found) and toupper.o (0x3)
Removed property 0xc0000002 to merge crt0.o (not found) and stdio.o (0x3)
Removed property 0xc0000002 to merge crt0.o (not found) and fopen.o (0x3)
Removed property 0xc0000002 to merge crt0.o (not found) and fclose.o (0x3)
Removed property 0xc0000002 to merge crt0.o (not found) and fflush.o (0x3)
Removed property 0xc0000002 to merge crt0.o (not found) and putc.o (0x3)
Removed property 0xc0000002 to merge crt0.o (not found) and getc.o (0x3)
Removed property 0xc0000002 to merge crt0.o (not found) and fputc.o (0x3)
Removed property 0xc0000002 to merge crt0.o (not found) and fgetc.o (0x3)
Removed property 0xc0000002 to merge crt0.o (not found) and fgets.o (0x3)
Removed property 0xc0000002 to merge crt0.o (not found) and fputs.o (0x3)
Removed property 0xc0000002 to merge crt0.o (not found) and fread.o (0x3)
Removed property 0xc0000002 to merge crt0.o (not found) and fwrite.o (0x3)
Removed property 0xc0000002 to merge crt0.o (not found) and remove.o (0x3)
Removed property 0xc0000002 to merge crt0.o (not found) and rewind.o (0x3)
Removed property 0xc0000002 to merge crt0.o (not found) and fseek.o (0x3)
Removed property 0xc0000002 to merge crt0.o (not found) and feof.o (0x3)
Removed property 0xc0000002 to merge crt0.o (not found) and ftell.o (0x3)
Removed property 0xc0000002 to merge crt0.o (not found) and vfprintf.o (0x3)
Removed property 0xc0000002 to merge crt0.o (not found) and fprintf.o (0x3)
Removed property 0xc0000002 to merge crt0.o (not found) and vsprintf.o (0x3)
Removed property 0xc0000002 to merge crt0.o (not found) and sprintf.o (0x3)
Removed property 0xc0000002 to merge crt0.o (not found) and snprintf.o (0x3)
Removed property 0xc0000002 to merge crt0.o (not found) and vsnprintf.o (0x3)
Removed property 0xc0000002 to merge crt0.o (not found) and putchar.o (0x3)
Removed property 0xc0000002 to merge crt0.o (not found) and puts.o (0x3)
Removed property 0xc0000002 to merge crt0.o (not found) and printf.o (0x3)
Removed property 0xc0000002 to merge crt0.o (not found) and sscanf.o (0x3)
Removed property 0xc0000002 to merge crt0.o (not found) and perror.o (0x3)
Removed property 0xc0000002 to merge crt0.o (not found) and vfscanf.o (0x3)
Removed property 0xc0000002 to merge crt0.o (not found) and fscanf.o (0x3)
Removed property 0xc0000002 to merge crt0.o (not found) and scanf.o (0x3)
Removed property 0xc0000002 to merge crt0.o (not found) and ungetc.o (0x3)
Removed property 0xc0000002 to merge crt0.o (not found) and getchar.o (0x3)
Removed property 0xc0000002 to merge crt0.o (not found) and freopen.o (0x3)
Removed property 0xc0000002 to merge crt0.o (not found) and tmpnam.o (0x3)
Removed property 0xc0000002 to merge crt0.o (not found) and rename.o (0x3)
Removed property 0xc0000002 to merge crt0.o (not found) and itoa.o (0x3)
Removed property 0xc0000002 to merge crt0.o (not found) and i2hex.o (0x3)
Removed property 0xc0000002 to merge crt0.o (not found) and malloc.o (0x3)
Removed property 0xc0000002 to merge crt0.o (not found) and calloc.o (0x3)
Removed property 0xc0000002 to merge crt0.o (not found) and free.o (0x3)
Removed property 0xc0000002 to merge crt0.o (not found) and realloc.o (0x3)
Removed property 0xc0000002 to merge crt0.o (not found) and div.o (0x3)
Removed property 0xc0000002 to merge crt0.o (not found) and ldiv.o (0x3)
Removed property 0xc0000002 to merge crt0.o (not found) and lldiv.o (0x3)
Removed property 0xc0000002 to merge crt0.o (not found) and strtol.o (0x3)
Removed property 0xc0000002 to merge crt0.o (not found) and atoi.o (0x3)
Removed property 0xc0000002 to merge crt0.o (not found) and atol.o (0x3)
Removed property 0xc0000002 to merge crt0.o (not found) and strtoul.o (0x3)
Removed property 0xc0000002 to merge crt0.o (not found) and exit.o (0x3)
Removed property 0xc0000002 to merge crt0.o (not found) and getenv.o (0x3)
Removed property 0xc0000002 to merge crt0.o (not found) and qsort.o (0x3)
Removed property 0xc0000002 to merge crt0.o (not found) and system.o (0x3)
Removed property 0xc0000002 to merge crt0.o (not found) and strtod.o (0x3)
Removed property 0xc0000002 to merge crt0.o (not found) and ftoa.o (0x3)
Removed property 0xc0000002 to merge crt0.o (not found) and atof.o (0x3)
Removed property 0xc0000002 to merge crt0.o (not found) and strtof.o (0x3)
Removed property 0xc0000002 to merge crt0.o (not found) and strtold.o (0x3)
Removed property 0xc0000002 to merge crt0.o (not found) and abs.o (0x3)
Removed property 0xc0000002 to merge crt0.o (not found) and ltoa.o (0x3)
Removed property 0xc0000002 to merge crt0.o (not found) and utoa.o (0x3)
Removed property 0xc0000002 to merge crt0.o (not found) and srand.o (0x3)
Removed property 0xc0000002 to merge crt0.o (not found) and rand.o (0x3)
Removed property 0xc0000002 to merge crt0.o (not found) and errno.o (0x3)
Removed property 0xc0000002 to merge crt0.o (not found) and time.o (0x3)
Removed property 0xc0000002 to merge crt0.o (not found) and gmtime.o (0x3)
Removed property 0xc0000002 to merge crt0.o (not found) and localtime.o (0x3)
Removed property 0xc0000002 to merge crt0.o (not found) and strftime.o (0x3)
Removed property 0xc0000002 to merge crt0.o (not found) and clock.o (0x3)
Removed property 0xc0000002 to merge crt0.o (not found) and math.o (0x3)
Removed property 0xc0000002 to merge crt0.o (not found) and pow.o (0x3)
Removed property 0xc0000002 to merge crt0.o (not found) and sqrt.o (0x3)
Removed property 0xc0000002 to merge crt0.o (not found) and atan.o (0x3)
Removed property 0xc0000002 to merge crt0.o (not found) and acos.o (0x3)
Removed property 0xc0000002 to merge crt0.o (not found) and asin.o (0x3)
Removed property 0xc0000002 to merge crt0.o (not found) and sin.o (0x3)
Removed property 0xc0000002 to merge crt0.o (not found) and tan.o (0x3)
Removed property 0xc0000002 to merge crt0.o (not found) and cos.o (0x3)
Removed property 0xc0000002 to merge crt0.o (not found) and floor.o (0x3)
Removed property 0xc0000002 to merge crt0.o (not found) and ceil.o (0x3)
Removed property 0xc0000002 to merge crt0.o (not found) and exp.o (0x3)
Removed property 0xc0000002 to merge crt0.o (not found) and log.o (0x3)
Removed property 0xc0000002 to merge crt0.o (not found) and fmax.o (0x3)
Removed property 0xc0000002 to merge crt0.o (not found) and fmin.o (0x3)
Removed property 0xc0000002 to merge crt0.o (not found) and fminf.o (0x3)
Removed property 0xc0000002 to merge crt0.o (not found) and min.o (0x3)
Removed property 0xc0000002 to merge crt0.o (not found) and max.o (0x3)
Removed property 0xc0000002 to merge crt0.o (not found) and fabs.o (0x3)
Removed property 0xc0000002 to merge crt0.o (not found) and locale.o (0x3)
Removed property 0xc0000002 to merge crt0.o (not found) and signal.o (0x3)

Allocating common symbols
Common symbol       size              file

stdout              0x8               crt0.o
__m_i               0x8               alloc.o
__tm                0x8               crt0.o
errno               0x4               errno.o
term_bg_color       0x4               libterm.o
mouse2              0x8               crt0.o
fs_directory        0x8               cfs.o
__pipe__            0x8               crt0.o
user                0x8               crt0.o
stdin               0x8               crt0.o
term_fg_color       0x4               libterm.o
__m_c               0x8               alloc.o
obj_list            0x8               crt0.o
_BLK_               0x800             cfs.o
addr                0x8               alloc.o
pwd                 0x8               crt0.o
ptr_mouse2          0x8               crt0.o
stderr              0x8               crt0.o
mouse               0x8               crt0.o
__window            0x8               crt0.o
pipe_r              0x8               crt0.o

Discarded input sections

 .note.gnu.property
                0x0000000000000000       0x20 crt0.o
 .note.gnu.property
                0x0000000000000000       0x20 pci.o
 .note.gnu.property
                0x0000000000000000       0x20 file.o
 .note.gnu.property
                0x0000000000000000       0x20 cfs.o
 .note.gnu.property
                0x0000000000000000       0x20 alloc.o
 .note.gnu.property
                0x0000000000000000       0x20 pipe.o
 .note.gnu.property
                0x0000000000000000       0x20 path.o
 .note.gnu.property
                0x0000000000000000       0x20 socket.o
 .note.gnu.property
                0x0000000000000000       0x20 inet.o
 .note.gnu.property
                0x0000000000000000       0x20 dns.o
 .note.gnu.property
                0x0000000000000000       0x20 pthread.o
 .note.gnu.property
                0x0000000000000000       0x20 gui.o
 .note.gnu.property
                0x0000000000000000       0x20 font8x16.o
 .note.gnu.property
                0x0000000000000000       0x20 window.o
 .note.gnu.property
                0x0000000000000000       0x20 bmp.o
 .note.gnu.property
                0x0000000000000000       0x20 font.o
 .note.gnu.property
                0x0000000000000000       0x20 border.o
 .note.gnu.property
                0x0000000000000000       0x20 libterm.o
 .note.gnu.property
                0x0000000000000000       0x20 memcmp.o
 .note.gnu.property
                0x0000000000000000       0x20 memcpy.o
 .note.gnu.property
                0x0000000000000000       0x20 memset.o
 .note.gnu.property
                0x0000000000000000       0x20 strcasecmp.o
 .note.gnu.property
                0x0000000000000000       0x20 strcat.o
 .note.gnu.property
                0x0000000000000000       0x20 strchr.o
 .note.gnu.property
                0x0000000000000000       0x20 strcmp.o
 .note.gnu.property
                0x0000000000000000       0x20 strcpy.o
 .note.gnu.property
                0x0000000000000000       0x20 strcspn.o
 .note.gnu.property
                0x0000000000000000       0x20 string.o
 .note.gnu.property
                0x0000000000000000       0x20 strlen.o
 .note.gnu.property
                0x0000000000000000       0x20 strncasecmp.o
 .note.gnu.property
                0x0000000000000000       0x20 strncmp.o
 .note.gnu.property
                0x0000000000000000       0x20 strncpy.o
 .note.gnu.property
                0x0000000000000000       0x20 strpbrk.o
 .note.gnu.property
                0x0000000000000000       0x20 strrchr.o
 .note.gnu.property
                0x0000000000000000       0x20 strsep.o
 .note.gnu.property
                0x0000000000000000       0x20 strspn.o
 .note.gnu.property
                0x0000000000000000       0x20 strtok.o
 .note.gnu.property
                0x0000000000000000       0x20 strstr.o
 .note.gnu.property
                0x0000000000000000       0x20 strdup.o
 .note.gnu.property
                0x0000000000000000       0x20 memmove.o
 .note.gnu.property
                0x0000000000000000       0x20 strcoll.o
 .note.gnu.property
                0x0000000000000000       0x20 strerror.o
 .note.gnu.property
                0x0000000000000000       0x20 ctype.o
 .note.gnu.property
                0x0000000000000000       0x20 tolower.o
 .note.gnu.property
                0x0000000000000000       0x20 toupper.o
 .note.gnu.property
                0x0000000000000000       0x20 stdio.o
 .note.gnu.property
                0x0000000000000000       0x20 fopen.o
 .note.gnu.property
                0x0000000000000000       0x20 fclose.o
 .note.gnu.property
                0x0000000000000000       0x20 fflush.o
 .note.gnu.property
                0x0000000000000000       0x20 putc.o
 .note.gnu.property
                0x0000000000000000       0x20 getc.o
 .note.gnu.property
                0x0000000000000000       0x20 fputc.o
 .note.gnu.property
                0x0000000000000000       0x20 fgetc.o
 .note.gnu.property
                0x0000000000000000       0x20 fgets.o
 .note.gnu.property
                0x0000000000000000       0x20 fputs.o
 .note.gnu.property
                0x0000000000000000       0x20 fread.o
 .note.gnu.property
                0x0000000000000000       0x20 fwrite.o
 .note.gnu.property
                0x0000000000000000       0x20 remove.o
 .note.gnu.property
                0x0000000000000000       0x20 rewind.o
 .note.gnu.property
                0x0000000000000000       0x20 fseek.o
 .note.gnu.property
                0x0000000000000000       0x20 feof.o
 .note.gnu.property
                0x0000000000000000       0x20 ftell.o
 .note.gnu.property
                0x0000000000000000       0x20 vfprintf.o
 .note.gnu.property
                0x0000000000000000       0x20 fprintf.o
 .note.gnu.property
                0x0000000000000000       0x20 vsprintf.o
 .note.gnu.property
                0x0000000000000000       0x20 sprintf.o
 .note.gnu.property
                0x0000000000000000       0x20 snprintf.o
 .note.gnu.property
                0x0000000000000000       0x20 vsnprintf.o
 .note.gnu.property
                0x0000000000000000       0x20 putchar.o
 .note.gnu.property
                0x0000000000000000       0x20 puts.o
 .note.gnu.property
                0x0000000000000000       0x20 printf.o
 .note.gnu.property
                0x0000000000000000       0x20 sscanf.o
 .note.gnu.property
                0x0000000000000000       0x20 perror.o
 .note.gnu.property
                0x0000000000000000       0x20 vfscanf.o
 .note.gnu.property
                0x0000000000000000       0x20 fscanf.o
 .note.gnu.property
                0x0000000000000000       0x20 scanf.o
 .note.gnu.property
                0x0000000000000000       0x20 ungetc.o
 .note.gnu.property
                0x0000000000000000       0x20 getchar.o
 .note.gnu.property
                0x0000000000000000       0x20 freopen.o
 .note.gnu.property
                0x0000000000000000       0x20 tmpnam.o
 .note.gnu.property
                0x0000000000000000       0x20 rename.o
 .note.gnu.property
                0x0000000000000000       0x20 itoa.o
 .note.gnu.property
                0x0000000000000000       0x20 i2hex.o
 .note.gnu.property
                0x0000000000000000       0x20 malloc.o
 .note.gnu.property
                0x0000000000000000       0x20 calloc.o
 .note.gnu.property
                0x0000000000000000       0x20 free.o
 .note.gnu.property
                0x0000000000000000       0x20 realloc.o
 .note.gnu.property
                0x0000000000000000       0x20 div.o
 .note.gnu.property
                0x0000000000000000       0x20 ldiv.o
 .note.gnu.property
                0x0000000000000000       0x20 lldiv.o
 .note.gnu.property
                0x0000000000000000       0x20 strtol.o
 .note.gnu.property
                0x0000000000000000       0x20 atoi.o
 .note.gnu.property
                0x0000000000000000       0x20 atol.o
 .note.gnu.property
                0x0000000000000000       0x20 strtoul.o
 .note.gnu.property
                0x0000000000000000       0x20 exit.o
 .note.gnu.property
                0x0000000000000000       0x20 getenv.o
 .note.gnu.property
                0x0000000000000000       0x20 qsort.o
 .note.gnu.property
                0x0000000000000000       0x20 system.o
 .note.gnu.property
                0x0000000000000000       0x20 strtod.o
 .note.gnu.property
                0x0000000000000000       0x20 ftoa.o
 .note.gnu.property
                0x0000000000000000       0x20 atof.o
 .note.gnu.property
                0x0000000000000000       0x20 strtof.o
 .note.gnu.property
                0x0000000000000000       0x20 strtold.o
 .note.gnu.property
                0x0000000000000000       0x20 abs.o
 .note.gnu.property
                0x0000000000000000       0x20 ltoa.o
 .note.gnu.property
                0x0000000000000000       0x20 utoa.o
 .note.gnu.property
                0x0000000000000000       0x20 srand.o
 .note.gnu.property
                0x0000000000000000       0x20 rand.o
 .note.gnu.property
                0x0000000000000000       0x20 errno.o
 .note.gnu.property
                0x0000000000000000       0x20 time.o
 .note.gnu.property
                0x0000000000000000       0x20 gmtime.o
 .note.gnu.property
                0x0000000000000000       0x20 localtime.o
 .note.gnu.property
                0x0000000000000000       0x20 strftime.o
 .note.gnu.property
                0x0000000000000000       0x20 clock.o
 .note.gnu.property
                0x0000000000000000       0x20 math.o
 .note.gnu.property
                0x0000000000000000       0x20 pow.o
 .note.gnu.property
                0x0000000000000000       0x20 sqrt.o
 .note.gnu.property
                0x0000000000000000       0x20 atan.o
 .note.gnu.property
                0x0000000000000000       0x20 acos.o
 .note.gnu.property
                0x0000000000000000       0x20 asin.o
 .note.gnu.property
                0x0000000000000000       0x20 sin.o
 .note.gnu.property
                0x0000000000000000       0x20 tan.o
 .note.gnu.property
                0x0000000000000000       0x20 cos.o
 .note.gnu.property
                0x0000000000000000       0x20 floor.o
 .note.gnu.property
                0x0000000000000000       0x20 ceil.o
 .note.gnu.property
                0x0000000000000000       0x20 exp.o
 .note.gnu.property
                0x0000000000000000       0x20 log.o
 .note.gnu.property
                0x0000000000000000       0x20 fmax.o
 .note.gnu.property
                0x0000000000000000       0x20 fmin.o
 .note.gnu.property
                0x0000000000000000       0x20 fminf.o
 .note.gnu.property
                0x0000000000000000       0x20 min.o
 .note.gnu.property
                0x0000000000000000       0x20 max.o
 .note.gnu.property
                0x0000000000000000       0x20 fabs.o
 .note.gnu.property
                0x0000000000000000       0x20 locale.o
 .note.gnu.property
                0x0000000000000000       0x20 signal.o

Memory Configuration

Name             Origin             Length             Attributes
*default*        0x0000000000000000 0xffffffffffffffff

Linker script and memory map

                0x0000008000001000                . = 0x8000001000
                0x0000008000001000                _start = .

.text           0x0000008000001000     0xf000
                0x0000008000001000                code = .
                0x0000008000001000                _code = .
                0x0000008000001000                __code = .
                0x0000008000001000                code = .
 *(.text)
 .text          0x0000008000001000       0x65 setup.o
                0x0000008000001053                call_function
 .text          0x0000008000001065      0x210 crt0.o
                0x0000008000001065                ctr0
 .text          0x0000008000001275      0x445 pci.o
                0x0000008000001275                pci_read_config_dword
                0x000000800000130c                pci_write_config_dword
                0x00000080000013a0                pci_get_info
                0x000000800000164e                main
 .text          0x00000080000016ba      0xdc9 file.o
                0x00000080000016ba                stdputc_r
                0x00000080000018f2                stdgetc_r
                0x0000008000001a81                getkey
                0x0000008000001b29                getkeyw
                0x0000008000001bd2                open_r
                0x0000008000001c42                flush_r
                0x0000008000001d29                close_r
                0x0000008000001d9b                putc_r
                0x0000008000001fb7                getc_r
                0x0000008000002186                read_r
                0x0000008000002247                write_r
                0x00000080000022fb                seek_r
                0x00000080000023d9                tell_r
                0x000000800000241a                rewind_r
 .text          0x0000008000002483     0x2851 cfs.o
                0x0000008000002483                read_sector
                0x00000080000024d8                write_sector
                0x000000800000252d                assert_fn
                0x0000008000002596                get_file_name
                0x00000080000025fd                filename_cmp
                0x00000080000026e4                search_blk_null
                0x000000800000286e                write_blk
                0x00000080000028a7                clean_blk_enter
                0x0000008000002990                read_super_block
                0x00000080000029ee                read_directory_blk
                0x0000008000002c03                read_directory_entry
                0x0000008000002dcd                update_directory_entry
                0x000000800000302a                open_file_r
                0x00000080000033a9                open_file
                0x0000008000003aed                file_update
                0x0000008000003c27                file_close
                0x0000008000003d27                file_read_block
                0x0000008000003dfb                file_write_block
                0x0000008000003ecf                open_dir
                0x00000080000042be                create_file
                0x0000008000004627                remove_blk
                0x000000800000486f                remove_file
 .text          0x0000008000004cd4      0x7eb alloc.o
                0x0000008000004cd4                __block_r
                0x0000008000004d35                __free_block_r
                0x0000008000004d6e                __heap_r
                0x0000008000004df5                __malloc_r
                0x000000800000511c                __free_r
                0x000000800000531d                __realloc_r
 .text          0x00000080000054bf      0x315 pipe.o
                0x00000080000054bf                pipe_write
                0x00000080000055d0                pipe_read
                0x00000080000056c8                pipe_read_2x
 .text          0x00000080000057d4      0x5d1 path.o
                0x00000080000057d4                setpath
                0x0000008000005923                upath
                0x0000008000005a0f                getpathname
                0x0000008000005c52                path_count
                0x0000008000005cbd                getfilename
 .text          0x0000008000005da5      0x991 socket.o
                0x0000008000005da5                socket_address
                0x0000008000005e1a                accept
                0x0000008000005e50                bind
                0x0000008000005f1e                connect
                0x00000080000060ae                listen
                0x00000080000060df                recv
                0x0000008000006217                recvfrom
                0x000000800000637e                send
                0x00000080000064b0                sendto
                0x00000080000065fc                shutdown
                0x00000080000066e8                socket
 .text          0x0000008000006736      0x2dc inet.o
                0x0000008000006736                inet_addr
                0x000000800000692a                inet_lnaof
                0x0000008000006958                inet_makeaddr
                0x0000008000006987                inet_netof
                0x00000080000069b5                inet_network
                0x00000080000069e4                inet_ntoa
 .text          0x0000008000006a12      0x6c1 dns.o
                0x0000008000006aa4                changeto_dns_name_format
                0x0000008000006b78                get_ip_from_name
 .text          0x00000080000070d3      0x144 pthread.o
                0x00000080000070d3                pthread_create
                0x0000008000007195                pthread_exit
                0x00000080000071bf                pthread_join
 .text          0x0000008000007217      0x1ab gui.o
                0x0000008000007217                put_pixel
                0x00000080000072ad                draw_char_transparent
 .text          0x00000080000073c2        0x0 font8x16.o
 .text          0x00000080000073c2     0x1212 window.o
                0x00000080000073c2                drawline
                0x0000008000007471                _drawline
                0x0000008000007538                drawrect
                0x00000080000076e2                drawchar
                0x000000800000784c                drawstring
                0x0000008000007908                drawchar_trans
                0x0000008000007a27                drawstring_trans
                0x0000008000007ae3                window
                0x000000800000804d                wcl
                0x0000008000008139                update_window
                0x0000008000008164                __window_clear
                0x0000008000008269                __window_putchar
                0x0000008000008516                color
                0x000000800000855f                __window_puts
 .text          0x00000080000085d4      0x5c5 bmp.o
                0x00000080000085d4                BitMAP
                0x00000080000088b6                BitMAP2
 .text          0x0000008000008b99       0xdc font.o
                0x0000008000008b99                put
 .text          0x0000008000008c75      0x332 border.o
                0x0000008000008c75                border
 .text          0x0000008000008fa7       0x4d libterm.o
                0x0000008000008fa7                term_color
 .text          0x0000008000008ff4       0x96 memcmp.o
                0x0000008000008ff4                memcmp
 .text          0x000000800000908a       0x77 memcpy.o
                0x000000800000908a                memcpy
 .text          0x0000008000009101       0x62 memset.o
                0x0000008000009101                memset
 .text          0x0000008000009163       0xbb strcasecmp.o
                0x0000008000009163                strcasecmp
 .text          0x000000800000921e       0x7a strcat.o
                0x000000800000921e                strcat
 .text          0x0000008000009298       0x61 strchr.o
                0x0000008000009298                strchr
 .text          0x00000080000092f9       0x9a strcmp.o
                0x00000080000092f9                strcmp
 .text          0x0000008000009393       0x7b strcpy.o
                0x0000008000009393                strcpy
 .text          0x000000800000940e      0x261 strcspn.o
                0x000000800000940e                strchrnul
                0x0000008000009539                strcspn
 .text          0x000000800000966f        0x0 string.o
 .text          0x000000800000966f       0x4c strlen.o
                0x000000800000966f                strlen
 .text          0x00000080000096bb       0xc8 strncasecmp.o
                0x00000080000096bb                strncasecmp
 .text          0x0000008000009783       0x80 strncmp.o
                0x0000008000009783                strncmp
 .text          0x0000008000009803       0x7d strncpy.o
                0x0000008000009803                strncpy
 .text          0x0000008000009880       0x72 strpbrk.o
                0x0000008000009880                strpbrk
 .text          0x00000080000098f2       0x93 strrchr.o
                0x00000080000098f2                strrchr
 .text          0x0000008000009985       0xbd strsep.o
                0x0000008000009985                strsep
 .text          0x0000008000009a42      0x133 strspn.o
                0x0000008000009a42                strspn
 .text          0x0000008000009b75      0x18e strtok.o
                0x0000008000009b75                strtok_r
                0x0000008000009cac                strtok
 .text          0x0000008000009d03       0x98 strstr.o
                0x0000008000009d03                strstr
 .text          0x0000008000009d9b       0xa0 strdup.o
                0x0000008000009d9b                strdup
 .text          0x0000008000009e3b       0xc2 memmove.o
                0x0000008000009e3b                memmove
 .text          0x0000008000009efd       0x56 strcoll.o
                0x0000008000009efd                strcoll
 .text          0x0000008000009f53       0x50 strerror.o
                0x0000008000009f53                strerror
 .text          0x0000008000009fa3        0x0 ctype.o
 .text          0x0000008000009fa3       0x55 tolower.o
                0x0000008000009fa3                tolower
 .text          0x0000008000009ff8       0x55 toupper.o
                0x0000008000009ff8                toupper
 .text          0x000000800000a04d       0xa2 stdio.o
                0x000000800000a04d                debug_o
 .text          0x000000800000a0ef       0x96 fopen.o
                0x000000800000a0ef                fopen
 .text          0x000000800000a185       0x4b fclose.o
                0x000000800000a185                fclose
 .text          0x000000800000a1d0       0x4b fflush.o
                0x000000800000a1d0                fflush
 .text          0x000000800000a21b       0x53 putc.o
                0x000000800000a21b                putc
 .text          0x000000800000a26e       0x5f getc.o
                0x000000800000a26e                getc
 .text          0x000000800000a2cd       0x53 fputc.o
                0x000000800000a2cd                fputc
 .text          0x000000800000a320       0x4b fgetc.o
                0x000000800000a320                fgetc
 .text          0x000000800000a36b      0x120 fgets.o
                0x000000800000a36b                fgets
 .text          0x000000800000a48b       0xa4 fputs.o
                0x000000800000a48b                fputs
 .text          0x000000800000a52f       0x5d fread.o
                0x000000800000a52f                fread
 .text          0x000000800000a58c       0x5d fwrite.o
                0x000000800000a58c                fwrite
 .text          0x000000800000a5e9       0x4b remove.o
                0x000000800000a5e9                remove
 .text          0x000000800000a634       0x4c rewind.o
                0x000000800000a634                rewind
 .text          0x000000800000a680       0x59 fseek.o
                0x000000800000a680                fseek
 .text          0x000000800000a6d9       0x59 feof.o
                0x000000800000a6d9                feof
 .text          0x000000800000a732       0x4b ftell.o
                0x000000800000a732                ftell
 .text          0x000000800000a77d      0x93b vfprintf.o
                0x000000800000a77d                vfprintf
 .text          0x000000800000b0b8       0xeb fprintf.o
                0x000000800000b0b8                fprintf
 .text          0x000000800000b1a3      0x9eb vsprintf.o
                0x000000800000b1a3                _vsputs_r
                0x000000800000b20f                vsprintf
 .text          0x000000800000bb8e      0x101 sprintf.o
                0x000000800000bb8e                sprintf
 .text          0x000000800000bc8f       0xed snprintf.o
                0x000000800000bc8f                snprintf
 .text          0x000000800000bd7c       0xd9 vsnprintf.o
                0x000000800000bd7c                vsnprintf
 .text          0x000000800000be55       0x5c putchar.o
                0x000000800000be55                putchar
 .text          0x000000800000beb1       0xa6 puts.o
                0x000000800000beb1                puts
 .text          0x000000800000bf57       0xf5 printf.o
                0x000000800000bf57                printf
 .text          0x000000800000c04c       0xa1 sscanf.o
                0x000000800000c04c                sscanf
 .text          0x000000800000c0ed       0x4c perror.o
                0x000000800000c0ed                perror
 .text          0x000000800000c139      0x8ee vfscanf.o
                0x000000800000c521                vfscanf
 .text          0x000000800000ca27       0xeb fscanf.o
                0x000000800000ca27                fscanf
 .text          0x000000800000cb12       0xf5 scanf.o
                0x000000800000cb12                scanf
 .text          0x000000800000cc07       0xb2 ungetc.o
                0x000000800000cc07                ungetc
 .text          0x000000800000ccb9       0x8d getchar.o
                0x000000800000ccb9                getchar
 .text          0x000000800000cd46       0x59 freopen.o
                0x000000800000cd46                freopen
 .text          0x000000800000cd9f       0xb9 tmpnam.o
                0x000000800000cd9f                sysgettmpnam
                0x000000800000cdd8                tmpnam
 .text          0x000000800000ce58       0xf8 rename.o
                0x000000800000ce58                rename
 .text          0x000000800000cf50      0x147 itoa.o
                0x000000800000cf50                itoa
 .text          0x000000800000d097      0x175 i2hex.o
                0x000000800000d097                i2hex
 .text          0x000000800000d20c       0x4d malloc.o
                0x000000800000d20c                malloc
 .text          0x000000800000d259       0x4f calloc.o
                0x000000800000d259                calloc
 .text          0x000000800000d2a8       0x4c free.o
                0x000000800000d2a8                free
 .text          0x000000800000d2f4       0x53 realloc.o
                0x000000800000d2f4                realloc
 .text          0x000000800000d347       0x88 div.o
                0x000000800000d347                div
 .text          0x000000800000d3cf       0xaa ldiv.o
                0x000000800000d3cf                ldiv
 .text          0x000000800000d479       0xaa lldiv.o
                0x000000800000d479                lldiv
 .text          0x000000800000d523      0x332 strtol.o
                0x000000800000d523                strtol
 .text          0x000000800000d855       0x55 atoi.o
                0x000000800000d855                atoi
 .text          0x000000800000d8aa       0x55 atol.o
                0x000000800000d8aa                atol
 .text          0x000000800000d8ff      0x24c strtoul.o
                0x000000800000d8ff                strtoul
 .text          0x000000800000db4b       0x39 exit.o
                0x000000800000db4b                exit
 .text          0x000000800000db84       0x77 getenv.o
                0x000000800000db84                getenv
 .text          0x000000800000dbfb      0x49c qsort.o
                0x000000800000e016                qsort
 .text          0x000000800000e097       0x5c system.o
                0x000000800000e097                system
 .text          0x000000800000e0f3      0x335 strtod.o
                0x000000800000e0f3                strtod
 .text          0x000000800000e428      0x24a ftoa.o
                0x000000800000e487                ftoa
 .text          0x000000800000e672       0x50 atof.o
                0x000000800000e672                atof
 .text          0x000000800000e6c2       0x5a strtof.o
                0x000000800000e6c2                strtof
 .text          0x000000800000e71c       0x5e strtold.o
                0x000000800000e71c                strtold
 .text          0x000000800000e77a       0x34 abs.o
                0x000000800000e77a                abs
 .text          0x000000800000e7ae      0x225 ltoa.o
                0x000000800000e7ae                ltoa_r
                0x000000800000e924                ltoa
 .text          0x000000800000e9d3      0x18e utoa.o
                0x000000800000eacc                utoa
 .text          0x000000800000eb61       0x2a srand.o
                0x000000800000eb61                srand
 .text          0x000000800000eb8b       0x27 rand.o
                0x000000800000eb8b                rand
 .text          0x000000800000ebb2        0x0 errno.o
 .text          0x000000800000ebb2       0x2f time.o
                0x000000800000ebb2                time
 .text          0x000000800000ebe1       0x3b gmtime.o
                0x000000800000ebe1                gmtime
 .text          0x000000800000ec1c       0x3b localtime.o
                0x000000800000ec1c                localtime
 .text          0x000000800000ec57       0x3a strftime.o
                0x000000800000ec57                strftime
 .text          0x000000800000ec91       0x27 clock.o
                0x000000800000ec91                clock
 .text          0x000000800000ecb8       0xf0 math.o
                0x000000800000ecb8                log10
                0x000000800000ecf1                ldexp
                0x000000800000ed2d                frexp
                0x000000800000ed6a                atan2
 .text          0x000000800000eda8       0x6e pow.o
                0x000000800000eda8                pow
 .text          0x000000800000ee16       0x3b sqrt.o
                0x000000800000ee16                sqrt
 .text          0x000000800000ee51       0x39 atan.o
                0x000000800000ee51                atan
 .text          0x000000800000ee8a       0x39 acos.o
                0x000000800000ee8a                acos
 .text          0x000000800000eec3       0x39 asin.o
                0x000000800000eec3                asin
 .text          0x000000800000eefc      0x1b8 sin.o
                0x000000800000efb9                sin
 .text          0x000000800000f0b4       0x39 tan.o
                0x000000800000f0b4                tan
 .text          0x000000800000f0ed      0x1b3 cos.o
                0x000000800000f1aa                cos
 .text          0x000000800000f2a0       0x39 floor.o
                0x000000800000f2a0                floor
 .text          0x000000800000f2d9       0x54 ceil.o
                0x000000800000f2d9                ceil
 .text          0x000000800000f32d       0x61 exp.o
                0x000000800000f32d                exp
 .text          0x000000800000f38e      0x11a log.o
                0x000000800000f38e                log
 .text          0x000000800000f4a8       0x48 fmax.o
                0x000000800000f4a8                fmax
 .text          0x000000800000f4f0       0x48 fmin.o
                0x000000800000f4f0                fmin
 .text          0x000000800000f538       0x47 fminf.o
                0x000000800000f538                fminf
 .text          0x000000800000f57f       0x36 min.o
                0x000000800000f57f                min
 .text          0x000000800000f5b5       0x36 max.o
                0x000000800000f5b5                max
 .text          0x000000800000f5eb       0x5f fabs.o
                0x000000800000f5eb                fabs
 *fill*         0x000000800000f64a        0x6 
 .text          0x000000800000f650        0x2 lbm.o
                0x000000800000f650                __sin
                0x000000800000f651                cosine
 .text          0x000000800000f652       0x32 locale.o
                0x000000800000f652                setlocale
 .text          0x000000800000f684       0xbb signal.o
                0x000000800000f684                signal
                0x000000800000f6e2                sigaction
 *fill*         0x000000800000f73f        0x1 
 .text          0x000000800000f740       0x2c setjmp.o
                0x000000800000f740                setjmp
 *fill*         0x000000800000f76c        0x4 
 .text          0x000000800000f770       0x2f longjmp.o
                0x000000800000f770                longjmp
                0x0000008000010000                . = ALIGN (0x1000)
 *fill*         0x000000800000f79f      0x861 

.iplt           0x0000008000010000        0x0
 .iplt          0x0000008000010000        0x0 setup.o

.data           0x0000008000010000     0x4000
                0x0000008000010000                data = .
                0x0000008000010000                _data = .
                0x0000008000010000                __data = .
 *(.data)
 .data          0x0000008000010000       0x18 setup.o
                0x0000008000010000                argc
                0x0000008000010008                argv
                0x0000008000010010                pwd_ptr
 .data          0x0000008000010018        0x0 crt0.o
 .data          0x0000008000010018        0x0 pci.o
 .data          0x0000008000010018        0x0 file.o
 .data          0x0000008000010018        0x0 cfs.o
 .data          0x0000008000010018        0x0 alloc.o
 .data          0x0000008000010018        0x0 pipe.o
 .data          0x0000008000010018        0x0 path.o
 .data          0x0000008000010018        0x0 socket.o
 .data          0x0000008000010018        0x0 inet.o
 *fill*         0x0000008000010018        0x8 
 .data          0x0000008000010020      0x500 dns.o
                0x0000008000010020                dns_servers
 .data          0x0000008000010520        0x0 pthread.o
 .data          0x0000008000010520        0x0 gui.o
 .data          0x0000008000010520     0x1000 font8x16.o
                0x0000008000010520                font8x16
 .data          0x0000008000011520        0x0 window.o
 .data          0x0000008000011520        0x0 bmp.o
 .data          0x0000008000011520      0x240 font.o
                0x0000008000011520                A__
 .data          0x0000008000011760        0x0 border.o
 .data          0x0000008000011760        0x0 libterm.o
 .data          0x0000008000011760        0x0 memcmp.o
 .data          0x0000008000011760        0x0 memcpy.o
 .data          0x0000008000011760        0x0 memset.o
 .data          0x0000008000011760        0x0 strcasecmp.o
 .data          0x0000008000011760        0x0 strcat.o
 .data          0x0000008000011760        0x0 strchr.o
 .data          0x0000008000011760        0x0 strcmp.o
 .data          0x0000008000011760        0x0 strcpy.o
 .data          0x0000008000011760        0x0 strcspn.o
 .data          0x0000008000011760        0x0 string.o
 .data          0x0000008000011760        0x0 strlen.o
 .data          0x0000008000011760        0x0 strncasecmp.o
 .data          0x0000008000011760        0x0 strncmp.o
 .data          0x0000008000011760        0x0 strncpy.o
 .data          0x0000008000011760        0x0 strpbrk.o
 .data          0x0000008000011760        0x0 strrchr.o
 .data          0x0000008000011760        0x0 strsep.o
 .data          0x0000008000011760        0x0 strspn.o
 .data          0x0000008000011760        0x0 strtok.o
 .data          0x0000008000011760        0x0 strstr.o
 .data          0x0000008000011760        0x0 strdup.o
 .data          0x0000008000011760        0x0 memmove.o
 .data          0x0000008000011760        0x0 strcoll.o
 .data          0x0000008000011760        0x0 strerror.o
 .data          0x0000008000011760        0x0 ctype.o
 .data          0x0000008000011760        0x0 tolower.o
 .data          0x0000008000011760        0x0 toupper.o
 .data          0x0000008000011760        0x0 stdio.o
 .data          0x0000008000011760        0x0 fopen.o
 .data          0x0000008000011760        0x0 fclose.o
 .data          0x0000008000011760        0x0 fflush.o
 .data          0x0000008000011760        0x0 putc.o
 .data          0x0000008000011760        0x0 getc.o
 .data          0x0000008000011760        0x0 fputc.o
 .data          0x0000008000011760        0x0 fgetc.o
 .data          0x0000008000011760        0x0 fgets.o
 .data          0x0000008000011760        0x0 fputs.o
 .data          0x0000008000011760        0x0 fread.o
 .data          0x0000008000011760        0x0 fwrite.o
 .data          0x0000008000011760        0x0 remove.o
 .data          0x0000008000011760        0x0 rewind.o
 .data          0x0000008000011760        0x0 fseek.o
 .data          0x0000008000011760        0x0 feof.o
 .data          0x0000008000011760        0x0 ftell.o
 .data          0x0000008000011760        0x0 vfprintf.o
 .data          0x0000008000011760        0x0 fprintf.o
 .data          0x0000008000011760        0x0 vsprintf.o
 .data          0x0000008000011760        0x0 sprintf.o
 .data          0x0000008000011760        0x0 snprintf.o
 .data          0x0000008000011760        0x0 vsnprintf.o
 .data          0x0000008000011760        0x0 putchar.o
 .data          0x0000008000011760        0x0 puts.o
 .data          0x0000008000011760        0x0 printf.o
 .data          0x0000008000011760        0x0 sscanf.o
 .data          0x0000008000011760        0x0 perror.o
 .data          0x0000008000011760        0x0 vfscanf.o
 .data          0x0000008000011760        0x0 fscanf.o
 .data          0x0000008000011760        0x0 scanf.o
 .data          0x0000008000011760        0x0 ungetc.o
 .data          0x0000008000011760        0x0 getchar.o
 .data          0x0000008000011760        0x0 freopen.o
 .data          0x0000008000011760        0x0 tmpnam.o
 .data          0x0000008000011760        0x0 rename.o
 .data          0x0000008000011760        0x0 itoa.o
 .data          0x0000008000011760        0x0 i2hex.o
 .data          0x0000008000011760        0x0 malloc.o
 .data          0x0000008000011760        0x0 calloc.o
 .data          0x0000008000011760        0x0 free.o
 .data          0x0000008000011760        0x0 realloc.o
 .data          0x0000008000011760        0x0 div.o
 .data          0x0000008000011760        0x0 ldiv.o
 .data          0x0000008000011760        0x0 lldiv.o
 .data          0x0000008000011760        0x0 strtol.o
 .data          0x0000008000011760        0x0 atoi.o
 .data          0x0000008000011760        0x0 atol.o
 .data          0x0000008000011760        0x0 strtoul.o
 .data          0x0000008000011760        0x0 exit.o
 .data          0x0000008000011760        0x0 getenv.o
 .data          0x0000008000011760        0x0 qsort.o
 .data          0x0000008000011760        0x0 system.o
 .data          0x0000008000011760        0x8 strtod.o
                0x0000008000011760                _infinity
 .data          0x0000008000011768        0x0 ftoa.o
 .data          0x0000008000011768        0x0 atof.o
 .data          0x0000008000011768        0x0 strtof.o
 .data          0x0000008000011768        0x0 strtold.o
 .data          0x0000008000011768        0x0 abs.o
 .data          0x0000008000011768        0x0 ltoa.o
 .data          0x0000008000011768        0x0 utoa.o
 .data          0x0000008000011768        0x0 srand.o
 .data          0x0000008000011768        0x0 rand.o
 .data          0x0000008000011768        0x0 errno.o
 .data          0x0000008000011768        0x0 time.o
 .data          0x0000008000011768        0x0 gmtime.o
 .data          0x0000008000011768        0x0 localtime.o
 .data          0x0000008000011768        0x0 strftime.o
 .data          0x0000008000011768        0x0 clock.o
 .data          0x0000008000011768        0x0 math.o
 .data          0x0000008000011768        0x0 pow.o
 .data          0x0000008000011768        0x0 sqrt.o
 .data          0x0000008000011768        0x0 atan.o
 .data          0x0000008000011768        0x0 acos.o
 .data          0x0000008000011768        0x0 asin.o
 .data          0x0000008000011768        0x0 sin.o
 .data          0x0000008000011768        0x0 tan.o
 .data          0x0000008000011768        0x0 cos.o
 .data          0x0000008000011768        0x0 floor.o
 .data          0x0000008000011768        0x0 ceil.o
 .data          0x0000008000011768        0x0 exp.o
 .data          0x0000008000011768        0x0 log.o
 .data          0x0000008000011768        0x0 fmax.o
 .data          0x0000008000011768        0x0 fmin.o
 .data          0x0000008000011768        0x0 fminf.o
 .data          0x0000008000011768        0x0 min.o
 .data          0x0000008000011768        0x0 max.o
 .data          0x0000008000011768        0x0 fabs.o
 .data          0x0000008000011768        0x0 locale.o
 .data          0x0000008000011768        0x0 signal.o
 *(.rodata)
 .rodata        0x0000008000011768     0x1614 pci.o
 *fill*         0x0000008000012d7c        0x4 
 .rodata        0x0000008000012d80       0x96 cfs.o
 *fill*         0x0000008000012e16        0x2 
 .rodata        0x0000008000012e18       0x64 alloc.o
 .rodata        0x0000008000012e7c        0x4 path.o
 .rodata        0x0000008000012e80       0x21 socket.o
 .rodata        0x0000008000012ea1        0x3 inet.o
 .rodata        0x0000008000012ea4       0x56 dns.o
 .rodata        0x0000008000012efa       0x40 bmp.o
 .rodata        0x0000008000012f3a        0xb strerror.o
 *fill*         0x0000008000012f45       0x1b 
 .rodata        0x0000008000012f60      0x100 ctype.o
                0x0000008000012f60                _ctype
 .rodata        0x0000008000013060       0x11 stdio.o
 *fill*         0x0000008000013071        0x7 
 .rodata        0x0000008000013078      0x1f8 vfprintf.o
 .rodata        0x0000008000013270      0x200 vsprintf.o
 .rodata        0x0000008000013470       0x11 sscanf.o
 *fill*         0x0000008000013481        0x7 
 .rodata        0x0000008000013488      0x1f0 vfscanf.o
 .rodata        0x0000008000013678       0x12 freopen.o
 .rodata        0x000000800001368a        0x3 rename.o
 .rodata        0x000000800001368d        0x4 getenv.o
 .rodata        0x0000008000013691       0x1d system.o
 *fill*         0x00000080000136ae        0x2 
 .rodata        0x00000080000136b0       0x20 strtod.o
 .rodata        0x00000080000136d0       0x28 ftoa.o
 .rodata        0x00000080000136f8        0x8 math.o
 .rodata        0x0000008000013700        0x8 atan.o
 .rodata        0x0000008000013708        0x8 acos.o
 .rodata        0x0000008000013710        0x8 asin.o
 .rodata        0x0000008000013718       0x18 sin.o
 .rodata        0x0000008000013730        0x8 tan.o
 .rodata        0x0000008000013738       0x18 cos.o
 .rodata        0x0000008000013750        0x8 floor.o
 .rodata        0x0000008000013758        0x8 exp.o
 .rodata        0x0000008000013760       0x30 log.o
 .rodata        0x0000008000013790       0x20 fabs.o
 .rodata        0x00000080000137b0       0x42 signal.o
                0x0000008000014000                . = ALIGN (0x1000)
 *fill*         0x00000080000137f2      0x80e 

.got            0x0000008000014000       0x70
 .got           0x0000008000014000       0x70 setup.o

.got.plt        0x0000008000014070       0x18
 .got.plt       0x0000008000014070       0x18 setup.o
                0x0000008000014070                _GLOBAL_OFFSET_TABLE_

.igot.plt       0x0000008000014088        0x0
 .igot.plt      0x0000008000014088        0x0 setup.o

.data.rel.local
                0x00000080000140a0     0x1400
 .data.rel.local
                0x00000080000140a0     0x1400 pci.o
                0x00000080000140a0                pci_classes
                0x00000080000148a0                pci_class_names

.bss            0x00000080000154a0    0x10b60
                0x00000080000154a0                bss = .
                0x00000080000154a0                _bss = .
                0x00000080000154a0                __bss = .
 *(.bss)
 .bss           0x00000080000154a0        0x0 crt0.o
 .bss           0x00000080000154a0        0x0 pci.o
 .bss           0x00000080000154a0        0x0 file.o
 .bss           0x00000080000154a0        0x0 cfs.o
 .bss           0x00000080000154a0        0x4 alloc.o
 .bss           0x00000080000154a4        0x0 pipe.o
 .bss           0x00000080000154a4        0x0 path.o
 .bss           0x00000080000154a4        0x0 socket.o
 .bss           0x00000080000154a4        0x0 inet.o
 .bss           0x00000080000154a4        0x0 dns.o
 .bss           0x00000080000154a4        0x0 pthread.o
 .bss           0x00000080000154a4        0x0 gui.o
 .bss           0x00000080000154a4        0x0 font8x16.o
 .bss           0x00000080000154a4        0x0 window.o
 .bss           0x00000080000154a4        0x0 bmp.o
 .bss           0x00000080000154a4        0x0 font.o
 .bss           0x00000080000154a4        0x0 border.o
 .bss           0x00000080000154a4        0x0 libterm.o
 .bss           0x00000080000154a4        0x0 memcmp.o
 .bss           0x00000080000154a4        0x0 memcpy.o
 .bss           0x00000080000154a4        0x0 memset.o
 .bss           0x00000080000154a4        0x0 strcasecmp.o
 .bss           0x00000080000154a4        0x0 strcat.o
 .bss           0x00000080000154a4        0x0 strchr.o
 .bss           0x00000080000154a4        0x0 strcmp.o
 .bss           0x00000080000154a4        0x0 strcpy.o
 .bss           0x00000080000154a4        0x0 strcspn.o
 .bss           0x00000080000154a4        0x0 string.o
 .bss           0x00000080000154a4        0x0 strlen.o
 .bss           0x00000080000154a4        0x0 strncasecmp.o
 .bss           0x00000080000154a4        0x0 strncmp.o
 .bss           0x00000080000154a4        0x0 strncpy.o
 .bss           0x00000080000154a4        0x0 strpbrk.o
 .bss           0x00000080000154a4        0x0 strrchr.o
 .bss           0x00000080000154a4        0x0 strsep.o
 .bss           0x00000080000154a4        0x0 strspn.o
 *fill*         0x00000080000154a4        0x4 
 .bss           0x00000080000154a8        0x8 strtok.o
 .bss           0x00000080000154b0        0x0 strstr.o
 .bss           0x00000080000154b0        0x0 strdup.o
 .bss           0x00000080000154b0        0x0 memmove.o
 .bss           0x00000080000154b0        0x0 strcoll.o
 .bss           0x00000080000154b0        0x0 strerror.o
 .bss           0x00000080000154b0        0x0 ctype.o
 .bss           0x00000080000154b0        0x0 tolower.o
 .bss           0x00000080000154b0        0x0 toupper.o
 .bss           0x00000080000154b0        0x0 stdio.o
 .bss           0x00000080000154b0        0x0 fopen.o
 .bss           0x00000080000154b0        0x0 fclose.o
 .bss           0x00000080000154b0        0x0 fflush.o
 .bss           0x00000080000154b0        0x0 putc.o
 .bss           0x00000080000154b0        0x0 getc.o
 .bss           0x00000080000154b0        0x0 fputc.o
 .bss           0x00000080000154b0        0x0 fgetc.o
 .bss           0x00000080000154b0        0x0 fgets.o
 .bss           0x00000080000154b0        0x0 fputs.o
 .bss           0x00000080000154b0        0x0 fread.o
 .bss           0x00000080000154b0        0x0 fwrite.o
 .bss           0x00000080000154b0        0x0 remove.o
 .bss           0x00000080000154b0        0x0 rewind.o
 .bss           0x00000080000154b0        0x0 fseek.o
 .bss           0x00000080000154b0        0x0 feof.o
 .bss           0x00000080000154b0        0x0 ftell.o
 .bss           0x00000080000154b0        0x0 vfprintf.o
 .bss           0x00000080000154b0        0x0 fprintf.o
 .bss           0x00000080000154b0        0x0 vsprintf.o
 .bss           0x00000080000154b0        0x0 sprintf.o
 .bss           0x00000080000154b0        0x0 snprintf.o
 *fill*         0x00000080000154b0       0x10 
 .bss           0x00000080000154c0    0x10000 vsnprintf.o
 .bss           0x00000080000254c0        0x0 putchar.o
 .bss           0x00000080000254c0        0x0 puts.o
 .bss           0x00000080000254c0        0x0 printf.o
 .bss           0x00000080000254c0        0x0 sscanf.o
 .bss           0x00000080000254c0        0x0 perror.o
 .bss           0x00000080000254c0      0x200 vfscanf.o
 .bss           0x00000080000256c0        0x0 fscanf.o
 .bss           0x00000080000256c0        0x0 scanf.o
 .bss           0x00000080000256c0        0x0 ungetc.o
 .bss           0x00000080000256c0        0x0 getchar.o
 .bss           0x00000080000256c0        0x0 freopen.o
 .bss           0x00000080000256c0       0x60 tmpnam.o
 .bss           0x0000008000025720        0x0 rename.o
 .bss           0x0000008000025720        0x0 itoa.o
 .bss           0x0000008000025720        0x0 i2hex.o
 .bss           0x0000008000025720        0x0 malloc.o
 .bss           0x0000008000025720        0x0 calloc.o
 .bss           0x0000008000025720        0x0 free.o
 .bss           0x0000008000025720        0x0 realloc.o
 .bss           0x0000008000025720        0x0 div.o
 .bss           0x0000008000025720        0x0 ldiv.o
 .bss           0x0000008000025720        0x0 lldiv.o
 .bss           0x0000008000025720        0x0 strtol.o
 .bss           0x0000008000025720        0x0 atoi.o
 .bss           0x0000008000025720        0x0 atol.o
 .bss           0x0000008000025720        0x0 strtoul.o
 .bss           0x0000008000025720        0x0 exit.o
 .bss           0x0000008000025720        0x0 getenv.o
 .bss           0x0000008000025720        0xc qsort.o
 .bss           0x000000800002572c        0x0 system.o
 .bss           0x000000800002572c        0x0 strtod.o
 .bss           0x000000800002572c        0x0 ftoa.o
 .bss           0x000000800002572c        0x0 atof.o
 .bss           0x000000800002572c        0x0 strtof.o
 .bss           0x000000800002572c        0x0 strtold.o
 .bss           0x000000800002572c        0x0 abs.o
 .bss           0x000000800002572c        0x0 ltoa.o
 .bss           0x000000800002572c        0x0 utoa.o
 .bss           0x000000800002572c        0x0 srand.o
 .bss           0x000000800002572c        0x0 rand.o
 .bss           0x000000800002572c        0x0 errno.o
 .bss           0x000000800002572c        0x0 time.o
 .bss           0x000000800002572c        0x0 gmtime.o
 .bss           0x000000800002572c        0x0 localtime.o
 .bss           0x000000800002572c        0x0 strftime.o
 .bss           0x000000800002572c        0x0 clock.o
 .bss           0x000000800002572c        0x0 math.o
 .bss           0x000000800002572c        0x0 pow.o
 .bss           0x000000800002572c        0x0 sqrt.o
 .bss           0x000000800002572c        0x0 atan.o
 .bss           0x000000800002572c        0x0 acos.o
 .bss           0x000000800002572c        0x0 asin.o
 .bss           0x000000800002572c        0x0 sin.o
 .bss           0x000000800002572c        0x0 tan.o
 .bss           0x000000800002572c        0x0 cos.o
 .bss           0x000000800002572c        0x0 floor.o
 .bss           0x000000800002572c        0x0 ceil.o
 .bss           0x000000800002572c        0x0 exp.o
 .bss           0x000000800002572c        0x0 log.o
 .bss           0x000000800002572c        0x0 fmax.o
 .bss           0x000000800002572c        0x0 fmin.o
 .bss           0x000000800002572c        0x0 fminf.o
 .bss           0x000000800002572c        0x0 min.o
 .bss           0x000000800002572c        0x0 max.o
 .bss           0x000000800002572c        0x0 fabs.o
 .bss           0x000000800002572c        0x0 locale.o
 .bss           0x000000800002572c        0x0 signal.o
 *(COMMON)
 *fill*         0x000000800002572c        0x4 
 COMMON         0x0000008000025730       0x68 crt0.o
                0x0000008000025730                stdout
                0x0000008000025738                __tm
                0x0000008000025740                mouse2
                0x0000008000025748                __pipe__
                0x0000008000025750                user
                0x0000008000025758                stdin
                0x0000008000025760                obj_list
                0x0000008000025768                pwd
                0x0000008000025770                ptr_mouse2
                0x0000008000025778                stderr
                0x0000008000025780                mouse
                0x0000008000025788                __window
                0x0000008000025790                pipe_r
 *fill*         0x0000008000025798        0x8 
 COMMON         0x00000080000257a0      0x820 cfs.o
                0x00000080000257a0                fs_directory
                0x00000080000257c0                _BLK_
 COMMON         0x0000008000025fc0       0x18 alloc.o
                0x0000008000025fc0                __m_i
                0x0000008000025fc8                __m_c
                0x0000008000025fd0                addr
 COMMON         0x0000008000025fd8        0x8 libterm.o
                0x0000008000025fd8                term_bg_color
                0x0000008000025fdc                term_fg_color
 COMMON         0x0000008000025fe0        0x4 errno.o
                0x0000008000025fe0                errno
                0x0000008000026000                . = ALIGN (0x1000)
 *fill*         0x0000008000025fe4       0x1c 

.eh_frame       0x0000008000026000     0x3000
                0x0000008000026000                eh_frame = .
 *(.eh_frame)
 .eh_frame      0x0000008000026000       0x48 crt0.o
 .eh_frame      0x0000008000026048       0x98 pci.o
                                         0xb0 (size before relaxing)
 .eh_frame      0x00000080000260e0      0x1f8 file.o
                                        0x210 (size before relaxing)
 .eh_frame      0x00000080000262d8      0x350 cfs.o
                                        0x368 (size before relaxing)
 .eh_frame      0x0000008000026628       0xe0 alloc.o
                                         0xf8 (size before relaxing)
 .eh_frame      0x0000008000026708       0x60 pipe.o
                                         0x78 (size before relaxing)
 .eh_frame      0x0000008000026768       0xc8 path.o
                                         0xe0 (size before relaxing)
 .eh_frame      0x0000008000026830      0x1a8 socket.o
                                        0x1c0 (size before relaxing)
 .eh_frame      0x00000080000269d8       0xd0 inet.o
                                         0xe8 (size before relaxing)
 .eh_frame      0x0000008000026aa8       0x90 dns.o
                                         0xa8 (size before relaxing)
 .eh_frame      0x0000008000026b38       0x68 pthread.o
                                         0x80 (size before relaxing)
 .eh_frame      0x0000008000026ba0       0x48 gui.o
                                         0x60 (size before relaxing)
 .eh_frame      0x0000008000026be8      0x218 window.o
                                        0x230 (size before relaxing)
 .eh_frame      0x0000008000026e00       0x58 bmp.o
                                         0x70 (size before relaxing)
 .eh_frame      0x0000008000026e58       0x28 font.o
                                         0x40 (size before relaxing)
 .eh_frame      0x0000008000026e80       0x30 border.o
                                         0x48 (size before relaxing)
 .eh_frame      0x0000008000026eb0       0x20 libterm.o
                                         0x38 (size before relaxing)
 .eh_frame      0x0000008000026ed0       0x20 memcmp.o
                                         0x38 (size before relaxing)
 .eh_frame      0x0000008000026ef0       0x20 memcpy.o
                                         0x38 (size before relaxing)
 .eh_frame      0x0000008000026f10       0x20 memset.o
                                         0x38 (size before relaxing)
 .eh_frame      0x0000008000026f30       0x28 strcasecmp.o
                                         0x40 (size before relaxing)
 .eh_frame      0x0000008000026f58       0x28 strcat.o
                                         0x40 (size before relaxing)
 .eh_frame      0x0000008000026f80       0x20 strchr.o
                                         0x38 (size before relaxing)
 .eh_frame      0x0000008000026fa0       0x20 strcmp.o
                                         0x38 (size before relaxing)
 .eh_frame      0x0000008000026fc0       0x20 strcpy.o
                                         0x38 (size before relaxing)
 .eh_frame      0x0000008000026fe0       0x48 strcspn.o
                                         0x60 (size before relaxing)
 .eh_frame      0x0000008000027028       0x20 strlen.o
                                         0x38 (size before relaxing)
 .eh_frame      0x0000008000027048       0x28 strncasecmp.o
                                         0x40 (size before relaxing)
 .eh_frame      0x0000008000027070       0x20 strncmp.o
                                         0x38 (size before relaxing)
 .eh_frame      0x0000008000027090       0x20 strncpy.o
                                         0x38 (size before relaxing)
 .eh_frame      0x00000080000270b0       0x28 strpbrk.o
                                         0x40 (size before relaxing)
 .eh_frame      0x00000080000270d8       0x28 strrchr.o
                                         0x40 (size before relaxing)
 .eh_frame      0x0000008000027100       0x20 strsep.o
                                         0x38 (size before relaxing)
 .eh_frame      0x0000008000027120       0x20 strspn.o
                                         0x38 (size before relaxing)
 .eh_frame      0x0000008000027140       0x40 strtok.o
                                         0x58 (size before relaxing)
 .eh_frame      0x0000008000027180       0x28 strstr.o
                                         0x40 (size before relaxing)
 .eh_frame      0x00000080000271a8       0x28 strdup.o
                                         0x40 (size before relaxing)
 .eh_frame      0x00000080000271d0       0x20 memmove.o
                                         0x38 (size before relaxing)
 .eh_frame      0x00000080000271f0       0x28 strcoll.o
                                         0x40 (size before relaxing)
 .eh_frame      0x0000008000027218       0x20 strerror.o
                                         0x38 (size before relaxing)
 .eh_frame      0x0000008000027238       0x20 tolower.o
                                         0x38 (size before relaxing)
 .eh_frame      0x0000008000027258       0x20 toupper.o
                                         0x38 (size before relaxing)
 .eh_frame      0x0000008000027278       0x28 stdio.o
                                         0x40 (size before relaxing)
 .eh_frame      0x00000080000272a0       0x28 fopen.o
                                         0x40 (size before relaxing)
 .eh_frame      0x00000080000272c8       0x28 fclose.o
                                         0x40 (size before relaxing)
 .eh_frame      0x00000080000272f0       0x28 fflush.o
                                         0x40 (size before relaxing)
 .eh_frame      0x0000008000027318       0x28 putc.o
                                         0x40 (size before relaxing)
 .eh_frame      0x0000008000027340       0x28 getc.o
                                         0x40 (size before relaxing)
 .eh_frame      0x0000008000027368       0x28 fputc.o
                                         0x40 (size before relaxing)
 .eh_frame      0x0000008000027390       0x28 fgetc.o
                                         0x40 (size before relaxing)
 .eh_frame      0x00000080000273b8       0x30 fgets.o
                                         0x48 (size before relaxing)
 .eh_frame      0x00000080000273e8       0x28 fputs.o
                                         0x40 (size before relaxing)
 .eh_frame      0x0000008000027410       0x28 fread.o
                                         0x40 (size before relaxing)
 .eh_frame      0x0000008000027438       0x28 fwrite.o
                                         0x40 (size before relaxing)
 .eh_frame      0x0000008000027460       0x28 remove.o
                                         0x40 (size before relaxing)
 .eh_frame      0x0000008000027488       0x28 rewind.o
                                         0x40 (size before relaxing)
 .eh_frame      0x00000080000274b0       0x28 fseek.o
                                         0x40 (size before relaxing)
 .eh_frame      0x00000080000274d8       0x20 feof.o
                                         0x38 (size before relaxing)
 .eh_frame      0x00000080000274f8       0x28 ftell.o
                                         0x40 (size before relaxing)
 .eh_frame      0x0000008000027520       0x50 vfprintf.o
                                         0x68 (size before relaxing)
 .eh_frame      0x0000008000027570       0x28 fprintf.o
                                         0x40 (size before relaxing)
 .eh_frame      0x0000008000027598       0x70 vsprintf.o
                                         0x88 (size before relaxing)
 .eh_frame      0x0000008000027608       0x28 sprintf.o
                                         0x40 (size before relaxing)
 .eh_frame      0x0000008000027630       0x28 snprintf.o
                                         0x40 (size before relaxing)
 .eh_frame      0x0000008000027658       0x28 vsnprintf.o
                                         0x40 (size before relaxing)
 .eh_frame      0x0000008000027680       0x28 putchar.o
                                         0x40 (size before relaxing)
 .eh_frame      0x00000080000276a8       0x28 puts.o
                                         0x40 (size before relaxing)
 .eh_frame      0x00000080000276d0       0x28 printf.o
                                         0x40 (size before relaxing)
 .eh_frame      0x00000080000276f8       0x20 sscanf.o
                                         0x38 (size before relaxing)
 .eh_frame      0x0000008000027718       0x28 perror.o
                                         0x40 (size before relaxing)
 .eh_frame      0x0000008000027740       0xe8 vfscanf.o
                                        0x100 (size before relaxing)
 .eh_frame      0x0000008000027828       0x28 fscanf.o
                                         0x40 (size before relaxing)
 .eh_frame      0x0000008000027850       0x28 scanf.o
                                         0x40 (size before relaxing)
 .eh_frame      0x0000008000027878       0x20 ungetc.o
                                         0x38 (size before relaxing)
 .eh_frame      0x0000008000027898       0x28 getchar.o
                                         0x40 (size before relaxing)
 .eh_frame      0x00000080000278c0       0x20 freopen.o
                                         0x38 (size before relaxing)
 .eh_frame      0x00000080000278e0       0x48 tmpnam.o
                                         0x60 (size before relaxing)
 .eh_frame      0x0000008000027928       0x28 rename.o
                                         0x40 (size before relaxing)
 .eh_frame      0x0000008000027950       0x20 itoa.o
                                         0x38 (size before relaxing)
 .eh_frame      0x0000008000027970       0x30 i2hex.o
                                         0x48 (size before relaxing)
 .eh_frame      0x00000080000279a0       0x28 malloc.o
                                         0x40 (size before relaxing)
 .eh_frame      0x00000080000279c8       0x28 calloc.o
                                         0x40 (size before relaxing)
 .eh_frame      0x00000080000279f0       0x28 free.o
                                         0x40 (size before relaxing)
 .eh_frame      0x0000008000027a18       0x28 realloc.o
                                         0x40 (size before relaxing)
 .eh_frame      0x0000008000027a40       0x20 div.o
                                         0x38 (size before relaxing)
 .eh_frame      0x0000008000027a60       0x20 ldiv.o
                                         0x38 (size before relaxing)
 .eh_frame      0x0000008000027a80       0x20 lldiv.o
                                         0x38 (size before relaxing)
 .eh_frame      0x0000008000027aa0       0x20 strtol.o
                                         0x38 (size before relaxing)
 .eh_frame      0x0000008000027ac0       0x28 atoi.o
                                         0x40 (size before relaxing)
 .eh_frame      0x0000008000027ae8       0x28 atol.o
                                         0x40 (size before relaxing)
 .eh_frame      0x0000008000027b10       0x38 strtoul.o
                                         0x50 (size before relaxing)
 .eh_frame      0x0000008000027b48       0x20 exit.o
                                         0x38 (size before relaxing)
 .eh_frame      0x0000008000027b68       0x28 getenv.o
                                         0x40 (size before relaxing)
 .eh_frame      0x0000008000027b90       0x98 qsort.o
                                         0xb0 (size before relaxing)
 .eh_frame      0x0000008000027c28       0x28 system.o
                                         0x40 (size before relaxing)
 .eh_frame      0x0000008000027c50       0x20 strtod.o
                                         0x38 (size before relaxing)
 .eh_frame      0x0000008000027c70       0x50 ftoa.o
                                         0x68 (size before relaxing)
 .eh_frame      0x0000008000027cc0       0x28 atof.o
                                         0x40 (size before relaxing)
 .eh_frame      0x0000008000027ce8       0x28 strtof.o
                                         0x40 (size before relaxing)
 .eh_frame      0x0000008000027d10       0x28 strtold.o
                                         0x40 (size before relaxing)
 .eh_frame      0x0000008000027d38       0x20 abs.o
                                         0x38 (size before relaxing)
 .eh_frame      0x0000008000027d58       0x48 ltoa.o
                                         0x60 (size before relaxing)
 .eh_frame      0x0000008000027da0       0x48 utoa.o
                                         0x60 (size before relaxing)
 .eh_frame      0x0000008000027de8       0x20 srand.o
                                         0x38 (size before relaxing)
 .eh_frame      0x0000008000027e08       0x20 rand.o
                                         0x38 (size before relaxing)
 .eh_frame      0x0000008000027e28       0x20 time.o
                                         0x38 (size before relaxing)
 .eh_frame      0x0000008000027e48       0x20 gmtime.o
                                         0x38 (size before relaxing)
 .eh_frame      0x0000008000027e68       0x20 localtime.o
                                         0x38 (size before relaxing)
 .eh_frame      0x0000008000027e88       0x20 strftime.o
                                         0x38 (size before relaxing)
 .eh_frame      0x0000008000027ea8       0x20 clock.o
                                         0x38 (size before relaxing)
 .eh_frame      0x0000008000027ec8       0x80 math.o
                                         0x98 (size before relaxing)
 .eh_frame      0x0000008000027f48       0x20 pow.o
                                         0x38 (size before relaxing)
 .eh_frame      0x0000008000027f68       0x20 sqrt.o
                                         0x38 (size before relaxing)
 .eh_frame      0x0000008000027f88       0x20 atan.o
                                         0x38 (size before relaxing)
 .eh_frame      0x0000008000027fa8       0x20 acos.o
                                         0x38 (size before relaxing)
 .eh_frame      0x0000008000027fc8       0x20 asin.o
                                         0x38 (size before relaxing)
 .eh_frame      0x0000008000027fe8       0x68 sin.o
                                         0x80 (size before relaxing)
 .eh_frame      0x0000008000028050       0x20 tan.o
                                         0x38 (size before relaxing)
 .eh_frame      0x0000008000028070       0x68 cos.o
                                         0x80 (size before relaxing)
 .eh_frame      0x00000080000280d8       0x20 floor.o
                                         0x38 (size before relaxing)
 .eh_frame      0x00000080000280f8       0x20 ceil.o
                                         0x38 (size before relaxing)
 .eh_frame      0x0000008000028118       0x28 exp.o
                                         0x40 (size before relaxing)
 .eh_frame      0x0000008000028140       0x20 log.o
                                         0x38 (size before relaxing)
 .eh_frame      0x0000008000028160       0x20 fmax.o
                                         0x38 (size before relaxing)
 .eh_frame      0x0000008000028180       0x20 fmin.o
                                         0x38 (size before relaxing)
 .eh_frame      0x00000080000281a0       0x20 fminf.o
                                         0x38 (size before relaxing)
 .eh_frame      0x00000080000281c0       0x20 min.o
                                         0x38 (size before relaxing)
 .eh_frame      0x00000080000281e0       0x20 max.o
                                         0x38 (size before relaxing)
 .eh_frame      0x0000008000028200       0x20 fabs.o
                                         0x38 (size before relaxing)
 .eh_frame      0x0000008000028220       0x20 locale.o
                                         0x38 (size before relaxing)
 .eh_frame      0x0000008000028240       0x38 signal.o
                                         0x50 (size before relaxing)
                0x0000008000029000                . = ALIGN (0x1000)
 *fill*         0x0000008000028278      0xd88 
                0x0000008000029000                end = .
                0x0000008000029000                _end = .
                0x0000008000029000                __end = .
LOAD setup.o
LOAD crt0.o
LOAD pci.o
LOAD file.o
LOAD cfs.o
LOAD alloc.o
LOAD pipe.o
LOAD path.o
LOAD socket.o
LOAD inet.o
LOAD dns.o
LOAD pthread.o
LOAD gui.o
LOAD font8x16.o
LOAD window.o
LOAD bmp.o
LOAD font.o
LOAD border.o
LOAD libterm.o
LOAD memcmp.o
LOAD memcpy.o
LOAD memset.o
LOAD strcasecmp.o
LOAD strcat.o
LOAD strchr.o
LOAD strcmp.o
LOAD strcpy.o
LOAD strcspn.o
LOAD string.o
LOAD strlen.o
LOAD strncasecmp.o
LOAD strncmp.o
LOAD strncpy.o
LOAD strpbrk.o
LOAD strrchr.o
LOAD strsep.o
LOAD strspn.o
LOAD strtok.o
LOAD strstr.o
LOAD strdup.o
LOAD memmove.o
LOAD strcoll.o
LOAD strerror.o
LOAD ctype.o
LOAD tolower.o
LOAD toupper.o
LOAD stdio.o
LOAD fopen.o
LOAD fclose.o
LOAD fflush.o
LOAD putc.o
LOAD getc.o
LOAD fputc.o
LOAD fgetc.o
LOAD fgets.o
LOAD fputs.o
LOAD fread.o
LOAD fwrite.o
LOAD remove.o
LOAD rewind.o
LOAD fseek.o
LOAD feof.o
LOAD ftell.o
LOAD vfprintf.o
LOAD fprintf.o
LOAD vsprintf.o
LOAD sprintf.o
LOAD snprintf.o
LOAD vsnprintf.o
LOAD putchar.o
LOAD puts.o
LOAD printf.o
LOAD sscanf.o
LOAD perror.o
LOAD vfscanf.o
LOAD fscanf.o
LOAD scanf.o
LOAD ungetc.o
LOAD getchar.o
LOAD freopen.o
LOAD tmpnam.o
LOAD rename.o
LOAD itoa.o
LOAD i2hex.o
LOAD malloc.o
LOAD calloc.o
LOAD free.o
LOAD realloc.o
LOAD div.o
LOAD ldiv.o
LOAD lldiv.o
LOAD strtol.o
LOAD atoi.o
LOAD atol.o
LOAD strtoul.o
LOAD exit.o
LOAD getenv.o
LOAD qsort.o
LOAD system.o
LOAD strtod.o
LOAD ftoa.o
LOAD atof.o
LOAD strtof.o
LOAD strtold.o
LOAD abs.o
LOAD ltoa.o
LOAD utoa.o
LOAD srand.o
LOAD rand.o
LOAD errno.o
LOAD time.o
LOAD gmtime.o
LOAD localtime.o
LOAD strftime.o
LOAD clock.o
LOAD math.o
LOAD pow.o
LOAD sqrt.o
LOAD atan.o
LOAD acos.o
LOAD asin.o
LOAD sin.o
LOAD tan.o
LOAD cos.o
LOAD floor.o
LOAD ceil.o
LOAD exp.o
LOAD log.o
LOAD fmax.o
LOAD fmin.o
LOAD fminf.o
LOAD min.o
LOAD max.o
LOAD fabs.o
LOAD lbm.o
LOAD locale.o
LOAD signal.o
LOAD setjmp.o
LOAD longjmp.o
OUTPUT(pci.bin elf64-x86-64)

.rela.dyn       0x0000008000029000        0x0
 .rela.got      0x0000008000029000        0x0 setup.o
 .rela.iplt     0x0000008000029000        0x0 setup.o
 .rela.text     0x0000008000029000        0x0 setup.o

.comment        0x0000000000000000       0x2a
 .comment       0x0000000000000000       0x2a crt0.o
                                         0x2b (size before relaxing)
 .comment       0x000000000000002a       0x2b pci.o
 .comment       0x000000000000002a       0x2b file.o
 .comment       0x000000000000002a       0x2b cfs.o
 .comment       0x000000000000002a       0x2b alloc.o
 .comment       0x000000000000002a       0x2b pipe.o
 .comment       0x000000000000002a       0x2b path.o
 .comment       0x000000000000002a       0x2b socket.o
 .comment       0x000000000000002a       0x2b inet.o
 .comment       0x000000000000002a       0x2b dns.o
 .comment       0x000000000000002a       0x2b pthread.o
 .comment       0x000000000000002a       0x2b gui.o
 .comment       0x000000000000002a       0x2b font8x16.o
 .comment       0x000000000000002a       0x2b window.o
 .comment       0x000000000000002a       0x2b bmp.o
 .comment       0x000000000000002a       0x2b font.o
 .comment       0x000000000000002a       0x2b border.o
 .comment       0x000000000000002a       0x2b libterm.o
 .comment       0x000000000000002a       0x2b memcmp.o
 .comment       0x000000000000002a       0x2b memcpy.o
 .comment       0x000000000000002a       0x2b memset.o
 .comment       0x000000000000002a       0x2b strcasecmp.o
 .comment       0x000000000000002a       0x2b strcat.o
 .comment       0x000000000000002a       0x2b strchr.o
 .comment       0x000000000000002a       0x2b strcmp.o
 .comment       0x000000000000002a       0x2b strcpy.o
 .comment       0x000000000000002a       0x2b strcspn.o
 .comment       0x000000000000002a       0x2b string.o
 .comment       0x000000000000002a       0x2b strlen.o
 .comment       0x000000000000002a       0x2b strncasecmp.o
 .comment       0x000000000000002a       0x2b strncmp.o
 .comment       0x000000000000002a       0x2b strncpy.o
 .comment       0x000000000000002a       0x2b strpbrk.o
 .comment       0x000000000000002a       0x2b strrchr.o
 .comment       0x000000000000002a       0x2b strsep.o
 .comment       0x000000000000002a       0x2b strspn.o
 .comment       0x000000000000002a       0x2b strtok.o
 .comment       0x000000000000002a       0x2b strstr.o
 .comment       0x000000000000002a       0x2b strdup.o
 .comment       0x000000000000002a       0x2b memmove.o
 .comment       0x000000000000002a       0x2b strcoll.o
 .comment       0x000000000000002a       0x2b strerror.o
 .comment       0x000000000000002a       0x2b ctype.o
 .comment       0x000000000000002a       0x2b tolower.o
 .comment       0x000000000000002a       0x2b toupper.o
 .comment       0x000000000000002a       0x2b stdio.o
 .comment       0x000000000000002a       0x2b fopen.o
 .comment       0x000000000000002a       0x2b fclose.o
 .comment       0x000000000000002a       0x2b fflush.o
 .comment       0x000000000000002a       0x2b putc.o
 .comment       0x000000000000002a       0x2b getc.o
 .comment       0x000000000000002a       0x2b fputc.o
 .comment       0x000000000000002a       0x2b fgetc.o
 .comment       0x000000000000002a       0x2b fgets.o
 .comment       0x000000000000002a       0x2b fputs.o
 .comment       0x000000000000002a       0x2b fread.o
 .comment       0x000000000000002a       0x2b fwrite.o
 .comment       0x000000000000002a       0x2b remove.o
 .comment       0x000000000000002a       0x2b rewind.o
 .comment       0x000000000000002a       0x2b fseek.o
 .comment       0x000000000000002a       0x2b feof.o
 .comment       0x000000000000002a       0x2b ftell.o
 .comment       0x000000000000002a       0x2b vfprintf.o
 .comment       0x000000000000002a       0x2b fprintf.o
 .comment       0x000000000000002a       0x2b vsprintf.o
 .comment       0x000000000000002a       0x2b sprintf.o
 .comment       0x000000000000002a       0x2b snprintf.o
 .comment       0x000000000000002a       0x2b vsnprintf.o
 .comment       0x000000000000002a       0x2b putchar.o
 .comment       0x000000000000002a       0x2b puts.o
 .comment       0x000000000000002a       0x2b printf.o
 .comment       0x000000000000002a       0x2b sscanf.o
 .comment       0x000000000000002a       0x2b perror.o
 .comment       0x000000000000002a       0x2b vfscanf.o
 .comment       0x000000000000002a       0x2b fscanf.o
 .comment       0x000000000000002a       0x2b scanf.o
 .comment       0x000000000000002a       0x2b ungetc.o
 .comment       0x000000000000002a       0x2b getchar.o
 .comment       0x000000000000002a       0x2b freopen.o
 .comment       0x000000000000002a       0x2b tmpnam.o
 .comment       0x000000000000002a       0x2b rename.o
 .comment       0x000000000000002a       0x2b itoa.o
 .comment       0x000000000000002a       0x2b i2hex.o
 .comment       0x000000000000002a       0x2b malloc.o
 .comment       0x000000000000002a       0x2b calloc.o
 .comment       0x000000000000002a       0x2b free.o
 .comment       0x000000000000002a       0x2b realloc.o
 .comment       0x000000000000002a       0x2b div.o
 .comment       0x000000000000002a       0x2b ldiv.o
 .comment       0x000000000000002a       0x2b lldiv.o
 .comment       0x000000000000002a       0x2b strtol.o
 .comment       0x000000000000002a       0x2b atoi.o
 .comment       0x000000000000002a       0x2b atol.o
 .comment       0x000000000000002a       0x2b strtoul.o
 .comment       0x000000000000002a       0x2b exit.o
 .comment       0x000000000000002a       0x2b getenv.o
 .comment       0x000000000000002a       0x2b qsort.o
 .comment       0x000000000000002a       0x2b system.o
 .comment       0x000000000000002a       0x2b strtod.o
 .comment       0x000000000000002a       0x2b ftoa.o
 .comment       0x000000000000002a       0x2b atof.o
 .comment       0x000000000000002a       0x2b strtof.o
 .comment       0x000000000000002a       0x2b strtold.o
 .comment       0x000000000000002a       0x2b abs.o
 .comment       0x000000000000002a       0x2b ltoa.o
 .comment       0x000000000000002a       0x2b utoa.o
 .comment       0x000000000000002a       0x2b srand.o
 .comment       0x000000000000002a       0x2b rand.o
 .comment       0x000000000000002a       0x2b errno.o
 .comment       0x000000000000002a       0x2b time.o
 .comment       0x000000000000002a       0x2b gmtime.o
 .comment       0x000000000000002a       0x2b localtime.o
 .comment       0x000000000000002a       0x2b strftime.o
 .comment       0x000000000000002a       0x2b clock.o
 .comment       0x000000000000002a       0x2b math.o
 .comment       0x000000000000002a       0x2b pow.o
 .comment       0x000000000000002a       0x2b sqrt.o
 .comment       0x000000000000002a       0x2b atan.o
 .comment       0x000000000000002a       0x2b acos.o
 .comment       0x000000000000002a       0x2b asin.o
 .comment       0x000000000000002a       0x2b sin.o
 .comment       0x000000000000002a       0x2b tan.o
 .comment       0x000000000000002a       0x2b cos.o
 .comment       0x000000000000002a       0x2b floor.o
 .comment       0x000000000000002a       0x2b ceil.o
 .comment       0x000000000000002a       0x2b exp.o
 .comment       0x000000000000002a       0x2b log.o
 .comment       0x000000000000002a       0x2b fmax.o
 .comment       0x000000000000002a       0x2b fmin.o
 .comment       0x000000000000002a       0x2b fminf.o
 .comment       0x000000000000002a       0x2b min.o
 .comment       0x000000000000002a       0x2b max.o
 .comment       0x000000000000002a       0x2b fabs.o
 .comment       0x000000000000002a       0x2b locale.o
 .comment       0x000000000000002a       0x2b signal.o

.note.GNU-stack
                0x0000000000000000        0x0
 .note.GNU-stack
                0x0000000000000000        0x0 crt0.o
 .note.GNU-stack
                0x0000000000000000        0x0 pci.o
 .note.GNU-stack
                0x0000000000000000        0x0 file.o
 .note.GNU-stack
                0x0000000000000000        0x0 cfs.o
 .note.GNU-stack
                0x0000000000000000        0x0 alloc.o
 .note.GNU-stack
                0x0000000000000000        0x0 pipe.o
 .note.GNU-stack
                0x0000000000000000        0x0 path.o
 .note.GNU-stack
                0x0000000000000000        0x0 socket.o
 .note.GNU-stack
                0x0000000000000000        0x0 inet.o
 .note.GNU-stack
                0x0000000000000000        0x0 dns.o
 .note.GNU-stack
                0x0000000000000000        0x0 pthread.o
 .note.GNU-stack
                0x0000000000000000        0x0 gui.o
 .note.GNU-stack
                0x0000000000000000        0x0 font8x16.o
 .note.GNU-stack
                0x0000000000000000        0x0 window.o
 .note.GNU-stack
                0x0000000000000000        0x0 bmp.o
 .note.GNU-stack
                0x0000000000000000        0x0 font.o
 .note.GNU-stack
                0x0000000000000000        0x0 border.o
 .note.GNU-stack
                0x0000000000000000        0x0 libterm.o
 .note.GNU-stack
                0x0000000000000000        0x0 memcmp.o
 .note.GNU-stack
                0x0000000000000000        0x0 memcpy.o
 .note.GNU-stack
                0x0000000000000000        0x0 memset.o
 .note.GNU-stack
                0x0000000000000000        0x0 strcasecmp.o
 .note.GNU-stack
                0x0000000000000000        0x0 strcat.o
 .note.GNU-stack
                0x0000000000000000        0x0 strchr.o
 .note.GNU-stack
                0x0000000000000000        0x0 strcmp.o
 .note.GNU-stack
                0x0000000000000000        0x0 strcpy.o
 .note.GNU-stack
                0x0000000000000000        0x0 strcspn.o
 .note.GNU-stack
                0x0000000000000000        0x0 string.o
 .note.GNU-stack
                0x0000000000000000        0x0 strlen.o
 .note.GNU-stack
                0x0000000000000000        0x0 strncasecmp.o
 .note.GNU-stack
                0x0000000000000000        0x0 strncmp.o
 .note.GNU-stack
                0x0000000000000000        0x0 strncpy.o
 .note.GNU-stack
                0x0000000000000000        0x0 strpbrk.o
 .note.GNU-stack
                0x0000000000000000        0x0 strrchr.o
 .note.GNU-stack
                0x0000000000000000        0x0 strsep.o
 .note.GNU-stack
                0x0000000000000000        0x0 strspn.o
 .note.GNU-stack
                0x0000000000000000        0x0 strtok.o
 .note.GNU-stack
                0x0000000000000000        0x0 strstr.o
 .note.GNU-stack
                0x0000000000000000        0x0 strdup.o
 .note.GNU-stack
                0x0000000000000000        0x0 memmove.o
 .note.GNU-stack
                0x0000000000000000        0x0 strcoll.o
 .note.GNU-stack
                0x0000000000000000        0x0 strerror.o
 .note.GNU-stack
                0x0000000000000000        0x0 ctype.o
 .note.GNU-stack
                0x0000000000000000        0x0 tolower.o
 .note.GNU-stack
                0x0000000000000000        0x0 toupper.o
 .note.GNU-stack
                0x0000000000000000        0x0 stdio.o
 .note.GNU-stack
                0x0000000000000000        0x0 fopen.o
 .note.GNU-stack
                0x0000000000000000        0x0 fclose.o
 .note.GNU-stack
                0x0000000000000000        0x0 fflush.o
 .note.GNU-stack
                0x0000000000000000        0x0 putc.o
 .note.GNU-stack
                0x0000000000000000        0x0 getc.o
 .note.GNU-stack
                0x0000000000000000        0x0 fputc.o
 .note.GNU-stack
                0x0000000000000000        0x0 fgetc.o
 .note.GNU-stack
                0x0000000000000000        0x0 fgets.o
 .note.GNU-stack
                0x0000000000000000        0x0 fputs.o
 .note.GNU-stack
                0x0000000000000000        0x0 fread.o
 .note.GNU-stack
                0x0000000000000000        0x0 fwrite.o
 .note.GNU-stack
                0x0000000000000000        0x0 remove.o
 .note.GNU-stack
                0x0000000000000000        0x0 rewind.o
 .note.GNU-stack
                0x0000000000000000        0x0 fseek.o
 .note.GNU-stack
                0x0000000000000000        0x0 feof.o
 .note.GNU-stack
                0x0000000000000000        0x0 ftell.o
 .note.GNU-stack
                0x0000000000000000        0x0 vfprintf.o
 .note.GNU-stack
                0x0000000000000000        0x0 fprintf.o
 .note.GNU-stack
                0x0000000000000000        0x0 vsprintf.o
 .note.GNU-stack
                0x0000000000000000        0x0 sprintf.o
 .note.GNU-stack
                0x0000000000000000        0x0 snprintf.o
 .note.GNU-stack
                0x0000000000000000        0x0 vsnprintf.o
 .note.GNU-stack
                0x0000000000000000        0x0 putchar.o
 .note.GNU-stack
                0x0000000000000000        0x0 puts.o
 .note.GNU-stack
                0x0000000000000000        0x0 printf.o
 .note.GNU-stack
                0x0000000000000000        0x0 sscanf.o
 .note.GNU-stack
                0x0000000000000000        0x0 perror.o
 .note.GNU-stack
                0x0000000000000000        0x0 vfscanf.o
 .note.GNU-stack
                0x0000000000000000        0x0 fscanf.o
 .note.GNU-stack
                0x0000000000000000        0x0 scanf.o
 .note.GNU-stack
                0x0000000000000000        0x0 ungetc.o
 .note.GNU-stack
                0x0000000000000000        0x0 getchar.o
 .note.GNU-stack
                0x0000000000000000        0x0 freopen.o
 .note.GNU-stack
                0x0000000000000000        0x0 tmpnam.o
 .note.GNU-stack
                0x0000000000000000        0x0 rename.o
 .note.GNU-stack
                0x0000000000000000        0x0 itoa.o
 .note.GNU-stack
                0x0000000000000000        0x0 i2hex.o
 .note.GNU-stack
                0x0000000000000000        0x0 malloc.o
 .note.GNU-stack
                0x0000000000000000        0x0 calloc.o
 .note.GNU-stack
                0x0000000000000000        0x0 free.o
 .note.GNU-stack
                0x0000000000000000        0x0 realloc.o
 .note.GNU-stack
                0x0000000000000000        0x0 div.o
 .note.GNU-stack
                0x0000000000000000        0x0 ldiv.o
 .note.GNU-stack
                0x0000000000000000        0x0 lldiv.o
 .note.GNU-stack
                0x0000000000000000        0x0 strtol.o
 .note.GNU-stack
                0x0000000000000000        0x0 atoi.o
 .note.GNU-stack
                0x0000000000000000        0x0 atol.o
 .note.GNU-stack
                0x0000000000000000        0x0 strtoul.o
 .note.GNU-stack
                0x0000000000000000        0x0 exit.o
 .note.GNU-stack
                0x0000000000000000        0x0 getenv.o
 .note.GNU-stack
                0x0000000000000000        0x0 qsort.o
 .note.GNU-stack
                0x0000000000000000        0x0 system.o
 .note.GNU-stack
                0x0000000000000000        0x0 strtod.o
 .note.GNU-stack
                0x0000000000000000        0x0 ftoa.o
 .note.GNU-stack
                0x0000000000000000        0x0 atof.o
 .note.GNU-stack
                0x0000000000000000        0x0 strtof.o
 .note.GNU-stack
                0x0000000000000000        0x0 strtold.o
 .note.GNU-stack
                0x0000000000000000        0x0 abs.o
 .note.GNU-stack
                0x0000000000000000        0x0 ltoa.o
 .note.GNU-stack
                0x0000000000000000        0x0 utoa.o
 .note.GNU-stack
                0x0000000000000000        0x0 srand.o
 .note.GNU-stack
                0x0000000000000000        0x0 rand.o
 .note.GNU-stack
                0x0000000000000000        0x0 errno.o
 .note.GNU-stack
                0x0000000000000000        0x0 time.o
 .note.GNU-stack
                0x0000000000000000        0x0 gmtime.o
 .note.GNU-stack
                0x0000000000000000        0x0 localtime.o
 .note.GNU-stack
                0x0000000000000000        0x0 strftime.o
 .note.GNU-stack
                0x0000000000000000        0x0 clock.o
 .note.GNU-stack
                0x0000000000000000        0x0 math.o
 .note.GNU-stack
                0x0000000000000000        0x0 pow.o
 .note.GNU-stack
                0x0000000000000000        0x0 sqrt.o
 .note.GNU-stack
                0x0000000000000000        0x0 atan.o
 .note.GNU-stack
                0x0000000000000000        0x0 acos.o
 .note.GNU-stack
                0x0000000000000000        0x0 asin.o
 .note.GNU-stack
                0x0000000000000000        0x0 sin.o
 .note.GNU-stack
                0x0000000000000000        0x0 tan.o
 .note.GNU-stack
                0x0000000000000000        0x0 cos.o
 .note.GNU-stack
                0x0000000000000000        0x0 floor.o
 .note.GNU-stack
                0x0000000000000000        0x0 ceil.o
 .note.GNU-stack
                0x0000000000000000        0x0 exp.o
 .note.GNU-stack
                0x0000000000000000        0x0 log.o
 .note.GNU-stack
                0x0000000000000000        0x0 fmax.o
 .note.GNU-stack
                0x0000000000000000        0x0 fmin.o
 .note.GNU-stack
                0x0000000000000000        0x0 fminf.o
 .note.GNU-stack
                0x0000000000000000        0x0 min.o
 .note.GNU-stack
                0x0000000000000000        0x0 max.o
 .note.GNU-stack
                0x0000000000000000        0x0 fabs.o
 .note.GNU-stack
                0x0000000000000000        0x0 locale.o
 .note.GNU-stack
                0x0000000000000000        0x0 signal.o
