
Merging program properties

Removed property 0xc0000002 to merge crt0.o (0x3) and setup.o (not found)
Removed property 0xc0000002 to merge crt0.o (not found) and pci.o (0x3)
Removed property 0xc0000002 to merge crt0.o (not found) and file.o (0x3)
Removed property 0xc0000002 to merge crt0.o (not found) and cfs.o (0x3)
Removed property 0xc0000002 to merge crt0.o (not found) and alloc.o (0x3)
Removed property 0xc0000002 to merge crt0.o (not found) and pipe.o (0x3)
Removed property 0xc0000002 to merge crt0.o (not found) and path.o (0x3)
Removed property 0xc0000002 to merge crt0.o (not found) and socket.o (0x3)
Removed property 0xc0000002 to merge crt0.o (not found) and inet.o (0x3)
Removed property 0xc0000002 to merge crt0.o (not found) and communication.o (0x3)
Removed property 0xc0000002 to merge crt0.o (not found) and sys_exit.o (0x3)
Removed property 0xc0000002 to merge crt0.o (not found) and wait.o (0x3)
Removed property 0xc0000002 to merge crt0.o (not found) and exectve.o (0x3)
Removed property 0xc0000002 to merge crt0.o (not found) and dns.o (0x3)
Removed property 0xc0000002 to merge crt0.o (not found) and pthread.o (0x3)
Removed property 0xc0000002 to merge crt0.o (not found) and gui.o (0x3)
Removed property 0xc0000002 to merge crt0.o (not found) and font8x16.o (0x3)
Removed property 0xc0000002 to merge crt0.o (not found) and window.o (0x3)
Removed property 0xc0000002 to merge crt0.o (not found) and bmp.o (0x3)
Removed property 0xc0000002 to merge crt0.o (not found) and font.o (0x3)
Removed property 0xc0000002 to merge crt0.o (not found) and border.o (0x3)
Removed property 0xc0000002 to merge crt0.o (not found) and libterm.o (0x3)
Removed property 0xc0000002 to merge crt0.o (not found) and memcmp.o (0x3)
Removed property 0xc0000002 to merge crt0.o (not found) and memcpy.o (0x3)
Removed property 0xc0000002 to merge crt0.o (not found) and memset.o (0x3)
Removed property 0xc0000002 to merge crt0.o (not found) and strcasecmp.o (0x3)
Removed property 0xc0000002 to merge crt0.o (not found) and strcat.o (0x3)
Removed property 0xc0000002 to merge crt0.o (not found) and strchr.o (0x3)
Removed property 0xc0000002 to merge crt0.o (not found) and strcmp.o (0x3)
Removed property 0xc0000002 to merge crt0.o (not found) and strcpy.o (0x3)
Removed property 0xc0000002 to merge crt0.o (not found) and strcspn.o (0x3)
Removed property 0xc0000002 to merge crt0.o (not found) and string.o (0x3)
Removed property 0xc0000002 to merge crt0.o (not found) and strlen.o (0x3)
Removed property 0xc0000002 to merge crt0.o (not found) and strncasecmp.o (0x3)
Removed property 0xc0000002 to merge crt0.o (not found) and strncmp.o (0x3)
Removed property 0xc0000002 to merge crt0.o (not found) and strncpy.o (0x3)
Removed property 0xc0000002 to merge crt0.o (not found) and strpbrk.o (0x3)
Removed property 0xc0000002 to merge crt0.o (not found) and strrchr.o (0x3)
Removed property 0xc0000002 to merge crt0.o (not found) and strsep.o (0x3)
Removed property 0xc0000002 to merge crt0.o (not found) and strspn.o (0x3)
Removed property 0xc0000002 to merge crt0.o (not found) and strtok.o (0x3)
Removed property 0xc0000002 to merge crt0.o (not found) and strstr.o (0x3)
Removed property 0xc0000002 to merge crt0.o (not found) and strdup.o (0x3)
Removed property 0xc0000002 to merge crt0.o (not found) and memmove.o (0x3)
Removed property 0xc0000002 to merge crt0.o (not found) and strcoll.o (0x3)
Removed property 0xc0000002 to merge crt0.o (not found) and strerror.o (0x3)
Removed property 0xc0000002 to merge crt0.o (not found) and memchr.o (0x3)
Removed property 0xc0000002 to merge crt0.o (not found) and ctype.o (0x3)
Removed property 0xc0000002 to merge crt0.o (not found) and tolower.o (0x3)
Removed property 0xc0000002 to merge crt0.o (not found) and toupper.o (0x3)
Removed property 0xc0000002 to merge crt0.o (not found) and stdio.o (0x3)
Removed property 0xc0000002 to merge crt0.o (not found) and fopen.o (0x3)
Removed property 0xc0000002 to merge crt0.o (not found) and fclose.o (0x3)
Removed property 0xc0000002 to merge crt0.o (not found) and fflush.o (0x3)
Removed property 0xc0000002 to merge crt0.o (not found) and putc.o (0x3)
Removed property 0xc0000002 to merge crt0.o (not found) and getc.o (0x3)
Removed property 0xc0000002 to merge crt0.o (not found) and fputc.o (0x3)
Removed property 0xc0000002 to merge crt0.o (not found) and fgetc.o (0x3)
Removed property 0xc0000002 to merge crt0.o (not found) and fgets.o (0x3)
Removed property 0xc0000002 to merge crt0.o (not found) and fputs.o (0x3)
Removed property 0xc0000002 to merge crt0.o (not found) and fread.o (0x3)
Removed property 0xc0000002 to merge crt0.o (not found) and fwrite.o (0x3)
Removed property 0xc0000002 to merge crt0.o (not found) and remove.o (0x3)
Removed property 0xc0000002 to merge crt0.o (not found) and rewind.o (0x3)
Removed property 0xc0000002 to merge crt0.o (not found) and fseek.o (0x3)
Removed property 0xc0000002 to merge crt0.o (not found) and feof.o (0x3)
[...]
Memory Configuration

Name             Origin             Length             Attributes
*default*        0x0000000000000000 0xffffffffffffffff

Linker script and memory map

                0x0000008000001000                . = 0x8000001000
                0x0000008000001000                _start = .

.text           0x0000008000001000     0xf000
                0x0000008000001000                code = .
                0x0000008000001000                _code = .
                0x0000008000001000                __code = .
                0x0000008000001000                code = .
 *(.text)
 .text          0x0000008000001000       0x65 setup.o
                0x0000008000001053                call_function
 .text          0x0000008000001065      0x1e4 crt0.o
                0x0000008000001065                ctr0
 .text          0x0000008000001249      0x445 pci.o
                0x0000008000001249                pci_read_config_dword
                0x00000080000012e0                pci_write_config_dword
                0x0000008000001374                pci_get_info
                0x0000008000001622                main
 .text          0x000000800000168e      0xe14 file.o
                0x000000800000168e                stdputc_r
                0x00000080000018a4                stdgetc_r
                0x0000008000001a49                getkey
                0x0000008000001b20                getkeyw
                0x0000008000001bf1                open_r
                0x0000008000001c61                flush_r
                0x0000008000001d48                close_r
                0x0000008000001dba                putc_r
                0x0000008000001fd6                getc_r
                0x00000080000021a5                read_r
                0x0000008000002266                write_r
                0x000000800000231a                seek_r
                0x00000080000023f8                tell_r
                0x0000008000002439                rewind_r
 .text          0x00000080000024a2     0x2851 cfs.o
                0x00000080000024a2                read_sector
                0x00000080000024f7                write_sector
                0x000000800000254c                assert_fn
                0x00000080000025b5                get_file_name
                0x000000800000261c                filename_cmp
                0x0000008000002703                search_blk_null
                0x000000800000288d                write_blk
                0x00000080000028c6                clean_blk_enter
                0x00000080000029af                read_super_block
                0x0000008000002a0d                read_directory_blk
                0x0000008000002c22                read_directory_entry
                0x0000008000002dec                update_directory_entry
                0x0000008000003049                open_file_r
                0x00000080000033c8                open_file
                0x0000008000003b0c                file_update
                0x0000008000003c46                file_close
                0x0000008000003d46                file_read_block
                0x0000008000003e1a                file_write_block
                0x0000008000003eee                open_dir
                0x00000080000042dd                create_file
                0x0000008000004646                remove_blk
                0x000000800000488e                remove_file
 .text          0x0000008000004cf3       0xeb alloc.o
                0x0000008000004cf3                __malloc_r
                0x0000008000004d3d                __free_r
                0x0000008000004d7f                __realloc_r
 .text          0x0000008000004dde      0x2f5 pipe.o
                0x0000008000004dde                pipe_write
                0x0000008000004ee2                pipe_read
                0x0000008000004fd9                pipe_read_2x
 .text          0x00000080000050d3      0x5d1 path.o
                0x00000080000050d3                setpath
                0x0000008000005222                upath
                0x000000800000530e                getpathname
                0x0000008000005551                path_count
                0x00000080000055bc                getfilename
 .text          0x00000080000056a4      0x991 socket.o
                0x00000080000056a4                socket_address
                0x0000008000005719                accept
                0x000000800000574f                bind
                0x000000800000581d                connect
                0x00000080000059ad                listen
                0x00000080000059de                recv
                0x0000008000005b16                recvfrom
                0x0000008000005c7d                send
                0x0000008000005daf                sendto
                0x0000008000005efb                shutdown
                0x0000008000005fe7                socket
 .text          0x0000008000006035      0x307 inet.o
                0x0000008000006035                inet_addr
                0x0000008000006229                inet_lnaof
                0x0000008000006257                inet_makeaddr
                0x00000080000062b1                inet_netof
                0x00000080000062df                inet_network
                0x000000800000630e                inet_ntoa
 .text          0x000000800000633c      0x287 communication.o
                0x00000080000063ce                communication
 .text          0x00000080000065c3       0x87 sys_exit.o
                0x00000080000065c3                sys_exit
 .text          0x000000800000664a       0x57 wait.o
                0x000000800000664a                wait
 .text          0x00000080000066a1      0x46f exectve.o
                0x00000080000066a1                exectve
 .text          0x0000008000006b10      0x6c1 dns.o
                0x0000008000006ba2                changeto_dns_name_format
                0x0000008000006c76                get_ip_from_name
 .text          0x00000080000071d1      0x144 pthread.o
                0x00000080000071d1                pthread_create
                0x0000008000007293                pthread_exit
                0x00000080000072bd                pthread_join
 .text          0x0000008000007315      0x1ab gui.o
                0x0000008000007315                put_pixel
                0x00000080000073ab                draw_char_transparent
 .text          0x00000080000074c0        0x0 font8x16.o
 .text          0x00000080000074c0     0x1145 window.o
                0x00000080000074c0                drawline
                0x000000800000756f                _drawline
                0x0000008000007636                drawrect
                0x00000080000077e0                drawtriagle
                0x000000800000789f                drawchar
                0x0000008000007a09                drawstring
                0x0000008000007ac5                drawchar_trans
                0x0000008000007be4                drawstring_trans
                0x0000008000007ca0                init_window
                0x0000008000007e2d                create_new_window
                0x0000008000007ee0                window
                0x00000080000084a7                wcl
                0x00000080000085a1                update_window
                0x00000080000085cc                __window_clear
 .text          0x0000008000008605      0x5c5 bmp.o
                0x0000008000008605                BitMAP
                0x00000080000088e7                BitMAP2
 .text          0x0000008000008bca       0xdc font.o
                0x0000008000008bca                put
 .text          0x0000008000008ca6      0x332 border.o
                0x0000008000008ca6                border
 .text          0x0000008000008fd8       0x4d libterm.o
                0x0000008000008fd8                term_color
 .text          0x0000008000009025       0x96 memcmp.o
                0x0000008000009025                memcmp
 .text          0x00000080000090bb       0x77 memcpy.o
                0x00000080000090bb                memcpy
 .text          0x0000008000009132       0x62 memset.o
                0x0000008000009132                memset
 .text          0x0000008000009194       0xbb strcasecmp.o
                0x0000008000009194                strcasecmp
 .text          0x000000800000924f       0x7a strcat.o
                0x000000800000924f                strcat
 .text          0x00000080000092c9       0x61 strchr.o
                0x00000080000092c9                strchr
 .text          0x000000800000932a       0x9a strcmp.o
                0x000000800000932a                strcmp
 .text          0x00000080000093c4       0x7b strcpy.o
                0x00000080000093c4                strcpy
 .text          0x000000800000943f      0x261 strcspn.o
                0x000000800000943f                strchrnul
                0x000000800000956a                strcspn
 .text          0x00000080000096a0        0x0 string.o
 .text          0x00000080000096a0       0x4c strlen.o
                0x00000080000096a0                strlen
 .text          0x00000080000096ec       0xc8 strncasecmp.o
                0x00000080000096ec                strncasecmp
 .text          0x00000080000097b4       0x80 strncmp.o
                0x00000080000097b4                strncmp
 .text          0x0000008000009834       0x7d strncpy.o
                0x0000008000009834                strncpy
 .text          0x00000080000098b1       0x72 strpbrk.o
                0x00000080000098b1                strpbrk
 .text          0x0000008000009923       0x93 strrchr.o
                0x0000008000009923                strrchr
 .text          0x00000080000099b6       0xbd strsep.o
                0x00000080000099b6                strsep
 .text          0x0000008000009a73      0x133 strspn.o
                0x0000008000009a73                strspn
 .text          0x0000008000009ba6      0x18e strtok.o
                0x0000008000009ba6                strtok_r
                0x0000008000009cdd                strtok
 .text          0x0000008000009d34       0x98 strstr.o
                0x0000008000009d34                strstr
 .text          0x0000008000009dcc       0xa0 strdup.o
                0x0000008000009dcc                strdup
 .text          0x0000008000009e6c       0xc2 memmove.o
                0x0000008000009e6c                memmove
 .text          0x0000008000009f2e       0x56 strcoll.o
                0x0000008000009f2e                strcoll
 .text          0x0000008000009f84       0x50 strerror.o
                0x0000008000009f84                strerror
 .text          0x0000008000009fd4       0x71 memchr.o
                0x0000008000009fd4                memchr
 .text          0x000000800000a045        0x0 ctype.o
 .text          0x000000800000a045       0x55 tolower.o
                0x000000800000a045                tolower
 .text          0x000000800000a09a       0x55 toupper.o
                0x000000800000a09a                toupper
 .text          0x000000800000a0ef       0xa2 stdio.o
                0x000000800000a0ef                debug_o
 .text          0x000000800000a191       0x96 fopen.o
                0x000000800000a191                fopen
 .text          0x000000800000a227       0x4b fclose.o
                0x000000800000a227                fclose
 .text          0x000000800000a272       0x4b fflush.o
                0x000000800000a272                fflush
 .text          0x000000800000a2bd       0x53 putc.o
                0x000000800000a2bd                putc
 .text          0x000000800000a310       0x98 getc.o
                0x000000800000a310                getc
 .text          0x000000800000a3a8       0x53 fputc.o
                0x000000800000a3a8                fputc
 .text          0x000000800000a3fb       0x4b fgetc.o
                0x000000800000a3fb                fgetc
 .text          0x000000800000a446      0x16b fgets.o
                0x000000800000a446                fgets
 .text          0x000000800000a5b1       0xa4 fputs.o
                0x000000800000a5b1                fputs
 .text          0x000000800000a655       0x5d fread.o
                0x000000800000a655                fread
 .text          0x000000800000a6b2       0x5d fwrite.o
                0x000000800000a6b2                fwrite
 .text          0x000000800000a70f       0x4b remove.o
                0x000000800000a70f                remove
 .text          0x000000800000a75a       0x4c rewind.o
                0x000000800000a75a                rewind
 .text          0x000000800000a7a6       0x59 fseek.o
                0x000000800000a7a6                fseek
 .text          0x000000800000a7ff       0x59 feof.o
                0x000000800000a7ff                feof
 .text          0x000000800000a858       0x4b ftell.o
                0x000000800000a858                ftell
 .text          0x000000800000a8a3      0x93b vfprintf.o
                0x000000800000a8a3                vfprintf
 .text          0x000000800000b1de       0xeb fprintf.o
                0x000000800000b1de                fprintf
 .text          0x000000800000b2c9      0x9eb vsprintf.o
                0x000000800000b2c9                _vsputs_r
                0x000000800000b335                vsprintf
 .text          0x000000800000bcb4      0x101 sprintf.o
                0x000000800000bcb4                sprintf
 .text          0x000000800000bdb5       0xed snprintf.o
                0x000000800000bdb5                snprintf
 .text          0x000000800000bea2       0xd9 vsnprintf.o
                0x000000800000bea2                vsnprintf
 .text          0x000000800000bf7b       0x5c putchar.o
                0x000000800000bf7b                putchar
 .text          0x000000800000bfd7       0xa6 puts.o
                0x000000800000bfd7                puts
 .text          0x000000800000c07d       0xf5 printf.o
                0x000000800000c07d                printf
 .text          0x000000800000c172       0xa1 sscanf.o
                0x000000800000c172                sscanf
 .text          0x000000800000c213       0x4c perror.o
                0x000000800000c213                perror
 .text          0x000000800000c25f      0x8ee vfscanf.o
                0x000000800000c647                vfscanf
 .text          0x000000800000cb4d       0xeb fscanf.o
                0x000000800000cb4d                fscanf
 .text          0x000000800000cc38       0xf5 scanf.o
                0x000000800000cc38                scanf
 .text          0x000000800000cd2d       0xb2 ungetc.o
                0x000000800000cd2d                ungetc
 .text          0x000000800000cddf       0x8d getchar.o
                0x000000800000cddf                getchar
 .text          0x000000800000ce6c       0x59 freopen.o
                0x000000800000ce6c                freopen
 .text          0x000000800000cec5       0xb9 tmpnam.o
                0x000000800000cec5                sysgettmpnam
                0x000000800000cefe                tmpnam
 .text          0x000000800000cf7e       0xf8 rename.o
                0x000000800000cf7e                rename
 .text          0x000000800000d076       0x51 ferror.o
                0x000000800000d076                ferror
 .text          0x000000800000d0c7       0x5b setvbuf.o
                0x000000800000d0c7                setvbuf
 .text          0x000000800000d122       0x51 clearerr.o
                0x000000800000d122                clearerr
 .text          0x000000800000d173       0x4d tmpfile.o
                0x000000800000d173                tmpfile
 .text          0x000000800000d1c0      0x147 itoa.o
                0x000000800000d1c0                itoa
 .text          0x000000800000d307      0x175 i2hex.o
                0x000000800000d307                i2hex
 .text          0x000000800000d47c       0x48 malloc.o
                0x000000800000d47c                malloc
 .text          0x000000800000d4c4       0x4f calloc.o
                0x000000800000d4c4                calloc
 .text          0x000000800000d513       0x4c free.o
                0x000000800000d513                free
 .text          0x000000800000d55f       0x53 realloc.o
                0x000000800000d55f                realloc
 .text          0x000000800000d5b2       0x88 div.o
                0x000000800000d5b2                div
 .text          0x000000800000d63a       0xaa ldiv.o
                0x000000800000d63a                ldiv
 .text          0x000000800000d6e4       0xaa lldiv.o
                0x000000800000d6e4                lldiv
 .text          0x000000800000d78e      0x332 strtol.o
                0x000000800000d78e                strtol
 .text          0x000000800000dac0       0x55 atoi.o
                0x000000800000dac0                atoi
 .text          0x000000800000db15       0x55 atol.o
                0x000000800000db15                atol
 .text          0x000000800000db6a      0x24c strtoul.o
                0x000000800000db6a                strtoul
 .text          0x000000800000ddb6       0x49 exit.o
                0x000000800000ddb6                exit
 .text          0x000000800000ddff       0x77 getenv.o
                0x000000800000ddff                getenv
 .text          0x000000800000de76      0x49c qsort.o
                0x000000800000e291                qsort
 .text          0x000000800000e312       0x5c system.o
                0x000000800000e312                system
 .text          0x000000800000e36e      0x335 strtod.o
                0x000000800000e36e                strtod
 .text          0x000000800000e6a3      0x24a ftoa.o
                0x000000800000e702                ftoa
 .text          0x000000800000e8ed       0x50 atof.o
                0x000000800000e8ed                atof
 .text          0x000000800000e93d       0x5a strtof.o
                0x000000800000e93d                strtof
 .text          0x000000800000e997       0x5e strtold.o
                0x000000800000e997                strtold
 .text          0x000000800000e9f5       0x34 abs.o
                0x000000800000e9f5                abs
 .text          0x000000800000ea29      0x225 ltoa.o
                0x000000800000ea29                ltoa_r
                0x000000800000eb9f                ltoa
 .text          0x000000800000ec4e      0x18e utoa.o
                0x000000800000ed47                utoa
 .text          0x000000800000eddc       0x2a srand.o
                0x000000800000eddc                srand
 .text          0x000000800000ee06       0x27 rand.o
                0x000000800000ee06                rand
 .text          0x000000800000ee2d       0x46 abort.o
                0x000000800000ee2d                abort
 .text          0x000000800000ee73        0x0 errno.o
 .text          0x000000800000ee73       0x2f time.o
                0x000000800000ee73                time
 .text          0x000000800000eea2       0x3b gmtime.o
                0x000000800000eea2                gmtime
 .text          0x000000800000eedd       0x3b localtime.o
                0x000000800000eedd                localtime
 .text          0x000000800000ef18       0x3a strftime.o
                0x000000800000ef18                strftime
 .text          0x000000800000ef52       0x27 clock.o
                0x000000800000ef52                clock
 .text          0x000000800000ef79       0x3c difftime.o
                0x000000800000ef79                difftime
 .text          0x000000800000efb5       0x2e mktime.o
                0x000000800000efb5                mktime
 .text          0x000000800000efe3      0x19b math.o
                0x000000800000efe3                log10
                0x000000800000f01c                ldexp
                0x000000800000f058                frexp
                0x000000800000f095                atan2
                0x000000800000f0d3                cosh
                0x000000800000f10c                tanh
                0x000000800000f145                sinh
 .text          0x000000800000f17e       0x6e pow.o
                0x000000800000f17e                pow
 .text          0x000000800000f1ec       0x3b sqrt.o
                0x000000800000f1ec                sqrt
 .text          0x000000800000f227       0x39 atan.o
                0x000000800000f227                atan
 .text          0x000000800000f260       0x39 acos.o
                0x000000800000f260                acos
 .text          0x000000800000f299       0x39 asin.o
                0x000000800000f299                asin
 .text          0x000000800000f2d2      0x312 sin.o
                0x000000800000f2d2                __sinus
                0x000000800000f59b                sin
 .text          0x000000800000f5e4       0x7d tan.o
                0x000000800000f5e4                tan
 .text          0x000000800000f661       0x85 cos.o
                0x000000800000f661                cos
 .text          0x000000800000f6e6       0x39 floor.o
                0x000000800000f6e6                floor
 .text          0x000000800000f71f       0x54 ceil.o
                0x000000800000f71f                ceil
 .text          0x000000800000f773       0x61 exp.o
                0x000000800000f773                exp
 .text          0x000000800000f7d4      0x11a log.o
                0x000000800000f7d4                log
 .text          0x000000800000f8ee       0x48 fmax.o
                0x000000800000f8ee                fmax
 .text          0x000000800000f936       0x48 fmin.o
                0x000000800000f936                fmin
 .text          0x000000800000f97e       0x47 fminf.o
                0x000000800000f97e                fminf
 .text          0x000000800000f9c5       0x36 min.o
                0x000000800000f9c5                min
 .text          0x000000800000f9fb       0x36 max.o
                0x000000800000f9fb                max
 .text          0x000000800000fa31       0x5f fabs.o
                0x000000800000fa31                fabs
 .text          0x000000800000fa90        0x2 lbm.o
                0x000000800000fa90                __sin
                0x000000800000fa91                cosine
 .text          0x000000800000fa92       0x39 log2.o
                0x000000800000fa92                log2
 .text          0x000000800000facb      0x14b modf.o
                0x000000800000facb                modf
 .text          0x000000800000fc16       0x32 locale.o
                0x000000800000fc16                setlocale
 .text          0x000000800000fc48       0xbb signal.o
                0x000000800000fc48                signal
                0x000000800000fca6                sigaction
 *fill*         0x000000800000fd03        0xd 
 .text          0x000000800000fd10       0x2c setjmp.o
                0x000000800000fd10                setjmp
 *fill*         0x000000800000fd3c        0x4 
 .text          0x000000800000fd40       0x2f longjmp.o
                0x000000800000fd40                longjmp
                0x0000008000010000                . = ALIGN (0x1000)
 *fill*         0x000000800000fd6f      0x291 

.iplt           0x0000008000010000        0x0
 .iplt          0x0000008000010000        0x0 setup.o

.data           0x0000008000010000     0x4000
                0x0000008000010000                data = .
                0x0000008000010000                _data = .
                0x0000008000010000                __data = .
 *(.data)
 .data          0x0000008000010000       0x18 setup.o
                0x0000008000010000                argc
                0x0000008000010008                argv
                0x0000008000010010                pwd_ptr
 .data          0x0000008000010018        0x0 crt0.o
 .data          0x0000008000010018        0x0 pci.o
 .data          0x0000008000010018        0x0 file.o
 .data          0x0000008000010018        0x0 cfs.o
 .data          0x0000008000010018        0x0 alloc.o
 .data          0x0000008000010018        0x0 pipe.o
 .data          0x0000008000010018        0x0 path.o
 .data          0x0000008000010018        0x0 socket.o
 .data          0x0000008000010018        0x0 inet.o
 .data          0x0000008000010018        0x0 communication.o
 .data          0x0000008000010018        0x0 sys_exit.o
 .data          0x0000008000010018        0x0 wait.o
 .data          0x0000008000010018        0x0 exectve.o
 *fill*         0x0000008000010018        0x8 
 .data          0x0000008000010020      0x500 dns.o
                0x0000008000010020                dns_servers
 .data          0x0000008000010520        0x0 pthread.o
 .data          0x0000008000010520        0x0 gui.o
 .data          0x0000008000010520     0x1000 font8x16.o
                0x0000008000010520                font8x16
 .data          0x0000008000011520        0x0 window.o
 .data          0x0000008000011520        0x0 bmp.o
 .data          0x0000008000011520      0x240 font.o
                0x0000008000011520                A__
 .data          0x0000008000011760        0x0 border.o
 .data          0x0000008000011760        0x0 libterm.o
 .data          0x0000008000011760        0x0 memcmp.o
 .data          0x0000008000011760        0x0 memcpy.o
 .data          0x0000008000011760        0x0 memset.o
 .data          0x0000008000011760        0x0 strcasecmp.o
 .data          0x0000008000011760        0x0 strcat.o
 .data          0x0000008000011760        0x0 strchr.o
 .data          0x0000008000011760        0x0 strcmp.o
 .data          0x0000008000011760        0x0 strcpy.o
 .data          0x0000008000011760        0x0 strcspn.o
 .data          0x0000008000011760        0x0 string.o
 .data          0x0000008000011760        0x0 strlen.o
 .data          0x0000008000011760        0x0 strncasecmp.o
 .data          0x0000008000011760        0x0 strncmp.o
 .data          0x0000008000011760        0x0 strncpy.o
 .data          0x0000008000011760        0x0 strpbrk.o
 .data          0x0000008000011760        0x0 strrchr.o
 .data          0x0000008000011760        0x0 strsep.o
 .data          0x0000008000011760        0x0 strspn.o
 .data          0x0000008000011760        0x0 strtok.o
 .data          0x0000008000011760        0x0 strstr.o
 .data          0x0000008000011760        0x0 strdup.o
 .data          0x0000008000011760        0x0 memmove.o
 .data          0x0000008000011760        0x0 strcoll.o
 .data          0x0000008000011760        0x0 strerror.o
 .data          0x0000008000011760        0x0 memchr.o
 .data          0x0000008000011760        0x0 ctype.o
 .data          0x0000008000011760        0x0 tolower.o
 .data          0x0000008000011760        0x0 toupper.o
 .data          0x0000008000011760        0x0 stdio.o
 .data          0x0000008000011760        0x0 fopen.o
 .data          0x0000008000011760        0x0 fclose.o
 .data          0x0000008000011760        0x0 fflush.o
 .data          0x0000008000011760        0x0 putc.o
 .data          0x0000008000011760        0x0 getc.o
 .data          0x0000008000011760        0x0 fputc.o
 .data          0x0000008000011760        0x0 fgetc.o
 .data          0x0000008000011760        0x0 fgets.o
 .data          0x0000008000011760        0x0 fputs.o
 .data          0x0000008000011760        0x0 fread.o
 .data          0x0000008000011760        0x0 fwrite.o
 .data          0x0000008000011760        0x0 remove.o
 .data          0x0000008000011760        0x0 rewind.o
 .data          0x0000008000011760        0x0 fseek.o
 .data          0x0000008000011760        0x0 feof.o
 .data          0x0000008000011760        0x0 ftell.o
 .data          0x0000008000011760        0x0 vfprintf.o
 .data          0x0000008000011760        0x0 fprintf.o
 .data          0x0000008000011760        0x0 vsprintf.o
 .data          0x0000008000011760        0x0 sprintf.o
 .data          0x0000008000011760        0x0 snprintf.o
 .data          0x0000008000011760        0x0 vsnprintf.o
 .data          0x0000008000011760        0x0 putchar.o
 .data          0x0000008000011760        0x0 puts.o
 .data          0x0000008000011760        0x0 printf.o
 .data          0x0000008000011760        0x0 sscanf.o
 .data          0x0000008000011760        0x0 perror.o
 .data          0x0000008000011760        0x0 vfscanf.o
 .data          0x0000008000011760        0x0 fscanf.o
 .data          0x0000008000011760        0x0 scanf.o
 .data          0x0000008000011760        0x0 ungetc.o
 .data          0x0000008000011760        0x0 getchar.o
 .data          0x0000008000011760        0x0 freopen.o
 .data          0x0000008000011760        0x0 tmpnam.o
 .data          0x0000008000011760        0x0 rename.o
 .data          0x0000008000011760        0x0 ferror.o
 .data          0x0000008000011760        0x0 setvbuf.o
 .data          0x0000008000011760        0x0 clearerr.o
 .data          0x0000008000011760        0x0 tmpfile.o
 .data          0x0000008000011760        0x0 itoa.o
 .data          0x0000008000011760        0x0 i2hex.o
 .data          0x0000008000011760        0x0 malloc.o
 .data          0x0000008000011760        0x0 calloc.o
 .data          0x0000008000011760        0x0 free.o
 .data          0x0000008000011760        0x0 realloc.o
 .data          0x0000008000011760        0x0 div.o
 .data          0x0000008000011760        0x0 ldiv.o
 .data          0x0000008000011760        0x0 lldiv.o
 .data          0x0000008000011760        0x0 strtol.o
 .data          0x0000008000011760        0x0 atoi.o
 .data          0x0000008000011760        0x0 atol.o
 .data          0x0000008000011760        0x0 strtoul.o
 .data          0x0000008000011760        0x0 exit.o
 .data          0x0000008000011760        0x0 getenv.o
 .data          0x0000008000011760        0x0 qsort.o
 .data          0x0000008000011760        0x0 system.o
 .data          0x0000008000011760        0x8 strtod.o
                0x0000008000011760                _infinity
 .data          0x0000008000011768        0x0 ftoa.o
 .data          0x0000008000011768        0x0 atof.o
 .data          0x0000008000011768        0x0 strtof.o
 .data          0x0000008000011768        0x0 strtold.o
 .data          0x0000008000011768        0x0 abs.o
 .data          0x0000008000011768        0x0 ltoa.o
 .data          0x0000008000011768        0x0 utoa.o
 .data          0x0000008000011768        0x0 srand.o
 .data          0x0000008000011768        0x0 rand.o
 .data          0x0000008000011768        0x0 abort.o
 .data          0x0000008000011768        0x0 errno.o
 .data          0x0000008000011768        0x0 time.o
 .data          0x0000008000011768        0x0 gmtime.o
 .data          0x0000008000011768        0x0 localtime.o
 .data          0x0000008000011768        0x0 strftime.o
 .data          0x0000008000011768        0x0 clock.o
 .data          0x0000008000011768        0x0 difftime.o
 .data          0x0000008000011768        0x0 mktime.o
 .data          0x0000008000011768        0x0 math.o
 .data          0x0000008000011768        0x0 pow.o
 .data          0x0000008000011768        0x0 sqrt.o
 .data          0x0000008000011768        0x0 atan.o
 .data          0x0000008000011768        0x0 acos.o
 .data          0x0000008000011768        0x0 asin.o
 .data          0x0000008000011768        0x0 sin.o
 .data          0x0000008000011768        0x0 tan.o
 .data          0x0000008000011768        0x0 cos.o
 .data          0x0000008000011768        0x0 floor.o
 .data          0x0000008000011768        0x0 ceil.o
 .data          0x0000008000011768        0x0 exp.o
 .data          0x0000008000011768        0x0 log.o
 .data          0x0000008000011768        0x0 fmax.o
 .data          0x0000008000011768        0x0 fmin.o
 .data          0x0000008000011768        0x0 fminf.o
 .data          0x0000008000011768        0x0 min.o
 .data          0x0000008000011768        0x0 max.o
 .data          0x0000008000011768        0x0 fabs.o
 .data          0x0000008000011768        0x0 log2.o
 .data          0x0000008000011768        0x0 modf.o
 .data          0x0000008000011768        0x0 locale.o
 .data          0x0000008000011768        0x0 signal.o
 *(.rodata)
 .rodata        0x0000008000011768     0x1614 pci.o
 *fill*         0x0000008000012d7c        0x4 
 .rodata        0x0000008000012d80       0x96 cfs.o
 .rodata        0x0000008000012e16       0x11 alloc.o
 .rodata        0x0000008000012e27        0x4 path.o
 *fill*         0x0000008000012e2b        0x5 
 .rodata        0x0000008000012e30       0x21 socket.o
 .rodata        0x0000008000012e51        0x3 inet.o
 .rodata        0x0000008000012e54       0x36 communication.o
 .rodata        0x0000008000012e8a       0x2e exectve.o
 .rodata        0x0000008000012eb8       0x56 dns.o
 .rodata        0x0000008000012f0e       0x40 bmp.o
 .rodata        0x0000008000012f4e        0xb strerror.o
 *fill*         0x0000008000012f59        0x7 
 .rodata        0x0000008000012f60      0x100 ctype.o
                0x0000008000012f60                _ctype
 .rodata        0x0000008000013060       0x11 stdio.o
 *fill*         0x0000008000013071        0x7 
 .rodata        0x0000008000013078      0x1f8 vfprintf.o
 .rodata        0x0000008000013270      0x200 vsprintf.o
 .rodata        0x0000008000013470       0x11 sscanf.o
 *fill*         0x0000008000013481        0x7 
 .rodata        0x0000008000013488      0x1f0 vfscanf.o
 .rodata        0x0000008000013678       0x12 freopen.o
 .rodata        0x000000800001368a        0x3 rename.o
 .rodata        0x000000800001368d        0xa ferror.o
 .rodata        0x0000008000013697        0xb setvbuf.o
 .rodata        0x00000080000136a2        0xc clearerr.o
 .rodata        0x00000080000136ae        0xb tmpfile.o
 .rodata        0x00000080000136b9        0x4 getenv.o
 .rodata        0x00000080000136bd       0x1d system.o
 *fill*         0x00000080000136da        0x6 
 .rodata        0x00000080000136e0       0x20 strtod.o
 .rodata        0x0000008000013700       0x28 ftoa.o
 .rodata        0x0000008000013728        0x8 difftime.o
 .rodata        0x0000008000013730        0x8 math.o
 .rodata        0x0000008000013738        0x8 atan.o
 .rodata        0x0000008000013740        0x8 acos.o
 .rodata        0x0000008000013748        0x8 asin.o
 .rodata        0x0000008000013750       0x90 sin.o
 .rodata        0x00000080000137e0       0x20 cos.o
 .rodata        0x0000008000013800        0x8 floor.o
 .rodata        0x0000008000013808        0x8 exp.o
 .rodata        0x0000008000013810       0x30 log.o
 .rodata        0x0000008000013840       0x20 fabs.o
 .rodata        0x0000008000013860        0x8 log2.o
 .rodata        0x0000008000013868       0x42 signal.o
                0x0000008000014000                . = ALIGN (0x1000)
 *fill*         0x00000080000138aa      0x756 

.got            0x0000008000014000       0x70
 .got           0x0000008000014000       0x70 setup.o

.got.plt        0x0000008000014070       0x18
 .got.plt       0x0000008000014070       0x18 setup.o
                0x0000008000014070                _GLOBAL_OFFSET_TABLE_

.igot.plt       0x0000008000014088        0x0
 .igot.plt      0x0000008000014088        0x0 setup.o

.data.rel.local
                0x00000080000140a0     0x1400
 .data.rel.local
                0x00000080000140a0     0x1400 pci.o
                0x00000080000140a0                pci_classes
                0x00000080000148a0                pci_class_names

.bss            0x00000080000154a0    0x10b60
                0x00000080000154a0                bss = .
                0x00000080000154a0                _bss = .
                0x00000080000154a0                __bss = .
 *(.bss)
 .bss           0x00000080000154a0        0x0 crt0.o
 .bss           0x00000080000154a0        0x0 pci.o
 .bss           0x00000080000154a0        0x0 file.o
 .bss           0x00000080000154a0        0x0 cfs.o
 .bss           0x00000080000154a0        0x0 alloc.o
 .bss           0x00000080000154a0        0x0 pipe.o
 .bss           0x00000080000154a0        0x0 path.o
 .bss           0x00000080000154a0        0x0 socket.o
 .bss           0x00000080000154a0        0x0 inet.o
 .bss           0x00000080000154a0        0x0 communication.o
 .bss           0x00000080000154a0        0x0 sys_exit.o
 .bss           0x00000080000154a0        0x0 wait.o
 .bss           0x00000080000154a0        0x0 exectve.o
 .bss           0x00000080000154a0        0x0 dns.o
 .bss           0x00000080000154a0        0x0 pthread.o
 .bss           0x00000080000154a0        0x0 gui.o
 .bss           0x00000080000154a0        0x0 font8x16.o
 .bss           0x00000080000154a0        0x0 window.o
 .bss           0x00000080000154a0        0x0 bmp.o
 .bss           0x00000080000154a0        0x0 font.o
 .bss           0x00000080000154a0        0x0 border.o
 .bss           0x00000080000154a0        0x0 libterm.o
 .bss           0x00000080000154a0        0x0 memcmp.o
 .bss           0x00000080000154a0        0x0 memcpy.o
 .bss           0x00000080000154a0        0x0 memset.o
 .bss           0x00000080000154a0        0x0 strcasecmp.o
 .bss           0x00000080000154a0        0x0 strcat.o
 .bss           0x00000080000154a0        0x0 strchr.o
 .bss           0x00000080000154a0        0x0 strcmp.o
 .bss           0x00000080000154a0        0x0 strcpy.o
 .bss           0x00000080000154a0        0x0 strcspn.o
 .bss           0x00000080000154a0        0x0 string.o
 .bss           0x00000080000154a0        0x0 strlen.o
 .bss           0x00000080000154a0        0x0 strncasecmp.o
 .bss           0x00000080000154a0        0x0 strncmp.o
 .bss           0x00000080000154a0        0x0 strncpy.o
 .bss           0x00000080000154a0        0x0 strpbrk.o
 .bss           0x00000080000154a0        0x0 strrchr.o
 .bss           0x00000080000154a0        0x0 strsep.o
 .bss           0x00000080000154a0        0x0 strspn.o
 .bss           0x00000080000154a0        0x8 strtok.o
 .bss           0x00000080000154a8        0x0 strstr.o
 .bss           0x00000080000154a8        0x0 strdup.o
 .bss           0x00000080000154a8        0x0 memmove.o
 .bss           0x00000080000154a8        0x0 strcoll.o
 .bss           0x00000080000154a8        0x0 strerror.o
 .bss           0x00000080000154a8        0x0 memchr.o
 .bss           0x00000080000154a8        0x0 ctype.o
 .bss           0x00000080000154a8        0x0 tolower.o
 .bss           0x00000080000154a8        0x0 toupper.o
 .bss           0x00000080000154a8        0x0 stdio.o
 .bss           0x00000080000154a8        0x0 fopen.o
 .bss           0x00000080000154a8        0x0 fclose.o
 .bss           0x00000080000154a8        0x0 fflush.o
 .bss           0x00000080000154a8        0x0 putc.o
 .bss           0x00000080000154a8        0x0 getc.o
 .bss           0x00000080000154a8        0x0 fputc.o
 .bss           0x00000080000154a8        0x0 fgetc.o
 .bss           0x00000080000154a8        0x0 fgets.o
 .bss           0x00000080000154a8        0x0 fputs.o
 .bss           0x00000080000154a8        0x0 fread.o
 .bss           0x00000080000154a8        0x0 fwrite.o
 .bss           0x00000080000154a8        0x0 remove.o
 .bss           0x00000080000154a8        0x0 rewind.o
 .bss           0x00000080000154a8        0x0 fseek.o
 .bss           0x00000080000154a8        0x0 feof.o
 .bss           0x00000080000154a8        0x0 ftell.o
 .bss           0x00000080000154a8        0x0 vfprintf.o
 .bss           0x00000080000154a8        0x0 fprintf.o
 .bss           0x00000080000154a8        0x0 vsprintf.o
 .bss           0x00000080000154a8        0x0 sprintf.o
 .bss           0x00000080000154a8        0x0 snprintf.o
 *fill*         0x00000080000154a8       0x18 
 .bss           0x00000080000154c0    0x10000 vsnprintf.o
 .bss           0x00000080000254c0        0x0 putchar.o
 .bss           0x00000080000254c0        0x0 puts.o
 .bss           0x00000080000254c0        0x0 printf.o
 .bss           0x00000080000254c0        0x0 sscanf.o
 .bss           0x00000080000254c0        0x0 perror.o
 .bss           0x00000080000254c0      0x200 vfscanf.o
 .bss           0x00000080000256c0        0x0 fscanf.o
 .bss           0x00000080000256c0        0x0 scanf.o
 .bss           0x00000080000256c0        0x0 ungetc.o
 .bss           0x00000080000256c0        0x0 getchar.o
 .bss           0x00000080000256c0        0x0 freopen.o
 .bss           0x00000080000256c0       0x60 tmpnam.o
 .bss           0x0000008000025720        0x0 rename.o
 .bss           0x0000008000025720        0x0 ferror.o
 .bss           0x0000008000025720        0x0 setvbuf.o
 .bss           0x0000008000025720        0x0 clearerr.o
 .bss           0x0000008000025720        0x0 tmpfile.o
 .bss           0x0000008000025720        0x0 itoa.o
 .bss           0x0000008000025720        0x0 i2hex.o
 .bss           0x0000008000025720        0x0 malloc.o
 .bss           0x0000008000025720        0x0 calloc.o
 .bss           0x0000008000025720        0x0 free.o
 .bss           0x0000008000025720        0x0 realloc.o
 .bss           0x0000008000025720        0x0 div.o
 .bss           0x0000008000025720        0x0 ldiv.o
 .bss           0x0000008000025720        0x0 lldiv.o
 .bss           0x0000008000025720        0x0 strtol.o
 .bss           0x0000008000025720        0x0 atoi.o
 .bss           0x0000008000025720        0x0 atol.o
 .bss           0x0000008000025720        0x0 strtoul.o
 .bss           0x0000008000025720        0x0 exit.o
 .bss           0x0000008000025720        0x0 getenv.o
 .bss           0x0000008000025720        0xc qsort.o
 .bss           0x000000800002572c        0x0 system.o
 .bss           0x000000800002572c        0x0 strtod.o
 .bss           0x000000800002572c        0x0 ftoa.o
 .bss           0x000000800002572c        0x0 atof.o
 .bss           0x000000800002572c        0x0 strtof.o
 .bss           0x000000800002572c        0x0 strtold.o
 .bss           0x000000800002572c        0x0 abs.o
 .bss           0x000000800002572c        0x0 ltoa.o
 .bss           0x000000800002572c        0x0 utoa.o
 .bss           0x000000800002572c        0x0 srand.o
 .bss           0x000000800002572c        0x0 rand.o
 .bss           0x000000800002572c        0x0 abort.o
 .bss           0x000000800002572c        0x0 errno.o
 .bss           0x000000800002572c        0x0 time.o
 .bss           0x000000800002572c        0x0 gmtime.o
 .bss           0x000000800002572c        0x0 localtime.o
 .bss           0x000000800002572c        0x0 strftime.o
 .bss           0x000000800002572c        0x0 clock.o
 .bss           0x000000800002572c        0x0 difftime.o
 .bss           0x000000800002572c        0x0 mktime.o
 .bss           0x000000800002572c        0x0 math.o
 .bss           0x000000800002572c        0x0 pow.o
 .bss           0x000000800002572c        0x0 sqrt.o
 .bss           0x000000800002572c        0x0 atan.o
 .bss           0x000000800002572c        0x0 acos.o
 .bss           0x000000800002572c        0x0 asin.o
 .bss           0x000000800002572c        0x0 sin.o
 .bss           0x000000800002572c        0x0 tan.o
 .bss           0x000000800002572c        0x0 cos.o
 .bss           0x000000800002572c        0x0 floor.o
 .bss           0x000000800002572c        0x0 ceil.o
 .bss           0x000000800002572c        0x0 exp.o
 .bss           0x000000800002572c        0x0 log.o
 .bss           0x000000800002572c        0x0 fmax.o
 .bss           0x000000800002572c        0x0 fmin.o
 .bss           0x000000800002572c        0x0 fminf.o
 .bss           0x000000800002572c        0x0 min.o
 .bss           0x000000800002572c        0x0 max.o
 .bss           0x000000800002572c        0x0 fabs.o
 .bss           0x000000800002572c        0x0 log2.o
 .bss           0x000000800002572c        0x0 modf.o
 .bss           0x000000800002572c        0x0 locale.o
 .bss           0x000000800002572c        0x0 signal.o
 *(COMMON)
 *fill*         0x000000800002572c        0x4 
 COMMON         0x0000008000025730       0x68 crt0.o
                0x0000008000025730                stdout
                0x0000008000025738                __tm
                0x0000008000025740                mouse2
                0x0000008000025748                __pipe__
                0x0000008000025750                user
                0x0000008000025758                stdin
                0x0000008000025760                obj_list
                0x0000008000025768                pwd
                0x0000008000025770                ptr_mouse2
                0x0000008000025778                stderr
                0x0000008000025780                mouse
                0x0000008000025788                __window
                0x0000008000025790                pipe_r
 *fill*         0x0000008000025798        0x8 
 COMMON         0x00000080000257a0      0x820 cfs.o
                0x00000080000257a0                fs_directory
                0x00000080000257c0                _BLK_
 COMMON         0x0000008000025fc0        0x8 libterm.o
                0x0000008000025fc0                term_bg_color
                0x0000008000025fc4                term_fg_color
 COMMON         0x0000008000025fc8        0x4 errno.o
                0x0000008000025fc8                errno
                0x0000008000026000                . = ALIGN (0x1000)
 *fill*         0x0000008000025fcc       0x34 

.eh_frame       0x0000008000026000     0x3000
                0x0000008000026000                eh_frame = .
 *(.eh_frame)
 .eh_frame      0x0000008000026000       0x48 crt0.o
 .eh_frame      0x0000008000026048       0x98 pci.o
                                         0xb0 (size before relaxing)
 .eh_frame      0x00000080000260e0      0x1f8 file.o
                                        0x210 (size before relaxing)
 .eh_frame      0x00000080000262d8      0x350 cfs.o
                                        0x368 (size before relaxing)
 .eh_frame      0x0000008000026628       0x60 alloc.o
                                         0x78 (size before relaxing)
 .eh_frame      0x0000008000026688       0x60 pipe.o
                                         0x78 (size before relaxing)
 .eh_frame      0x00000080000266e8       0xc8 path.o
                                         0xe0 (size before relaxing)
 .eh_frame      0x00000080000267b0      0x1a8 socket.o
                                        0x1c0 (size before relaxing)
 .eh_frame      0x0000008000026958       0xd0 inet.o
                                         0xe8 (size before relaxing)
 .eh_frame      0x0000008000026a28       0x70 communication.o
                                         0x88 (size before relaxing)
 .eh_frame      0x0000008000026a98       0x20 sys_exit.o
                                         0x38 (size before relaxing)
 .eh_frame      0x0000008000026ab8       0x20 wait.o
                                         0x38 (size before relaxing)
 .eh_frame      0x0000008000026ad8       0x30 exectve.o
                                         0x48 (size before relaxing)
 .eh_frame      0x0000008000026b08       0x90 dns.o
                                         0xa8 (size before relaxing)
 .eh_frame      0x0000008000026b98       0x68 pthread.o
                                         0x80 (size before relaxing)
 .eh_frame      0x0000008000026c00       0x48 gui.o
                                         0x60 (size before relaxing)
 .eh_frame      0x0000008000026c48      0x228 window.o
                                        0x240 (size before relaxing)
 .eh_frame      0x0000008000026e70       0x58 bmp.o
                                         0x70 (size before relaxing)
 .eh_frame      0x0000008000026ec8       0x28 font.o
                                         0x40 (size before relaxing)
 .eh_frame      0x0000008000026ef0       0x30 border.o
                                         0x48 (size before relaxing)
 .eh_frame      0x0000008000026f20       0x20 libterm.o
                                         0x38 (size before relaxing)
 .eh_frame      0x0000008000026f40       0x20 memcmp.o
                                         0x38 (size before relaxing)
 .eh_frame      0x0000008000026f60       0x20 memcpy.o
                                         0x38 (size before relaxing)
 .eh_frame      0x0000008000026f80       0x20 memset.o
                                         0x38 (size before relaxing)
 .eh_frame      0x0000008000026fa0       0x28 strcasecmp.o
                                         0x40 (size before relaxing)
 .eh_frame      0x0000008000026fc8       0x28 strcat.o
                                         0x40 (size before relaxing)
 .eh_frame      0x0000008000026ff0       0x20 strchr.o
                                         0x38 (size before relaxing)
 .eh_frame      0x0000008000027010       0x20 strcmp.o
                                         0x38 (size before relaxing)
 .eh_frame      0x0000008000027030       0x20 strcpy.o
                                         0x38 (size before relaxing)
 .eh_frame      0x0000008000027050       0x48 strcspn.o
                                         0x60 (size before relaxing)
 .eh_frame      0x0000008000027098       0x20 strlen.o
                                         0x38 (size before relaxing)
 .eh_frame      0x00000080000270b8       0x28 strncasecmp.o
                                         0x40 (size before relaxing)
 .eh_frame      0x00000080000270e0       0x20 strncmp.o
                                         0x38 (size before relaxing)
 .eh_frame      0x0000008000027100       0x20 strncpy.o
                                         0x38 (size before relaxing)
 .eh_frame      0x0000008000027120       0x28 strpbrk.o
                                         0x40 (size before relaxing)
 .eh_frame      0x0000008000027148       0x28 strrchr.o
                                         0x40 (size before relaxing)
 .eh_frame      0x0000008000027170       0x20 strsep.o
                                         0x38 (size before relaxing)
 .eh_frame      0x0000008000027190       0x20 strspn.o
                                         0x38 (size before relaxing)
 .eh_frame      0x00000080000271b0       0x40 strtok.o
                                         0x58 (size before relaxing)
 .eh_frame      0x00000080000271f0       0x28 strstr.o
                                         0x40 (size before relaxing)
 .eh_frame      0x0000008000027218       0x28 strdup.o
                                         0x40 (size before relaxing)
 .eh_frame      0x0000008000027240       0x20 memmove.o
                                         0x38 (size before relaxing)
 .eh_frame      0x0000008000027260       0x28 strcoll.o
                                         0x40 (size before relaxing)
 .eh_frame      0x0000008000027288       0x20 strerror.o
                                         0x38 (size before relaxing)
 .eh_frame      0x00000080000272a8       0x20 memchr.o
                                         0x38 (size before relaxing)
 .eh_frame      0x00000080000272c8       0x20 tolower.o
                                         0x38 (size before relaxing)
 .eh_frame      0x00000080000272e8       0x20 toupper.o
                                         0x38 (size before relaxing)
 .eh_frame      0x0000008000027308       0x28 stdio.o
                                         0x40 (size before relaxing)
 .eh_frame      0x0000008000027330       0x28 fopen.o
                                         0x40 (size before relaxing)
 .eh_frame      0x0000008000027358       0x28 fclose.o
                                         0x40 (size before relaxing)
 .eh_frame      0x0000008000027380       0x28 fflush.o
                                         0x40 (size before relaxing)
 .eh_frame      0x00000080000273a8       0x28 putc.o
                                         0x40 (size before relaxing)
 .eh_frame      0x00000080000273d0       0x28 getc.o
                                         0x40 (size before relaxing)
 .eh_frame      0x00000080000273f8       0x28 fputc.o
                                         0x40 (size before relaxing)
 .eh_frame      0x0000008000027420       0x28 fgetc.o
                                         0x40 (size before relaxing)
 .eh_frame      0x0000008000027448       0x30 fgets.o
                                         0x48 (size before relaxing)
 .eh_frame      0x0000008000027478       0x28 fputs.o
                                         0x40 (size before relaxing)
 .eh_frame      0x00000080000274a0       0x28 fread.o
                                         0x40 (size before relaxing)
 .eh_frame      0x00000080000274c8       0x28 fwrite.o
                                         0x40 (size before relaxing)
 .eh_frame      0x00000080000274f0       0x28 remove.o
                                         0x40 (size before relaxing)
 .eh_frame      0x0000008000027518       0x28 rewind.o
                                         0x40 (size before relaxing)
 .eh_frame      0x0000008000027540       0x28 fseek.o
                                         0x40 (size before relaxing)
 .eh_frame      0x0000008000027568       0x20 feof.o
                                         0x38 (size before relaxing)
 .eh_frame      0x0000008000027588       0x28 ftell.o
                                         0x40 (size before relaxing)
 .eh_frame      0x00000080000275b0       0x50 vfprintf.o
                                         0x68 (size before relaxing)
 .eh_frame      0x0000008000027600       0x28 fprintf.o
                                         0x40 (size before relaxing)
 .eh_frame      0x0000008000027628       0x70 vsprintf.o
                                         0x88 (size before relaxing)
 .eh_frame      0x0000008000027698       0x28 sprintf.o
                                         0x40 (size before relaxing)
 .eh_frame      0x00000080000276c0       0x28 snprintf.o
                                         0x40 (size before relaxing)
 .eh_frame      0x00000080000276e8       0x28 vsnprintf.o
                                         0x40 (size before relaxing)
 .eh_frame      0x0000008000027710       0x28 putchar.o
                                         0x40 (size before relaxing)
 .eh_frame      0x0000008000027738       0x28 puts.o
                                         0x40 (size before relaxing)
 .eh_frame      0x0000008000027760       0x28 printf.o
                                         0x40 (size before relaxing)
 .eh_frame      0x0000008000027788       0x20 sscanf.o
                                         0x38 (size before relaxing)
 .eh_frame      0x00000080000277a8       0x28 perror.o
                                         0x40 (size before relaxing)
 .eh_frame      0x00000080000277d0       0xe8 vfscanf.o
                                        0x100 (size before relaxing)
 .eh_frame      0x00000080000278b8       0x28 fscanf.o
                                         0x40 (size before relaxing)
 .eh_frame      0x00000080000278e0       0x28 scanf.o
                                         0x40 (size before relaxing)
 .eh_frame      0x0000008000027908       0x20 ungetc.o
                                         0x38 (size before relaxing)
 .eh_frame      0x0000008000027928       0x28 getchar.o
                                         0x40 (size before relaxing)
 .eh_frame      0x0000008000027950       0x20 freopen.o
                                         0x38 (size before relaxing)
 .eh_frame      0x0000008000027970       0x48 tmpnam.o
                                         0x60 (size before relaxing)
 .eh_frame      0x00000080000279b8       0x28 rename.o
                                         0x40 (size before relaxing)
 .eh_frame      0x00000080000279e0       0x20 ferror.o
                                         0x38 (size before relaxing)
 .eh_frame      0x0000008000027a00       0x20 setvbuf.o
                                         0x38 (size before relaxing)
 .eh_frame      0x0000008000027a20       0x20 clearerr.o
                                         0x38 (size before relaxing)
 .eh_frame      0x0000008000027a40       0x20 tmpfile.o
                                         0x38 (size before relaxing)
 .eh_frame      0x0000008000027a60       0x20 itoa.o
                                         0x38 (size before relaxing)
 .eh_frame      0x0000008000027a80       0x30 i2hex.o
                                         0x48 (size before relaxing)
 .eh_frame      0x0000008000027ab0       0x28 malloc.o
                                         0x40 (size before relaxing)
 .eh_frame      0x0000008000027ad8       0x28 calloc.o
                                         0x40 (size before relaxing)
 .eh_frame      0x0000008000027b00       0x28 free.o
                                         0x40 (size before relaxing)
 .eh_frame      0x0000008000027b28       0x28 realloc.o
                                         0x40 (size before relaxing)
 .eh_frame      0x0000008000027b50       0x20 div.o
                                         0x38 (size before relaxing)
 .eh_frame      0x0000008000027b70       0x20 ldiv.o
                                         0x38 (size before relaxing)
 .eh_frame      0x0000008000027b90       0x20 lldiv.o
                                         0x38 (size before relaxing)
 .eh_frame      0x0000008000027bb0       0x20 strtol.o
                                         0x38 (size before relaxing)
 .eh_frame      0x0000008000027bd0       0x28 atoi.o
                                         0x40 (size before relaxing)
 .eh_frame      0x0000008000027bf8       0x28 atol.o
                                         0x40 (size before relaxing)
 .eh_frame      0x0000008000027c20       0x38 strtoul.o
                                         0x50 (size before relaxing)
 .eh_frame      0x0000008000027c58       0x28 exit.o
                                         0x40 (size before relaxing)
 .eh_frame      0x0000008000027c80       0x28 getenv.o
                                         0x40 (size before relaxing)
 .eh_frame      0x0000008000027ca8       0x98 qsort.o
                                         0xb0 (size before relaxing)
 .eh_frame      0x0000008000027d40       0x28 system.o
                                         0x40 (size before relaxing)
 .eh_frame      0x0000008000027d68       0x20 strtod.o
                                         0x38 (size before relaxing)
 .eh_frame      0x0000008000027d88       0x50 ftoa.o
                                         0x68 (size before relaxing)
 .eh_frame      0x0000008000027dd8       0x28 atof.o
                                         0x40 (size before relaxing)
 .eh_frame      0x0000008000027e00       0x28 strtof.o
                                         0x40 (size before relaxing)
 .eh_frame      0x0000008000027e28       0x28 strtold.o
                                         0x40 (size before relaxing)
 .eh_frame      0x0000008000027e50       0x20 abs.o
                                         0x38 (size before relaxing)
 .eh_frame      0x0000008000027e70       0x48 ltoa.o
                                         0x60 (size before relaxing)
 .eh_frame      0x0000008000027eb8       0x48 utoa.o
                                         0x60 (size before relaxing)
 .eh_frame      0x0000008000027f00       0x20 srand.o
                                         0x38 (size before relaxing)
 .eh_frame      0x0000008000027f20       0x20 rand.o
                                         0x38 (size before relaxing)
 .eh_frame      0x0000008000027f40       0x28 abort.o
                                         0x40 (size before relaxing)
 .eh_frame      0x0000008000027f68       0x20 time.o
                                         0x38 (size before relaxing)
 .eh_frame      0x0000008000027f88       0x20 gmtime.o
                                         0x38 (size before relaxing)
 .eh_frame      0x0000008000027fa8       0x20 localtime.o
                                         0x38 (size before relaxing)
 .eh_frame      0x0000008000027fc8       0x20 strftime.o
                                         0x38 (size before relaxing)
 .eh_frame      0x0000008000027fe8       0x20 clock.o
                                         0x38 (size before relaxing)
 .eh_frame      0x0000008000028008       0x20 difftime.o
                                         0x38 (size before relaxing)
 .eh_frame      0x0000008000028028       0x20 mktime.o
                                         0x38 (size before relaxing)
 .eh_frame      0x0000008000028048       0xe0 math.o
                                         0xf8 (size before relaxing)
 .eh_frame      0x0000008000028128       0x20 pow.o
                                         0x38 (size before relaxing)
 .eh_frame      0x0000008000028148       0x20 sqrt.o
                                         0x38 (size before relaxing)
 .eh_frame      0x0000008000028168       0x20 atan.o
                                         0x38 (size before relaxing)
 .eh_frame      0x0000008000028188       0x20 acos.o
                                         0x38 (size before relaxing)
 .eh_frame      0x00000080000281a8       0x20 asin.o
                                         0x38 (size before relaxing)
 .eh_frame      0x00000080000281c8       0x50 sin.o
                                         0x68 (size before relaxing)
 .eh_frame      0x0000008000028218       0x28 tan.o
                                         0x40 (size before relaxing)
 .eh_frame      0x0000008000028240       0x28 cos.o
                                         0x40 (size before relaxing)
 .eh_frame      0x0000008000028268       0x20 floor.o
                                         0x38 (size before relaxing)
 .eh_frame      0x0000008000028288       0x20 ceil.o
                                         0x38 (size before relaxing)
 .eh_frame      0x00000080000282a8       0x28 exp.o
                                         0x40 (size before relaxing)
 .eh_frame      0x00000080000282d0       0x20 log.o
                                         0x38 (size before relaxing)
 .eh_frame      0x00000080000282f0       0x20 fmax.o
                                         0x38 (size before relaxing)
 .eh_frame      0x0000008000028310       0x20 fmin.o
                                         0x38 (size before relaxing)
 .eh_frame      0x0000008000028330       0x20 fminf.o
                                         0x38 (size before relaxing)
 .eh_frame      0x0000008000028350       0x20 min.o
                                         0x38 (size before relaxing)
 .eh_frame      0x0000008000028370       0x20 max.o
                                         0x38 (size before relaxing)
 .eh_frame      0x0000008000028390       0x20 fabs.o
                                         0x38 (size before relaxing)
 .eh_frame      0x00000080000283b0       0x20 log2.o
                                         0x38 (size before relaxing)
 .eh_frame      0x00000080000283d0       0x20 modf.o
                                         0x38 (size before relaxing)
 .eh_frame      0x00000080000283f0       0x20 locale.o
                                         0x38 (size before relaxing)
 .eh_frame      0x0000008000028410       0x38 signal.o
                                         0x50 (size before relaxing)
                0x0000008000029000                . = ALIGN (0x1000)
 *fill*         0x0000008000028448      0xbb8 
                0x0000008000029000                end = .
                0x0000008000029000                _end = .
                0x0000008000029000                __end = .
LOAD setup.o
LOAD crt0.o
LOAD pci.o
LOAD file.o
LOAD cfs.o
LOAD alloc.o
LOAD pipe.o
LOAD path.o
LOAD socket.o
LOAD inet.o
LOAD communication.o
LOAD sys_exit.o
LOAD wait.o
LOAD exectve.o
LOAD dns.o
LOAD pthread.o
LOAD gui.o
LOAD font8x16.o
LOAD window.o
LOAD bmp.o
LOAD font.o
LOAD border.o
LOAD libterm.o
LOAD memcmp.o
LOAD memcpy.o
LOAD memset.o
LOAD strcasecmp.o
LOAD strcat.o
LOAD strchr.o
LOAD strcmp.o
LOAD strcpy.o
LOAD strcspn.o
LOAD string.o
LOAD strlen.o
LOAD strncasecmp.o
LOAD strncmp.o
LOAD strncpy.o
LOAD strpbrk.o
LOAD strrchr.o
LOAD strsep.o
LOAD strspn.o
LOAD strtok.o
LOAD strstr.o
LOAD strdup.o
LOAD memmove.o
LOAD strcoll.o
LOAD strerror.o
LOAD memchr.o
LOAD ctype.o
LOAD tolower.o
LOAD toupper.o
LOAD stdio.o
LOAD fopen.o
LOAD fclose.o
LOAD fflush.o
LOAD putc.o
LOAD getc.o
LOAD fputc.o
LOAD fgetc.o
LOAD fgets.o
LOAD fputs.o
LOAD fread.o
LOAD fwrite.o
LOAD remove.o
LOAD rewind.o
LOAD fseek.o
LOAD feof.o
LOAD ftell.o
LOAD vfprintf.o
LOAD fprintf.o
LOAD vsprintf.o
LOAD sprintf.o
LOAD snprintf.o
LOAD vsnprintf.o
LOAD putchar.o
LOAD puts.o
LOAD printf.o
LOAD sscanf.o
LOAD perror.o
LOAD vfscanf.o
LOAD fscanf.o
LOAD scanf.o
LOAD ungetc.o
LOAD getchar.o
LOAD freopen.o
LOAD tmpnam.o
LOAD rename.o
LOAD ferror.o
LOAD setvbuf.o
LOAD clearerr.o
LOAD tmpfile.o
LOAD itoa.o
LOAD i2hex.o
LOAD malloc.o
LOAD calloc.o
LOAD free.o
LOAD realloc.o
LOAD div.o
LOAD ldiv.o
LOAD lldiv.o
LOAD strtol.o
LOAD atoi.o
LOAD atol.o
LOAD strtoul.o
LOAD exit.o
LOAD getenv.o
LOAD qsort.o
LOAD system.o
LOAD strtod.o
LOAD ftoa.o
LOAD atof.o
LOAD strtof.o
LOAD strtold.o
LOAD abs.o
LOAD ltoa.o
LOAD utoa.o
LOAD srand.o
LOAD rand.o
LOAD abort.o
LOAD errno.o
LOAD time.o
LOAD gmtime.o
LOAD localtime.o
LOAD strftime.o
LOAD clock.o
LOAD difftime.o
LOAD mktime.o
LOAD math.o
LOAD pow.o
LOAD sqrt.o
LOAD atan.o
LOAD acos.o
LOAD asin.o
LOAD sin.o
LOAD tan.o
LOAD cos.o
LOAD floor.o
LOAD ceil.o
LOAD exp.o
LOAD log.o
LOAD fmax.o
LOAD fmin.o
LOAD fminf.o
LOAD min.o
LOAD max.o
LOAD fabs.o
LOAD lbm.o
LOAD log2.o
LOAD modf.o
LOAD locale.o
LOAD signal.o
LOAD setjmp.o
LOAD longjmp.o
OUTPUT(pci.bin elf64-x86-64)

.rela.dyn       0x0000008000029000        0x0
 .rela.got      0x0000008000029000        0x0 setup.o
 .rela.iplt     0x0000008000029000        0x0 setup.o
 .rela.text     0x0000008000029000        0x0 setup.o

.comment        0x0000000000000000       0x2b
 .comment       0x0000000000000000       0x2b crt0.o
                                         0x2c (size before relaxing)
 .comment       0x000000000000002b       0x2c pci.o
 .comment       0x000000000000002b       0x2c file.o
 .comment       0x000000000000002b       0x2c cfs.o
 .comment       0x000000000000002b       0x2c alloc.o
 .comment       0x000000000000002b       0x2c pipe.o
 .comment       0x000000000000002b       0x2c path.o
 .comment       0x000000000000002b       0x2c socket.o
 .comment       0x000000000000002b       0x2c inet.o
 .comment       0x000000000000002b       0x2c communication.o
 .comment       0x000000000000002b       0x2c sys_exit.o
 .comment       0x000000000000002b       0x2c wait.o
 .comment       0x000000000000002b       0x2c exectve.o
 .comment       0x000000000000002b       0x2c dns.o
 .comment       0x000000000000002b       0x2c pthread.o
 .comment       0x000000000000002b       0x2c gui.o
 .comment       0x000000000000002b       0x2c font8x16.o
 .comment       0x000000000000002b       0x2c window.o
 .comment       0x000000000000002b       0x2c bmp.o
 .comment       0x000000000000002b       0x2c font.o
 .comment       0x000000000000002b       0x2c border.o
 .comment       0x000000000000002b       0x2c libterm.o
 .comment       0x000000000000002b       0x2c memcmp.o
 .comment       0x000000000000002b       0x2c memcpy.o
 .comment       0x000000000000002b       0x2c memset.o
 .comment       0x000000000000002b       0x2c strcasecmp.o
 .comment       0x000000000000002b       0x2c strcat.o
 .comment       0x000000000000002b       0x2c strchr.o
 .comment       0x000000000000002b       0x2c strcmp.o
 .comment       0x000000000000002b       0x2c strcpy.o
 .comment       0x000000000000002b       0x2c strcspn.o
 .comment       0x000000000000002b       0x2c string.o
 .comment       0x000000000000002b       0x2c strlen.o
 .comment       0x000000000000002b       0x2c strncasecmp.o
 .comment       0x000000000000002b       0x2c strncmp.o
 .comment       0x000000000000002b       0x2c strncpy.o
 .comment       0x000000000000002b       0x2c strpbrk.o
 .comment       0x000000000000002b       0x2c strrchr.o
 .comment       0x000000000000002b       0x2c strsep.o
 .comment       0x000000000000002b       0x2c strspn.o
 .comment       0x000000000000002b       0x2c strtok.o
 .comment       0x000000000000002b       0x2c strstr.o
 .comment       0x000000000000002b       0x2c strdup.o
 .comment       0x000000000000002b       0x2c memmove.o
 .comment       0x000000000000002b       0x2c strcoll.o
 .comment       0x000000000000002b       0x2c strerror.o
 .comment       0x000000000000002b       0x2c memchr.o
 .comment       0x000000000000002b       0x2c ctype.o
 .comment       0x000000000000002b       0x2c tolower.o
 .comment       0x000000000000002b       0x2c toupper.o
 .comment       0x000000000000002b       0x2c stdio.o
 .comment       0x000000000000002b       0x2c fopen.o
 .comment       0x000000000000002b       0x2c fclose.o
 .comment       0x000000000000002b       0x2c fflush.o
 .comment       0x000000000000002b       0x2c putc.o
 .comment       0x000000000000002b       0x2c getc.o
 .comment       0x000000000000002b       0x2c fputc.o
 .comment       0x000000000000002b       0x2c fgetc.o
 .comment       0x000000000000002b       0x2c fgets.o
 .comment       0x000000000000002b       0x2c fputs.o
 .comment       0x000000000000002b       0x2c fread.o
 .comment       0x000000000000002b       0x2c fwrite.o
 .comment       0x000000000000002b       0x2c remove.o
 .comment       0x000000000000002b       0x2c rewind.o
 .comment       0x000000000000002b       0x2c fseek.o
 .comment       0x000000000000002b       0x2c feof.o
 .comment       0x000000000000002b       0x2c ftell.o
 .comment       0x000000000000002b       0x2c vfprintf.o
 .comment       0x000000000000002b       0x2c fprintf.o
 .comment       0x000000000000002b       0x2c vsprintf.o
 .comment       0x000000000000002b       0x2c sprintf.o
 .comment       0x000000000000002b       0x2c snprintf.o
 .comment       0x000000000000002b       0x2c vsnprintf.o
 .comment       0x000000000000002b       0x2c putchar.o
 .comment       0x000000000000002b       0x2c puts.o
 .comment       0x000000000000002b       0x2c printf.o
 .comment       0x000000000000002b       0x2c sscanf.o
 .comment       0x000000000000002b       0x2c perror.o
 .comment       0x000000000000002b       0x2c vfscanf.o
 .comment       0x000000000000002b       0x2c fscanf.o
 .comment       0x000000000000002b       0x2c scanf.o
 .comment       0x000000000000002b       0x2c ungetc.o
 .comment       0x000000000000002b       0x2c getchar.o
 .comment       0x000000000000002b       0x2c freopen.o
 .comment       0x000000000000002b       0x2c tmpnam.o
 .comment       0x000000000000002b       0x2c rename.o
 .comment       0x000000000000002b       0x2c ferror.o
 .comment       0x000000000000002b       0x2c setvbuf.o
 .comment       0x000000000000002b       0x2c clearerr.o
 .comment       0x000000000000002b       0x2c tmpfile.o
 .comment       0x000000000000002b       0x2c itoa.o
 .comment       0x000000000000002b       0x2c i2hex.o
 .comment       0x000000000000002b       0x2c malloc.o
 .comment       0x000000000000002b       0x2c calloc.o
 .comment       0x000000000000002b       0x2c free.o
 .comment       0x000000000000002b       0x2c realloc.o
 .comment       0x000000000000002b       0x2c div.o
 .comment       0x000000000000002b       0x2c ldiv.o
 .comment       0x000000000000002b       0x2c lldiv.o
 .comment       0x000000000000002b       0x2c strtol.o
 .comment       0x000000000000002b       0x2c atoi.o
 .comment       0x000000000000002b       0x2c atol.o
 .comment       0x000000000000002b       0x2c strtoul.o
 .comment       0x000000000000002b       0x2c exit.o
 .comment       0x000000000000002b       0x2c getenv.o
 .comment       0x000000000000002b       0x2c qsort.o
 .comment       0x000000000000002b       0x2c system.o
 .comment       0x000000000000002b       0x2c strtod.o
 .comment       0x000000000000002b       0x2c ftoa.o
 .comment       0x000000000000002b       0x2c atof.o
 .comment       0x000000000000002b       0x2c strtof.o
 .comment       0x000000000000002b       0x2c strtold.o
 .comment       0x000000000000002b       0x2c abs.o
 .comment       0x000000000000002b       0x2c ltoa.o
 .comment       0x000000000000002b       0x2c utoa.o
 .comment       0x000000000000002b       0x2c srand.o
 .comment       0x000000000000002b       0x2c rand.o
 .comment       0x000000000000002b       0x2c abort.o
 .comment       0x000000000000002b       0x2c errno.o
 .comment       0x000000000000002b       0x2c time.o
 .comment       0x000000000000002b       0x2c gmtime.o
 .comment       0x000000000000002b       0x2c localtime.o
 .comment       0x000000000000002b       0x2c strftime.o
 .comment       0x000000000000002b       0x2c clock.o
 .comment       0x000000000000002b       0x2c difftime.o
 .comment       0x000000000000002b       0x2c mktime.o
 .comment       0x000000000000002b       0x2c math.o
 .comment       0x000000000000002b       0x2c pow.o
 .comment       0x000000000000002b       0x2c sqrt.o
 .comment       0x000000000000002b       0x2c atan.o
 .comment       0x000000000000002b       0x2c acos.o
 .comment       0x000000000000002b       0x2c asin.o
 .comment       0x000000000000002b       0x2c sin.o
 .comment       0x000000000000002b       0x2c tan.o
 .comment       0x000000000000002b       0x2c cos.o
 .comment       0x000000000000002b       0x2c floor.o
 .comment       0x000000000000002b       0x2c ceil.o
 .comment       0x000000000000002b       0x2c exp.o
 .comment       0x000000000000002b       0x2c log.o
 .comment       0x000000000000002b       0x2c fmax.o
 .comment       0x000000000000002b       0x2c fmin.o
 .comment       0x000000000000002b       0x2c fminf.o
 .comment       0x000000000000002b       0x2c min.o
 .comment       0x000000000000002b       0x2c max.o
 .comment       0x000000000000002b       0x2c fabs.o
 .comment       0x000000000000002b       0x2c log2.o
 .comment       0x000000000000002b       0x2c modf.o
 .comment       0x000000000000002b       0x2c locale.o
 .comment       0x000000000000002b       0x2c signal.o

.note.GNU-stack
                0x0000000000000000        0x0
 .note.GNU-stack
                0x0000000000000000        0x0 crt0.o
 .note.GNU-stack
                0x0000000000000000        0x0 pci.o
 .note.GNU-stack
                0x0000000000000000        0x0 file.o
 .note.GNU-stack
                0x0000000000000000        0x0 cfs.o
 .note.GNU-stack
                0x0000000000000000        0x0 alloc.o
 .note.GNU-stack
                0x0000000000000000        0x0 pipe.o
 .note.GNU-stack
                0x0000000000000000        0x0 path.o
 .note.GNU-stack
                0x0000000000000000        0x0 socket.o
 .note.GNU-stack
                0x0000000000000000        0x0 inet.o
 .note.GNU-stack
                0x0000000000000000        0x0 communication.o
 .note.GNU-stack
                0x0000000000000000        0x0 sys_exit.o
 .note.GNU-stack
                0x0000000000000000        0x0 wait.o
 .note.GNU-stack
                0x0000000000000000        0x0 exectve.o
 .note.GNU-stack
                0x0000000000000000        0x0 dns.o
 .note.GNU-stack
                0x0000000000000000        0x0 pthread.o
 .note.GNU-stack
                0x0000000000000000        0x0 gui.o
 .note.GNU-stack
                0x0000000000000000        0x0 font8x16.o
 .note.GNU-stack
                0x0000000000000000        0x0 window.o
 .note.GNU-stack
                0x0000000000000000        0x0 bmp.o
 .note.GNU-stack
                0x0000000000000000        0x0 font.o
 .note.GNU-stack
                0x0000000000000000        0x0 border.o
 .note.GNU-stack
                0x0000000000000000        0x0 libterm.o
 .note.GNU-stack
                0x0000000000000000        0x0 memcmp.o
 .note.GNU-stack
                0x0000000000000000        0x0 memcpy.o
 .note.GNU-stack
                0x0000000000000000        0x0 memset.o
 .note.GNU-stack
                0x0000000000000000        0x0 strcasecmp.o
 .note.GNU-stack
                0x0000000000000000        0x0 strcat.o
 .note.GNU-stack
                0x0000000000000000        0x0 strchr.o
 .note.GNU-stack
                0x0000000000000000        0x0 strcmp.o
 .note.GNU-stack
                0x0000000000000000        0x0 strcpy.o
 .note.GNU-stack
                0x0000000000000000        0x0 strcspn.o
 .note.GNU-stack
                0x0000000000000000        0x0 string.o
 .note.GNU-stack
                0x0000000000000000        0x0 strlen.o
 .note.GNU-stack
                0x0000000000000000        0x0 strncasecmp.o
 .note.GNU-stack
                0x0000000000000000        0x0 strncmp.o
 .note.GNU-stack
                0x0000000000000000        0x0 strncpy.o
 .note.GNU-stack
                0x0000000000000000        0x0 strpbrk.o
 .note.GNU-stack
                0x0000000000000000        0x0 strrchr.o
 .note.GNU-stack
                0x0000000000000000        0x0 strsep.o
 .note.GNU-stack
                0x0000000000000000        0x0 strspn.o
 .note.GNU-stack
                0x0000000000000000        0x0 strtok.o
 .note.GNU-stack
                0x0000000000000000        0x0 strstr.o
 .note.GNU-stack
                0x0000000000000000        0x0 strdup.o
 .note.GNU-stack
                0x0000000000000000        0x0 memmove.o
 .note.GNU-stack
                0x0000000000000000        0x0 strcoll.o
 .note.GNU-stack
                0x0000000000000000        0x0 strerror.o
 .note.GNU-stack
                0x0000000000000000        0x0 memchr.o
 .note.GNU-stack
                0x0000000000000000        0x0 ctype.o
 .note.GNU-stack
                0x0000000000000000        0x0 tolower.o
 .note.GNU-stack
                0x0000000000000000        0x0 toupper.o
 .note.GNU-stack
                0x0000000000000000        0x0 stdio.o
 .note.GNU-stack
                0x0000000000000000        0x0 fopen.o
 .note.GNU-stack
                0x0000000000000000        0x0 fclose.o
 .note.GNU-stack
                0x0000000000000000        0x0 fflush.o
 .note.GNU-stack
                0x0000000000000000        0x0 putc.o
 .note.GNU-stack
                0x0000000000000000        0x0 getc.o
 .note.GNU-stack
                0x0000000000000000        0x0 fputc.o
 .note.GNU-stack
                0x0000000000000000        0x0 fgetc.o
 .note.GNU-stack
                0x0000000000000000        0x0 fgets.o
 .note.GNU-stack
                0x0000000000000000        0x0 fputs.o
 .note.GNU-stack
                0x0000000000000000        0x0 fread.o
 .note.GNU-stack
                0x0000000000000000        0x0 fwrite.o
 .note.GNU-stack
                0x0000000000000000        0x0 remove.o
 .note.GNU-stack
                0x0000000000000000        0x0 rewind.o
 .note.GNU-stack
                0x0000000000000000        0x0 fseek.o
 .note.GNU-stack
                0x0000000000000000        0x0 feof.o
 .note.GNU-stack
                0x0000000000000000        0x0 ftell.o
 .note.GNU-stack
                0x0000000000000000        0x0 vfprintf.o
 .note.GNU-stack
                0x0000000000000000        0x0 fprintf.o
 .note.GNU-stack
                0x0000000000000000        0x0 vsprintf.o
 .note.GNU-stack
                0x0000000000000000        0x0 sprintf.o
 .note.GNU-stack
                0x0000000000000000        0x0 snprintf.o
 .note.GNU-stack
                0x0000000000000000        0x0 vsnprintf.o
 .note.GNU-stack
                0x0000000000000000        0x0 putchar.o
 .note.GNU-stack
                0x0000000000000000        0x0 puts.o
 .note.GNU-stack
                0x0000000000000000        0x0 printf.o
 .note.GNU-stack
                0x0000000000000000        0x0 sscanf.o
 .note.GNU-stack
                0x0000000000000000        0x0 perror.o
 .note.GNU-stack
                0x0000000000000000        0x0 vfscanf.o
 .note.GNU-stack
                0x0000000000000000        0x0 fscanf.o
 .note.GNU-stack
                0x0000000000000000        0x0 scanf.o
 .note.GNU-stack
                0x0000000000000000        0x0 ungetc.o
 .note.GNU-stack
                0x0000000000000000        0x0 getchar.o
 .note.GNU-stack
                0x0000000000000000        0x0 freopen.o
 .note.GNU-stack
                0x0000000000000000        0x0 tmpnam.o
 .note.GNU-stack
                0x0000000000000000        0x0 rename.o
 .note.GNU-stack
                0x0000000000000000        0x0 ferror.o
 .note.GNU-stack
                0x0000000000000000        0x0 setvbuf.o
 .note.GNU-stack
                0x0000000000000000        0x0 clearerr.o
 .note.GNU-stack
                0x0000000000000000        0x0 tmpfile.o
 .note.GNU-stack
                0x0000000000000000        0x0 itoa.o
 .note.GNU-stack
                0x0000000000000000        0x0 i2hex.o
 .note.GNU-stack
                0x0000000000000000        0x0 malloc.o
 .note.GNU-stack
                0x0000000000000000        0x0 calloc.o
 .note.GNU-stack
                0x0000000000000000        0x0 free.o
 .note.GNU-stack
                0x0000000000000000        0x0 realloc.o
 .note.GNU-stack
                0x0000000000000000        0x0 div.o
 .note.GNU-stack
                0x0000000000000000        0x0 ldiv.o
 .note.GNU-stack
                0x0000000000000000        0x0 lldiv.o
 .note.GNU-stack
                0x0000000000000000        0x0 strtol.o
 .note.GNU-stack
                0x0000000000000000        0x0 atoi.o
 .note.GNU-stack
                0x0000000000000000        0x0 atol.o
 .note.GNU-stack
                0x0000000000000000        0x0 strtoul.o
 .note.GNU-stack
                0x0000000000000000        0x0 exit.o
 .note.GNU-stack
                0x0000000000000000        0x0 getenv.o
 .note.GNU-stack
                0x0000000000000000        0x0 qsort.o
 .note.GNU-stack
                0x0000000000000000        0x0 system.o
 .note.GNU-stack
                0x0000000000000000        0x0 strtod.o
 .note.GNU-stack
                0x0000000000000000        0x0 ftoa.o
 .note.GNU-stack
                0x0000000000000000        0x0 atof.o
 .note.GNU-stack
                0x0000000000000000        0x0 strtof.o
 .note.GNU-stack
                0x0000000000000000        0x0 strtold.o
 .note.GNU-stack
                0x0000000000000000        0x0 abs.o
 .note.GNU-stack
                0x0000000000000000        0x0 ltoa.o
 .note.GNU-stack
                0x0000000000000000        0x0 utoa.o
 .note.GNU-stack
                0x0000000000000000        0x0 srand.o
 .note.GNU-stack
                0x0000000000000000        0x0 rand.o
 .note.GNU-stack
                0x0000000000000000        0x0 abort.o
 .note.GNU-stack
                0x0000000000000000        0x0 errno.o
 .note.GNU-stack
                0x0000000000000000        0x0 time.o
 .note.GNU-stack
                0x0000000000000000        0x0 gmtime.o
 .note.GNU-stack
                0x0000000000000000        0x0 localtime.o
 .note.GNU-stack
                0x0000000000000000        0x0 strftime.o
 .note.GNU-stack
                0x0000000000000000        0x0 clock.o
 .note.GNU-stack
                0x0000000000000000        0x0 difftime.o
 .note.GNU-stack
                0x0000000000000000        0x0 mktime.o
 .note.GNU-stack
                0x0000000000000000        0x0 math.o
 .note.GNU-stack
                0x0000000000000000        0x0 pow.o
 .note.GNU-stack
                0x0000000000000000        0x0 sqrt.o
 .note.GNU-stack
                0x0000000000000000        0x0 atan.o
 .note.GNU-stack
                0x0000000000000000        0x0 acos.o
 .note.GNU-stack
                0x0000000000000000        0x0 asin.o
 .note.GNU-stack
                0x0000000000000000        0x0 sin.o
 .note.GNU-stack
                0x0000000000000000        0x0 tan.o
 .note.GNU-stack
                0x0000000000000000        0x0 cos.o
 .note.GNU-stack
                0x0000000000000000        0x0 floor.o
 .note.GNU-stack
                0x0000000000000000        0x0 ceil.o
 .note.GNU-stack
                0x0000000000000000        0x0 exp.o
 .note.GNU-stack
                0x0000000000000000        0x0 log.o
 .note.GNU-stack
                0x0000000000000000        0x0 fmax.o
 .note.GNU-stack
                0x0000000000000000        0x0 fmin.o
 .note.GNU-stack
                0x0000000000000000        0x0 fminf.o
 .note.GNU-stack
                0x0000000000000000        0x0 min.o
 .note.GNU-stack
                0x0000000000000000        0x0 max.o
 .note.GNU-stack
                0x0000000000000000        0x0 fabs.o
 .note.GNU-stack
                0x0000000000000000        0x0 log2.o
 .note.GNU-stack
                0x0000000000000000        0x0 modf.o
 .note.GNU-stack
                0x0000000000000000        0x0 locale.o
 .note.GNU-stack
                0x0000000000000000        0x0 signal.o
