
Merging program properties

Removed property 0xc0000002 to merge crt0.o (0x3) and setup.o (not found)
Removed property 0xc0000002 to merge crt0.o (not found) and pci.o (0x3)
Removed property 0xc0000002 to merge crt0.o (not found) and file.o (0x3)
Removed property 0xc0000002 to merge crt0.o (not found) and cfs.o (0x3)
Removed property 0xc0000002 to merge crt0.o (not found) and alloc.o (0x3)
Removed property 0xc0000002 to merge crt0.o (not found) and pipe.o (0x3)
Removed property 0xc0000002 to merge crt0.o (not found) and path.o (0x3)
Removed property 0xc0000002 to merge crt0.o (not found) and socket.o (0x3)
Removed property 0xc0000002 to merge crt0.o (not found) and inet.o (0x3)
Removed property 0xc0000002 to merge crt0.o (not found) and dns.o (0x3)
Removed property 0xc0000002 to merge crt0.o (not found) and gui.o (0x3)
Removed property 0xc0000002 to merge crt0.o (not found) and font8x16.o (0x3)
Removed property 0xc0000002 to merge crt0.o (not found) and window.o (0x3)
Removed property 0xc0000002 to merge crt0.o (not found) and bmp.o (0x3)
Removed property 0xc0000002 to merge crt0.o (not found) and font.o (0x3)
Removed property 0xc0000002 to merge crt0.o (not found) and border.o (0x3)
Removed property 0xc0000002 to merge crt0.o (not found) and memcmp.o (0x3)
Removed property 0xc0000002 to merge crt0.o (not found) and memcpy.o (0x3)
Removed property 0xc0000002 to merge crt0.o (not found) and memset.o (0x3)
Removed property 0xc0000002 to merge crt0.o (not found) and strcasecmp.o (0x3)
Removed property 0xc0000002 to merge crt0.o (not found) and strcat.o (0x3)
Removed property 0xc0000002 to merge crt0.o (not found) and strchr.o (0x3)
Removed property 0xc0000002 to merge crt0.o (not found) and strcmp.o (0x3)
Removed property 0xc0000002 to merge crt0.o (not found) and strcpy.o (0x3)
Removed property 0xc0000002 to merge crt0.o (not found) and strcspn.o (0x3)
Removed property 0xc0000002 to merge crt0.o (not found) and string.o (0x3)
Removed property 0xc0000002 to merge crt0.o (not found) and strlen.o (0x3)
Removed property 0xc0000002 to merge crt0.o (not found) and strncasecmp.o (0x3)
Removed property 0xc0000002 to merge crt0.o (not found) and strncmp.o (0x3)
Removed property 0xc0000002 to merge crt0.o (not found) and strncpy.o (0x3)
Removed property 0xc0000002 to merge crt0.o (not found) and strpbrk.o (0x3)
Removed property 0xc0000002 to merge crt0.o (not found) and strrchr.o (0x3)
Removed property 0xc0000002 to merge crt0.o (not found) and strsep.o (0x3)
Removed property 0xc0000002 to merge crt0.o (not found) and strspn.o (0x3)
Removed property 0xc0000002 to merge crt0.o (not found) and strtok.o (0x3)
Removed property 0xc0000002 to merge crt0.o (not found) and strstr.o (0x3)
Removed property 0xc0000002 to merge crt0.o (not found) and strdup.o (0x3)
Removed property 0xc0000002 to merge crt0.o (not found) and memmove.o (0x3)
Removed property 0xc0000002 to merge crt0.o (not found) and strcoll.o (0x3)
Removed property 0xc0000002 to merge crt0.o (not found) and strerror.o (0x3)
Removed property 0xc0000002 to merge crt0.o (not found) and ctype.o (0x3)
Removed property 0xc0000002 to merge crt0.o (not found) and tolower.o (0x3)
Removed property 0xc0000002 to merge crt0.o (not found) and toupper.o (0x3)
Removed property 0xc0000002 to merge crt0.o (not found) and stdio.o (0x3)
Removed property 0xc0000002 to merge crt0.o (not found) and fopen.o (0x3)
Removed property 0xc0000002 to merge crt0.o (not found) and fclose.o (0x3)
Removed property 0xc0000002 to merge crt0.o (not found) and fflush.o (0x3)
Removed property 0xc0000002 to merge crt0.o (not found) and putc.o (0x3)
Removed property 0xc0000002 to merge crt0.o (not found) and getc.o (0x3)
Removed property 0xc0000002 to merge crt0.o (not found) and fputc.o (0x3)
Removed property 0xc0000002 to merge crt0.o (not found) and fgetc.o (0x3)
Removed property 0xc0000002 to merge crt0.o (not found) and fgets.o (0x3)
Removed property 0xc0000002 to merge crt0.o (not found) and fputs.o (0x3)
Removed property 0xc0000002 to merge crt0.o (not found) and fread.o (0x3)
Removed property 0xc0000002 to merge crt0.o (not found) and fwrite.o (0x3)
Removed property 0xc0000002 to merge crt0.o (not found) and remove.o (0x3)
Removed property 0xc0000002 to merge crt0.o (not found) and rewind.o (0x3)
Removed property 0xc0000002 to merge crt0.o (not found) and fseek.o (0x3)
Removed property 0xc0000002 to merge crt0.o (not found) and feof.o (0x3)
Removed property 0xc0000002 to merge crt0.o (not found) and ftell.o (0x3)
Removed property 0xc0000002 to merge crt0.o (not found) and vfprintf.o (0x3)
Removed property 0xc0000002 to merge crt0.o (not found) and fprintf.o (0x3)
Removed property 0xc0000002 to merge crt0.o (not found) and vsprintf.o (0x3)
Removed property 0xc0000002 to merge crt0.o (not found) and sprintf.o (0x3)
Removed property 0xc0000002 to merge crt0.o (not found) and snprintf.o (0x3)
Removed property 0xc0000002 to merge crt0.o (not found) and vsnprintf.o (0x3)
Removed property 0xc0000002 to merge crt0.o (not found) and putchar.o (0x3)
Removed property 0xc0000002 to merge crt0.o (not found) and puts.o (0x3)
Removed property 0xc0000002 to merge crt0.o (not found) and printf.o (0x3)
Removed property 0xc0000002 to merge crt0.o (not found) and sscanf.o (0x3)
Removed property 0xc0000002 to merge crt0.o (not found) and perror.o (0x3)
Removed property 0xc0000002 to merge crt0.o (not found) and vfscanf.o (0x3)
Removed property 0xc0000002 to merge crt0.o (not found) and fscanf.o (0x3)
Removed property 0xc0000002 to merge crt0.o (not found) and scanf.o (0x3)
Removed property 0xc0000002 to merge crt0.o (not found) and ungetc.o (0x3)
Removed property 0xc0000002 to merge crt0.o (not found) and getchar.o (0x3)
Removed property 0xc0000002 to merge crt0.o (not found) and freopen.o (0x3)
Removed property 0xc0000002 to merge crt0.o (not found) and tmpnam.o (0x3)
Removed property 0xc0000002 to merge crt0.o (not found) and rename.o (0x3)
Removed property 0xc0000002 to merge crt0.o (not found) and itoa.o (0x3)
Removed property 0xc0000002 to merge crt0.o (not found) and i2hex.o (0x3)
Removed property 0xc0000002 to merge crt0.o (not found) and malloc.o (0x3)
Removed property 0xc0000002 to merge crt0.o (not found) and calloc.o (0x3)
Removed property 0xc0000002 to merge crt0.o (not found) and free.o (0x3)
Removed property 0xc0000002 to merge crt0.o (not found) and realloc.o (0x3)
Removed property 0xc0000002 to merge crt0.o (not found) and div.o (0x3)
Removed property 0xc0000002 to merge crt0.o (not found) and ldiv.o (0x3)
Removed property 0xc0000002 to merge crt0.o (not found) and lldiv.o (0x3)
Removed property 0xc0000002 to merge crt0.o (not found) and strtol.o (0x3)
Removed property 0xc0000002 to merge crt0.o (not found) and atoi.o (0x3)
Removed property 0xc0000002 to merge crt0.o (not found) and atol.o (0x3)
Removed property 0xc0000002 to merge crt0.o (not found) and strtoul.o (0x3)
Removed property 0xc0000002 to merge crt0.o (not found) and exit.o (0x3)
Removed property 0xc0000002 to merge crt0.o (not found) and getenv.o (0x3)
Removed property 0xc0000002 to merge crt0.o (not found) and qsort.o (0x3)
Removed property 0xc0000002 to merge crt0.o (not found) and system.o (0x3)
Removed property 0xc0000002 to merge crt0.o (not found) and strtod.o (0x3)
Removed property 0xc0000002 to merge crt0.o (not found) and ftoa.o (0x3)
Removed property 0xc0000002 to merge crt0.o (not found) and atof.o (0x3)
Removed property 0xc0000002 to merge crt0.o (not found) and strtof.o (0x3)
Removed property 0xc0000002 to merge crt0.o (not found) and strtold.o (0x3)
Removed property 0xc0000002 to merge crt0.o (not found) and abs.o (0x3)
Removed property 0xc0000002 to merge crt0.o (not found) and ltoa.o (0x3)
Removed property 0xc0000002 to merge crt0.o (not found) and utoa.o (0x3)
Removed property 0xc0000002 to merge crt0.o (not found) and srand.o (0x3)
Removed property 0xc0000002 to merge crt0.o (not found) and rand.o (0x3)
Removed property 0xc0000002 to merge crt0.o (not found) and errno.o (0x3)
Removed property 0xc0000002 to merge crt0.o (not found) and time.o (0x3)
Removed property 0xc0000002 to merge crt0.o (not found) and gmtime.o (0x3)
Removed property 0xc0000002 to merge crt0.o (not found) and localtime.o (0x3)
Removed property 0xc0000002 to merge crt0.o (not found) and strftime.o (0x3)
Removed property 0xc0000002 to merge crt0.o (not found) and clock.o (0x3)
Removed property 0xc0000002 to merge crt0.o (not found) and math.o (0x3)
Removed property 0xc0000002 to merge crt0.o (not found) and pow.o (0x3)
Removed property 0xc0000002 to merge crt0.o (not found) and sqrt.o (0x3)
Removed property 0xc0000002 to merge crt0.o (not found) and atan.o (0x3)
Removed property 0xc0000002 to merge crt0.o (not found) and acos.o (0x3)
Removed property 0xc0000002 to merge crt0.o (not found) and asin.o (0x3)
Removed property 0xc0000002 to merge crt0.o (not found) and sin.o (0x3)
Removed property 0xc0000002 to merge crt0.o (not found) and tan.o (0x3)
Removed property 0xc0000002 to merge crt0.o (not found) and cos.o (0x3)
Removed property 0xc0000002 to merge crt0.o (not found) and floor.o (0x3)
Removed property 0xc0000002 to merge crt0.o (not found) and ceil.o (0x3)
Removed property 0xc0000002 to merge crt0.o (not found) and exp.o (0x3)
Removed property 0xc0000002 to merge crt0.o (not found) and log.o (0x3)
Removed property 0xc0000002 to merge crt0.o (not found) and fmax.o (0x3)
Removed property 0xc0000002 to merge crt0.o (not found) and fmin.o (0x3)
Removed property 0xc0000002 to merge crt0.o (not found) and fminf.o (0x3)
Removed property 0xc0000002 to merge crt0.o (not found) and min.o (0x3)
Removed property 0xc0000002 to merge crt0.o (not found) and max.o (0x3)
Removed property 0xc0000002 to merge crt0.o (not found) and fabs.o (0x3)
Removed property 0xc0000002 to merge crt0.o (not found) and locale.o (0x3)
Removed property 0xc0000002 to merge crt0.o (not found) and signal.o (0x3)

Allocating common symbols
Common symbol       size              file

stdout              0x8               crt0.o
__m_i               0x8               alloc.o
__tm                0x8               crt0.o
errno               0x4               errno.o
mouse2              0x8               crt0.o
fs_directory        0x8               cfs.o
__pipe__            0x8               crt0.o
user                0x8               crt0.o
stdin               0x8               crt0.o
__m_c               0x8               alloc.o
obj_list            0x8               crt0.o
_BLK_               0x800             cfs.o
addr                0x8               alloc.o
pwd                 0x8               crt0.o
ptr_mouse2          0x8               crt0.o
stderr              0x8               crt0.o
mouse               0x8               crt0.o
__window            0x8               crt0.o
pipe_r              0x8               crt0.o

Discarded input sections

 .note.gnu.property
                0x0000000000000000       0x20 crt0.o
 .note.gnu.property
                0x0000000000000000       0x20 pci.o
 .note.gnu.property
                0x0000000000000000       0x20 file.o
 .note.gnu.property
                0x0000000000000000       0x20 cfs.o
 .note.gnu.property
                0x0000000000000000       0x20 alloc.o
 .note.gnu.property
                0x0000000000000000       0x20 pipe.o
 .note.gnu.property
                0x0000000000000000       0x20 path.o
 .note.gnu.property
                0x0000000000000000       0x20 socket.o
 .note.gnu.property
                0x0000000000000000       0x20 inet.o
 .note.gnu.property
                0x0000000000000000       0x20 dns.o
 .note.gnu.property
                0x0000000000000000       0x20 gui.o
 .note.gnu.property
                0x0000000000000000       0x20 font8x16.o
 .note.gnu.property
                0x0000000000000000       0x20 window.o
 .note.gnu.property
                0x0000000000000000       0x20 bmp.o
 .note.gnu.property
                0x0000000000000000       0x20 font.o
 .note.gnu.property
                0x0000000000000000       0x20 border.o
 .note.gnu.property
                0x0000000000000000       0x20 memcmp.o
 .note.gnu.property
                0x0000000000000000       0x20 memcpy.o
 .note.gnu.property
                0x0000000000000000       0x20 memset.o
 .note.gnu.property
                0x0000000000000000       0x20 strcasecmp.o
 .note.gnu.property
                0x0000000000000000       0x20 strcat.o
 .note.gnu.property
                0x0000000000000000       0x20 strchr.o
 .note.gnu.property
                0x0000000000000000       0x20 strcmp.o
 .note.gnu.property
                0x0000000000000000       0x20 strcpy.o
 .note.gnu.property
                0x0000000000000000       0x20 strcspn.o
 .note.gnu.property
                0x0000000000000000       0x20 string.o
 .note.gnu.property
                0x0000000000000000       0x20 strlen.o
 .note.gnu.property
                0x0000000000000000       0x20 strncasecmp.o
 .note.gnu.property
                0x0000000000000000       0x20 strncmp.o
 .note.gnu.property
                0x0000000000000000       0x20 strncpy.o
 .note.gnu.property
                0x0000000000000000       0x20 strpbrk.o
 .note.gnu.property
                0x0000000000000000       0x20 strrchr.o
 .note.gnu.property
                0x0000000000000000       0x20 strsep.o
 .note.gnu.property
                0x0000000000000000       0x20 strspn.o
 .note.gnu.property
                0x0000000000000000       0x20 strtok.o
 .note.gnu.property
                0x0000000000000000       0x20 strstr.o
 .note.gnu.property
                0x0000000000000000       0x20 strdup.o
 .note.gnu.property
                0x0000000000000000       0x20 memmove.o
 .note.gnu.property
                0x0000000000000000       0x20 strcoll.o
 .note.gnu.property
                0x0000000000000000       0x20 strerror.o
 .note.gnu.property
                0x0000000000000000       0x20 ctype.o
 .note.gnu.property
                0x0000000000000000       0x20 tolower.o
 .note.gnu.property
                0x0000000000000000       0x20 toupper.o
 .note.gnu.property
                0x0000000000000000       0x20 stdio.o
 .note.gnu.property
                0x0000000000000000       0x20 fopen.o
 .note.gnu.property
                0x0000000000000000       0x20 fclose.o
 .note.gnu.property
                0x0000000000000000       0x20 fflush.o
 .note.gnu.property
                0x0000000000000000       0x20 putc.o
 .note.gnu.property
                0x0000000000000000       0x20 getc.o
 .note.gnu.property
                0x0000000000000000       0x20 fputc.o
 .note.gnu.property
                0x0000000000000000       0x20 fgetc.o
 .note.gnu.property
                0x0000000000000000       0x20 fgets.o
 .note.gnu.property
                0x0000000000000000       0x20 fputs.o
 .note.gnu.property
                0x0000000000000000       0x20 fread.o
 .note.gnu.property
                0x0000000000000000       0x20 fwrite.o
 .note.gnu.property
                0x0000000000000000       0x20 remove.o
 .note.gnu.property
                0x0000000000000000       0x20 rewind.o
 .note.gnu.property
                0x0000000000000000       0x20 fseek.o
 .note.gnu.property
                0x0000000000000000       0x20 feof.o
 .note.gnu.property
                0x0000000000000000       0x20 ftell.o
 .note.gnu.property
                0x0000000000000000       0x20 vfprintf.o
 .note.gnu.property
                0x0000000000000000       0x20 fprintf.o
 .note.gnu.property
                0x0000000000000000       0x20 vsprintf.o
 .note.gnu.property
                0x0000000000000000       0x20 sprintf.o
 .note.gnu.property
                0x0000000000000000       0x20 snprintf.o
 .note.gnu.property
                0x0000000000000000       0x20 vsnprintf.o
 .note.gnu.property
                0x0000000000000000       0x20 putchar.o
 .note.gnu.property
                0x0000000000000000       0x20 puts.o
 .note.gnu.property
                0x0000000000000000       0x20 printf.o
 .note.gnu.property
                0x0000000000000000       0x20 sscanf.o
 .note.gnu.property
                0x0000000000000000       0x20 perror.o
 .note.gnu.property
                0x0000000000000000       0x20 vfscanf.o
 .note.gnu.property
                0x0000000000000000       0x20 fscanf.o
 .note.gnu.property
                0x0000000000000000       0x20 scanf.o
 .note.gnu.property
                0x0000000000000000       0x20 ungetc.o
 .note.gnu.property
                0x0000000000000000       0x20 getchar.o
 .note.gnu.property
                0x0000000000000000       0x20 freopen.o
 .note.gnu.property
                0x0000000000000000       0x20 tmpnam.o
 .note.gnu.property
                0x0000000000000000       0x20 rename.o
 .note.gnu.property
                0x0000000000000000       0x20 itoa.o
 .note.gnu.property
                0x0000000000000000       0x20 i2hex.o
 .note.gnu.property
                0x0000000000000000       0x20 malloc.o
 .note.gnu.property
                0x0000000000000000       0x20 calloc.o
 .note.gnu.property
                0x0000000000000000       0x20 free.o
 .note.gnu.property
                0x0000000000000000       0x20 realloc.o
 .note.gnu.property
                0x0000000000000000       0x20 div.o
 .note.gnu.property
                0x0000000000000000       0x20 ldiv.o
 .note.gnu.property
                0x0000000000000000       0x20 lldiv.o
 .note.gnu.property
                0x0000000000000000       0x20 strtol.o
 .note.gnu.property
                0x0000000000000000       0x20 atoi.o
 .note.gnu.property
                0x0000000000000000       0x20 atol.o
 .note.gnu.property
                0x0000000000000000       0x20 strtoul.o
 .note.gnu.property
                0x0000000000000000       0x20 exit.o
 .note.gnu.property
                0x0000000000000000       0x20 getenv.o
 .note.gnu.property
                0x0000000000000000       0x20 qsort.o
 .note.gnu.property
                0x0000000000000000       0x20 system.o
 .note.gnu.property
                0x0000000000000000       0x20 strtod.o
 .note.gnu.property
                0x0000000000000000       0x20 ftoa.o
 .note.gnu.property
                0x0000000000000000       0x20 atof.o
 .note.gnu.property
                0x0000000000000000       0x20 strtof.o
 .note.gnu.property
                0x0000000000000000       0x20 strtold.o
 .note.gnu.property
                0x0000000000000000       0x20 abs.o
 .note.gnu.property
                0x0000000000000000       0x20 ltoa.o
 .note.gnu.property
                0x0000000000000000       0x20 utoa.o
 .note.gnu.property
                0x0000000000000000       0x20 srand.o
 .note.gnu.property
                0x0000000000000000       0x20 rand.o
 .note.gnu.property
                0x0000000000000000       0x20 errno.o
 .note.gnu.property
                0x0000000000000000       0x20 time.o
 .note.gnu.property
                0x0000000000000000       0x20 gmtime.o
 .note.gnu.property
                0x0000000000000000       0x20 localtime.o
 .note.gnu.property
                0x0000000000000000       0x20 strftime.o
 .note.gnu.property
                0x0000000000000000       0x20 clock.o
 .note.gnu.property
                0x0000000000000000       0x20 math.o
 .note.gnu.property
                0x0000000000000000       0x20 pow.o
 .note.gnu.property
                0x0000000000000000       0x20 sqrt.o
 .note.gnu.property
                0x0000000000000000       0x20 atan.o
 .note.gnu.property
                0x0000000000000000       0x20 acos.o
 .note.gnu.property
                0x0000000000000000       0x20 asin.o
 .note.gnu.property
                0x0000000000000000       0x20 sin.o
 .note.gnu.property
                0x0000000000000000       0x20 tan.o
 .note.gnu.property
                0x0000000000000000       0x20 cos.o
 .note.gnu.property
                0x0000000000000000       0x20 floor.o
 .note.gnu.property
                0x0000000000000000       0x20 ceil.o
 .note.gnu.property
                0x0000000000000000       0x20 exp.o
 .note.gnu.property
                0x0000000000000000       0x20 log.o
 .note.gnu.property
                0x0000000000000000       0x20 fmax.o
 .note.gnu.property
                0x0000000000000000       0x20 fmin.o
 .note.gnu.property
                0x0000000000000000       0x20 fminf.o
 .note.gnu.property
                0x0000000000000000       0x20 min.o
 .note.gnu.property
                0x0000000000000000       0x20 max.o
 .note.gnu.property
                0x0000000000000000       0x20 fabs.o
 .note.gnu.property
                0x0000000000000000       0x20 locale.o
 .note.gnu.property
                0x0000000000000000       0x20 signal.o

Memory Configuration

Name             Origin             Length             Attributes
*default*        0x0000000000000000 0xffffffffffffffff

Linker script and memory map

                0x0000008000001000                . = 0x8000001000
                0x0000008000001000                _start = .

.text           0x0000008000001000    0x10000
                0x0000008000001000                code = .
                0x0000008000001000                _code = .
                0x0000008000001000                __code = .
                0x0000008000001000                code = .
 *(.text)
 .text          0x0000008000001000     0x1060 setup.o
                0x000000800000204e                call_function
 .text          0x0000008000002060      0x1dc crt0.o
                0x0000008000002060                ctr0
 .text          0x000000800000223c      0x433 pci.o
                0x000000800000223c                pci_read_config_dword
                0x00000080000022d3                pci_write_config_dword
                0x0000008000002367                pci_get_info
                0x0000008000002603                main
 .text          0x000000800000266f      0xc7a file.o
                0x000000800000266f                stdputc_r
                0x00000080000027c9                stdgetc_r
                0x00000080000028e7                getkey
                0x000000800000298f                getkeyw
                0x0000008000002a38                open_r
                0x0000008000002aa8                flush_r
                0x0000008000002b8f                close_r
                0x0000008000002c01                putc_r
                0x0000008000002e1d                getc_r
                0x0000008000002fec                read_r
                0x00000080000030ad                write_r
                0x0000008000003161                seek_r
                0x000000800000323f                tell_r
                0x0000008000003280                rewind_r
 .text          0x00000080000032e9     0x2851 cfs.o
                0x00000080000032e9                read_sector
                0x000000800000333e                write_sector
                0x0000008000003393                assert_fn
                0x00000080000033fc                get_file_name
                0x0000008000003463                filename_cmp
                0x000000800000354a                search_blk_null
                0x00000080000036d4                write_blk
                0x000000800000370d                clean_blk_enter
                0x00000080000037f6                read_super_block
                0x0000008000003854                read_directory_blk
                0x0000008000003a69                read_directory_entry
                0x0000008000003c33                update_directory_entry
                0x0000008000003e90                open_file_r
                0x000000800000420f                open_file
                0x0000008000004953                file_update
                0x0000008000004a8d                file_close
                0x0000008000004b8d                file_read_block
                0x0000008000004c61                file_write_block
                0x0000008000004d35                open_dir
                0x0000008000005124                create_file
                0x000000800000548d                remove_blk
                0x00000080000056d5                remove_file
 .text          0x0000008000005b3a      0x7eb alloc.o
                0x0000008000005b3a                __block_r
                0x0000008000005b9b                __free_block_r
                0x0000008000005bd4                __heap_r
                0x0000008000005c5b                __malloc_r
                0x0000008000005f82                __free_r
                0x0000008000006183                __realloc_r
 .text          0x0000008000006325      0x315 pipe.o
                0x0000008000006325                pipe_write
                0x0000008000006436                pipe_read
                0x000000800000652e                pipe_read_2x
 .text          0x000000800000663a      0x5d1 path.o
                0x000000800000663a                setpath
                0x0000008000006789                upath
                0x0000008000006875                getpathname
                0x0000008000006ab8                path_count
                0x0000008000006b23                getfilename
 .text          0x0000008000006c0b      0xcf7 socket.o
                0x0000008000006c0b                socket_address
                0x0000008000006c80                bind
                0x0000008000006d4e                connect
                0x0000008000006fca                recv
                0x00000080000071f8                recvfrom
                0x000000800000735f                send
                0x000000800000757f                sendto
                0x00000080000076cb                shutdown
                0x00000080000078b4                socket
 .text          0x0000008000007902      0x2dc inet.o
                0x0000008000007902                inet_addr
                0x0000008000007af6                inet_lnaof
                0x0000008000007b24                inet_makeaddr
                0x0000008000007b53                inet_netof
                0x0000008000007b81                inet_network
                0x0000008000007bb0                inet_ntoa
 .text          0x0000008000007bde      0x60f dns.o
                0x0000008000007c70                changeto_dns_name_format
                0x0000008000007d44                get_ip_from_name
 .text          0x00000080000081ed      0x1ab gui.o
                0x00000080000081ed                put_pixel
                0x0000008000008283                draw_char_transparent
 .text          0x0000008000008398        0x0 font8x16.o
 .text          0x0000008000008398     0x1187 window.o
                0x0000008000008398                drawline
                0x0000008000008447                _drawline
                0x000000800000850e                drawrect
                0x00000080000086b8                drawchar
                0x0000008000008822                drawstring
                0x00000080000088de                drawchar_trans
                0x00000080000089fd                drawstring_trans
                0x0000008000008ab9                window
                0x0000008000009010                wcl
                0x00000080000090fc                update_window
                0x0000008000009127                __window_clear
                0x00000080000091b4                __window_putchar
                0x0000008000009461                color
                0x00000080000094aa                __window_puts
 .text          0x000000800000951f      0x5c5 bmp.o
                0x000000800000951f                BitMAP
                0x0000008000009801                BitMAP2
 .text          0x0000008000009ae4       0xdc font.o
                0x0000008000009ae4                put
 .text          0x0000008000009bc0      0x332 border.o
                0x0000008000009bc0                border
 .text          0x0000008000009ef2       0x96 memcmp.o
                0x0000008000009ef2                memcmp
 .text          0x0000008000009f88       0x77 memcpy.o
                0x0000008000009f88                memcpy
 .text          0x0000008000009fff       0x62 memset.o
                0x0000008000009fff                memset
 .text          0x000000800000a061       0xbb strcasecmp.o
                0x000000800000a061                strcasecmp
 .text          0x000000800000a11c       0x7a strcat.o
                0x000000800000a11c                strcat
 .text          0x000000800000a196       0x61 strchr.o
                0x000000800000a196                strchr
 .text          0x000000800000a1f7       0x9a strcmp.o
                0x000000800000a1f7                strcmp
 .text          0x000000800000a291       0x7b strcpy.o
                0x000000800000a291                strcpy
 .text          0x000000800000a30c      0x261 strcspn.o
                0x000000800000a30c                strchrnul
                0x000000800000a437                strcspn
 .text          0x000000800000a56d        0x0 string.o
 .text          0x000000800000a56d       0x4c strlen.o
                0x000000800000a56d                strlen
 .text          0x000000800000a5b9       0xc8 strncasecmp.o
                0x000000800000a5b9                strncasecmp
 .text          0x000000800000a681       0x80 strncmp.o
                0x000000800000a681                strncmp
 .text          0x000000800000a701       0x7d strncpy.o
                0x000000800000a701                strncpy
 .text          0x000000800000a77e       0x72 strpbrk.o
                0x000000800000a77e                strpbrk
 .text          0x000000800000a7f0       0x93 strrchr.o
                0x000000800000a7f0                strrchr
 .text          0x000000800000a883       0xbd strsep.o
                0x000000800000a883                strsep
 .text          0x000000800000a940      0x133 strspn.o
                0x000000800000a940                strspn
 .text          0x000000800000aa73      0x18e strtok.o
                0x000000800000aa73                strtok_r
                0x000000800000abaa                strtok
 .text          0x000000800000ac01       0x98 strstr.o
                0x000000800000ac01                strstr
 .text          0x000000800000ac99       0xa0 strdup.o
                0x000000800000ac99                strdup
 .text          0x000000800000ad39       0xc2 memmove.o
                0x000000800000ad39                memmove
 .text          0x000000800000adfb       0x56 strcoll.o
                0x000000800000adfb                strcoll
 .text          0x000000800000ae51       0x50 strerror.o
                0x000000800000ae51                strerror
 .text          0x000000800000aea1        0x0 ctype.o
 .text          0x000000800000aea1       0x55 tolower.o
                0x000000800000aea1                tolower
 .text          0x000000800000aef6       0x55 toupper.o
                0x000000800000aef6                toupper
 .text          0x000000800000af4b       0xa2 stdio.o
                0x000000800000af4b                debug_o
 .text          0x000000800000afed       0x96 fopen.o
                0x000000800000afed                fopen
 .text          0x000000800000b083       0x4b fclose.o
                0x000000800000b083                fclose
 .text          0x000000800000b0ce       0x4b fflush.o
                0x000000800000b0ce                fflush
 .text          0x000000800000b119       0x53 putc.o
                0x000000800000b119                putc
 .text          0x000000800000b16c       0x98 getc.o
                0x000000800000b16c                getc
 .text          0x000000800000b204       0x53 fputc.o
                0x000000800000b204                fputc
 .text          0x000000800000b257       0x4b fgetc.o
                0x000000800000b257                fgetc
 .text          0x000000800000b2a2      0x15b fgets.o
                0x000000800000b2a2                fgets
 .text          0x000000800000b3fd       0xa4 fputs.o
                0x000000800000b3fd                fputs
 .text          0x000000800000b4a1       0x5d fread.o
                0x000000800000b4a1                fread
 .text          0x000000800000b4fe       0x5d fwrite.o
                0x000000800000b4fe                fwrite
 .text          0x000000800000b55b       0x4b remove.o
                0x000000800000b55b                remove
 .text          0x000000800000b5a6       0x4c rewind.o
                0x000000800000b5a6                rewind
 .text          0x000000800000b5f2       0x59 fseek.o
                0x000000800000b5f2                fseek
 .text          0x000000800000b64b       0x59 feof.o
                0x000000800000b64b                feof
 .text          0x000000800000b6a4       0x4b ftell.o
                0x000000800000b6a4                ftell
 .text          0x000000800000b6ef      0x93b vfprintf.o
                0x000000800000b6ef                vfprintf
 .text          0x000000800000c02a       0xeb fprintf.o
                0x000000800000c02a                fprintf
 .text          0x000000800000c115      0x9eb vsprintf.o
                0x000000800000c115                _vsputs_r
                0x000000800000c181                vsprintf
 .text          0x000000800000cb00      0x101 sprintf.o
                0x000000800000cb00                sprintf
 .text          0x000000800000cc01       0xed snprintf.o
                0x000000800000cc01                snprintf
 .text          0x000000800000ccee       0xd9 vsnprintf.o
                0x000000800000ccee                vsnprintf
 .text          0x000000800000cdc7       0x5c putchar.o
                0x000000800000cdc7                putchar
 .text          0x000000800000ce23       0xa6 puts.o
                0x000000800000ce23                puts
 .text          0x000000800000cec9       0xf5 printf.o
                0x000000800000cec9                printf
 .text          0x000000800000cfbe       0xa1 sscanf.o
                0x000000800000cfbe                sscanf
 .text          0x000000800000d05f       0x4c perror.o
                0x000000800000d05f                perror
 .text          0x000000800000d0ab      0x8ee vfscanf.o
                0x000000800000d493                vfscanf
 .text          0x000000800000d999       0xeb fscanf.o
                0x000000800000d999                fscanf
 .text          0x000000800000da84       0xf5 scanf.o
                0x000000800000da84                scanf
 .text          0x000000800000db79       0xb2 ungetc.o
                0x000000800000db79                ungetc
 .text          0x000000800000dc2b       0x8d getchar.o
                0x000000800000dc2b                getchar
 .text          0x000000800000dcb8       0x59 freopen.o
                0x000000800000dcb8                freopen
 .text          0x000000800000dd11       0xb9 tmpnam.o
                0x000000800000dd11                sysgettmpnam
                0x000000800000dd4a                tmpnam
 .text          0x000000800000ddca       0xf8 rename.o
                0x000000800000ddca                rename
 .text          0x000000800000dec2      0x147 itoa.o
                0x000000800000dec2                itoa
 .text          0x000000800000e009      0x175 i2hex.o
                0x000000800000e009                i2hex
 .text          0x000000800000e17e       0x4d malloc.o
                0x000000800000e17e                malloc
 .text          0x000000800000e1cb       0x4f calloc.o
                0x000000800000e1cb                calloc
 .text          0x000000800000e21a       0x4c free.o
                0x000000800000e21a                free
 .text          0x000000800000e266       0x53 realloc.o
                0x000000800000e266                realloc
 .text          0x000000800000e2b9       0x88 div.o
                0x000000800000e2b9                div
 .text          0x000000800000e341       0xaa ldiv.o
                0x000000800000e341                ldiv
 .text          0x000000800000e3eb       0xaa lldiv.o
                0x000000800000e3eb                lldiv
 .text          0x000000800000e495      0x332 strtol.o
                0x000000800000e495                strtol
 .text          0x000000800000e7c7       0x55 atoi.o
                0x000000800000e7c7                atoi
 .text          0x000000800000e81c       0x55 atol.o
                0x000000800000e81c                atol
 .text          0x000000800000e871      0x24c strtoul.o
                0x000000800000e871                strtoul
 .text          0x000000800000eabd       0x39 exit.o
                0x000000800000eabd                exit
 .text          0x000000800000eaf6       0x77 getenv.o
                0x000000800000eaf6                getenv
 .text          0x000000800000eb6d      0x49c qsort.o
                0x000000800000ef88                qsort
 .text          0x000000800000f009       0x5c system.o
                0x000000800000f009                system
 .text          0x000000800000f065      0x335 strtod.o
                0x000000800000f065                strtod
 .text          0x000000800000f39a      0x24a ftoa.o
                0x000000800000f3f9                ftoa
 .text          0x000000800000f5e4       0x50 atof.o
                0x000000800000f5e4                atof
 .text          0x000000800000f634       0x5a strtof.o
                0x000000800000f634                strtof
 .text          0x000000800000f68e       0x5e strtold.o
                0x000000800000f68e                strtold
 .text          0x000000800000f6ec       0x34 abs.o
                0x000000800000f6ec                abs
 .text          0x000000800000f720      0x225 ltoa.o
                0x000000800000f720                ltoa_r
                0x000000800000f896                ltoa
 .text          0x000000800000f945      0x18e utoa.o
                0x000000800000fa3e                utoa
 .text          0x000000800000fad3       0x2a srand.o
                0x000000800000fad3                srand
 .text          0x000000800000fafd       0x27 rand.o
                0x000000800000fafd                rand
 .text          0x000000800000fb24        0x0 errno.o
 .text          0x000000800000fb24       0x2f time.o
                0x000000800000fb24                time
 .text          0x000000800000fb53       0x3b gmtime.o
                0x000000800000fb53                gmtime
 .text          0x000000800000fb8e       0x3b localtime.o
                0x000000800000fb8e                localtime
 .text          0x000000800000fbc9       0x3a strftime.o
                0x000000800000fbc9                strftime
 .text          0x000000800000fc03       0x27 clock.o
                0x000000800000fc03                clock
 .text          0x000000800000fc2a       0xf0 math.o
                0x000000800000fc2a                log10
                0x000000800000fc63                ldexp
                0x000000800000fc9f                frexp
                0x000000800000fcdc                atan2
 .text          0x000000800000fd1a       0x6e pow.o
                0x000000800000fd1a                pow
 .text          0x000000800000fd88       0x3b sqrt.o
                0x000000800000fd88                sqrt
 .text          0x000000800000fdc3       0x39 atan.o
                0x000000800000fdc3                atan
 .text          0x000000800000fdfc       0x39 acos.o
                0x000000800000fdfc                acos
 .text          0x000000800000fe35       0x39 asin.o
                0x000000800000fe35                asin
 .text          0x000000800000fe6e      0x1b8 sin.o
                0x000000800000ff2b                sin
 .text          0x0000008000010026       0x39 tan.o
                0x0000008000010026                tan
 .text          0x000000800001005f      0x1b3 cos.o
                0x000000800001011c                cos
 .text          0x0000008000010212       0x39 floor.o
                0x0000008000010212                floor
 .text          0x000000800001024b       0x54 ceil.o
                0x000000800001024b                ceil
 .text          0x000000800001029f       0x61 exp.o
                0x000000800001029f                exp
 .text          0x0000008000010300      0x11a log.o
                0x0000008000010300                log
 .text          0x000000800001041a       0x48 fmax.o
                0x000000800001041a                fmax
 .text          0x0000008000010462       0x48 fmin.o
                0x0000008000010462                fmin
 .text          0x00000080000104aa       0x47 fminf.o
                0x00000080000104aa                fminf
 .text          0x00000080000104f1       0x36 min.o
                0x00000080000104f1                min
 .text          0x0000008000010527       0x36 max.o
                0x0000008000010527                max
 .text          0x000000800001055d       0x5f fabs.o
                0x000000800001055d                fabs
 *fill*         0x00000080000105bc        0x4 
 .text          0x00000080000105c0        0x2 lbm.o
                0x00000080000105c0                __sin
                0x00000080000105c1                cosine
 .text          0x00000080000105c2       0x32 locale.o
                0x00000080000105c2                setlocale
 .text          0x00000080000105f4       0xbb signal.o
                0x00000080000105f4                signal
                0x0000008000010652                sigaction
 *fill*         0x00000080000106af        0x1 
 .text          0x00000080000106b0       0x2c setjmp.o
                0x00000080000106b0                setjmp
 *fill*         0x00000080000106dc        0x4 
 .text          0x00000080000106e0       0x2f longjmp.o
                0x00000080000106e0                longjmp
                0x0000008000011000                . = ALIGN (0x1000)
 *fill*         0x000000800001070f      0x8f1 

.iplt           0x0000008000011000        0x0
 .iplt          0x0000008000011000        0x0 setup.o

.data           0x0000008000011000     0x4000
                0x0000008000011000                data = .
                0x0000008000011000                _data = .
                0x0000008000011000                __data = .
 *(.data)
 .data          0x0000008000011000       0x18 setup.o
                0x0000008000011000                argc
                0x0000008000011008                argv
                0x0000008000011010                pwd_ptr
 .data          0x0000008000011018        0x0 crt0.o
 .data          0x0000008000011018        0x0 pci.o
 .data          0x0000008000011018        0x0 file.o
 .data          0x0000008000011018        0x0 cfs.o
 .data          0x0000008000011018        0x0 alloc.o
 .data          0x0000008000011018        0x0 pipe.o
 .data          0x0000008000011018        0x0 path.o
 .data          0x0000008000011018        0x0 socket.o
 .data          0x0000008000011018        0x0 inet.o
 *fill*         0x0000008000011018        0x8 
 .data          0x0000008000011020      0x500 dns.o
                0x0000008000011020                dns_servers
 .data          0x0000008000011520        0x0 gui.o
 .data          0x0000008000011520     0x1000 font8x16.o
                0x0000008000011520                font8x16
 .data          0x0000008000012520        0x0 window.o
 .data          0x0000008000012520        0x0 bmp.o
 .data          0x0000008000012520      0x240 font.o
                0x0000008000012520                A__
 .data          0x0000008000012760        0x0 border.o
 .data          0x0000008000012760        0x0 memcmp.o
 .data          0x0000008000012760        0x0 memcpy.o
 .data          0x0000008000012760        0x0 memset.o
 .data          0x0000008000012760        0x0 strcasecmp.o
 .data          0x0000008000012760        0x0 strcat.o
 .data          0x0000008000012760        0x0 strchr.o
 .data          0x0000008000012760        0x0 strcmp.o
 .data          0x0000008000012760        0x0 strcpy.o
 .data          0x0000008000012760        0x0 strcspn.o
 .data          0x0000008000012760        0x0 string.o
 .data          0x0000008000012760        0x0 strlen.o
 .data          0x0000008000012760        0x0 strncasecmp.o
 .data          0x0000008000012760        0x0 strncmp.o
 .data          0x0000008000012760        0x0 strncpy.o
 .data          0x0000008000012760        0x0 strpbrk.o
 .data          0x0000008000012760        0x0 strrchr.o
 .data          0x0000008000012760        0x0 strsep.o
 .data          0x0000008000012760        0x0 strspn.o
 .data          0x0000008000012760        0x0 strtok.o
 .data          0x0000008000012760        0x0 strstr.o
 .data          0x0000008000012760        0x0 strdup.o
 .data          0x0000008000012760        0x0 memmove.o
 .data          0x0000008000012760        0x0 strcoll.o
 .data          0x0000008000012760        0x0 strerror.o
 .data          0x0000008000012760        0x0 ctype.o
 .data          0x0000008000012760        0x0 tolower.o
 .data          0x0000008000012760        0x0 toupper.o
 .data          0x0000008000012760        0x0 stdio.o
 .data          0x0000008000012760        0x0 fopen.o
 .data          0x0000008000012760        0x0 fclose.o
 .data          0x0000008000012760        0x0 fflush.o
 .data          0x0000008000012760        0x0 putc.o
 .data          0x0000008000012760        0x0 getc.o
 .data          0x0000008000012760        0x0 fputc.o
 .data          0x0000008000012760        0x0 fgetc.o
 .data          0x0000008000012760        0x0 fgets.o
 .data          0x0000008000012760        0x0 fputs.o
 .data          0x0000008000012760        0x0 fread.o
 .data          0x0000008000012760        0x0 fwrite.o
 .data          0x0000008000012760        0x0 remove.o
 .data          0x0000008000012760        0x0 rewind.o
 .data          0x0000008000012760        0x0 fseek.o
 .data          0x0000008000012760        0x0 feof.o
 .data          0x0000008000012760        0x0 ftell.o
 .data          0x0000008000012760        0x0 vfprintf.o
 .data          0x0000008000012760        0x0 fprintf.o
 .data          0x0000008000012760        0x0 vsprintf.o
 .data          0x0000008000012760        0x0 sprintf.o
 .data          0x0000008000012760        0x0 snprintf.o
 .data          0x0000008000012760        0x0 vsnprintf.o
 .data          0x0000008000012760        0x0 putchar.o
 .data          0x0000008000012760        0x0 puts.o
 .data          0x0000008000012760        0x0 printf.o
 .data          0x0000008000012760        0x0 sscanf.o
 .data          0x0000008000012760        0x0 perror.o
 .data          0x0000008000012760        0x0 vfscanf.o
 .data          0x0000008000012760        0x0 fscanf.o
 .data          0x0000008000012760        0x0 scanf.o
 .data          0x0000008000012760        0x0 ungetc.o
 .data          0x0000008000012760        0x0 getchar.o
 .data          0x0000008000012760        0x0 freopen.o
 .data          0x0000008000012760        0x0 tmpnam.o
 .data          0x0000008000012760        0x0 rename.o
 .data          0x0000008000012760        0x0 itoa.o
 .data          0x0000008000012760        0x0 i2hex.o
 .data          0x0000008000012760        0x0 malloc.o
 .data          0x0000008000012760        0x0 calloc.o
 .data          0x0000008000012760        0x0 free.o
 .data          0x0000008000012760        0x0 realloc.o
 .data          0x0000008000012760        0x0 div.o
 .data          0x0000008000012760        0x0 ldiv.o
 .data          0x0000008000012760        0x0 lldiv.o
 .data          0x0000008000012760        0x0 strtol.o
 .data          0x0000008000012760        0x0 atoi.o
 .data          0x0000008000012760        0x0 atol.o
 .data          0x0000008000012760        0x0 strtoul.o
 .data          0x0000008000012760        0x0 exit.o
 .data          0x0000008000012760        0x0 getenv.o
 .data          0x0000008000012760        0x0 qsort.o
 .data          0x0000008000012760        0x0 system.o
 .data          0x0000008000012760        0x8 strtod.o
                0x0000008000012760                _infinity
 .data          0x0000008000012768        0x0 ftoa.o
 .data          0x0000008000012768        0x0 atof.o
 .data          0x0000008000012768        0x0 strtof.o
 .data          0x0000008000012768        0x0 strtold.o
 .data          0x0000008000012768        0x0 abs.o
 .data          0x0000008000012768        0x0 ltoa.o
 .data          0x0000008000012768        0x0 utoa.o
 .data          0x0000008000012768        0x0 srand.o
 .data          0x0000008000012768        0x0 rand.o
 .data          0x0000008000012768        0x0 errno.o
 .data          0x0000008000012768        0x0 time.o
 .data          0x0000008000012768        0x0 gmtime.o
 .data          0x0000008000012768        0x0 localtime.o
 .data          0x0000008000012768        0x0 strftime.o
 .data          0x0000008000012768        0x0 clock.o
 .data          0x0000008000012768        0x0 math.o
 .data          0x0000008000012768        0x0 pow.o
 .data          0x0000008000012768        0x0 sqrt.o
 .data          0x0000008000012768        0x0 atan.o
 .data          0x0000008000012768        0x0 acos.o
 .data          0x0000008000012768        0x0 asin.o
 .data          0x0000008000012768        0x0 sin.o
 .data          0x0000008000012768        0x0 tan.o
 .data          0x0000008000012768        0x0 cos.o
 .data          0x0000008000012768        0x0 floor.o
 .data          0x0000008000012768        0x0 ceil.o
 .data          0x0000008000012768        0x0 exp.o
 .data          0x0000008000012768        0x0 log.o
 .data          0x0000008000012768        0x0 fmax.o
 .data          0x0000008000012768        0x0 fmin.o
 .data          0x0000008000012768        0x0 fminf.o
 .data          0x0000008000012768        0x0 min.o
 .data          0x0000008000012768        0x0 max.o
 .data          0x0000008000012768        0x0 fabs.o
 .data          0x0000008000012768        0x0 locale.o
 .data          0x0000008000012768        0x0 signal.o
 *(.rodata)
 .rodata        0x0000008000012768     0x1604 pci.o
 *fill*         0x0000008000013d6c        0x4 
 .rodata        0x0000008000013d70       0x96 cfs.o
 *fill*         0x0000008000013e06        0x2 
 .rodata        0x0000008000013e08       0x64 alloc.o
 .rodata        0x0000008000013e6c        0x4 path.o
 .rodata        0x0000008000013e70       0x21 socket.o
 .rodata        0x0000008000013e91        0x3 inet.o
 .rodata        0x0000008000013e94       0x56 dns.o
 .rodata        0x0000008000013eea       0x40 bmp.o
 .rodata        0x0000008000013f2a        0xb strerror.o
 *fill*         0x0000008000013f35        0xb 
 .rodata        0x0000008000013f40      0x100 ctype.o
                0x0000008000013f40                _ctype
 .rodata        0x0000008000014040       0x11 stdio.o
 *fill*         0x0000008000014051        0x7 
 .rodata        0x0000008000014058      0x1f8 vfprintf.o
 .rodata        0x0000008000014250      0x200 vsprintf.o
 .rodata        0x0000008000014450       0x11 sscanf.o
 *fill*         0x0000008000014461        0x7 
 .rodata        0x0000008000014468      0x1f0 vfscanf.o
 .rodata        0x0000008000014658       0x12 freopen.o
 .rodata        0x000000800001466a        0x3 rename.o
 .rodata        0x000000800001466d        0x4 getenv.o
 .rodata        0x0000008000014671       0x1d system.o
 *fill*         0x000000800001468e        0x2 
 .rodata        0x0000008000014690       0x20 strtod.o
 .rodata        0x00000080000146b0       0x28 ftoa.o
 .rodata        0x00000080000146d8        0x8 math.o
 .rodata        0x00000080000146e0        0x8 atan.o
 .rodata        0x00000080000146e8        0x8 acos.o
 .rodata        0x00000080000146f0        0x8 asin.o
 .rodata        0x00000080000146f8       0x18 sin.o
 .rodata        0x0000008000014710        0x8 tan.o
 .rodata        0x0000008000014718       0x18 cos.o
 .rodata        0x0000008000014730        0x8 floor.o
 .rodata        0x0000008000014738        0x8 exp.o
 .rodata        0x0000008000014740       0x30 log.o
 .rodata        0x0000008000014770       0x20 fabs.o
 .rodata        0x0000008000014790       0x42 signal.o
                0x0000008000015000                . = ALIGN (0x1000)
 *fill*         0x00000080000147d2      0x82e 

.got            0x0000008000015000       0x60
 .got           0x0000008000015000       0x60 setup.o

.got.plt        0x0000008000015060       0x18
 .got.plt       0x0000008000015060       0x18 setup.o
                0x0000008000015060                _GLOBAL_OFFSET_TABLE_

.igot.plt       0x0000008000015078        0x0
 .igot.plt      0x0000008000015078        0x0 setup.o

.data.rel.local
                0x0000008000015080     0x1400
 .data.rel.local
                0x0000008000015080     0x1400 pci.o
                0x0000008000015080                pci_classes
                0x0000008000015880                pci_class_names

.bss            0x0000008000016480    0x10b80
                0x0000008000016480                bss = .
                0x0000008000016480                _bss = .
                0x0000008000016480                __bss = .
 *(.bss)
 .bss           0x0000008000016480        0x0 setup.o
 .bss           0x0000008000016480        0x0 crt0.o
 .bss           0x0000008000016480        0x0 pci.o
 .bss           0x0000008000016480        0x0 file.o
 .bss           0x0000008000016480        0x0 cfs.o
 .bss           0x0000008000016480        0x4 alloc.o
 .bss           0x0000008000016484        0x0 pipe.o
 .bss           0x0000008000016484        0x0 path.o
 .bss           0x0000008000016484        0x0 socket.o
 .bss           0x0000008000016484        0x0 inet.o
 .bss           0x0000008000016484        0x0 dns.o
 .bss           0x0000008000016484        0x0 gui.o
 .bss           0x0000008000016484        0x0 font8x16.o
 .bss           0x0000008000016484        0x0 window.o
 .bss           0x0000008000016484        0x0 bmp.o
 .bss           0x0000008000016484        0x0 font.o
 .bss           0x0000008000016484        0x0 border.o
 .bss           0x0000008000016484        0x0 memcmp.o
 .bss           0x0000008000016484        0x0 memcpy.o
 .bss           0x0000008000016484        0x0 memset.o
 .bss           0x0000008000016484        0x0 strcasecmp.o
 .bss           0x0000008000016484        0x0 strcat.o
 .bss           0x0000008000016484        0x0 strchr.o
 .bss           0x0000008000016484        0x0 strcmp.o
 .bss           0x0000008000016484        0x0 strcpy.o
 .bss           0x0000008000016484        0x0 strcspn.o
 .bss           0x0000008000016484        0x0 string.o
 .bss           0x0000008000016484        0x0 strlen.o
 .bss           0x0000008000016484        0x0 strncasecmp.o
 .bss           0x0000008000016484        0x0 strncmp.o
 .bss           0x0000008000016484        0x0 strncpy.o
 .bss           0x0000008000016484        0x0 strpbrk.o
 .bss           0x0000008000016484        0x0 strrchr.o
 .bss           0x0000008000016484        0x0 strsep.o
 .bss           0x0000008000016484        0x0 strspn.o
 *fill*         0x0000008000016484        0x4 
 .bss           0x0000008000016488        0x8 strtok.o
 .bss           0x0000008000016490        0x0 strstr.o
 .bss           0x0000008000016490        0x0 strdup.o
 .bss           0x0000008000016490        0x0 memmove.o
 .bss           0x0000008000016490        0x0 strcoll.o
 .bss           0x0000008000016490        0x0 strerror.o
 .bss           0x0000008000016490        0x0 ctype.o
 .bss           0x0000008000016490        0x0 tolower.o
 .bss           0x0000008000016490        0x0 toupper.o
 .bss           0x0000008000016490        0x0 stdio.o
 .bss           0x0000008000016490        0x0 fopen.o
 .bss           0x0000008000016490        0x0 fclose.o
 .bss           0x0000008000016490        0x0 fflush.o
 .bss           0x0000008000016490        0x0 putc.o
 .bss           0x0000008000016490        0x0 getc.o
 .bss           0x0000008000016490        0x0 fputc.o
 .bss           0x0000008000016490        0x0 fgetc.o
 .bss           0x0000008000016490        0x0 fgets.o
 .bss           0x0000008000016490        0x0 fputs.o
 .bss           0x0000008000016490        0x0 fread.o
 .bss           0x0000008000016490        0x0 fwrite.o
 .bss           0x0000008000016490        0x0 remove.o
 .bss           0x0000008000016490        0x0 rewind.o
 .bss           0x0000008000016490        0x0 fseek.o
 .bss           0x0000008000016490        0x0 feof.o
 .bss           0x0000008000016490        0x0 ftell.o
 .bss           0x0000008000016490        0x0 vfprintf.o
 .bss           0x0000008000016490        0x0 fprintf.o
 .bss           0x0000008000016490        0x0 vsprintf.o
 .bss           0x0000008000016490        0x0 sprintf.o
 .bss           0x0000008000016490        0x0 snprintf.o
 *fill*         0x0000008000016490       0x10 
 .bss           0x00000080000164a0    0x10000 vsnprintf.o
 .bss           0x00000080000264a0        0x0 putchar.o
 .bss           0x00000080000264a0        0x0 puts.o
 .bss           0x00000080000264a0        0x0 printf.o
 .bss           0x00000080000264a0        0x0 sscanf.o
 .bss           0x00000080000264a0        0x0 perror.o
 .bss           0x00000080000264a0      0x200 vfscanf.o
 .bss           0x00000080000266a0        0x0 fscanf.o
 .bss           0x00000080000266a0        0x0 scanf.o
 .bss           0x00000080000266a0        0x0 ungetc.o
 .bss           0x00000080000266a0        0x0 getchar.o
 .bss           0x00000080000266a0        0x0 freopen.o
 .bss           0x00000080000266a0       0x60 tmpnam.o
 .bss           0x0000008000026700        0x0 rename.o
 .bss           0x0000008000026700        0x0 itoa.o
 .bss           0x0000008000026700        0x0 i2hex.o
 .bss           0x0000008000026700        0x0 malloc.o
 .bss           0x0000008000026700        0x0 calloc.o
 .bss           0x0000008000026700        0x0 free.o
 .bss           0x0000008000026700        0x0 realloc.o
 .bss           0x0000008000026700        0x0 div.o
 .bss           0x0000008000026700        0x0 ldiv.o
 .bss           0x0000008000026700        0x0 lldiv.o
 .bss           0x0000008000026700        0x0 strtol.o
 .bss           0x0000008000026700        0x0 atoi.o
 .bss           0x0000008000026700        0x0 atol.o
 .bss           0x0000008000026700        0x0 strtoul.o
 .bss           0x0000008000026700        0x0 exit.o
 .bss           0x0000008000026700        0x0 getenv.o
 .bss           0x0000008000026700        0xc qsort.o
 .bss           0x000000800002670c        0x0 system.o
 .bss           0x000000800002670c        0x0 strtod.o
 .bss           0x000000800002670c        0x0 ftoa.o
 .bss           0x000000800002670c        0x0 atof.o
 .bss           0x000000800002670c        0x0 strtof.o
 .bss           0x000000800002670c        0x0 strtold.o
 .bss           0x000000800002670c        0x0 abs.o
 .bss           0x000000800002670c        0x0 ltoa.o
 .bss           0x000000800002670c        0x0 utoa.o
 .bss           0x000000800002670c        0x0 srand.o
 .bss           0x000000800002670c        0x0 rand.o
 .bss           0x000000800002670c        0x0 errno.o
 .bss           0x000000800002670c        0x0 time.o
 .bss           0x000000800002670c        0x0 gmtime.o
 .bss           0x000000800002670c        0x0 localtime.o
 .bss           0x000000800002670c        0x0 strftime.o
 .bss           0x000000800002670c        0x0 clock.o
 .bss           0x000000800002670c        0x0 math.o
 .bss           0x000000800002670c        0x0 pow.o
 .bss           0x000000800002670c        0x0 sqrt.o
 .bss           0x000000800002670c        0x0 atan.o
 .bss           0x000000800002670c        0x0 acos.o
 .bss           0x000000800002670c        0x0 asin.o
 .bss           0x000000800002670c        0x0 sin.o
 .bss           0x000000800002670c        0x0 tan.o
 .bss           0x000000800002670c        0x0 cos.o
 .bss           0x000000800002670c        0x0 floor.o
 .bss           0x000000800002670c        0x0 ceil.o
 .bss           0x000000800002670c        0x0 exp.o
 .bss           0x000000800002670c        0x0 log.o
 .bss           0x000000800002670c        0x0 fmax.o
 .bss           0x000000800002670c        0x0 fmin.o
 .bss           0x000000800002670c        0x0 fminf.o
 .bss           0x000000800002670c        0x0 min.o
 .bss           0x000000800002670c        0x0 max.o
 .bss           0x000000800002670c        0x0 fabs.o
 .bss           0x000000800002670c        0x0 locale.o
 .bss           0x000000800002670c        0x0 signal.o
 *(COMMON)
 *fill*         0x000000800002670c        0x4 
 COMMON         0x0000008000026710       0x68 crt0.o
                0x0000008000026710                stdout
                0x0000008000026718                __tm
                0x0000008000026720                mouse2
                0x0000008000026728                __pipe__
                0x0000008000026730                user
                0x0000008000026738                stdin
                0x0000008000026740                obj_list
                0x0000008000026748                pwd
                0x0000008000026750                ptr_mouse2
                0x0000008000026758                stderr
                0x0000008000026760                mouse
                0x0000008000026768                __window
                0x0000008000026770                pipe_r
 *fill*         0x0000008000026778        0x8 
 COMMON         0x0000008000026780      0x820 cfs.o
                0x0000008000026780                fs_directory
                0x00000080000267a0                _BLK_
 COMMON         0x0000008000026fa0       0x18 alloc.o
                0x0000008000026fa0                __m_i
                0x0000008000026fa8                __m_c
                0x0000008000026fb0                addr
 COMMON         0x0000008000026fb8        0x4 errno.o
                0x0000008000026fb8                errno
                0x0000008000027000                . = ALIGN (0x1000)
 *fill*         0x0000008000026fbc       0x44 

.eh_frame       0x0000008000027000     0x3000
                0x0000008000027000                eh_frame = .
 *(.eh_frame)
 .eh_frame      0x0000008000027000       0x48 crt0.o
 .eh_frame      0x0000008000027048       0x98 pci.o
                                         0xb0 (size before relaxing)
 .eh_frame      0x00000080000270e0      0x200 file.o
                                        0x218 (size before relaxing)
 .eh_frame      0x00000080000272e0      0x350 cfs.o
                                        0x368 (size before relaxing)
 .eh_frame      0x0000008000027630       0xe0 alloc.o
                                         0xf8 (size before relaxing)
 .eh_frame      0x0000008000027710       0x60 pipe.o
                                         0x78 (size before relaxing)
 .eh_frame      0x0000008000027770       0xc8 path.o
                                         0xe0 (size before relaxing)
 .eh_frame      0x0000008000027838      0x168 socket.o
                                        0x180 (size before relaxing)
 .eh_frame      0x00000080000279a0       0xd0 inet.o
                                         0xe8 (size before relaxing)
 .eh_frame      0x0000008000027a70       0x90 dns.o
                                         0xa8 (size before relaxing)
 .eh_frame      0x0000008000027b00       0x48 gui.o
                                         0x60 (size before relaxing)
 .eh_frame      0x0000008000027b48      0x218 window.o
                                        0x230 (size before relaxing)
 .eh_frame      0x0000008000027d60       0x58 bmp.o
                                         0x70 (size before relaxing)
 .eh_frame      0x0000008000027db8       0x28 font.o
                                         0x40 (size before relaxing)
 .eh_frame      0x0000008000027de0       0x30 border.o
                                         0x48 (size before relaxing)
 .eh_frame      0x0000008000027e10       0x20 memcmp.o
                                         0x38 (size before relaxing)
 .eh_frame      0x0000008000027e30       0x20 memcpy.o
                                         0x38 (size before relaxing)
 .eh_frame      0x0000008000027e50       0x20 memset.o
                                         0x38 (size before relaxing)
 .eh_frame      0x0000008000027e70       0x28 strcasecmp.o
                                         0x40 (size before relaxing)
 .eh_frame      0x0000008000027e98       0x28 strcat.o
                                         0x40 (size before relaxing)
 .eh_frame      0x0000008000027ec0       0x20 strchr.o
                                         0x38 (size before relaxing)
 .eh_frame      0x0000008000027ee0       0x20 strcmp.o
                                         0x38 (size before relaxing)
 .eh_frame      0x0000008000027f00       0x20 strcpy.o
                                         0x38 (size before relaxing)
 .eh_frame      0x0000008000027f20       0x48 strcspn.o
                                         0x60 (size before relaxing)
 .eh_frame      0x0000008000027f68       0x20 strlen.o
                                         0x38 (size before relaxing)
 .eh_frame      0x0000008000027f88       0x28 strncasecmp.o
                                         0x40 (size before relaxing)
 .eh_frame      0x0000008000027fb0       0x20 strncmp.o
                                         0x38 (size before relaxing)
 .eh_frame      0x0000008000027fd0       0x20 strncpy.o
                                         0x38 (size before relaxing)
 .eh_frame      0x0000008000027ff0       0x28 strpbrk.o
                                         0x40 (size before relaxing)
 .eh_frame      0x0000008000028018       0x28 strrchr.o
                                         0x40 (size before relaxing)
 .eh_frame      0x0000008000028040       0x20 strsep.o
                                         0x38 (size before relaxing)
 .eh_frame      0x0000008000028060       0x20 strspn.o
                                         0x38 (size before relaxing)
 .eh_frame      0x0000008000028080       0x40 strtok.o
                                         0x58 (size before relaxing)
 .eh_frame      0x00000080000280c0       0x28 strstr.o
                                         0x40 (size before relaxing)
 .eh_frame      0x00000080000280e8       0x28 strdup.o
                                         0x40 (size before relaxing)
 .eh_frame      0x0000008000028110       0x20 memmove.o
                                         0x38 (size before relaxing)
 .eh_frame      0x0000008000028130       0x28 strcoll.o
                                         0x40 (size before relaxing)
 .eh_frame      0x0000008000028158       0x20 strerror.o
                                         0x38 (size before relaxing)
 .eh_frame      0x0000008000028178       0x20 tolower.o
                                         0x38 (size before relaxing)
 .eh_frame      0x0000008000028198       0x20 toupper.o
                                         0x38 (size before relaxing)
 .eh_frame      0x00000080000281b8       0x28 stdio.o
                                         0x40 (size before relaxing)
 .eh_frame      0x00000080000281e0       0x28 fopen.o
                                         0x40 (size before relaxing)
 .eh_frame      0x0000008000028208       0x28 fclose.o
                                         0x40 (size before relaxing)
 .eh_frame      0x0000008000028230       0x28 fflush.o
                                         0x40 (size before relaxing)
 .eh_frame      0x0000008000028258       0x28 putc.o
                                         0x40 (size before relaxing)
 .eh_frame      0x0000008000028280       0x28 getc.o
                                         0x40 (size before relaxing)
 .eh_frame      0x00000080000282a8       0x28 fputc.o
                                         0x40 (size before relaxing)
 .eh_frame      0x00000080000282d0       0x28 fgetc.o
                                         0x40 (size before relaxing)
 .eh_frame      0x00000080000282f8       0x30 fgets.o
                                         0x48 (size before relaxing)
 .eh_frame      0x0000008000028328       0x28 fputs.o
                                         0x40 (size before relaxing)
 .eh_frame      0x0000008000028350       0x28 fread.o
                                         0x40 (size before relaxing)
 .eh_frame      0x0000008000028378       0x28 fwrite.o
                                         0x40 (size before relaxing)
 .eh_frame      0x00000080000283a0       0x28 remove.o
                                         0x40 (size before relaxing)
 .eh_frame      0x00000080000283c8       0x28 rewind.o
                                         0x40 (size before relaxing)
 .eh_frame      0x00000080000283f0       0x28 fseek.o
                                         0x40 (size before relaxing)
 .eh_frame      0x0000008000028418       0x20 feof.o
                                         0x38 (size before relaxing)
 .eh_frame      0x0000008000028438       0x28 ftell.o
                                         0x40 (size before relaxing)
 .eh_frame      0x0000008000028460       0x50 vfprintf.o
                                         0x68 (size before relaxing)
 .eh_frame      0x00000080000284b0       0x28 fprintf.o
                                         0x40 (size before relaxing)
 .eh_frame      0x00000080000284d8       0x70 vsprintf.o
                                         0x88 (size before relaxing)
 .eh_frame      0x0000008000028548       0x28 sprintf.o
                                         0x40 (size before relaxing)
 .eh_frame      0x0000008000028570       0x28 snprintf.o
                                         0x40 (size before relaxing)
 .eh_frame      0x0000008000028598       0x28 vsnprintf.o
                                         0x40 (size before relaxing)
 .eh_frame      0x00000080000285c0       0x28 putchar.o
                                         0x40 (size before relaxing)
 .eh_frame      0x00000080000285e8       0x28 puts.o
                                         0x40 (size before relaxing)
 .eh_frame      0x0000008000028610       0x28 printf.o
                                         0x40 (size before relaxing)
 .eh_frame      0x0000008000028638       0x20 sscanf.o
                                         0x38 (size before relaxing)
 .eh_frame      0x0000008000028658       0x28 perror.o
                                         0x40 (size before relaxing)
 .eh_frame      0x0000008000028680       0xe8 vfscanf.o
                                        0x100 (size before relaxing)
 .eh_frame      0x0000008000028768       0x28 fscanf.o
                                         0x40 (size before relaxing)
 .eh_frame      0x0000008000028790       0x28 scanf.o
                                         0x40 (size before relaxing)
 .eh_frame      0x00000080000287b8       0x20 ungetc.o
                                         0x38 (size before relaxing)
 .eh_frame      0x00000080000287d8       0x28 getchar.o
                                         0x40 (size before relaxing)
 .eh_frame      0x0000008000028800       0x20 freopen.o
                                         0x38 (size before relaxing)
 .eh_frame      0x0000008000028820       0x48 tmpnam.o
                                         0x60 (size before relaxing)
 .eh_frame      0x0000008000028868       0x28 rename.o
                                         0x40 (size before relaxing)
 .eh_frame      0x0000008000028890       0x20 itoa.o
                                         0x38 (size before relaxing)
 .eh_frame      0x00000080000288b0       0x30 i2hex.o
                                         0x48 (size before relaxing)
 .eh_frame      0x00000080000288e0       0x28 malloc.o
                                         0x40 (size before relaxing)
 .eh_frame      0x0000008000028908       0x28 calloc.o
                                         0x40 (size before relaxing)
 .eh_frame      0x0000008000028930       0x28 free.o
                                         0x40 (size before relaxing)
 .eh_frame      0x0000008000028958       0x28 realloc.o
                                         0x40 (size before relaxing)
 .eh_frame      0x0000008000028980       0x20 div.o
                                         0x38 (size before relaxing)
 .eh_frame      0x00000080000289a0       0x20 ldiv.o
                                         0x38 (size before relaxing)
 .eh_frame      0x00000080000289c0       0x20 lldiv.o
                                         0x38 (size before relaxing)
 .eh_frame      0x00000080000289e0       0x20 strtol.o
                                         0x38 (size before relaxing)
 .eh_frame      0x0000008000028a00       0x28 atoi.o
                                         0x40 (size before relaxing)
 .eh_frame      0x0000008000028a28       0x28 atol.o
                                         0x40 (size before relaxing)
 .eh_frame      0x0000008000028a50       0x38 strtoul.o
                                         0x50 (size before relaxing)
 .eh_frame      0x0000008000028a88       0x20 exit.o
                                         0x38 (size before relaxing)
 .eh_frame      0x0000008000028aa8       0x28 getenv.o
                                         0x40 (size before relaxing)
 .eh_frame      0x0000008000028ad0       0x98 qsort.o
                                         0xb0 (size before relaxing)
 .eh_frame      0x0000008000028b68       0x28 system.o
                                         0x40 (size before relaxing)
 .eh_frame      0x0000008000028b90       0x20 strtod.o
                                         0x38 (size before relaxing)
 .eh_frame      0x0000008000028bb0       0x50 ftoa.o
                                         0x68 (size before relaxing)
 .eh_frame      0x0000008000028c00       0x28 atof.o
                                         0x40 (size before relaxing)
 .eh_frame      0x0000008000028c28       0x28 strtof.o
                                         0x40 (size before relaxing)
 .eh_frame      0x0000008000028c50       0x28 strtold.o
                                         0x40 (size before relaxing)
 .eh_frame      0x0000008000028c78       0x20 abs.o
                                         0x38 (size before relaxing)
 .eh_frame      0x0000008000028c98       0x48 ltoa.o
                                         0x60 (size before relaxing)
 .eh_frame      0x0000008000028ce0       0x48 utoa.o
                                         0x60 (size before relaxing)
 .eh_frame      0x0000008000028d28       0x20 srand.o
                                         0x38 (size before relaxing)
 .eh_frame      0x0000008000028d48       0x20 rand.o
                                         0x38 (size before relaxing)
 .eh_frame      0x0000008000028d68       0x20 time.o
                                         0x38 (size before relaxing)
 .eh_frame      0x0000008000028d88       0x20 gmtime.o
                                         0x38 (size before relaxing)
 .eh_frame      0x0000008000028da8       0x20 localtime.o
                                         0x38 (size before relaxing)
 .eh_frame      0x0000008000028dc8       0x20 strftime.o
                                         0x38 (size before relaxing)
 .eh_frame      0x0000008000028de8       0x20 clock.o
                                         0x38 (size before relaxing)
 .eh_frame      0x0000008000028e08       0x80 math.o
                                         0x98 (size before relaxing)
 .eh_frame      0x0000008000028e88       0x20 pow.o
                                         0x38 (size before relaxing)
 .eh_frame      0x0000008000028ea8       0x20 sqrt.o
                                         0x38 (size before relaxing)
 .eh_frame      0x0000008000028ec8       0x20 atan.o
                                         0x38 (size before relaxing)
 .eh_frame      0x0000008000028ee8       0x20 acos.o
                                         0x38 (size before relaxing)
 .eh_frame      0x0000008000028f08       0x20 asin.o
                                         0x38 (size before relaxing)
 .eh_frame      0x0000008000028f28       0x68 sin.o
                                         0x80 (size before relaxing)
 .eh_frame      0x0000008000028f90       0x20 tan.o
                                         0x38 (size before relaxing)
 .eh_frame      0x0000008000028fb0       0x68 cos.o
                                         0x80 (size before relaxing)
 .eh_frame      0x0000008000029018       0x20 floor.o
                                         0x38 (size before relaxing)
 .eh_frame      0x0000008000029038       0x20 ceil.o
                                         0x38 (size before relaxing)
 .eh_frame      0x0000008000029058       0x28 exp.o
                                         0x40 (size before relaxing)
 .eh_frame      0x0000008000029080       0x20 log.o
                                         0x38 (size before relaxing)
 .eh_frame      0x00000080000290a0       0x20 fmax.o
                                         0x38 (size before relaxing)
 .eh_frame      0x00000080000290c0       0x20 fmin.o
                                         0x38 (size before relaxing)
 .eh_frame      0x00000080000290e0       0x20 fminf.o
                                         0x38 (size before relaxing)
 .eh_frame      0x0000008000029100       0x20 min.o
                                         0x38 (size before relaxing)
 .eh_frame      0x0000008000029120       0x20 max.o
                                         0x38 (size before relaxing)
 .eh_frame      0x0000008000029140       0x20 fabs.o
                                         0x38 (size before relaxing)
 .eh_frame      0x0000008000029160       0x20 locale.o
                                         0x38 (size before relaxing)
 .eh_frame      0x0000008000029180       0x38 signal.o
                                         0x50 (size before relaxing)
                0x000000800002a000                . = ALIGN (0x1000)
 *fill*         0x00000080000291b8      0xe48 
                0x000000800002a000                end = .
                0x000000800002a000                _end = .
                0x000000800002a000                __end = .
LOAD setup.o
LOAD crt0.o
LOAD pci.o
LOAD file.o
LOAD cfs.o
LOAD alloc.o
LOAD pipe.o
LOAD path.o
LOAD socket.o
LOAD inet.o
LOAD dns.o
LOAD gui.o
LOAD font8x16.o
LOAD window.o
LOAD bmp.o
LOAD font.o
LOAD border.o
LOAD memcmp.o
LOAD memcpy.o
LOAD memset.o
LOAD strcasecmp.o
LOAD strcat.o
LOAD strchr.o
LOAD strcmp.o
LOAD strcpy.o
LOAD strcspn.o
LOAD string.o
LOAD strlen.o
LOAD strncasecmp.o
LOAD strncmp.o
LOAD strncpy.o
LOAD strpbrk.o
LOAD strrchr.o
LOAD strsep.o
LOAD strspn.o
LOAD strtok.o
LOAD strstr.o
LOAD strdup.o
LOAD memmove.o
LOAD strcoll.o
LOAD strerror.o
LOAD ctype.o
LOAD tolower.o
LOAD toupper.o
LOAD stdio.o
LOAD fopen.o
LOAD fclose.o
LOAD fflush.o
LOAD putc.o
LOAD getc.o
LOAD fputc.o
LOAD fgetc.o
LOAD fgets.o
LOAD fputs.o
LOAD fread.o
LOAD fwrite.o
LOAD remove.o
LOAD rewind.o
LOAD fseek.o
LOAD feof.o
LOAD ftell.o
LOAD vfprintf.o
LOAD fprintf.o
LOAD vsprintf.o
LOAD sprintf.o
LOAD snprintf.o
LOAD vsnprintf.o
LOAD putchar.o
LOAD puts.o
LOAD printf.o
LOAD sscanf.o
LOAD perror.o
LOAD vfscanf.o
LOAD fscanf.o
LOAD scanf.o
LOAD ungetc.o
LOAD getchar.o
LOAD freopen.o
LOAD tmpnam.o
LOAD rename.o
LOAD itoa.o
LOAD i2hex.o
LOAD malloc.o
LOAD calloc.o
LOAD free.o
LOAD realloc.o
LOAD div.o
LOAD ldiv.o
LOAD lldiv.o
LOAD strtol.o
LOAD atoi.o
LOAD atol.o
LOAD strtoul.o
LOAD exit.o
LOAD getenv.o
LOAD qsort.o
LOAD system.o
LOAD strtod.o
LOAD ftoa.o
LOAD atof.o
LOAD strtof.o
LOAD strtold.o
LOAD abs.o
LOAD ltoa.o
LOAD utoa.o
LOAD srand.o
LOAD rand.o
LOAD errno.o
LOAD time.o
LOAD gmtime.o
LOAD localtime.o
LOAD strftime.o
LOAD clock.o
LOAD math.o
LOAD pow.o
LOAD sqrt.o
LOAD atan.o
LOAD acos.o
LOAD asin.o
LOAD sin.o
LOAD tan.o
LOAD cos.o
LOAD floor.o
LOAD ceil.o
LOAD exp.o
LOAD log.o
LOAD fmax.o
LOAD fmin.o
LOAD fminf.o
LOAD min.o
LOAD max.o
LOAD fabs.o
LOAD lbm.o
LOAD locale.o
LOAD signal.o
LOAD setjmp.o
LOAD longjmp.o
OUTPUT(pci.bin elf64-x86-64)

.rela.dyn       0x000000800002a000        0x0
 .rela.got      0x000000800002a000        0x0 setup.o
 .rela.iplt     0x000000800002a000        0x0 setup.o
 .rela.text     0x000000800002a000        0x0 setup.o

.comment        0x0000000000000000       0x2a
 .comment       0x0000000000000000       0x2a crt0.o
                                         0x2b (size before relaxing)
 .comment       0x000000000000002a       0x2b pci.o
 .comment       0x000000000000002a       0x2b file.o
 .comment       0x000000000000002a       0x2b cfs.o
 .comment       0x000000000000002a       0x2b alloc.o
 .comment       0x000000000000002a       0x2b pipe.o
 .comment       0x000000000000002a       0x2b path.o
 .comment       0x000000000000002a       0x2b socket.o
 .comment       0x000000000000002a       0x2b inet.o
 .comment       0x000000000000002a       0x2b dns.o
 .comment       0x000000000000002a       0x2b gui.o
 .comment       0x000000000000002a       0x2b font8x16.o
 .comment       0x000000000000002a       0x2b window.o
 .comment       0x000000000000002a       0x2b bmp.o
 .comment       0x000000000000002a       0x2b font.o
 .comment       0x000000000000002a       0x2b border.o
 .comment       0x000000000000002a       0x2b memcmp.o
 .comment       0x000000000000002a       0x2b memcpy.o
 .comment       0x000000000000002a       0x2b memset.o
 .comment       0x000000000000002a       0x2b strcasecmp.o
 .comment       0x000000000000002a       0x2b strcat.o
 .comment       0x000000000000002a       0x2b strchr.o
 .comment       0x000000000000002a       0x2b strcmp.o
 .comment       0x000000000000002a       0x2b strcpy.o
 .comment       0x000000000000002a       0x2b strcspn.o
 .comment       0x000000000000002a       0x2b string.o
 .comment       0x000000000000002a       0x2b strlen.o
 .comment       0x000000000000002a       0x2b strncasecmp.o
 .comment       0x000000000000002a       0x2b strncmp.o
 .comment       0x000000000000002a       0x2b strncpy.o
 .comment       0x000000000000002a       0x2b strpbrk.o
 .comment       0x000000000000002a       0x2b strrchr.o
 .comment       0x000000000000002a       0x2b strsep.o
 .comment       0x000000000000002a       0x2b strspn.o
 .comment       0x000000000000002a       0x2b strtok.o
 .comment       0x000000000000002a       0x2b strstr.o
 .comment       0x000000000000002a       0x2b strdup.o
 .comment       0x000000000000002a       0x2b memmove.o
 .comment       0x000000000000002a       0x2b strcoll.o
 .comment       0x000000000000002a       0x2b strerror.o
 .comment       0x000000000000002a       0x2b ctype.o
 .comment       0x000000000000002a       0x2b tolower.o
 .comment       0x000000000000002a       0x2b toupper.o
 .comment       0x000000000000002a       0x2b stdio.o
 .comment       0x000000000000002a       0x2b fopen.o
 .comment       0x000000000000002a       0x2b fclose.o
 .comment       0x000000000000002a       0x2b fflush.o
 .comment       0x000000000000002a       0x2b putc.o
 .comment       0x000000000000002a       0x2b getc.o
 .comment       0x000000000000002a       0x2b fputc.o
 .comment       0x000000000000002a       0x2b fgetc.o
 .comment       0x000000000000002a       0x2b fgets.o
 .comment       0x000000000000002a       0x2b fputs.o
 .comment       0x000000000000002a       0x2b fread.o
 .comment       0x000000000000002a       0x2b fwrite.o
 .comment       0x000000000000002a       0x2b remove.o
 .comment       0x000000000000002a       0x2b rewind.o
 .comment       0x000000000000002a       0x2b fseek.o
 .comment       0x000000000000002a       0x2b feof.o
 .comment       0x000000000000002a       0x2b ftell.o
 .comment       0x000000000000002a       0x2b vfprintf.o
 .comment       0x000000000000002a       0x2b fprintf.o
 .comment       0x000000000000002a       0x2b vsprintf.o
 .comment       0x000000000000002a       0x2b sprintf.o
 .comment       0x000000000000002a       0x2b snprintf.o
 .comment       0x000000000000002a       0x2b vsnprintf.o
 .comment       0x000000000000002a       0x2b putchar.o
 .comment       0x000000000000002a       0x2b puts.o
 .comment       0x000000000000002a       0x2b printf.o
 .comment       0x000000000000002a       0x2b sscanf.o
 .comment       0x000000000000002a       0x2b perror.o
 .comment       0x000000000000002a       0x2b vfscanf.o
 .comment       0x000000000000002a       0x2b fscanf.o
 .comment       0x000000000000002a       0x2b scanf.o
 .comment       0x000000000000002a       0x2b ungetc.o
 .comment       0x000000000000002a       0x2b getchar.o
 .comment       0x000000000000002a       0x2b freopen.o
 .comment       0x000000000000002a       0x2b tmpnam.o
 .comment       0x000000000000002a       0x2b rename.o
 .comment       0x000000000000002a       0x2b itoa.o
 .comment       0x000000000000002a       0x2b i2hex.o
 .comment       0x000000000000002a       0x2b malloc.o
 .comment       0x000000000000002a       0x2b calloc.o
 .comment       0x000000000000002a       0x2b free.o
 .comment       0x000000000000002a       0x2b realloc.o
 .comment       0x000000000000002a       0x2b div.o
 .comment       0x000000000000002a       0x2b ldiv.o
 .comment       0x000000000000002a       0x2b lldiv.o
 .comment       0x000000000000002a       0x2b strtol.o
 .comment       0x000000000000002a       0x2b atoi.o
 .comment       0x000000000000002a       0x2b atol.o
 .comment       0x000000000000002a       0x2b strtoul.o
 .comment       0x000000000000002a       0x2b exit.o
 .comment       0x000000000000002a       0x2b getenv.o
 .comment       0x000000000000002a       0x2b qsort.o
 .comment       0x000000000000002a       0x2b system.o
 .comment       0x000000000000002a       0x2b strtod.o
 .comment       0x000000000000002a       0x2b ftoa.o
 .comment       0x000000000000002a       0x2b atof.o
 .comment       0x000000000000002a       0x2b strtof.o
 .comment       0x000000000000002a       0x2b strtold.o
 .comment       0x000000000000002a       0x2b abs.o
 .comment       0x000000000000002a       0x2b ltoa.o
 .comment       0x000000000000002a       0x2b utoa.o
 .comment       0x000000000000002a       0x2b srand.o
 .comment       0x000000000000002a       0x2b rand.o
 .comment       0x000000000000002a       0x2b errno.o
 .comment       0x000000000000002a       0x2b time.o
 .comment       0x000000000000002a       0x2b gmtime.o
 .comment       0x000000000000002a       0x2b localtime.o
 .comment       0x000000000000002a       0x2b strftime.o
 .comment       0x000000000000002a       0x2b clock.o
 .comment       0x000000000000002a       0x2b math.o
 .comment       0x000000000000002a       0x2b pow.o
 .comment       0x000000000000002a       0x2b sqrt.o
 .comment       0x000000000000002a       0x2b atan.o
 .comment       0x000000000000002a       0x2b acos.o
 .comment       0x000000000000002a       0x2b asin.o
 .comment       0x000000000000002a       0x2b sin.o
 .comment       0x000000000000002a       0x2b tan.o
 .comment       0x000000000000002a       0x2b cos.o
 .comment       0x000000000000002a       0x2b floor.o
 .comment       0x000000000000002a       0x2b ceil.o
 .comment       0x000000000000002a       0x2b exp.o
 .comment       0x000000000000002a       0x2b log.o
 .comment       0x000000000000002a       0x2b fmax.o
 .comment       0x000000000000002a       0x2b fmin.o
 .comment       0x000000000000002a       0x2b fminf.o
 .comment       0x000000000000002a       0x2b min.o
 .comment       0x000000000000002a       0x2b max.o
 .comment       0x000000000000002a       0x2b fabs.o
 .comment       0x000000000000002a       0x2b locale.o
 .comment       0x000000000000002a       0x2b signal.o

.note.GNU-stack
                0x0000000000000000        0x0
 .note.GNU-stack
                0x0000000000000000        0x0 crt0.o
 .note.GNU-stack
                0x0000000000000000        0x0 pci.o
 .note.GNU-stack
                0x0000000000000000        0x0 file.o
 .note.GNU-stack
                0x0000000000000000        0x0 cfs.o
 .note.GNU-stack
                0x0000000000000000        0x0 alloc.o
 .note.GNU-stack
                0x0000000000000000        0x0 pipe.o
 .note.GNU-stack
                0x0000000000000000        0x0 path.o
 .note.GNU-stack
                0x0000000000000000        0x0 socket.o
 .note.GNU-stack
                0x0000000000000000        0x0 inet.o
 .note.GNU-stack
                0x0000000000000000        0x0 dns.o
 .note.GNU-stack
                0x0000000000000000        0x0 gui.o
 .note.GNU-stack
                0x0000000000000000        0x0 font8x16.o
 .note.GNU-stack
                0x0000000000000000        0x0 window.o
 .note.GNU-stack
                0x0000000000000000        0x0 bmp.o
 .note.GNU-stack
                0x0000000000000000        0x0 font.o
 .note.GNU-stack
                0x0000000000000000        0x0 border.o
 .note.GNU-stack
                0x0000000000000000        0x0 memcmp.o
 .note.GNU-stack
                0x0000000000000000        0x0 memcpy.o
 .note.GNU-stack
                0x0000000000000000        0x0 memset.o
 .note.GNU-stack
                0x0000000000000000        0x0 strcasecmp.o
 .note.GNU-stack
                0x0000000000000000        0x0 strcat.o
 .note.GNU-stack
                0x0000000000000000        0x0 strchr.o
 .note.GNU-stack
                0x0000000000000000        0x0 strcmp.o
 .note.GNU-stack
                0x0000000000000000        0x0 strcpy.o
 .note.GNU-stack
                0x0000000000000000        0x0 strcspn.o
 .note.GNU-stack
                0x0000000000000000        0x0 string.o
 .note.GNU-stack
                0x0000000000000000        0x0 strlen.o
 .note.GNU-stack
                0x0000000000000000        0x0 strncasecmp.o
 .note.GNU-stack
                0x0000000000000000        0x0 strncmp.o
 .note.GNU-stack
                0x0000000000000000        0x0 strncpy.o
 .note.GNU-stack
                0x0000000000000000        0x0 strpbrk.o
 .note.GNU-stack
                0x0000000000000000        0x0 strrchr.o
 .note.GNU-stack
                0x0000000000000000        0x0 strsep.o
 .note.GNU-stack
                0x0000000000000000        0x0 strspn.o
 .note.GNU-stack
                0x0000000000000000        0x0 strtok.o
 .note.GNU-stack
                0x0000000000000000        0x0 strstr.o
 .note.GNU-stack
                0x0000000000000000        0x0 strdup.o
 .note.GNU-stack
                0x0000000000000000        0x0 memmove.o
 .note.GNU-stack
                0x0000000000000000        0x0 strcoll.o
 .note.GNU-stack
                0x0000000000000000        0x0 strerror.o
 .note.GNU-stack
                0x0000000000000000        0x0 ctype.o
 .note.GNU-stack
                0x0000000000000000        0x0 tolower.o
 .note.GNU-stack
                0x0000000000000000        0x0 toupper.o
 .note.GNU-stack
                0x0000000000000000        0x0 stdio.o
 .note.GNU-stack
                0x0000000000000000        0x0 fopen.o
 .note.GNU-stack
                0x0000000000000000        0x0 fclose.o
 .note.GNU-stack
                0x0000000000000000        0x0 fflush.o
 .note.GNU-stack
                0x0000000000000000        0x0 putc.o
 .note.GNU-stack
                0x0000000000000000        0x0 getc.o
 .note.GNU-stack
                0x0000000000000000        0x0 fputc.o
 .note.GNU-stack
                0x0000000000000000        0x0 fgetc.o
 .note.GNU-stack
                0x0000000000000000        0x0 fgets.o
 .note.GNU-stack
                0x0000000000000000        0x0 fputs.o
 .note.GNU-stack
                0x0000000000000000        0x0 fread.o
 .note.GNU-stack
                0x0000000000000000        0x0 fwrite.o
 .note.GNU-stack
                0x0000000000000000        0x0 remove.o
 .note.GNU-stack
                0x0000000000000000        0x0 rewind.o
 .note.GNU-stack
                0x0000000000000000        0x0 fseek.o
 .note.GNU-stack
                0x0000000000000000        0x0 feof.o
 .note.GNU-stack
                0x0000000000000000        0x0 ftell.o
 .note.GNU-stack
                0x0000000000000000        0x0 vfprintf.o
 .note.GNU-stack
                0x0000000000000000        0x0 fprintf.o
 .note.GNU-stack
                0x0000000000000000        0x0 vsprintf.o
 .note.GNU-stack
                0x0000000000000000        0x0 sprintf.o
 .note.GNU-stack
                0x0000000000000000        0x0 snprintf.o
 .note.GNU-stack
                0x0000000000000000        0x0 vsnprintf.o
 .note.GNU-stack
                0x0000000000000000        0x0 putchar.o
 .note.GNU-stack
                0x0000000000000000        0x0 puts.o
 .note.GNU-stack
                0x0000000000000000        0x0 printf.o
 .note.GNU-stack
                0x0000000000000000        0x0 sscanf.o
 .note.GNU-stack
                0x0000000000000000        0x0 perror.o
 .note.GNU-stack
                0x0000000000000000        0x0 vfscanf.o
 .note.GNU-stack
                0x0000000000000000        0x0 fscanf.o
 .note.GNU-stack
                0x0000000000000000        0x0 scanf.o
 .note.GNU-stack
                0x0000000000000000        0x0 ungetc.o
 .note.GNU-stack
                0x0000000000000000        0x0 getchar.o
 .note.GNU-stack
                0x0000000000000000        0x0 freopen.o
 .note.GNU-stack
                0x0000000000000000        0x0 tmpnam.o
 .note.GNU-stack
                0x0000000000000000        0x0 rename.o
 .note.GNU-stack
                0x0000000000000000        0x0 itoa.o
 .note.GNU-stack
                0x0000000000000000        0x0 i2hex.o
 .note.GNU-stack
                0x0000000000000000        0x0 malloc.o
 .note.GNU-stack
                0x0000000000000000        0x0 calloc.o
 .note.GNU-stack
                0x0000000000000000        0x0 free.o
 .note.GNU-stack
                0x0000000000000000        0x0 realloc.o
 .note.GNU-stack
                0x0000000000000000        0x0 div.o
 .note.GNU-stack
                0x0000000000000000        0x0 ldiv.o
 .note.GNU-stack
                0x0000000000000000        0x0 lldiv.o
 .note.GNU-stack
                0x0000000000000000        0x0 strtol.o
 .note.GNU-stack
                0x0000000000000000        0x0 atoi.o
 .note.GNU-stack
                0x0000000000000000        0x0 atol.o
 .note.GNU-stack
                0x0000000000000000        0x0 strtoul.o
 .note.GNU-stack
                0x0000000000000000        0x0 exit.o
 .note.GNU-stack
                0x0000000000000000        0x0 getenv.o
 .note.GNU-stack
                0x0000000000000000        0x0 qsort.o
 .note.GNU-stack
                0x0000000000000000        0x0 system.o
 .note.GNU-stack
                0x0000000000000000        0x0 strtod.o
 .note.GNU-stack
                0x0000000000000000        0x0 ftoa.o
 .note.GNU-stack
                0x0000000000000000        0x0 atof.o
 .note.GNU-stack
                0x0000000000000000        0x0 strtof.o
 .note.GNU-stack
                0x0000000000000000        0x0 strtold.o
 .note.GNU-stack
                0x0000000000000000        0x0 abs.o
 .note.GNU-stack
                0x0000000000000000        0x0 ltoa.o
 .note.GNU-stack
                0x0000000000000000        0x0 utoa.o
 .note.GNU-stack
                0x0000000000000000        0x0 srand.o
 .note.GNU-stack
                0x0000000000000000        0x0 rand.o
 .note.GNU-stack
                0x0000000000000000        0x0 errno.o
 .note.GNU-stack
                0x0000000000000000        0x0 time.o
 .note.GNU-stack
                0x0000000000000000        0x0 gmtime.o
 .note.GNU-stack
                0x0000000000000000        0x0 localtime.o
 .note.GNU-stack
                0x0000000000000000        0x0 strftime.o
 .note.GNU-stack
                0x0000000000000000        0x0 clock.o
 .note.GNU-stack
                0x0000000000000000        0x0 math.o
 .note.GNU-stack
                0x0000000000000000        0x0 pow.o
 .note.GNU-stack
                0x0000000000000000        0x0 sqrt.o
 .note.GNU-stack
                0x0000000000000000        0x0 atan.o
 .note.GNU-stack
                0x0000000000000000        0x0 acos.o
 .note.GNU-stack
                0x0000000000000000        0x0 asin.o
 .note.GNU-stack
                0x0000000000000000        0x0 sin.o
 .note.GNU-stack
                0x0000000000000000        0x0 tan.o
 .note.GNU-stack
                0x0000000000000000        0x0 cos.o
 .note.GNU-stack
                0x0000000000000000        0x0 floor.o
 .note.GNU-stack
                0x0000000000000000        0x0 ceil.o
 .note.GNU-stack
                0x0000000000000000        0x0 exp.o
 .note.GNU-stack
                0x0000000000000000        0x0 log.o
 .note.GNU-stack
                0x0000000000000000        0x0 fmax.o
 .note.GNU-stack
                0x0000000000000000        0x0 fmin.o
 .note.GNU-stack
                0x0000000000000000        0x0 fminf.o
 .note.GNU-stack
                0x0000000000000000        0x0 min.o
 .note.GNU-stack
                0x0000000000000000        0x0 max.o
 .note.GNU-stack
                0x0000000000000000        0x0 fabs.o
 .note.GNU-stack
                0x0000000000000000        0x0 locale.o
 .note.GNU-stack
                0x0000000000000000        0x0 signal.o
