
Merging program properties

Removed property 0xc0000002 to merge crt0.o (0x3) and setup.o (not found)
Removed property 0xc0000002 to merge crt0.o (not found) and pci.o (0x3)
Removed property 0xc0000002 to merge crt0.o (not found) and file.o (0x3)
Removed property 0xc0000002 to merge crt0.o (not found) and cfs.o (0x3)
Removed property 0xc0000002 to merge crt0.o (not found) and alloc.o (0x3)
Removed property 0xc0000002 to merge crt0.o (not found) and pipe.o (0x3)
Removed property 0xc0000002 to merge crt0.o (not found) and path.o (0x3)
Removed property 0xc0000002 to merge crt0.o (not found) and socket.o (0x3)
Removed property 0xc0000002 to merge crt0.o (not found) and gui.o (0x3)
Removed property 0xc0000002 to merge crt0.o (not found) and font8x16.o (0x3)
Removed property 0xc0000002 to merge crt0.o (not found) and window.o (0x3)
Removed property 0xc0000002 to merge crt0.o (not found) and bmp.o (0x3)
Removed property 0xc0000002 to merge crt0.o (not found) and font.o (0x3)
Removed property 0xc0000002 to merge crt0.o (not found) and border.o (0x3)
Removed property 0xc0000002 to merge crt0.o (not found) and memcmp.o (0x3)
Removed property 0xc0000002 to merge crt0.o (not found) and memcpy.o (0x3)
Removed property 0xc0000002 to merge crt0.o (not found) and memset.o (0x3)
Removed property 0xc0000002 to merge crt0.o (not found) and strcasecmp.o (0x3)
Removed property 0xc0000002 to merge crt0.o (not found) and strcat.o (0x3)
Removed property 0xc0000002 to merge crt0.o (not found) and strchr.o (0x3)
Removed property 0xc0000002 to merge crt0.o (not found) and strcmp.o (0x3)
Removed property 0xc0000002 to merge crt0.o (not found) and strcpy.o (0x3)
Removed property 0xc0000002 to merge crt0.o (not found) and strcspn.o (0x3)
Removed property 0xc0000002 to merge crt0.o (not found) and string.o (0x3)
Removed property 0xc0000002 to merge crt0.o (not found) and strlen.o (0x3)
Removed property 0xc0000002 to merge crt0.o (not found) and strncasecmp.o (0x3)
Removed property 0xc0000002 to merge crt0.o (not found) and strncmp.o (0x3)
Removed property 0xc0000002 to merge crt0.o (not found) and strncpy.o (0x3)
Removed property 0xc0000002 to merge crt0.o (not found) and strpbrk.o (0x3)
Removed property 0xc0000002 to merge crt0.o (not found) and strrchr.o (0x3)
Removed property 0xc0000002 to merge crt0.o (not found) and strsep.o (0x3)
Removed property 0xc0000002 to merge crt0.o (not found) and strspn.o (0x3)
Removed property 0xc0000002 to merge crt0.o (not found) and strtok.o (0x3)
Removed property 0xc0000002 to merge crt0.o (not found) and strstr.o (0x3)
Removed property 0xc0000002 to merge crt0.o (not found) and strdup.o (0x3)
Removed property 0xc0000002 to merge crt0.o (not found) and memmove.o (0x3)
Removed property 0xc0000002 to merge crt0.o (not found) and strcoll.o (0x3)
Removed property 0xc0000002 to merge crt0.o (not found) and strerror.o (0x3)
Removed property 0xc0000002 to merge crt0.o (not found) and ctype.o (0x3)
Removed property 0xc0000002 to merge crt0.o (not found) and tolower.o (0x3)
Removed property 0xc0000002 to merge crt0.o (not found) and toupper.o (0x3)
Removed property 0xc0000002 to merge crt0.o (not found) and stdio.o (0x3)
Removed property 0xc0000002 to merge crt0.o (not found) and fopen.o (0x3)
Removed property 0xc0000002 to merge crt0.o (not found) and fclose.o (0x3)
Removed property 0xc0000002 to merge crt0.o (not found) and fflush.o (0x3)
Removed property 0xc0000002 to merge crt0.o (not found) and putc.o (0x3)
Removed property 0xc0000002 to merge crt0.o (not found) and getc.o (0x3)
Removed property 0xc0000002 to merge crt0.o (not found) and fputc.o (0x3)
Removed property 0xc0000002 to merge crt0.o (not found) and fgetc.o (0x3)
Removed property 0xc0000002 to merge crt0.o (not found) and fgets.o (0x3)
Removed property 0xc0000002 to merge crt0.o (not found) and fputs.o (0x3)
Removed property 0xc0000002 to merge crt0.o (not found) and fread.o (0x3)
Removed property 0xc0000002 to merge crt0.o (not found) and fwrite.o (0x3)
Removed property 0xc0000002 to merge crt0.o (not found) and remove.o (0x3)
Removed property 0xc0000002 to merge crt0.o (not found) and rewind.o (0x3)
Removed property 0xc0000002 to merge crt0.o (not found) and fseek.o (0x3)
Removed property 0xc0000002 to merge crt0.o (not found) and feof.o (0x3)
Removed property 0xc0000002 to merge crt0.o (not found) and ftell.o (0x3)
Removed property 0xc0000002 to merge crt0.o (not found) and vfprintf.o (0x3)
Removed property 0xc0000002 to merge crt0.o (not found) and fprintf.o (0x3)
Removed property 0xc0000002 to merge crt0.o (not found) and vsprintf.o (0x3)
Removed property 0xc0000002 to merge crt0.o (not found) and sprintf.o (0x3)
Removed property 0xc0000002 to merge crt0.o (not found) and snprintf.o (0x3)
Removed property 0xc0000002 to merge crt0.o (not found) and vsnprintf.o (0x3)
Removed property 0xc0000002 to merge crt0.o (not found) and putchar.o (0x3)
Removed property 0xc0000002 to merge crt0.o (not found) and puts.o (0x3)
Removed property 0xc0000002 to merge crt0.o (not found) and printf.o (0x3)
Removed property 0xc0000002 to merge crt0.o (not found) and sscanf.o (0x3)
Removed property 0xc0000002 to merge crt0.o (not found) and perror.o (0x3)
Removed property 0xc0000002 to merge crt0.o (not found) and vfscanf.o (0x3)
Removed property 0xc0000002 to merge crt0.o (not found) and fscanf.o (0x3)
Removed property 0xc0000002 to merge crt0.o (not found) and scanf.o (0x3)
Removed property 0xc0000002 to merge crt0.o (not found) and ungetc.o (0x3)
Removed property 0xc0000002 to merge crt0.o (not found) and getchar.o (0x3)
Removed property 0xc0000002 to merge crt0.o (not found) and freopen.o (0x3)
Removed property 0xc0000002 to merge crt0.o (not found) and tmpnam.o (0x3)
Removed property 0xc0000002 to merge crt0.o (not found) and rename.o (0x3)
Removed property 0xc0000002 to merge crt0.o (not found) and itoa.o (0x3)
Removed property 0xc0000002 to merge crt0.o (not found) and i2hex.o (0x3)
Removed property 0xc0000002 to merge crt0.o (not found) and malloc.o (0x3)
Removed property 0xc0000002 to merge crt0.o (not found) and calloc.o (0x3)
Removed property 0xc0000002 to merge crt0.o (not found) and free.o (0x3)
Removed property 0xc0000002 to merge crt0.o (not found) and realloc.o (0x3)
Removed property 0xc0000002 to merge crt0.o (not found) and div.o (0x3)
Removed property 0xc0000002 to merge crt0.o (not found) and ldiv.o (0x3)
Removed property 0xc0000002 to merge crt0.o (not found) and lldiv.o (0x3)
Removed property 0xc0000002 to merge crt0.o (not found) and strtol.o (0x3)
Removed property 0xc0000002 to merge crt0.o (not found) and atoi.o (0x3)
Removed property 0xc0000002 to merge crt0.o (not found) and atol.o (0x3)
Removed property 0xc0000002 to merge crt0.o (not found) and strtoul.o (0x3)
Removed property 0xc0000002 to merge crt0.o (not found) and exit.o (0x3)
Removed property 0xc0000002 to merge crt0.o (not found) and getenv.o (0x3)
Removed property 0xc0000002 to merge crt0.o (not found) and qsort.o (0x3)
Removed property 0xc0000002 to merge crt0.o (not found) and system.o (0x3)
Removed property 0xc0000002 to merge crt0.o (not found) and strtod.o (0x3)
Removed property 0xc0000002 to merge crt0.o (not found) and ftoa.o (0x3)
Removed property 0xc0000002 to merge crt0.o (not found) and atof.o (0x3)
Removed property 0xc0000002 to merge crt0.o (not found) and strtof.o (0x3)
Removed property 0xc0000002 to merge crt0.o (not found) and strtold.o (0x3)
Removed property 0xc0000002 to merge crt0.o (not found) and abs.o (0x3)
Removed property 0xc0000002 to merge crt0.o (not found) and ltoa.o (0x3)
Removed property 0xc0000002 to merge crt0.o (not found) and utoa.o (0x3)
Removed property 0xc0000002 to merge crt0.o (not found) and srand.o (0x3)
Removed property 0xc0000002 to merge crt0.o (not found) and rand.o (0x3)
Removed property 0xc0000002 to merge crt0.o (not found) and errno.o (0x3)
Removed property 0xc0000002 to merge crt0.o (not found) and time.o (0x3)
Removed property 0xc0000002 to merge crt0.o (not found) and gmtime.o (0x3)
Removed property 0xc0000002 to merge crt0.o (not found) and localtime.o (0x3)
Removed property 0xc0000002 to merge crt0.o (not found) and strftime.o (0x3)
Removed property 0xc0000002 to merge crt0.o (not found) and clock.o (0x3)
Removed property 0xc0000002 to merge crt0.o (not found) and math.o (0x3)
Removed property 0xc0000002 to merge crt0.o (not found) and pow.o (0x3)
Removed property 0xc0000002 to merge crt0.o (not found) and sqrt.o (0x3)
Removed property 0xc0000002 to merge crt0.o (not found) and atan.o (0x3)
Removed property 0xc0000002 to merge crt0.o (not found) and acos.o (0x3)
Removed property 0xc0000002 to merge crt0.o (not found) and asin.o (0x3)
Removed property 0xc0000002 to merge crt0.o (not found) and sin.o (0x3)
Removed property 0xc0000002 to merge crt0.o (not found) and tan.o (0x3)
Removed property 0xc0000002 to merge crt0.o (not found) and cos.o (0x3)
Removed property 0xc0000002 to merge crt0.o (not found) and floor.o (0x3)
Removed property 0xc0000002 to merge crt0.o (not found) and ceil.o (0x3)
Removed property 0xc0000002 to merge crt0.o (not found) and exp.o (0x3)
Removed property 0xc0000002 to merge crt0.o (not found) and log.o (0x3)
Removed property 0xc0000002 to merge crt0.o (not found) and fmax.o (0x3)
Removed property 0xc0000002 to merge crt0.o (not found) and fmin.o (0x3)
Removed property 0xc0000002 to merge crt0.o (not found) and fminf.o (0x3)
Removed property 0xc0000002 to merge crt0.o (not found) and min.o (0x3)
Removed property 0xc0000002 to merge crt0.o (not found) and max.o (0x3)
Removed property 0xc0000002 to merge crt0.o (not found) and fabs.o (0x3)
Removed property 0xc0000002 to merge crt0.o (not found) and locale.o (0x3)
Removed property 0xc0000002 to merge crt0.o (not found) and signal.o (0x3)

Allocating common symbols
Common symbol       size              file

stdout              0x8               crt0.o
__m_i               0x8               alloc.o
__tm                0x8               crt0.o
errno               0x4               errno.o
mouse2              0x8               crt0.o
fs_directory        0x8               cfs.o
__pipe__            0x8               crt0.o
user                0x8               crt0.o
stdin               0x8               crt0.o
__m_c               0x8               alloc.o
obj_list            0x8               crt0.o
_BLK_               0x800             cfs.o
addr                0x8               alloc.o
pwd                 0x8               crt0.o
ptr_mouse2          0x8               crt0.o
stderr              0x8               crt0.o
mouse               0x8               crt0.o
__window            0x8               crt0.o
pipe_r              0x8               crt0.o

Discarded input sections

 .note.gnu.property
                0x0000000000000000       0x20 crt0.o
 .note.gnu.property
                0x0000000000000000       0x20 pci.o
 .note.gnu.property
                0x0000000000000000       0x20 file.o
 .note.gnu.property
                0x0000000000000000       0x20 cfs.o
 .note.gnu.property
                0x0000000000000000       0x20 alloc.o
 .note.gnu.property
                0x0000000000000000       0x20 pipe.o
 .note.gnu.property
                0x0000000000000000       0x20 path.o
 .note.gnu.property
                0x0000000000000000       0x20 socket.o
 .note.gnu.property
                0x0000000000000000       0x20 gui.o
 .note.gnu.property
                0x0000000000000000       0x20 font8x16.o
 .note.gnu.property
                0x0000000000000000       0x20 window.o
 .note.gnu.property
                0x0000000000000000       0x20 bmp.o
 .note.gnu.property
                0x0000000000000000       0x20 font.o
 .note.gnu.property
                0x0000000000000000       0x20 border.o
 .note.gnu.property
                0x0000000000000000       0x20 memcmp.o
 .note.gnu.property
                0x0000000000000000       0x20 memcpy.o
 .note.gnu.property
                0x0000000000000000       0x20 memset.o
 .note.gnu.property
                0x0000000000000000       0x20 strcasecmp.o
 .note.gnu.property
                0x0000000000000000       0x20 strcat.o
 .note.gnu.property
                0x0000000000000000       0x20 strchr.o
 .note.gnu.property
                0x0000000000000000       0x20 strcmp.o
 .note.gnu.property
                0x0000000000000000       0x20 strcpy.o
 .note.gnu.property
                0x0000000000000000       0x20 strcspn.o
 .note.gnu.property
                0x0000000000000000       0x20 string.o
 .note.gnu.property
                0x0000000000000000       0x20 strlen.o
 .note.gnu.property
                0x0000000000000000       0x20 strncasecmp.o
 .note.gnu.property
                0x0000000000000000       0x20 strncmp.o
 .note.gnu.property
                0x0000000000000000       0x20 strncpy.o
 .note.gnu.property
                0x0000000000000000       0x20 strpbrk.o
 .note.gnu.property
                0x0000000000000000       0x20 strrchr.o
 .note.gnu.property
                0x0000000000000000       0x20 strsep.o
 .note.gnu.property
                0x0000000000000000       0x20 strspn.o
 .note.gnu.property
                0x0000000000000000       0x20 strtok.o
 .note.gnu.property
                0x0000000000000000       0x20 strstr.o
 .note.gnu.property
                0x0000000000000000       0x20 strdup.o
 .note.gnu.property
                0x0000000000000000       0x20 memmove.o
 .note.gnu.property
                0x0000000000000000       0x20 strcoll.o
 .note.gnu.property
                0x0000000000000000       0x20 strerror.o
 .note.gnu.property
                0x0000000000000000       0x20 ctype.o
 .note.gnu.property
                0x0000000000000000       0x20 tolower.o
 .note.gnu.property
                0x0000000000000000       0x20 toupper.o
 .note.gnu.property
                0x0000000000000000       0x20 stdio.o
 .note.gnu.property
                0x0000000000000000       0x20 fopen.o
 .note.gnu.property
                0x0000000000000000       0x20 fclose.o
 .note.gnu.property
                0x0000000000000000       0x20 fflush.o
 .note.gnu.property
                0x0000000000000000       0x20 putc.o
 .note.gnu.property
                0x0000000000000000       0x20 getc.o
 .note.gnu.property
                0x0000000000000000       0x20 fputc.o
 .note.gnu.property
                0x0000000000000000       0x20 fgetc.o
 .note.gnu.property
                0x0000000000000000       0x20 fgets.o
 .note.gnu.property
                0x0000000000000000       0x20 fputs.o
 .note.gnu.property
                0x0000000000000000       0x20 fread.o
 .note.gnu.property
                0x0000000000000000       0x20 fwrite.o
 .note.gnu.property
                0x0000000000000000       0x20 remove.o
 .note.gnu.property
                0x0000000000000000       0x20 rewind.o
 .note.gnu.property
                0x0000000000000000       0x20 fseek.o
 .note.gnu.property
                0x0000000000000000       0x20 feof.o
 .note.gnu.property
                0x0000000000000000       0x20 ftell.o
 .note.gnu.property
                0x0000000000000000       0x20 vfprintf.o
 .note.gnu.property
                0x0000000000000000       0x20 fprintf.o
 .note.gnu.property
                0x0000000000000000       0x20 vsprintf.o
 .note.gnu.property
                0x0000000000000000       0x20 sprintf.o
 .note.gnu.property
                0x0000000000000000       0x20 snprintf.o
 .note.gnu.property
                0x0000000000000000       0x20 vsnprintf.o
 .note.gnu.property
                0x0000000000000000       0x20 putchar.o
 .note.gnu.property
                0x0000000000000000       0x20 puts.o
 .note.gnu.property
                0x0000000000000000       0x20 printf.o
 .note.gnu.property
                0x0000000000000000       0x20 sscanf.o
 .note.gnu.property
                0x0000000000000000       0x20 perror.o
 .note.gnu.property
                0x0000000000000000       0x20 vfscanf.o
 .note.gnu.property
                0x0000000000000000       0x20 fscanf.o
 .note.gnu.property
                0x0000000000000000       0x20 scanf.o
 .note.gnu.property
                0x0000000000000000       0x20 ungetc.o
 .note.gnu.property
                0x0000000000000000       0x20 getchar.o
 .note.gnu.property
                0x0000000000000000       0x20 freopen.o
 .note.gnu.property
                0x0000000000000000       0x20 tmpnam.o
 .note.gnu.property
                0x0000000000000000       0x20 rename.o
 .note.gnu.property
                0x0000000000000000       0x20 itoa.o
 .note.gnu.property
                0x0000000000000000       0x20 i2hex.o
 .note.gnu.property
                0x0000000000000000       0x20 malloc.o
 .note.gnu.property
                0x0000000000000000       0x20 calloc.o
 .note.gnu.property
                0x0000000000000000       0x20 free.o
 .note.gnu.property
                0x0000000000000000       0x20 realloc.o
 .note.gnu.property
                0x0000000000000000       0x20 div.o
 .note.gnu.property
                0x0000000000000000       0x20 ldiv.o
 .note.gnu.property
                0x0000000000000000       0x20 lldiv.o
 .note.gnu.property
                0x0000000000000000       0x20 strtol.o
 .note.gnu.property
                0x0000000000000000       0x20 atoi.o
 .note.gnu.property
                0x0000000000000000       0x20 atol.o
 .note.gnu.property
                0x0000000000000000       0x20 strtoul.o
 .note.gnu.property
                0x0000000000000000       0x20 exit.o
 .note.gnu.property
                0x0000000000000000       0x20 getenv.o
 .note.gnu.property
                0x0000000000000000       0x20 qsort.o
 .note.gnu.property
                0x0000000000000000       0x20 system.o
 .note.gnu.property
                0x0000000000000000       0x20 strtod.o
 .note.gnu.property
                0x0000000000000000       0x20 ftoa.o
 .note.gnu.property
                0x0000000000000000       0x20 atof.o
 .note.gnu.property
                0x0000000000000000       0x20 strtof.o
 .note.gnu.property
                0x0000000000000000       0x20 strtold.o
 .note.gnu.property
                0x0000000000000000       0x20 abs.o
 .note.gnu.property
                0x0000000000000000       0x20 ltoa.o
 .note.gnu.property
                0x0000000000000000       0x20 utoa.o
 .note.gnu.property
                0x0000000000000000       0x20 srand.o
 .note.gnu.property
                0x0000000000000000       0x20 rand.o
 .note.gnu.property
                0x0000000000000000       0x20 errno.o
 .note.gnu.property
                0x0000000000000000       0x20 time.o
 .note.gnu.property
                0x0000000000000000       0x20 gmtime.o
 .note.gnu.property
                0x0000000000000000       0x20 localtime.o
 .note.gnu.property
                0x0000000000000000       0x20 strftime.o
 .note.gnu.property
                0x0000000000000000       0x20 clock.o
 .note.gnu.property
                0x0000000000000000       0x20 math.o
 .note.gnu.property
                0x0000000000000000       0x20 pow.o
 .note.gnu.property
                0x0000000000000000       0x20 sqrt.o
 .note.gnu.property
                0x0000000000000000       0x20 atan.o
 .note.gnu.property
                0x0000000000000000       0x20 acos.o
 .note.gnu.property
                0x0000000000000000       0x20 asin.o
 .note.gnu.property
                0x0000000000000000       0x20 sin.o
 .note.gnu.property
                0x0000000000000000       0x20 tan.o
 .note.gnu.property
                0x0000000000000000       0x20 cos.o
 .note.gnu.property
                0x0000000000000000       0x20 floor.o
 .note.gnu.property
                0x0000000000000000       0x20 ceil.o
 .note.gnu.property
                0x0000000000000000       0x20 exp.o
 .note.gnu.property
                0x0000000000000000       0x20 log.o
 .note.gnu.property
                0x0000000000000000       0x20 fmax.o
 .note.gnu.property
                0x0000000000000000       0x20 fmin.o
 .note.gnu.property
                0x0000000000000000       0x20 fminf.o
 .note.gnu.property
                0x0000000000000000       0x20 min.o
 .note.gnu.property
                0x0000000000000000       0x20 max.o
 .note.gnu.property
                0x0000000000000000       0x20 fabs.o
 .note.gnu.property
                0x0000000000000000       0x20 locale.o
 .note.gnu.property
                0x0000000000000000       0x20 signal.o

Memory Configuration

Name             Origin             Length             Attributes
*default*        0x0000000000000000 0xffffffffffffffff

Linker script and memory map

                0x0000008000001000                . = 0x8000001000
                0x0000008000001000                _start = .

.text           0x0000008000001000     0xf000
                0x0000008000001000                code = .
                0x0000008000001000                _code = .
                0x0000008000001000                __code = .
                0x0000008000001000                code = .
 *(.text)
 .text          0x0000008000001000     0x1060 setup.o
                0x000000800000204e                call_function
 .text          0x0000008000002060      0x1dc crt0.o
                0x0000008000002060                ctr0
 .text          0x000000800000223c      0x433 pci.o
                0x000000800000223c                pci_read_config_dword
                0x00000080000022d3                pci_write_config_dword
                0x0000008000002367                pci_get_info
                0x0000008000002603                main
 .text          0x000000800000266f      0xc7a file.o
                0x000000800000266f                stdputc_r
                0x00000080000027c9                stdgetc_r
                0x00000080000028e7                getkey
                0x000000800000298f                getkeyw
                0x0000008000002a38                open_r
                0x0000008000002aa8                flush_r
                0x0000008000002b8f                close_r
                0x0000008000002c01                putc_r
                0x0000008000002e1d                getc_r
                0x0000008000002fec                read_r
                0x00000080000030ad                write_r
                0x0000008000003161                seek_r
                0x000000800000323f                tell_r
                0x0000008000003280                rewind_r
 .text          0x00000080000032e9     0x2851 cfs.o
                0x00000080000032e9                read_sector
                0x000000800000333e                write_sector
                0x0000008000003393                assert_fn
                0x00000080000033fc                get_file_name
                0x0000008000003463                filename_cmp
                0x000000800000354a                search_blk_null
                0x00000080000036d4                write_blk
                0x000000800000370d                clean_blk_enter
                0x00000080000037f6                read_super_block
                0x0000008000003854                read_directory_blk
                0x0000008000003a69                read_directory_entry
                0x0000008000003c33                update_directory_entry
                0x0000008000003e90                open_file_r
                0x000000800000420f                open_file
                0x0000008000004953                file_update
                0x0000008000004a8d                file_close
                0x0000008000004b8d                file_read_block
                0x0000008000004c61                file_write_block
                0x0000008000004d35                open_dir
                0x0000008000005124                create_file
                0x000000800000548d                remove_blk
                0x00000080000056d5                remove_file
 .text          0x0000008000005b3a      0x7eb alloc.o
                0x0000008000005b3a                __block_r
                0x0000008000005b9b                __free_block_r
                0x0000008000005bd4                __heap_r
                0x0000008000005c5b                __malloc_r
                0x0000008000005f82                __free_r
                0x0000008000006183                __realloc_r
 .text          0x0000008000006325      0x315 pipe.o
                0x0000008000006325                pipe_write
                0x0000008000006436                pipe_read
                0x000000800000652e                pipe_read_2x
 .text          0x000000800000663a      0x5d1 path.o
                0x000000800000663a                setpath
                0x0000008000006789                upath
                0x0000008000006875                getpathname
                0x0000008000006ab8                path_count
                0x0000008000006b23                getfilename
 .text          0x0000008000006c0b      0x124 socket.o
                0x0000008000006c0b                bind
                0x0000008000006c40                recv
                0x0000008000006c78                send
                0x0000008000006cb0                shutdown
                0x0000008000006ce1                socket
 .text          0x0000008000006d2f      0x1ab gui.o
                0x0000008000006d2f                put_pixel
                0x0000008000006dc5                draw_char_transparent
 .text          0x0000008000006eda        0x0 font8x16.o
 .text          0x0000008000006eda     0x1187 window.o
                0x0000008000006eda                drawline
                0x0000008000006f89                _drawline
                0x0000008000007050                drawrect
                0x00000080000071fa                drawchar
                0x0000008000007364                drawstring
                0x0000008000007420                drawchar_trans
                0x000000800000753f                drawstring_trans
                0x00000080000075fb                window
                0x0000008000007b52                wcl
                0x0000008000007c3e                update_window
                0x0000008000007c69                __window_clear
                0x0000008000007cf6                __window_putchar
                0x0000008000007fa3                color
                0x0000008000007fec                __window_puts
 .text          0x0000008000008061      0x5c5 bmp.o
                0x0000008000008061                BitMAP
                0x0000008000008343                BitMAP2
 .text          0x0000008000008626       0xdc font.o
                0x0000008000008626                put
 .text          0x0000008000008702      0x332 border.o
                0x0000008000008702                border
 .text          0x0000008000008a34       0x96 memcmp.o
                0x0000008000008a34                memcmp
 .text          0x0000008000008aca       0x77 memcpy.o
                0x0000008000008aca                memcpy
 .text          0x0000008000008b41       0x62 memset.o
                0x0000008000008b41                memset
 .text          0x0000008000008ba3       0xbb strcasecmp.o
                0x0000008000008ba3                strcasecmp
 .text          0x0000008000008c5e       0x7a strcat.o
                0x0000008000008c5e                strcat
 .text          0x0000008000008cd8       0x61 strchr.o
                0x0000008000008cd8                strchr
 .text          0x0000008000008d39       0x9a strcmp.o
                0x0000008000008d39                strcmp
 .text          0x0000008000008dd3       0x7b strcpy.o
                0x0000008000008dd3                strcpy
 .text          0x0000008000008e4e      0x261 strcspn.o
                0x0000008000008e4e                strchrnul
                0x0000008000008f79                strcspn
 .text          0x00000080000090af        0x0 string.o
 .text          0x00000080000090af       0x4c strlen.o
                0x00000080000090af                strlen
 .text          0x00000080000090fb       0xc8 strncasecmp.o
                0x00000080000090fb                strncasecmp
 .text          0x00000080000091c3       0x80 strncmp.o
                0x00000080000091c3                strncmp
 .text          0x0000008000009243       0x7d strncpy.o
                0x0000008000009243                strncpy
 .text          0x00000080000092c0       0x72 strpbrk.o
                0x00000080000092c0                strpbrk
 .text          0x0000008000009332       0x93 strrchr.o
                0x0000008000009332                strrchr
 .text          0x00000080000093c5       0xbd strsep.o
                0x00000080000093c5                strsep
 .text          0x0000008000009482      0x133 strspn.o
                0x0000008000009482                strspn
 .text          0x00000080000095b5      0x18e strtok.o
                0x00000080000095b5                strtok_r
                0x00000080000096ec                strtok
 .text          0x0000008000009743       0x98 strstr.o
                0x0000008000009743                strstr
 .text          0x00000080000097db       0xa0 strdup.o
                0x00000080000097db                strdup
 .text          0x000000800000987b       0xc2 memmove.o
                0x000000800000987b                memmove
 .text          0x000000800000993d       0x56 strcoll.o
                0x000000800000993d                strcoll
 .text          0x0000008000009993       0x50 strerror.o
                0x0000008000009993                strerror
 .text          0x00000080000099e3        0x0 ctype.o
 .text          0x00000080000099e3       0x55 tolower.o
                0x00000080000099e3                tolower
 .text          0x0000008000009a38       0x55 toupper.o
                0x0000008000009a38                toupper
 .text          0x0000008000009a8d       0xa2 stdio.o
                0x0000008000009a8d                debug_o
 .text          0x0000008000009b2f       0x96 fopen.o
                0x0000008000009b2f                fopen
 .text          0x0000008000009bc5       0x4b fclose.o
                0x0000008000009bc5                fclose
 .text          0x0000008000009c10       0x4b fflush.o
                0x0000008000009c10                fflush
 .text          0x0000008000009c5b       0x53 putc.o
                0x0000008000009c5b                putc
 .text          0x0000008000009cae       0x98 getc.o
                0x0000008000009cae                getc
 .text          0x0000008000009d46       0x53 fputc.o
                0x0000008000009d46                fputc
 .text          0x0000008000009d99       0x4b fgetc.o
                0x0000008000009d99                fgetc
 .text          0x0000008000009de4      0x15b fgets.o
                0x0000008000009de4                fgets
 .text          0x0000008000009f3f       0xa4 fputs.o
                0x0000008000009f3f                fputs
 .text          0x0000008000009fe3       0x5d fread.o
                0x0000008000009fe3                fread
 .text          0x000000800000a040       0x5d fwrite.o
                0x000000800000a040                fwrite
 .text          0x000000800000a09d       0x4b remove.o
                0x000000800000a09d                remove
 .text          0x000000800000a0e8       0x4c rewind.o
                0x000000800000a0e8                rewind
 .text          0x000000800000a134       0x59 fseek.o
                0x000000800000a134                fseek
 .text          0x000000800000a18d       0x59 feof.o
                0x000000800000a18d                feof
 .text          0x000000800000a1e6       0x4b ftell.o
                0x000000800000a1e6                ftell
 .text          0x000000800000a231      0x93b vfprintf.o
                0x000000800000a231                vfprintf
 .text          0x000000800000ab6c       0xeb fprintf.o
                0x000000800000ab6c                fprintf
 .text          0x000000800000ac57      0x9eb vsprintf.o
                0x000000800000ac57                _vsputs_r
                0x000000800000acc3                vsprintf
 .text          0x000000800000b642      0x101 sprintf.o
                0x000000800000b642                sprintf
 .text          0x000000800000b743       0xed snprintf.o
                0x000000800000b743                snprintf
 .text          0x000000800000b830       0xd9 vsnprintf.o
                0x000000800000b830                vsnprintf
 .text          0x000000800000b909       0x5c putchar.o
                0x000000800000b909                putchar
 .text          0x000000800000b965       0xa6 puts.o
                0x000000800000b965                puts
 .text          0x000000800000ba0b       0xf5 printf.o
                0x000000800000ba0b                printf
 .text          0x000000800000bb00       0xa1 sscanf.o
                0x000000800000bb00                sscanf
 .text          0x000000800000bba1       0x4c perror.o
                0x000000800000bba1                perror
 .text          0x000000800000bbed      0x8ee vfscanf.o
                0x000000800000bfd5                vfscanf
 .text          0x000000800000c4db       0xeb fscanf.o
                0x000000800000c4db                fscanf
 .text          0x000000800000c5c6       0xf5 scanf.o
                0x000000800000c5c6                scanf
 .text          0x000000800000c6bb       0xb2 ungetc.o
                0x000000800000c6bb                ungetc
 .text          0x000000800000c76d       0x8d getchar.o
                0x000000800000c76d                getchar
 .text          0x000000800000c7fa       0x59 freopen.o
                0x000000800000c7fa                freopen
 .text          0x000000800000c853       0xb9 tmpnam.o
                0x000000800000c853                sysgettmpnam
                0x000000800000c88c                tmpnam
 .text          0x000000800000c90c       0xf8 rename.o
                0x000000800000c90c                rename
 .text          0x000000800000ca04      0x147 itoa.o
                0x000000800000ca04                itoa
 .text          0x000000800000cb4b      0x175 i2hex.o
                0x000000800000cb4b                i2hex
 .text          0x000000800000ccc0       0x4d malloc.o
                0x000000800000ccc0                malloc
 .text          0x000000800000cd0d       0x4f calloc.o
                0x000000800000cd0d                calloc
 .text          0x000000800000cd5c       0x4c free.o
                0x000000800000cd5c                free
 .text          0x000000800000cda8       0x53 realloc.o
                0x000000800000cda8                realloc
 .text          0x000000800000cdfb       0x88 div.o
                0x000000800000cdfb                div
 .text          0x000000800000ce83       0xaa ldiv.o
                0x000000800000ce83                ldiv
 .text          0x000000800000cf2d       0xaa lldiv.o
                0x000000800000cf2d                lldiv
 .text          0x000000800000cfd7      0x332 strtol.o
                0x000000800000cfd7                strtol
 .text          0x000000800000d309       0x55 atoi.o
                0x000000800000d309                atoi
 .text          0x000000800000d35e       0x55 atol.o
                0x000000800000d35e                atol
 .text          0x000000800000d3b3      0x24c strtoul.o
                0x000000800000d3b3                strtoul
 .text          0x000000800000d5ff       0x39 exit.o
                0x000000800000d5ff                exit
 .text          0x000000800000d638       0x77 getenv.o
                0x000000800000d638                getenv
 .text          0x000000800000d6af      0x49c qsort.o
                0x000000800000daca                qsort
 .text          0x000000800000db4b       0x5c system.o
                0x000000800000db4b                system
 .text          0x000000800000dba7      0x335 strtod.o
                0x000000800000dba7                strtod
 .text          0x000000800000dedc      0x24a ftoa.o
                0x000000800000df3b                ftoa
 .text          0x000000800000e126       0x50 atof.o
                0x000000800000e126                atof
 .text          0x000000800000e176       0x5a strtof.o
                0x000000800000e176                strtof
 .text          0x000000800000e1d0       0x5e strtold.o
                0x000000800000e1d0                strtold
 .text          0x000000800000e22e       0x34 abs.o
                0x000000800000e22e                abs
 .text          0x000000800000e262      0x225 ltoa.o
                0x000000800000e262                ltoa_r
                0x000000800000e3d8                ltoa
 .text          0x000000800000e487      0x18e utoa.o
                0x000000800000e580                utoa
 .text          0x000000800000e615       0x2a srand.o
                0x000000800000e615                srand
 .text          0x000000800000e63f       0x27 rand.o
                0x000000800000e63f                rand
 .text          0x000000800000e666        0x0 errno.o
 .text          0x000000800000e666       0x2f time.o
                0x000000800000e666                time
 .text          0x000000800000e695       0x3b gmtime.o
                0x000000800000e695                gmtime
 .text          0x000000800000e6d0       0x3b localtime.o
                0x000000800000e6d0                localtime
 .text          0x000000800000e70b       0x3a strftime.o
                0x000000800000e70b                strftime
 .text          0x000000800000e745       0x27 clock.o
                0x000000800000e745                clock
 .text          0x000000800000e76c       0xf0 math.o
                0x000000800000e76c                log10
                0x000000800000e7a5                ldexp
                0x000000800000e7e1                frexp
                0x000000800000e81e                atan2
 .text          0x000000800000e85c       0x6e pow.o
                0x000000800000e85c                pow
 .text          0x000000800000e8ca       0x3b sqrt.o
                0x000000800000e8ca                sqrt
 .text          0x000000800000e905       0x39 atan.o
                0x000000800000e905                atan
 .text          0x000000800000e93e       0x39 acos.o
                0x000000800000e93e                acos
 .text          0x000000800000e977       0x39 asin.o
                0x000000800000e977                asin
 .text          0x000000800000e9b0      0x1b8 sin.o
                0x000000800000ea6d                sin
 .text          0x000000800000eb68       0x39 tan.o
                0x000000800000eb68                tan
 .text          0x000000800000eba1      0x1b3 cos.o
                0x000000800000ec5e                cos
 .text          0x000000800000ed54       0x39 floor.o
                0x000000800000ed54                floor
 .text          0x000000800000ed8d       0x54 ceil.o
                0x000000800000ed8d                ceil
 .text          0x000000800000ede1       0x61 exp.o
                0x000000800000ede1                exp
 .text          0x000000800000ee42      0x11a log.o
                0x000000800000ee42                log
 .text          0x000000800000ef5c       0x48 fmax.o
                0x000000800000ef5c                fmax
 .text          0x000000800000efa4       0x48 fmin.o
                0x000000800000efa4                fmin
 .text          0x000000800000efec       0x47 fminf.o
                0x000000800000efec                fminf
 .text          0x000000800000f033       0x36 min.o
                0x000000800000f033                min
 .text          0x000000800000f069       0x36 max.o
                0x000000800000f069                max
 .text          0x000000800000f09f       0x5f fabs.o
                0x000000800000f09f                fabs
 *fill*         0x000000800000f0fe        0x2 
 .text          0x000000800000f100        0x2 lbm.o
                0x000000800000f100                __sin
                0x000000800000f101                cosine
 .text          0x000000800000f102       0x32 locale.o
                0x000000800000f102                setlocale
 .text          0x000000800000f134       0xbb signal.o
                0x000000800000f134                signal
                0x000000800000f192                sigaction
 *fill*         0x000000800000f1ef        0x1 
 .text          0x000000800000f1f0       0x2c setjmp.o
                0x000000800000f1f0                setjmp
 *fill*         0x000000800000f21c        0x4 
 .text          0x000000800000f220       0x2f longjmp.o
                0x000000800000f220                longjmp
                0x0000008000010000                . = ALIGN (0x1000)
 *fill*         0x000000800000f24f      0xdb1 

.iplt           0x0000008000010000        0x0
 .iplt          0x0000008000010000        0x0 setup.o

.data           0x0000008000010000     0x4000
                0x0000008000010000                data = .
                0x0000008000010000                _data = .
                0x0000008000010000                __data = .
 *(.data)
 .data          0x0000008000010000       0x18 setup.o
                0x0000008000010000                argc
                0x0000008000010008                argv
                0x0000008000010010                pwd_ptr
 .data          0x0000008000010018        0x0 crt0.o
 .data          0x0000008000010018        0x0 pci.o
 .data          0x0000008000010018        0x0 file.o
 .data          0x0000008000010018        0x0 cfs.o
 .data          0x0000008000010018        0x0 alloc.o
 .data          0x0000008000010018        0x0 pipe.o
 .data          0x0000008000010018        0x0 path.o
 .data          0x0000008000010018        0x0 socket.o
 .data          0x0000008000010018        0x0 gui.o
 *fill*         0x0000008000010018        0x8 
 .data          0x0000008000010020     0x1000 font8x16.o
                0x0000008000010020                font8x16
 .data          0x0000008000011020        0x0 window.o
 .data          0x0000008000011020        0x0 bmp.o
 .data          0x0000008000011020      0x240 font.o
                0x0000008000011020                A__
 .data          0x0000008000011260        0x0 border.o
 .data          0x0000008000011260        0x0 memcmp.o
 .data          0x0000008000011260        0x0 memcpy.o
 .data          0x0000008000011260        0x0 memset.o
 .data          0x0000008000011260        0x0 strcasecmp.o
 .data          0x0000008000011260        0x0 strcat.o
 .data          0x0000008000011260        0x0 strchr.o
 .data          0x0000008000011260        0x0 strcmp.o
 .data          0x0000008000011260        0x0 strcpy.o
 .data          0x0000008000011260        0x0 strcspn.o
 .data          0x0000008000011260        0x0 string.o
 .data          0x0000008000011260        0x0 strlen.o
 .data          0x0000008000011260        0x0 strncasecmp.o
 .data          0x0000008000011260        0x0 strncmp.o
 .data          0x0000008000011260        0x0 strncpy.o
 .data          0x0000008000011260        0x0 strpbrk.o
 .data          0x0000008000011260        0x0 strrchr.o
 .data          0x0000008000011260        0x0 strsep.o
 .data          0x0000008000011260        0x0 strspn.o
 .data          0x0000008000011260        0x0 strtok.o
 .data          0x0000008000011260        0x0 strstr.o
 .data          0x0000008000011260        0x0 strdup.o
 .data          0x0000008000011260        0x0 memmove.o
 .data          0x0000008000011260        0x0 strcoll.o
 .data          0x0000008000011260        0x0 strerror.o
 .data          0x0000008000011260        0x0 ctype.o
 .data          0x0000008000011260        0x0 tolower.o
 .data          0x0000008000011260        0x0 toupper.o
 .data          0x0000008000011260        0x0 stdio.o
 .data          0x0000008000011260        0x0 fopen.o
 .data          0x0000008000011260        0x0 fclose.o
 .data          0x0000008000011260        0x0 fflush.o
 .data          0x0000008000011260        0x0 putc.o
 .data          0x0000008000011260        0x0 getc.o
 .data          0x0000008000011260        0x0 fputc.o
 .data          0x0000008000011260        0x0 fgetc.o
 .data          0x0000008000011260        0x0 fgets.o
 .data          0x0000008000011260        0x0 fputs.o
 .data          0x0000008000011260        0x0 fread.o
 .data          0x0000008000011260        0x0 fwrite.o
 .data          0x0000008000011260        0x0 remove.o
 .data          0x0000008000011260        0x0 rewind.o
 .data          0x0000008000011260        0x0 fseek.o
 .data          0x0000008000011260        0x0 feof.o
 .data          0x0000008000011260        0x0 ftell.o
 .data          0x0000008000011260        0x0 vfprintf.o
 .data          0x0000008000011260        0x0 fprintf.o
 .data          0x0000008000011260        0x0 vsprintf.o
 .data          0x0000008000011260        0x0 sprintf.o
 .data          0x0000008000011260        0x0 snprintf.o
 .data          0x0000008000011260        0x0 vsnprintf.o
 .data          0x0000008000011260        0x0 putchar.o
 .data          0x0000008000011260        0x0 puts.o
 .data          0x0000008000011260        0x0 printf.o
 .data          0x0000008000011260        0x0 sscanf.o
 .data          0x0000008000011260        0x0 perror.o
 .data          0x0000008000011260        0x0 vfscanf.o
 .data          0x0000008000011260        0x0 fscanf.o
 .data          0x0000008000011260        0x0 scanf.o
 .data          0x0000008000011260        0x0 ungetc.o
 .data          0x0000008000011260        0x0 getchar.o
 .data          0x0000008000011260        0x0 freopen.o
 .data          0x0000008000011260        0x0 tmpnam.o
 .data          0x0000008000011260        0x0 rename.o
 .data          0x0000008000011260        0x0 itoa.o
 .data          0x0000008000011260        0x0 i2hex.o
 .data          0x0000008000011260        0x0 malloc.o
 .data          0x0000008000011260        0x0 calloc.o
 .data          0x0000008000011260        0x0 free.o
 .data          0x0000008000011260        0x0 realloc.o
 .data          0x0000008000011260        0x0 div.o
 .data          0x0000008000011260        0x0 ldiv.o
 .data          0x0000008000011260        0x0 lldiv.o
 .data          0x0000008000011260        0x0 strtol.o
 .data          0x0000008000011260        0x0 atoi.o
 .data          0x0000008000011260        0x0 atol.o
 .data          0x0000008000011260        0x0 strtoul.o
 .data          0x0000008000011260        0x0 exit.o
 .data          0x0000008000011260        0x0 getenv.o
 .data          0x0000008000011260        0x0 qsort.o
 .data          0x0000008000011260        0x0 system.o
 .data          0x0000008000011260        0x8 strtod.o
                0x0000008000011260                _infinity
 .data          0x0000008000011268        0x0 ftoa.o
 .data          0x0000008000011268        0x0 atof.o
 .data          0x0000008000011268        0x0 strtof.o
 .data          0x0000008000011268        0x0 strtold.o
 .data          0x0000008000011268        0x0 abs.o
 .data          0x0000008000011268        0x0 ltoa.o
 .data          0x0000008000011268        0x0 utoa.o
 .data          0x0000008000011268        0x0 srand.o
 .data          0x0000008000011268        0x0 rand.o
 .data          0x0000008000011268        0x0 errno.o
 .data          0x0000008000011268        0x0 time.o
 .data          0x0000008000011268        0x0 gmtime.o
 .data          0x0000008000011268        0x0 localtime.o
 .data          0x0000008000011268        0x0 strftime.o
 .data          0x0000008000011268        0x0 clock.o
 .data          0x0000008000011268        0x0 math.o
 .data          0x0000008000011268        0x0 pow.o
 .data          0x0000008000011268        0x0 sqrt.o
 .data          0x0000008000011268        0x0 atan.o
 .data          0x0000008000011268        0x0 acos.o
 .data          0x0000008000011268        0x0 asin.o
 .data          0x0000008000011268        0x0 sin.o
 .data          0x0000008000011268        0x0 tan.o
 .data          0x0000008000011268        0x0 cos.o
 .data          0x0000008000011268        0x0 floor.o
 .data          0x0000008000011268        0x0 ceil.o
 .data          0x0000008000011268        0x0 exp.o
 .data          0x0000008000011268        0x0 log.o
 .data          0x0000008000011268        0x0 fmax.o
 .data          0x0000008000011268        0x0 fmin.o
 .data          0x0000008000011268        0x0 fminf.o
 .data          0x0000008000011268        0x0 min.o
 .data          0x0000008000011268        0x0 max.o
 .data          0x0000008000011268        0x0 fabs.o
 .data          0x0000008000011268        0x0 locale.o
 .data          0x0000008000011268        0x0 signal.o
 *(.rodata)
 .rodata        0x0000008000011268     0x1604 pci.o
 *fill*         0x000000800001286c        0x4 
 .rodata        0x0000008000012870       0x96 cfs.o
 *fill*         0x0000008000012906        0x2 
 .rodata        0x0000008000012908       0x64 alloc.o
 .rodata        0x000000800001296c        0x4 path.o
 .rodata        0x0000008000012970       0x40 bmp.o
 .rodata        0x00000080000129b0        0xb strerror.o
 *fill*         0x00000080000129bb        0x5 
 .rodata        0x00000080000129c0      0x100 ctype.o
                0x00000080000129c0                _ctype
 .rodata        0x0000008000012ac0       0x11 stdio.o
 *fill*         0x0000008000012ad1        0x7 
 .rodata        0x0000008000012ad8      0x1f8 vfprintf.o
 .rodata        0x0000008000012cd0      0x200 vsprintf.o
 .rodata        0x0000008000012ed0       0x11 sscanf.o
 *fill*         0x0000008000012ee1        0x7 
 .rodata        0x0000008000012ee8      0x1f0 vfscanf.o
 .rodata        0x00000080000130d8       0x12 freopen.o
 .rodata        0x00000080000130ea        0x3 rename.o
 .rodata        0x00000080000130ed        0x4 getenv.o
 .rodata        0x00000080000130f1       0x1d system.o
 *fill*         0x000000800001310e        0x2 
 .rodata        0x0000008000013110       0x20 strtod.o
 .rodata        0x0000008000013130       0x28 ftoa.o
 .rodata        0x0000008000013158        0x8 math.o
 .rodata        0x0000008000013160        0x8 atan.o
 .rodata        0x0000008000013168        0x8 acos.o
 .rodata        0x0000008000013170        0x8 asin.o
 .rodata        0x0000008000013178       0x18 sin.o
 .rodata        0x0000008000013190        0x8 tan.o
 .rodata        0x0000008000013198       0x18 cos.o
 .rodata        0x00000080000131b0        0x8 floor.o
 .rodata        0x00000080000131b8        0x8 exp.o
 .rodata        0x00000080000131c0       0x30 log.o
 .rodata        0x00000080000131f0       0x20 fabs.o
 .rodata        0x0000008000013210       0x42 signal.o
                0x0000008000014000                . = ALIGN (0x1000)
 *fill*         0x0000008000013252      0xdae 

.got            0x0000008000014000       0x60
 .got           0x0000008000014000       0x60 setup.o

.got.plt        0x0000008000014060       0x18
 .got.plt       0x0000008000014060       0x18 setup.o
                0x0000008000014060                _GLOBAL_OFFSET_TABLE_

.igot.plt       0x0000008000014078        0x0
 .igot.plt      0x0000008000014078        0x0 setup.o

.data.rel.local
                0x0000008000014080     0x1400
 .data.rel.local
                0x0000008000014080     0x1400 pci.o
                0x0000008000014080                pci_classes
                0x0000008000014880                pci_class_names

.bss            0x0000008000015480    0x10b80
                0x0000008000015480                bss = .
                0x0000008000015480                _bss = .
                0x0000008000015480                __bss = .
 *(.bss)
 .bss           0x0000008000015480        0x0 setup.o
 .bss           0x0000008000015480        0x0 crt0.o
 .bss           0x0000008000015480        0x0 pci.o
 .bss           0x0000008000015480        0x0 file.o
 .bss           0x0000008000015480        0x0 cfs.o
 .bss           0x0000008000015480        0x4 alloc.o
 .bss           0x0000008000015484        0x0 pipe.o
 .bss           0x0000008000015484        0x0 path.o
 .bss           0x0000008000015484        0x0 socket.o
 .bss           0x0000008000015484        0x0 gui.o
 .bss           0x0000008000015484        0x0 font8x16.o
 .bss           0x0000008000015484        0x0 window.o
 .bss           0x0000008000015484        0x0 bmp.o
 .bss           0x0000008000015484        0x0 font.o
 .bss           0x0000008000015484        0x0 border.o
 .bss           0x0000008000015484        0x0 memcmp.o
 .bss           0x0000008000015484        0x0 memcpy.o
 .bss           0x0000008000015484        0x0 memset.o
 .bss           0x0000008000015484        0x0 strcasecmp.o
 .bss           0x0000008000015484        0x0 strcat.o
 .bss           0x0000008000015484        0x0 strchr.o
 .bss           0x0000008000015484        0x0 strcmp.o
 .bss           0x0000008000015484        0x0 strcpy.o
 .bss           0x0000008000015484        0x0 strcspn.o
 .bss           0x0000008000015484        0x0 string.o
 .bss           0x0000008000015484        0x0 strlen.o
 .bss           0x0000008000015484        0x0 strncasecmp.o
 .bss           0x0000008000015484        0x0 strncmp.o
 .bss           0x0000008000015484        0x0 strncpy.o
 .bss           0x0000008000015484        0x0 strpbrk.o
 .bss           0x0000008000015484        0x0 strrchr.o
 .bss           0x0000008000015484        0x0 strsep.o
 .bss           0x0000008000015484        0x0 strspn.o
 *fill*         0x0000008000015484        0x4 
 .bss           0x0000008000015488        0x8 strtok.o
 .bss           0x0000008000015490        0x0 strstr.o
 .bss           0x0000008000015490        0x0 strdup.o
 .bss           0x0000008000015490        0x0 memmove.o
 .bss           0x0000008000015490        0x0 strcoll.o
 .bss           0x0000008000015490        0x0 strerror.o
 .bss           0x0000008000015490        0x0 ctype.o
 .bss           0x0000008000015490        0x0 tolower.o
 .bss           0x0000008000015490        0x0 toupper.o
 .bss           0x0000008000015490        0x0 stdio.o
 .bss           0x0000008000015490        0x0 fopen.o
 .bss           0x0000008000015490        0x0 fclose.o
 .bss           0x0000008000015490        0x0 fflush.o
 .bss           0x0000008000015490        0x0 putc.o
 .bss           0x0000008000015490        0x0 getc.o
 .bss           0x0000008000015490        0x0 fputc.o
 .bss           0x0000008000015490        0x0 fgetc.o
 .bss           0x0000008000015490        0x0 fgets.o
 .bss           0x0000008000015490        0x0 fputs.o
 .bss           0x0000008000015490        0x0 fread.o
 .bss           0x0000008000015490        0x0 fwrite.o
 .bss           0x0000008000015490        0x0 remove.o
 .bss           0x0000008000015490        0x0 rewind.o
 .bss           0x0000008000015490        0x0 fseek.o
 .bss           0x0000008000015490        0x0 feof.o
 .bss           0x0000008000015490        0x0 ftell.o
 .bss           0x0000008000015490        0x0 vfprintf.o
 .bss           0x0000008000015490        0x0 fprintf.o
 .bss           0x0000008000015490        0x0 vsprintf.o
 .bss           0x0000008000015490        0x0 sprintf.o
 .bss           0x0000008000015490        0x0 snprintf.o
 *fill*         0x0000008000015490       0x10 
 .bss           0x00000080000154a0    0x10000 vsnprintf.o
 .bss           0x00000080000254a0        0x0 putchar.o
 .bss           0x00000080000254a0        0x0 puts.o
 .bss           0x00000080000254a0        0x0 printf.o
 .bss           0x00000080000254a0        0x0 sscanf.o
 .bss           0x00000080000254a0        0x0 perror.o
 .bss           0x00000080000254a0      0x200 vfscanf.o
 .bss           0x00000080000256a0        0x0 fscanf.o
 .bss           0x00000080000256a0        0x0 scanf.o
 .bss           0x00000080000256a0        0x0 ungetc.o
 .bss           0x00000080000256a0        0x0 getchar.o
 .bss           0x00000080000256a0        0x0 freopen.o
 .bss           0x00000080000256a0       0x60 tmpnam.o
 .bss           0x0000008000025700        0x0 rename.o
 .bss           0x0000008000025700        0x0 itoa.o
 .bss           0x0000008000025700        0x0 i2hex.o
 .bss           0x0000008000025700        0x0 malloc.o
 .bss           0x0000008000025700        0x0 calloc.o
 .bss           0x0000008000025700        0x0 free.o
 .bss           0x0000008000025700        0x0 realloc.o
 .bss           0x0000008000025700        0x0 div.o
 .bss           0x0000008000025700        0x0 ldiv.o
 .bss           0x0000008000025700        0x0 lldiv.o
 .bss           0x0000008000025700        0x0 strtol.o
 .bss           0x0000008000025700        0x0 atoi.o
 .bss           0x0000008000025700        0x0 atol.o
 .bss           0x0000008000025700        0x0 strtoul.o
 .bss           0x0000008000025700        0x0 exit.o
 .bss           0x0000008000025700        0x0 getenv.o
 .bss           0x0000008000025700        0xc qsort.o
 .bss           0x000000800002570c        0x0 system.o
 .bss           0x000000800002570c        0x0 strtod.o
 .bss           0x000000800002570c        0x0 ftoa.o
 .bss           0x000000800002570c        0x0 atof.o
 .bss           0x000000800002570c        0x0 strtof.o
 .bss           0x000000800002570c        0x0 strtold.o
 .bss           0x000000800002570c        0x0 abs.o
 .bss           0x000000800002570c        0x0 ltoa.o
 .bss           0x000000800002570c        0x0 utoa.o
 .bss           0x000000800002570c        0x0 srand.o
 .bss           0x000000800002570c        0x0 rand.o
 .bss           0x000000800002570c        0x0 errno.o
 .bss           0x000000800002570c        0x0 time.o
 .bss           0x000000800002570c        0x0 gmtime.o
 .bss           0x000000800002570c        0x0 localtime.o
 .bss           0x000000800002570c        0x0 strftime.o
 .bss           0x000000800002570c        0x0 clock.o
 .bss           0x000000800002570c        0x0 math.o
 .bss           0x000000800002570c        0x0 pow.o
 .bss           0x000000800002570c        0x0 sqrt.o
 .bss           0x000000800002570c        0x0 atan.o
 .bss           0x000000800002570c        0x0 acos.o
 .bss           0x000000800002570c        0x0 asin.o
 .bss           0x000000800002570c        0x0 sin.o
 .bss           0x000000800002570c        0x0 tan.o
 .bss           0x000000800002570c        0x0 cos.o
 .bss           0x000000800002570c        0x0 floor.o
 .bss           0x000000800002570c        0x0 ceil.o
 .bss           0x000000800002570c        0x0 exp.o
 .bss           0x000000800002570c        0x0 log.o
 .bss           0x000000800002570c        0x0 fmax.o
 .bss           0x000000800002570c        0x0 fmin.o
 .bss           0x000000800002570c        0x0 fminf.o
 .bss           0x000000800002570c        0x0 min.o
 .bss           0x000000800002570c        0x0 max.o
 .bss           0x000000800002570c        0x0 fabs.o
 .bss           0x000000800002570c        0x0 locale.o
 .bss           0x000000800002570c        0x0 signal.o
 *(COMMON)
 *fill*         0x000000800002570c        0x4 
 COMMON         0x0000008000025710       0x68 crt0.o
                0x0000008000025710                stdout
                0x0000008000025718                __tm
                0x0000008000025720                mouse2
                0x0000008000025728                __pipe__
                0x0000008000025730                user
                0x0000008000025738                stdin
                0x0000008000025740                obj_list
                0x0000008000025748                pwd
                0x0000008000025750                ptr_mouse2
                0x0000008000025758                stderr
                0x0000008000025760                mouse
                0x0000008000025768                __window
                0x0000008000025770                pipe_r
 *fill*         0x0000008000025778        0x8 
 COMMON         0x0000008000025780      0x820 cfs.o
                0x0000008000025780                fs_directory
                0x00000080000257a0                _BLK_
 COMMON         0x0000008000025fa0       0x18 alloc.o
                0x0000008000025fa0                __m_i
                0x0000008000025fa8                __m_c
                0x0000008000025fb0                addr
 COMMON         0x0000008000025fb8        0x4 errno.o
                0x0000008000025fb8                errno
                0x0000008000026000                . = ALIGN (0x1000)
 *fill*         0x0000008000025fbc       0x44 

.eh_frame       0x0000008000026000     0x2000
                0x0000008000026000                eh_frame = .
 *(.eh_frame)
 .eh_frame      0x0000008000026000       0x48 crt0.o
 .eh_frame      0x0000008000026048       0x98 pci.o
                                         0xb0 (size before relaxing)
 .eh_frame      0x00000080000260e0      0x200 file.o
                                        0x218 (size before relaxing)
 .eh_frame      0x00000080000262e0      0x350 cfs.o
                                        0x368 (size before relaxing)
 .eh_frame      0x0000008000026630       0xe0 alloc.o
                                         0xf8 (size before relaxing)
 .eh_frame      0x0000008000026710       0x60 pipe.o
                                         0x78 (size before relaxing)
 .eh_frame      0x0000008000026770       0xc8 path.o
                                         0xe0 (size before relaxing)
 .eh_frame      0x0000008000026838       0xa0 socket.o
                                         0xb8 (size before relaxing)
 .eh_frame      0x00000080000268d8       0x48 gui.o
                                         0x60 (size before relaxing)
 .eh_frame      0x0000008000026920      0x218 window.o
                                        0x230 (size before relaxing)
 .eh_frame      0x0000008000026b38       0x58 bmp.o
                                         0x70 (size before relaxing)
 .eh_frame      0x0000008000026b90       0x28 font.o
                                         0x40 (size before relaxing)
 .eh_frame      0x0000008000026bb8       0x30 border.o
                                         0x48 (size before relaxing)
 .eh_frame      0x0000008000026be8       0x20 memcmp.o
                                         0x38 (size before relaxing)
 .eh_frame      0x0000008000026c08       0x20 memcpy.o
                                         0x38 (size before relaxing)
 .eh_frame      0x0000008000026c28       0x20 memset.o
                                         0x38 (size before relaxing)
 .eh_frame      0x0000008000026c48       0x28 strcasecmp.o
                                         0x40 (size before relaxing)
 .eh_frame      0x0000008000026c70       0x28 strcat.o
                                         0x40 (size before relaxing)
 .eh_frame      0x0000008000026c98       0x20 strchr.o
                                         0x38 (size before relaxing)
 .eh_frame      0x0000008000026cb8       0x20 strcmp.o
                                         0x38 (size before relaxing)
 .eh_frame      0x0000008000026cd8       0x20 strcpy.o
                                         0x38 (size before relaxing)
 .eh_frame      0x0000008000026cf8       0x48 strcspn.o
                                         0x60 (size before relaxing)
 .eh_frame      0x0000008000026d40       0x20 strlen.o
                                         0x38 (size before relaxing)
 .eh_frame      0x0000008000026d60       0x28 strncasecmp.o
                                         0x40 (size before relaxing)
 .eh_frame      0x0000008000026d88       0x20 strncmp.o
                                         0x38 (size before relaxing)
 .eh_frame      0x0000008000026da8       0x20 strncpy.o
                                         0x38 (size before relaxing)
 .eh_frame      0x0000008000026dc8       0x28 strpbrk.o
                                         0x40 (size before relaxing)
 .eh_frame      0x0000008000026df0       0x28 strrchr.o
                                         0x40 (size before relaxing)
 .eh_frame      0x0000008000026e18       0x20 strsep.o
                                         0x38 (size before relaxing)
 .eh_frame      0x0000008000026e38       0x20 strspn.o
                                         0x38 (size before relaxing)
 .eh_frame      0x0000008000026e58       0x40 strtok.o
                                         0x58 (size before relaxing)
 .eh_frame      0x0000008000026e98       0x28 strstr.o
                                         0x40 (size before relaxing)
 .eh_frame      0x0000008000026ec0       0x28 strdup.o
                                         0x40 (size before relaxing)
 .eh_frame      0x0000008000026ee8       0x20 memmove.o
                                         0x38 (size before relaxing)
 .eh_frame      0x0000008000026f08       0x28 strcoll.o
                                         0x40 (size before relaxing)
 .eh_frame      0x0000008000026f30       0x20 strerror.o
                                         0x38 (size before relaxing)
 .eh_frame      0x0000008000026f50       0x20 tolower.o
                                         0x38 (size before relaxing)
 .eh_frame      0x0000008000026f70       0x20 toupper.o
                                         0x38 (size before relaxing)
 .eh_frame      0x0000008000026f90       0x28 stdio.o
                                         0x40 (size before relaxing)
 .eh_frame      0x0000008000026fb8       0x28 fopen.o
                                         0x40 (size before relaxing)
 .eh_frame      0x0000008000026fe0       0x28 fclose.o
                                         0x40 (size before relaxing)
 .eh_frame      0x0000008000027008       0x28 fflush.o
                                         0x40 (size before relaxing)
 .eh_frame      0x0000008000027030       0x28 putc.o
                                         0x40 (size before relaxing)
 .eh_frame      0x0000008000027058       0x28 getc.o
                                         0x40 (size before relaxing)
 .eh_frame      0x0000008000027080       0x28 fputc.o
                                         0x40 (size before relaxing)
 .eh_frame      0x00000080000270a8       0x28 fgetc.o
                                         0x40 (size before relaxing)
 .eh_frame      0x00000080000270d0       0x30 fgets.o
                                         0x48 (size before relaxing)
 .eh_frame      0x0000008000027100       0x28 fputs.o
                                         0x40 (size before relaxing)
 .eh_frame      0x0000008000027128       0x28 fread.o
                                         0x40 (size before relaxing)
 .eh_frame      0x0000008000027150       0x28 fwrite.o
                                         0x40 (size before relaxing)
 .eh_frame      0x0000008000027178       0x28 remove.o
                                         0x40 (size before relaxing)
 .eh_frame      0x00000080000271a0       0x28 rewind.o
                                         0x40 (size before relaxing)
 .eh_frame      0x00000080000271c8       0x28 fseek.o
                                         0x40 (size before relaxing)
 .eh_frame      0x00000080000271f0       0x20 feof.o
                                         0x38 (size before relaxing)
 .eh_frame      0x0000008000027210       0x28 ftell.o
                                         0x40 (size before relaxing)
 .eh_frame      0x0000008000027238       0x50 vfprintf.o
                                         0x68 (size before relaxing)
 .eh_frame      0x0000008000027288       0x28 fprintf.o
                                         0x40 (size before relaxing)
 .eh_frame      0x00000080000272b0       0x70 vsprintf.o
                                         0x88 (size before relaxing)
 .eh_frame      0x0000008000027320       0x28 sprintf.o
                                         0x40 (size before relaxing)
 .eh_frame      0x0000008000027348       0x28 snprintf.o
                                         0x40 (size before relaxing)
 .eh_frame      0x0000008000027370       0x28 vsnprintf.o
                                         0x40 (size before relaxing)
 .eh_frame      0x0000008000027398       0x28 putchar.o
                                         0x40 (size before relaxing)
 .eh_frame      0x00000080000273c0       0x28 puts.o
                                         0x40 (size before relaxing)
 .eh_frame      0x00000080000273e8       0x28 printf.o
                                         0x40 (size before relaxing)
 .eh_frame      0x0000008000027410       0x20 sscanf.o
                                         0x38 (size before relaxing)
 .eh_frame      0x0000008000027430       0x28 perror.o
                                         0x40 (size before relaxing)
 .eh_frame      0x0000008000027458       0xe8 vfscanf.o
                                        0x100 (size before relaxing)
 .eh_frame      0x0000008000027540       0x28 fscanf.o
                                         0x40 (size before relaxing)
 .eh_frame      0x0000008000027568       0x28 scanf.o
                                         0x40 (size before relaxing)
 .eh_frame      0x0000008000027590       0x20 ungetc.o
                                         0x38 (size before relaxing)
 .eh_frame      0x00000080000275b0       0x28 getchar.o
                                         0x40 (size before relaxing)
 .eh_frame      0x00000080000275d8       0x20 freopen.o
                                         0x38 (size before relaxing)
 .eh_frame      0x00000080000275f8       0x48 tmpnam.o
                                         0x60 (size before relaxing)
 .eh_frame      0x0000008000027640       0x28 rename.o
                                         0x40 (size before relaxing)
 .eh_frame      0x0000008000027668       0x20 itoa.o
                                         0x38 (size before relaxing)
 .eh_frame      0x0000008000027688       0x30 i2hex.o
                                         0x48 (size before relaxing)
 .eh_frame      0x00000080000276b8       0x28 malloc.o
                                         0x40 (size before relaxing)
 .eh_frame      0x00000080000276e0       0x28 calloc.o
                                         0x40 (size before relaxing)
 .eh_frame      0x0000008000027708       0x28 free.o
                                         0x40 (size before relaxing)
 .eh_frame      0x0000008000027730       0x28 realloc.o
                                         0x40 (size before relaxing)
 .eh_frame      0x0000008000027758       0x20 div.o
                                         0x38 (size before relaxing)
 .eh_frame      0x0000008000027778       0x20 ldiv.o
                                         0x38 (size before relaxing)
 .eh_frame      0x0000008000027798       0x20 lldiv.o
                                         0x38 (size before relaxing)
 .eh_frame      0x00000080000277b8       0x20 strtol.o
                                         0x38 (size before relaxing)
 .eh_frame      0x00000080000277d8       0x28 atoi.o
                                         0x40 (size before relaxing)
 .eh_frame      0x0000008000027800       0x28 atol.o
                                         0x40 (size before relaxing)
 .eh_frame      0x0000008000027828       0x38 strtoul.o
                                         0x50 (size before relaxing)
 .eh_frame      0x0000008000027860       0x20 exit.o
                                         0x38 (size before relaxing)
 .eh_frame      0x0000008000027880       0x28 getenv.o
                                         0x40 (size before relaxing)
 .eh_frame      0x00000080000278a8       0x98 qsort.o
                                         0xb0 (size before relaxing)
 .eh_frame      0x0000008000027940       0x28 system.o
                                         0x40 (size before relaxing)
 .eh_frame      0x0000008000027968       0x20 strtod.o
                                         0x38 (size before relaxing)
 .eh_frame      0x0000008000027988       0x50 ftoa.o
                                         0x68 (size before relaxing)
 .eh_frame      0x00000080000279d8       0x28 atof.o
                                         0x40 (size before relaxing)
 .eh_frame      0x0000008000027a00       0x28 strtof.o
                                         0x40 (size before relaxing)
 .eh_frame      0x0000008000027a28       0x28 strtold.o
                                         0x40 (size before relaxing)
 .eh_frame      0x0000008000027a50       0x20 abs.o
                                         0x38 (size before relaxing)
 .eh_frame      0x0000008000027a70       0x48 ltoa.o
                                         0x60 (size before relaxing)
 .eh_frame      0x0000008000027ab8       0x48 utoa.o
                                         0x60 (size before relaxing)
 .eh_frame      0x0000008000027b00       0x20 srand.o
                                         0x38 (size before relaxing)
 .eh_frame      0x0000008000027b20       0x20 rand.o
                                         0x38 (size before relaxing)
 .eh_frame      0x0000008000027b40       0x20 time.o
                                         0x38 (size before relaxing)
 .eh_frame      0x0000008000027b60       0x20 gmtime.o
                                         0x38 (size before relaxing)
 .eh_frame      0x0000008000027b80       0x20 localtime.o
                                         0x38 (size before relaxing)
 .eh_frame      0x0000008000027ba0       0x20 strftime.o
                                         0x38 (size before relaxing)
 .eh_frame      0x0000008000027bc0       0x20 clock.o
                                         0x38 (size before relaxing)
 .eh_frame      0x0000008000027be0       0x80 math.o
                                         0x98 (size before relaxing)
 .eh_frame      0x0000008000027c60       0x20 pow.o
                                         0x38 (size before relaxing)
 .eh_frame      0x0000008000027c80       0x20 sqrt.o
                                         0x38 (size before relaxing)
 .eh_frame      0x0000008000027ca0       0x20 atan.o
                                         0x38 (size before relaxing)
 .eh_frame      0x0000008000027cc0       0x20 acos.o
                                         0x38 (size before relaxing)
 .eh_frame      0x0000008000027ce0       0x20 asin.o
                                         0x38 (size before relaxing)
 .eh_frame      0x0000008000027d00       0x68 sin.o
                                         0x80 (size before relaxing)
 .eh_frame      0x0000008000027d68       0x20 tan.o
                                         0x38 (size before relaxing)
 .eh_frame      0x0000008000027d88       0x68 cos.o
                                         0x80 (size before relaxing)
 .eh_frame      0x0000008000027df0       0x20 floor.o
                                         0x38 (size before relaxing)
 .eh_frame      0x0000008000027e10       0x20 ceil.o
                                         0x38 (size before relaxing)
 .eh_frame      0x0000008000027e30       0x28 exp.o
                                         0x40 (size before relaxing)
 .eh_frame      0x0000008000027e58       0x20 log.o
                                         0x38 (size before relaxing)
 .eh_frame      0x0000008000027e78       0x20 fmax.o
                                         0x38 (size before relaxing)
 .eh_frame      0x0000008000027e98       0x20 fmin.o
                                         0x38 (size before relaxing)
 .eh_frame      0x0000008000027eb8       0x20 fminf.o
                                         0x38 (size before relaxing)
 .eh_frame      0x0000008000027ed8       0x20 min.o
                                         0x38 (size before relaxing)
 .eh_frame      0x0000008000027ef8       0x20 max.o
                                         0x38 (size before relaxing)
 .eh_frame      0x0000008000027f18       0x20 fabs.o
                                         0x38 (size before relaxing)
 .eh_frame      0x0000008000027f38       0x20 locale.o
                                         0x38 (size before relaxing)
 .eh_frame      0x0000008000027f58       0x38 signal.o
                                         0x50 (size before relaxing)
                0x0000008000028000                . = ALIGN (0x1000)
 *fill*         0x0000008000027f90       0x70 
                0x0000008000028000                end = .
                0x0000008000028000                _end = .
                0x0000008000028000                __end = .
LOAD setup.o
LOAD crt0.o
LOAD pci.o
LOAD file.o
LOAD cfs.o
LOAD alloc.o
LOAD pipe.o
LOAD path.o
LOAD socket.o
LOAD gui.o
LOAD font8x16.o
LOAD window.o
LOAD bmp.o
LOAD font.o
LOAD border.o
LOAD memcmp.o
LOAD memcpy.o
LOAD memset.o
LOAD strcasecmp.o
LOAD strcat.o
LOAD strchr.o
LOAD strcmp.o
LOAD strcpy.o
LOAD strcspn.o
LOAD string.o
LOAD strlen.o
LOAD strncasecmp.o
LOAD strncmp.o
LOAD strncpy.o
LOAD strpbrk.o
LOAD strrchr.o
LOAD strsep.o
LOAD strspn.o
LOAD strtok.o
LOAD strstr.o
LOAD strdup.o
LOAD memmove.o
LOAD strcoll.o
LOAD strerror.o
LOAD ctype.o
LOAD tolower.o
LOAD toupper.o
LOAD stdio.o
LOAD fopen.o
LOAD fclose.o
LOAD fflush.o
LOAD putc.o
LOAD getc.o
LOAD fputc.o
LOAD fgetc.o
LOAD fgets.o
LOAD fputs.o
LOAD fread.o
LOAD fwrite.o
LOAD remove.o
LOAD rewind.o
LOAD fseek.o
LOAD feof.o
LOAD ftell.o
LOAD vfprintf.o
LOAD fprintf.o
LOAD vsprintf.o
LOAD sprintf.o
LOAD snprintf.o
LOAD vsnprintf.o
LOAD putchar.o
LOAD puts.o
LOAD printf.o
LOAD sscanf.o
LOAD perror.o
LOAD vfscanf.o
LOAD fscanf.o
LOAD scanf.o
LOAD ungetc.o
LOAD getchar.o
LOAD freopen.o
LOAD tmpnam.o
LOAD rename.o
LOAD itoa.o
LOAD i2hex.o
LOAD malloc.o
LOAD calloc.o
LOAD free.o
LOAD realloc.o
LOAD div.o
LOAD ldiv.o
LOAD lldiv.o
LOAD strtol.o
LOAD atoi.o
LOAD atol.o
LOAD strtoul.o
LOAD exit.o
LOAD getenv.o
LOAD qsort.o
LOAD system.o
LOAD strtod.o
LOAD ftoa.o
LOAD atof.o
LOAD strtof.o
LOAD strtold.o
LOAD abs.o
LOAD ltoa.o
LOAD utoa.o
LOAD srand.o
LOAD rand.o
LOAD errno.o
LOAD time.o
LOAD gmtime.o
LOAD localtime.o
LOAD strftime.o
LOAD clock.o
LOAD math.o
LOAD pow.o
LOAD sqrt.o
LOAD atan.o
LOAD acos.o
LOAD asin.o
LOAD sin.o
LOAD tan.o
LOAD cos.o
LOAD floor.o
LOAD ceil.o
LOAD exp.o
LOAD log.o
LOAD fmax.o
LOAD fmin.o
LOAD fminf.o
LOAD min.o
LOAD max.o
LOAD fabs.o
LOAD lbm.o
LOAD locale.o
LOAD signal.o
LOAD setjmp.o
LOAD longjmp.o
OUTPUT(pci.bin elf64-x86-64)

.rela.dyn       0x0000008000028000        0x0
 .rela.got      0x0000008000028000        0x0 setup.o
 .rela.iplt     0x0000008000028000        0x0 setup.o
 .rela.text     0x0000008000028000        0x0 setup.o

.comment        0x0000000000000000       0x2a
 .comment       0x0000000000000000       0x2a crt0.o
                                         0x2b (size before relaxing)
 .comment       0x000000000000002a       0x2b pci.o
 .comment       0x000000000000002a       0x2b file.o
 .comment       0x000000000000002a       0x2b cfs.o
 .comment       0x000000000000002a       0x2b alloc.o
 .comment       0x000000000000002a       0x2b pipe.o
 .comment       0x000000000000002a       0x2b path.o
 .comment       0x000000000000002a       0x2b socket.o
 .comment       0x000000000000002a       0x2b gui.o
 .comment       0x000000000000002a       0x2b font8x16.o
 .comment       0x000000000000002a       0x2b window.o
 .comment       0x000000000000002a       0x2b bmp.o
 .comment       0x000000000000002a       0x2b font.o
 .comment       0x000000000000002a       0x2b border.o
 .comment       0x000000000000002a       0x2b memcmp.o
 .comment       0x000000000000002a       0x2b memcpy.o
 .comment       0x000000000000002a       0x2b memset.o
 .comment       0x000000000000002a       0x2b strcasecmp.o
 .comment       0x000000000000002a       0x2b strcat.o
 .comment       0x000000000000002a       0x2b strchr.o
 .comment       0x000000000000002a       0x2b strcmp.o
 .comment       0x000000000000002a       0x2b strcpy.o
 .comment       0x000000000000002a       0x2b strcspn.o
 .comment       0x000000000000002a       0x2b string.o
 .comment       0x000000000000002a       0x2b strlen.o
 .comment       0x000000000000002a       0x2b strncasecmp.o
 .comment       0x000000000000002a       0x2b strncmp.o
 .comment       0x000000000000002a       0x2b strncpy.o
 .comment       0x000000000000002a       0x2b strpbrk.o
 .comment       0x000000000000002a       0x2b strrchr.o
 .comment       0x000000000000002a       0x2b strsep.o
 .comment       0x000000000000002a       0x2b strspn.o
 .comment       0x000000000000002a       0x2b strtok.o
 .comment       0x000000000000002a       0x2b strstr.o
 .comment       0x000000000000002a       0x2b strdup.o
 .comment       0x000000000000002a       0x2b memmove.o
 .comment       0x000000000000002a       0x2b strcoll.o
 .comment       0x000000000000002a       0x2b strerror.o
 .comment       0x000000000000002a       0x2b ctype.o
 .comment       0x000000000000002a       0x2b tolower.o
 .comment       0x000000000000002a       0x2b toupper.o
 .comment       0x000000000000002a       0x2b stdio.o
 .comment       0x000000000000002a       0x2b fopen.o
 .comment       0x000000000000002a       0x2b fclose.o
 .comment       0x000000000000002a       0x2b fflush.o
 .comment       0x000000000000002a       0x2b putc.o
 .comment       0x000000000000002a       0x2b getc.o
 .comment       0x000000000000002a       0x2b fputc.o
 .comment       0x000000000000002a       0x2b fgetc.o
 .comment       0x000000000000002a       0x2b fgets.o
 .comment       0x000000000000002a       0x2b fputs.o
 .comment       0x000000000000002a       0x2b fread.o
 .comment       0x000000000000002a       0x2b fwrite.o
 .comment       0x000000000000002a       0x2b remove.o
 .comment       0x000000000000002a       0x2b rewind.o
 .comment       0x000000000000002a       0x2b fseek.o
 .comment       0x000000000000002a       0x2b feof.o
 .comment       0x000000000000002a       0x2b ftell.o
 .comment       0x000000000000002a       0x2b vfprintf.o
 .comment       0x000000000000002a       0x2b fprintf.o
 .comment       0x000000000000002a       0x2b vsprintf.o
 .comment       0x000000000000002a       0x2b sprintf.o
 .comment       0x000000000000002a       0x2b snprintf.o
 .comment       0x000000000000002a       0x2b vsnprintf.o
 .comment       0x000000000000002a       0x2b putchar.o
 .comment       0x000000000000002a       0x2b puts.o
 .comment       0x000000000000002a       0x2b printf.o
 .comment       0x000000000000002a       0x2b sscanf.o
 .comment       0x000000000000002a       0x2b perror.o
 .comment       0x000000000000002a       0x2b vfscanf.o
 .comment       0x000000000000002a       0x2b fscanf.o
 .comment       0x000000000000002a       0x2b scanf.o
 .comment       0x000000000000002a       0x2b ungetc.o
 .comment       0x000000000000002a       0x2b getchar.o
 .comment       0x000000000000002a       0x2b freopen.o
 .comment       0x000000000000002a       0x2b tmpnam.o
 .comment       0x000000000000002a       0x2b rename.o
 .comment       0x000000000000002a       0x2b itoa.o
 .comment       0x000000000000002a       0x2b i2hex.o
 .comment       0x000000000000002a       0x2b malloc.o
 .comment       0x000000000000002a       0x2b calloc.o
 .comment       0x000000000000002a       0x2b free.o
 .comment       0x000000000000002a       0x2b realloc.o
 .comment       0x000000000000002a       0x2b div.o
 .comment       0x000000000000002a       0x2b ldiv.o
 .comment       0x000000000000002a       0x2b lldiv.o
 .comment       0x000000000000002a       0x2b strtol.o
 .comment       0x000000000000002a       0x2b atoi.o
 .comment       0x000000000000002a       0x2b atol.o
 .comment       0x000000000000002a       0x2b strtoul.o
 .comment       0x000000000000002a       0x2b exit.o
 .comment       0x000000000000002a       0x2b getenv.o
 .comment       0x000000000000002a       0x2b qsort.o
 .comment       0x000000000000002a       0x2b system.o
 .comment       0x000000000000002a       0x2b strtod.o
 .comment       0x000000000000002a       0x2b ftoa.o
 .comment       0x000000000000002a       0x2b atof.o
 .comment       0x000000000000002a       0x2b strtof.o
 .comment       0x000000000000002a       0x2b strtold.o
 .comment       0x000000000000002a       0x2b abs.o
 .comment       0x000000000000002a       0x2b ltoa.o
 .comment       0x000000000000002a       0x2b utoa.o
 .comment       0x000000000000002a       0x2b srand.o
 .comment       0x000000000000002a       0x2b rand.o
 .comment       0x000000000000002a       0x2b errno.o
 .comment       0x000000000000002a       0x2b time.o
 .comment       0x000000000000002a       0x2b gmtime.o
 .comment       0x000000000000002a       0x2b localtime.o
 .comment       0x000000000000002a       0x2b strftime.o
 .comment       0x000000000000002a       0x2b clock.o
 .comment       0x000000000000002a       0x2b math.o
 .comment       0x000000000000002a       0x2b pow.o
 .comment       0x000000000000002a       0x2b sqrt.o
 .comment       0x000000000000002a       0x2b atan.o
 .comment       0x000000000000002a       0x2b acos.o
 .comment       0x000000000000002a       0x2b asin.o
 .comment       0x000000000000002a       0x2b sin.o
 .comment       0x000000000000002a       0x2b tan.o
 .comment       0x000000000000002a       0x2b cos.o
 .comment       0x000000000000002a       0x2b floor.o
 .comment       0x000000000000002a       0x2b ceil.o
 .comment       0x000000000000002a       0x2b exp.o
 .comment       0x000000000000002a       0x2b log.o
 .comment       0x000000000000002a       0x2b fmax.o
 .comment       0x000000000000002a       0x2b fmin.o
 .comment       0x000000000000002a       0x2b fminf.o
 .comment       0x000000000000002a       0x2b min.o
 .comment       0x000000000000002a       0x2b max.o
 .comment       0x000000000000002a       0x2b fabs.o
 .comment       0x000000000000002a       0x2b locale.o
 .comment       0x000000000000002a       0x2b signal.o

.note.GNU-stack
                0x0000000000000000        0x0
 .note.GNU-stack
                0x0000000000000000        0x0 crt0.o
 .note.GNU-stack
                0x0000000000000000        0x0 pci.o
 .note.GNU-stack
                0x0000000000000000        0x0 file.o
 .note.GNU-stack
                0x0000000000000000        0x0 cfs.o
 .note.GNU-stack
                0x0000000000000000        0x0 alloc.o
 .note.GNU-stack
                0x0000000000000000        0x0 pipe.o
 .note.GNU-stack
                0x0000000000000000        0x0 path.o
 .note.GNU-stack
                0x0000000000000000        0x0 socket.o
 .note.GNU-stack
                0x0000000000000000        0x0 gui.o
 .note.GNU-stack
                0x0000000000000000        0x0 font8x16.o
 .note.GNU-stack
                0x0000000000000000        0x0 window.o
 .note.GNU-stack
                0x0000000000000000        0x0 bmp.o
 .note.GNU-stack
                0x0000000000000000        0x0 font.o
 .note.GNU-stack
                0x0000000000000000        0x0 border.o
 .note.GNU-stack
                0x0000000000000000        0x0 memcmp.o
 .note.GNU-stack
                0x0000000000000000        0x0 memcpy.o
 .note.GNU-stack
                0x0000000000000000        0x0 memset.o
 .note.GNU-stack
                0x0000000000000000        0x0 strcasecmp.o
 .note.GNU-stack
                0x0000000000000000        0x0 strcat.o
 .note.GNU-stack
                0x0000000000000000        0x0 strchr.o
 .note.GNU-stack
                0x0000000000000000        0x0 strcmp.o
 .note.GNU-stack
                0x0000000000000000        0x0 strcpy.o
 .note.GNU-stack
                0x0000000000000000        0x0 strcspn.o
 .note.GNU-stack
                0x0000000000000000        0x0 string.o
 .note.GNU-stack
                0x0000000000000000        0x0 strlen.o
 .note.GNU-stack
                0x0000000000000000        0x0 strncasecmp.o
 .note.GNU-stack
                0x0000000000000000        0x0 strncmp.o
 .note.GNU-stack
                0x0000000000000000        0x0 strncpy.o
 .note.GNU-stack
                0x0000000000000000        0x0 strpbrk.o
 .note.GNU-stack
                0x0000000000000000        0x0 strrchr.o
 .note.GNU-stack
                0x0000000000000000        0x0 strsep.o
 .note.GNU-stack
                0x0000000000000000        0x0 strspn.o
 .note.GNU-stack
                0x0000000000000000        0x0 strtok.o
 .note.GNU-stack
                0x0000000000000000        0x0 strstr.o
 .note.GNU-stack
                0x0000000000000000        0x0 strdup.o
 .note.GNU-stack
                0x0000000000000000        0x0 memmove.o
 .note.GNU-stack
                0x0000000000000000        0x0 strcoll.o
 .note.GNU-stack
                0x0000000000000000        0x0 strerror.o
 .note.GNU-stack
                0x0000000000000000        0x0 ctype.o
 .note.GNU-stack
                0x0000000000000000        0x0 tolower.o
 .note.GNU-stack
                0x0000000000000000        0x0 toupper.o
 .note.GNU-stack
                0x0000000000000000        0x0 stdio.o
 .note.GNU-stack
                0x0000000000000000        0x0 fopen.o
 .note.GNU-stack
                0x0000000000000000        0x0 fclose.o
 .note.GNU-stack
                0x0000000000000000        0x0 fflush.o
 .note.GNU-stack
                0x0000000000000000        0x0 putc.o
 .note.GNU-stack
                0x0000000000000000        0x0 getc.o
 .note.GNU-stack
                0x0000000000000000        0x0 fputc.o
 .note.GNU-stack
                0x0000000000000000        0x0 fgetc.o
 .note.GNU-stack
                0x0000000000000000        0x0 fgets.o
 .note.GNU-stack
                0x0000000000000000        0x0 fputs.o
 .note.GNU-stack
                0x0000000000000000        0x0 fread.o
 .note.GNU-stack
                0x0000000000000000        0x0 fwrite.o
 .note.GNU-stack
                0x0000000000000000        0x0 remove.o
 .note.GNU-stack
                0x0000000000000000        0x0 rewind.o
 .note.GNU-stack
                0x0000000000000000        0x0 fseek.o
 .note.GNU-stack
                0x0000000000000000        0x0 feof.o
 .note.GNU-stack
                0x0000000000000000        0x0 ftell.o
 .note.GNU-stack
                0x0000000000000000        0x0 vfprintf.o
 .note.GNU-stack
                0x0000000000000000        0x0 fprintf.o
 .note.GNU-stack
                0x0000000000000000        0x0 vsprintf.o
 .note.GNU-stack
                0x0000000000000000        0x0 sprintf.o
 .note.GNU-stack
                0x0000000000000000        0x0 snprintf.o
 .note.GNU-stack
                0x0000000000000000        0x0 vsnprintf.o
 .note.GNU-stack
                0x0000000000000000        0x0 putchar.o
 .note.GNU-stack
                0x0000000000000000        0x0 puts.o
 .note.GNU-stack
                0x0000000000000000        0x0 printf.o
 .note.GNU-stack
                0x0000000000000000        0x0 sscanf.o
 .note.GNU-stack
                0x0000000000000000        0x0 perror.o
 .note.GNU-stack
                0x0000000000000000        0x0 vfscanf.o
 .note.GNU-stack
                0x0000000000000000        0x0 fscanf.o
 .note.GNU-stack
                0x0000000000000000        0x0 scanf.o
 .note.GNU-stack
                0x0000000000000000        0x0 ungetc.o
 .note.GNU-stack
                0x0000000000000000        0x0 getchar.o
 .note.GNU-stack
                0x0000000000000000        0x0 freopen.o
 .note.GNU-stack
                0x0000000000000000        0x0 tmpnam.o
 .note.GNU-stack
                0x0000000000000000        0x0 rename.o
 .note.GNU-stack
                0x0000000000000000        0x0 itoa.o
 .note.GNU-stack
                0x0000000000000000        0x0 i2hex.o
 .note.GNU-stack
                0x0000000000000000        0x0 malloc.o
 .note.GNU-stack
                0x0000000000000000        0x0 calloc.o
 .note.GNU-stack
                0x0000000000000000        0x0 free.o
 .note.GNU-stack
                0x0000000000000000        0x0 realloc.o
 .note.GNU-stack
                0x0000000000000000        0x0 div.o
 .note.GNU-stack
                0x0000000000000000        0x0 ldiv.o
 .note.GNU-stack
                0x0000000000000000        0x0 lldiv.o
 .note.GNU-stack
                0x0000000000000000        0x0 strtol.o
 .note.GNU-stack
                0x0000000000000000        0x0 atoi.o
 .note.GNU-stack
                0x0000000000000000        0x0 atol.o
 .note.GNU-stack
                0x0000000000000000        0x0 strtoul.o
 .note.GNU-stack
                0x0000000000000000        0x0 exit.o
 .note.GNU-stack
                0x0000000000000000        0x0 getenv.o
 .note.GNU-stack
                0x0000000000000000        0x0 qsort.o
 .note.GNU-stack
                0x0000000000000000        0x0 system.o
 .note.GNU-stack
                0x0000000000000000        0x0 strtod.o
 .note.GNU-stack
                0x0000000000000000        0x0 ftoa.o
 .note.GNU-stack
                0x0000000000000000        0x0 atof.o
 .note.GNU-stack
                0x0000000000000000        0x0 strtof.o
 .note.GNU-stack
                0x0000000000000000        0x0 strtold.o
 .note.GNU-stack
                0x0000000000000000        0x0 abs.o
 .note.GNU-stack
                0x0000000000000000        0x0 ltoa.o
 .note.GNU-stack
                0x0000000000000000        0x0 utoa.o
 .note.GNU-stack
                0x0000000000000000        0x0 srand.o
 .note.GNU-stack
                0x0000000000000000        0x0 rand.o
 .note.GNU-stack
                0x0000000000000000        0x0 errno.o
 .note.GNU-stack
                0x0000000000000000        0x0 time.o
 .note.GNU-stack
                0x0000000000000000        0x0 gmtime.o
 .note.GNU-stack
                0x0000000000000000        0x0 localtime.o
 .note.GNU-stack
                0x0000000000000000        0x0 strftime.o
 .note.GNU-stack
                0x0000000000000000        0x0 clock.o
 .note.GNU-stack
                0x0000000000000000        0x0 math.o
 .note.GNU-stack
                0x0000000000000000        0x0 pow.o
 .note.GNU-stack
                0x0000000000000000        0x0 sqrt.o
 .note.GNU-stack
                0x0000000000000000        0x0 atan.o
 .note.GNU-stack
                0x0000000000000000        0x0 acos.o
 .note.GNU-stack
                0x0000000000000000        0x0 asin.o
 .note.GNU-stack
                0x0000000000000000        0x0 sin.o
 .note.GNU-stack
                0x0000000000000000        0x0 tan.o
 .note.GNU-stack
                0x0000000000000000        0x0 cos.o
 .note.GNU-stack
                0x0000000000000000        0x0 floor.o
 .note.GNU-stack
                0x0000000000000000        0x0 ceil.o
 .note.GNU-stack
                0x0000000000000000        0x0 exp.o
 .note.GNU-stack
                0x0000000000000000        0x0 log.o
 .note.GNU-stack
                0x0000000000000000        0x0 fmax.o
 .note.GNU-stack
                0x0000000000000000        0x0 fmin.o
 .note.GNU-stack
                0x0000000000000000        0x0 fminf.o
 .note.GNU-stack
                0x0000000000000000        0x0 min.o
 .note.GNU-stack
                0x0000000000000000        0x0 max.o
 .note.GNU-stack
                0x0000000000000000        0x0 fabs.o
 .note.GNU-stack
                0x0000000000000000        0x0 locale.o
 .note.GNU-stack
                0x0000000000000000        0x0 signal.o
