
Merging program properties

Removed property 0xc0000002 to merge crt0.o (0x3) and setup.o (not found)
Removed property 0xc0000002 to merge crt0.o (not found) and pci.o (0x3)
Removed property 0xc0000002 to merge crt0.o (not found) and file.o (0x3)
Removed property 0xc0000002 to merge crt0.o (not found) and cfs.o (0x3)
Removed property 0xc0000002 to merge crt0.o (not found) and alloc.o (0x3)
Removed property 0xc0000002 to merge crt0.o (not found) and pipe.o (0x3)
Removed property 0xc0000002 to merge crt0.o (not found) and path.o (0x3)
Removed property 0xc0000002 to merge crt0.o (not found) and socket.o (0x3)
Removed property 0xc0000002 to merge crt0.o (not found) and inet.o (0x3)
Removed property 0xc0000002 to merge crt0.o (not found) and communication.o (0x3)
Removed property 0xc0000002 to merge crt0.o (not found) and sys_exit.o (0x3)
Removed property 0xc0000002 to merge crt0.o (not found) and wait.o (0x3)
Removed property 0xc0000002 to merge crt0.o (not found) and exectve.o (0x3)
Removed property 0xc0000002 to merge crt0.o (not found) and dns.o (0x3)
Removed property 0xc0000002 to merge crt0.o (not found) and pthread.o (0x3)
Removed property 0xc0000002 to merge crt0.o (not found) and gui.o (0x3)
Removed property 0xc0000002 to merge crt0.o (not found) and font8x16.o (0x3)
Removed property 0xc0000002 to merge crt0.o (not found) and window.o (0x3)
Removed property 0xc0000002 to merge crt0.o (not found) and bmp.o (0x3)
Removed property 0xc0000002 to merge crt0.o (not found) and font.o (0x3)
Removed property 0xc0000002 to merge crt0.o (not found) and border.o (0x3)
Removed property 0xc0000002 to merge crt0.o (not found) and libterm.o (0x3)
Removed property 0xc0000002 to merge crt0.o (not found) and memcmp.o (0x3)
Removed property 0xc0000002 to merge crt0.o (not found) and memcpy.o (0x3)
Removed property 0xc0000002 to merge crt0.o (not found) and memset.o (0x3)
Removed property 0xc0000002 to merge crt0.o (not found) and strcasecmp.o (0x3)
Removed property 0xc0000002 to merge crt0.o (not found) and strcat.o (0x3)
Removed property 0xc0000002 to merge crt0.o (not found) and strchr.o (0x3)
Removed property 0xc0000002 to merge crt0.o (not found) and strcmp.o (0x3)
Removed property 0xc0000002 to merge crt0.o (not found) and strcpy.o (0x3)
Removed property 0xc0000002 to merge crt0.o (not found) and strcspn.o (0x3)
Removed property 0xc0000002 to merge crt0.o (not found) and string.o (0x3)
Removed property 0xc0000002 to merge crt0.o (not found) and strlen.o (0x3)
Removed property 0xc0000002 to merge crt0.o (not found) and strncasecmp.o (0x3)
Removed property 0xc0000002 to merge crt0.o (not found) and strncmp.o (0x3)
Removed property 0xc0000002 to merge crt0.o (not found) and strncpy.o (0x3)
Removed property 0xc0000002 to merge crt0.o (not found) and strpbrk.o (0x3)
Removed property 0xc0000002 to merge crt0.o (not found) and strrchr.o (0x3)
Removed property 0xc0000002 to merge crt0.o (not found) and strsep.o (0x3)
Removed property 0xc0000002 to merge crt0.o (not found) and strspn.o (0x3)
Removed property 0xc0000002 to merge crt0.o (not found) and strtok.o (0x3)
Removed property 0xc0000002 to merge crt0.o (not found) and strstr.o (0x3)
Removed property 0xc0000002 to merge crt0.o (not found) and strdup.o (0x3)
Removed property 0xc0000002 to merge crt0.o (not found) and memmove.o (0x3)
Removed property 0xc0000002 to merge crt0.o (not found) and strcoll.o (0x3)
Removed property 0xc0000002 to merge crt0.o (not found) and strerror.o (0x3)
Removed property 0xc0000002 to merge crt0.o (not found) and memchr.o (0x3)
Removed property 0xc0000002 to merge crt0.o (not found) and ctype.o (0x3)
Removed property 0xc0000002 to merge crt0.o (not found) and tolower.o (0x3)
Removed property 0xc0000002 to merge crt0.o (not found) and toupper.o (0x3)
Removed property 0xc0000002 to merge crt0.o (not found) and stdio.o (0x3)
Removed property 0xc0000002 to merge crt0.o (not found) and fopen.o (0x3)
Removed property 0xc0000002 to merge crt0.o (not found) and fclose.o (0x3)
Removed property 0xc0000002 to merge crt0.o (not found) and fflush.o (0x3)
Removed property 0xc0000002 to merge crt0.o (not found) and putc.o (0x3)
Removed property 0xc0000002 to merge crt0.o (not found) and getc.o (0x3)
Removed property 0xc0000002 to merge crt0.o (not found) and fputc.o (0x3)
Removed property 0xc0000002 to merge crt0.o (not found) and fgetc.o (0x3)
Removed property 0xc0000002 to merge crt0.o (not found) and fgets.o (0x3)
Removed property 0xc0000002 to merge crt0.o (not found) and fputs.o (0x3)
Removed property 0xc0000002 to merge crt0.o (not found) and fread.o (0x3)
Removed property 0xc0000002 to merge crt0.o (not found) and fwrite.o (0x3)
Removed property 0xc0000002 to merge crt0.o (not found) and remove.o (0x3)
Removed property 0xc0000002 to merge crt0.o (not found) and rewind.o (0x3)
Removed property 0xc0000002 to merge crt0.o (not found) and fseek.o (0x3)
Removed property 0xc0000002 to merge crt0.o (not found) and feof.o (0x3)
[...]
Memory Configuration

Name             Origin             Length             Attributes
*default*        0x0000000000000000 0xffffffffffffffff

Linker script and memory map

                0x0000008000001000                . = 0x8000001000
                0x0000008000001000                _start = .

.text           0x0000008000001000    0x10000
                0x0000008000001000                code = .
                0x0000008000001000                _code = .
                0x0000008000001000                __code = .
                0x0000008000001000                code = .
 *(.text)
 .text          0x0000008000001000       0x65 setup.o
                0x0000008000001053                call_function
 .text          0x0000008000001065      0x1e4 crt0.o
                0x0000008000001065                ctr0
 .text          0x0000008000001249      0x445 pci.o
                0x0000008000001249                pci_read_config_dword
                0x00000080000012e0                pci_write_config_dword
                0x0000008000001374                pci_get_info
                0x0000008000001622                main
 .text          0x000000800000168e      0xe14 file.o
                0x000000800000168e                stdputc_r
                0x00000080000018a4                stdgetc_r
                0x0000008000001a49                getkey
                0x0000008000001b20                getkeyw
                0x0000008000001bf1                open_r
                0x0000008000001c61                flush_r
                0x0000008000001d48                close_r
                0x0000008000001dba                putc_r
                0x0000008000001fd6                getc_r
                0x00000080000021a5                read_r
                0x0000008000002266                write_r
                0x000000800000231a                seek_r
                0x00000080000023f8                tell_r
                0x0000008000002439                rewind_r
 .text          0x00000080000024a2     0x2851 cfs.o
                0x00000080000024a2                read_sector
                0x00000080000024f7                write_sector
                0x000000800000254c                assert_fn
                0x00000080000025b5                get_file_name
                0x000000800000261c                filename_cmp
                0x0000008000002703                search_blk_null
                0x000000800000288d                write_blk
                0x00000080000028c6                clean_blk_enter
                0x00000080000029af                read_super_block
                0x0000008000002a0d                read_directory_blk
                0x0000008000002c22                read_directory_entry
                0x0000008000002dec                update_directory_entry
                0x0000008000003049                open_file_r
                0x00000080000033c8                open_file
                0x0000008000003b0c                file_update
                0x0000008000003c46                file_close
                0x0000008000003d46                file_read_block
                0x0000008000003e1a                file_write_block
                0x0000008000003eee                open_dir
                0x00000080000042dd                create_file
                0x0000008000004646                remove_blk
                0x000000800000488e                remove_file
 .text          0x0000008000004cf3       0xeb alloc.o
                0x0000008000004cf3                __malloc_r
                0x0000008000004d3d                __free_r
                0x0000008000004d7f                __realloc_r
 .text          0x0000008000004dde      0x2f5 pipe.o
                0x0000008000004dde                pipe_write
                0x0000008000004ee2                pipe_read
                0x0000008000004fd9                pipe_read_2x
 .text          0x00000080000050d3      0x5d1 path.o
                0x00000080000050d3                setpath
                0x0000008000005222                upath
                0x000000800000530e                getpathname
                0x0000008000005551                path_count
                0x00000080000055bc                getfilename
 .text          0x00000080000056a4      0x991 socket.o
                0x00000080000056a4                socket_address
                0x0000008000005719                accept
                0x000000800000574f                bind
                0x000000800000581d                connect
                0x00000080000059ad                listen
                0x00000080000059de                recv
                0x0000008000005b16                recvfrom
                0x0000008000005c7d                send
                0x0000008000005daf                sendto
                0x0000008000005efb                shutdown
                0x0000008000005fe7                socket
 .text          0x0000008000006035      0x307 inet.o
                0x0000008000006035                inet_addr
                0x0000008000006229                inet_lnaof
                0x0000008000006257                inet_makeaddr
                0x00000080000062b1                inet_netof
                0x00000080000062df                inet_network
                0x000000800000630e                inet_ntoa
 .text          0x000000800000633c      0x28d communication.o
                0x00000080000063ce                communication
 .text          0x00000080000065c9       0x8c sys_exit.o
                0x00000080000065c9                sys_exit
 .text          0x0000008000006655       0x57 wait.o
                0x0000008000006655                wait
 .text          0x00000080000066ac      0x474 exectve.o
                0x00000080000066ac                exectve
 .text          0x0000008000006b20      0x6c1 dns.o
                0x0000008000006bb2                changeto_dns_name_format
                0x0000008000006c86                get_ip_from_name
 .text          0x00000080000071e1      0x144 pthread.o
                0x00000080000071e1                pthread_create
                0x00000080000072a3                pthread_exit
                0x00000080000072cd                pthread_join
 .text          0x0000008000007325      0x1ab gui.o
                0x0000008000007325                put_pixel
                0x00000080000073bb                draw_char_transparent
 .text          0x00000080000074d0        0x0 font8x16.o
 .text          0x00000080000074d0     0x16e9 window.o
                0x00000080000074d0                drawline
                0x000000800000757f                _drawline
                0x0000008000007646                drawrect
                0x00000080000077f0                drawtriagle
                0x00000080000078af                drawchar
                0x0000008000007a19                drawstring
                0x0000008000007ad5                drawchar_trans
                0x0000008000007bf4                drawstring_trans
                0x0000008000007cb0                get_window_surface
                0x0000008000007cef                init_window
                0x0000008000008134                create_new_window
                0x00000080000081e7                __wcl
                0x0000008000008284                rgb
                0x00000080000082d3                create_button
                0x0000008000008494                window
                0x0000008000008a5b                wcl
                0x0000008000008b55                update_window
                0x0000008000008b80                __window_clear
 .text          0x0000008000008bb9      0x5c5 bmp.o
                0x0000008000008bb9                BitMAP
                0x0000008000008e9b                BitMAP2
 .text          0x000000800000917e       0xdc font.o
                0x000000800000917e                put
 .text          0x000000800000925a      0x332 border.o
                0x000000800000925a                border
 .text          0x000000800000958c       0x4d libterm.o
                0x000000800000958c                term_color
 .text          0x00000080000095d9       0x96 memcmp.o
                0x00000080000095d9                memcmp
 .text          0x000000800000966f       0x77 memcpy.o
                0x000000800000966f                memcpy
 .text          0x00000080000096e6       0x62 memset.o
                0x00000080000096e6                memset
 .text          0x0000008000009748       0xbb strcasecmp.o
                0x0000008000009748                strcasecmp
 .text          0x0000008000009803       0x7a strcat.o
                0x0000008000009803                strcat
 .text          0x000000800000987d       0x61 strchr.o
                0x000000800000987d                strchr
 .text          0x00000080000098de       0x9a strcmp.o
                0x00000080000098de                strcmp
 .text          0x0000008000009978       0x7b strcpy.o
                0x0000008000009978                strcpy
 .text          0x00000080000099f3      0x261 strcspn.o
                0x00000080000099f3                strchrnul
                0x0000008000009b1e                strcspn
 .text          0x0000008000009c54        0x0 string.o
 .text          0x0000008000009c54       0x4c strlen.o
                0x0000008000009c54                strlen
 .text          0x0000008000009ca0       0xc8 strncasecmp.o
                0x0000008000009ca0                strncasecmp
 .text          0x0000008000009d68       0x80 strncmp.o
                0x0000008000009d68                strncmp
 .text          0x0000008000009de8       0x7d strncpy.o
                0x0000008000009de8                strncpy
 .text          0x0000008000009e65       0x72 strpbrk.o
                0x0000008000009e65                strpbrk
 .text          0x0000008000009ed7       0x93 strrchr.o
                0x0000008000009ed7                strrchr
 .text          0x0000008000009f6a       0xbd strsep.o
                0x0000008000009f6a                strsep
 .text          0x000000800000a027      0x133 strspn.o
                0x000000800000a027                strspn
 .text          0x000000800000a15a      0x18e strtok.o
                0x000000800000a15a                strtok_r
                0x000000800000a291                strtok
 .text          0x000000800000a2e8       0x98 strstr.o
                0x000000800000a2e8                strstr
 .text          0x000000800000a380       0xa0 strdup.o
                0x000000800000a380                strdup
 .text          0x000000800000a420       0xc2 memmove.o
                0x000000800000a420                memmove
 .text          0x000000800000a4e2       0x56 strcoll.o
                0x000000800000a4e2                strcoll
 .text          0x000000800000a538       0x50 strerror.o
                0x000000800000a538                strerror
 .text          0x000000800000a588       0x71 memchr.o
                0x000000800000a588                memchr
 .text          0x000000800000a5f9        0x0 ctype.o
 .text          0x000000800000a5f9       0x55 tolower.o
                0x000000800000a5f9                tolower
 .text          0x000000800000a64e       0x55 toupper.o
                0x000000800000a64e                toupper
 .text          0x000000800000a6a3       0xa2 stdio.o
                0x000000800000a6a3                debug_o
 .text          0x000000800000a745       0x96 fopen.o
                0x000000800000a745                fopen
 .text          0x000000800000a7db       0x4b fclose.o
                0x000000800000a7db                fclose
 .text          0x000000800000a826       0x4b fflush.o
                0x000000800000a826                fflush
 .text          0x000000800000a871       0x53 putc.o
                0x000000800000a871                putc
 .text          0x000000800000a8c4       0x98 getc.o
                0x000000800000a8c4                getc
 .text          0x000000800000a95c       0x53 fputc.o
                0x000000800000a95c                fputc
 .text          0x000000800000a9af       0x4b fgetc.o
                0x000000800000a9af                fgetc
 .text          0x000000800000a9fa      0x16b fgets.o
                0x000000800000a9fa                fgets
 .text          0x000000800000ab65       0xa4 fputs.o
                0x000000800000ab65                fputs
 .text          0x000000800000ac09       0x5d fread.o
                0x000000800000ac09                fread
 .text          0x000000800000ac66       0x5d fwrite.o
                0x000000800000ac66                fwrite
 .text          0x000000800000acc3       0x4b remove.o
                0x000000800000acc3                remove
 .text          0x000000800000ad0e       0x4c rewind.o
                0x000000800000ad0e                rewind
 .text          0x000000800000ad5a       0x59 fseek.o
                0x000000800000ad5a                fseek
 .text          0x000000800000adb3       0x59 feof.o
                0x000000800000adb3                feof
 .text          0x000000800000ae0c       0x4b ftell.o
                0x000000800000ae0c                ftell
 .text          0x000000800000ae57      0x93b vfprintf.o
                0x000000800000ae57                vfprintf
 .text          0x000000800000b792       0xeb fprintf.o
                0x000000800000b792                fprintf
 .text          0x000000800000b87d      0x9eb vsprintf.o
                0x000000800000b87d                _vsputs_r
                0x000000800000b8e9                vsprintf
 .text          0x000000800000c268      0x101 sprintf.o
                0x000000800000c268                sprintf
 .text          0x000000800000c369       0xed snprintf.o
                0x000000800000c369                snprintf
 .text          0x000000800000c456       0xd9 vsnprintf.o
                0x000000800000c456                vsnprintf
 .text          0x000000800000c52f       0x5c putchar.o
                0x000000800000c52f                putchar
 .text          0x000000800000c58b       0xa6 puts.o
                0x000000800000c58b                puts
 .text          0x000000800000c631       0xf5 printf.o
                0x000000800000c631                printf
 .text          0x000000800000c726       0xa1 sscanf.o
                0x000000800000c726                sscanf
 .text          0x000000800000c7c7       0x4c perror.o
                0x000000800000c7c7                perror
 .text          0x000000800000c813      0x8ee vfscanf.o
                0x000000800000cbfb                vfscanf
 .text          0x000000800000d101       0xeb fscanf.o
                0x000000800000d101                fscanf
 .text          0x000000800000d1ec       0xf5 scanf.o
                0x000000800000d1ec                scanf
 .text          0x000000800000d2e1       0xb2 ungetc.o
                0x000000800000d2e1                ungetc
 .text          0x000000800000d393       0x8d getchar.o
                0x000000800000d393                getchar
 .text          0x000000800000d420       0x59 freopen.o
                0x000000800000d420                freopen
 .text          0x000000800000d479       0xb9 tmpnam.o
                0x000000800000d479                sysgettmpnam
                0x000000800000d4b2                tmpnam
 .text          0x000000800000d532       0xf8 rename.o
                0x000000800000d532                rename
 .text          0x000000800000d62a       0x51 ferror.o
                0x000000800000d62a                ferror
 .text          0x000000800000d67b       0x5b setvbuf.o
                0x000000800000d67b                setvbuf
 .text          0x000000800000d6d6       0x51 clearerr.o
                0x000000800000d6d6                clearerr
 .text          0x000000800000d727       0x4d tmpfile.o
                0x000000800000d727                tmpfile
 .text          0x000000800000d774      0x147 itoa.o
                0x000000800000d774                itoa
 .text          0x000000800000d8bb      0x175 i2hex.o
                0x000000800000d8bb                i2hex
 .text          0x000000800000da30       0x48 malloc.o
                0x000000800000da30                malloc
 .text          0x000000800000da78       0x4f calloc.o
                0x000000800000da78                calloc
 .text          0x000000800000dac7       0x4c free.o
                0x000000800000dac7                free
 .text          0x000000800000db13       0x53 realloc.o
                0x000000800000db13                realloc
 .text          0x000000800000db66       0x88 div.o
                0x000000800000db66                div
 .text          0x000000800000dbee       0xaa ldiv.o
                0x000000800000dbee                ldiv
 .text          0x000000800000dc98       0xaa lldiv.o
                0x000000800000dc98                lldiv
 .text          0x000000800000dd42      0x332 strtol.o
                0x000000800000dd42                strtol
 .text          0x000000800000e074       0x55 atoi.o
                0x000000800000e074                atoi
 .text          0x000000800000e0c9       0x55 atol.o
                0x000000800000e0c9                atol
 .text          0x000000800000e11e      0x24c strtoul.o
                0x000000800000e11e                strtoul
 .text          0x000000800000e36a       0x49 exit.o
                0x000000800000e36a                exit
 .text          0x000000800000e3b3       0x77 getenv.o
                0x000000800000e3b3                getenv
 .text          0x000000800000e42a      0x49c qsort.o
                0x000000800000e845                qsort
 .text          0x000000800000e8c6       0x5c system.o
                0x000000800000e8c6                system
 .text          0x000000800000e922      0x335 strtod.o
                0x000000800000e922                strtod
 .text          0x000000800000ec57      0x24a ftoa.o
                0x000000800000ecb6                ftoa
 .text          0x000000800000eea1       0x50 atof.o
                0x000000800000eea1                atof
 .text          0x000000800000eef1       0x5a strtof.o
                0x000000800000eef1                strtof
 .text          0x000000800000ef4b       0x5e strtold.o
                0x000000800000ef4b                strtold
 .text          0x000000800000efa9       0x34 abs.o
                0x000000800000efa9                abs
 .text          0x000000800000efdd      0x225 ltoa.o
                0x000000800000efdd                ltoa_r
                0x000000800000f153                ltoa
 .text          0x000000800000f202      0x18e utoa.o
                0x000000800000f2fb                utoa
 .text          0x000000800000f390       0x2a srand.o
                0x000000800000f390                srand
 .text          0x000000800000f3ba       0x27 rand.o
                0x000000800000f3ba                rand
 .text          0x000000800000f3e1       0x46 abort.o
                0x000000800000f3e1                abort
 .text          0x000000800000f427        0x0 errno.o
 .text          0x000000800000f427       0x2f time.o
                0x000000800000f427                time
 .text          0x000000800000f456       0x3b gmtime.o
                0x000000800000f456                gmtime
 .text          0x000000800000f491       0x3b localtime.o
                0x000000800000f491                localtime
 .text          0x000000800000f4cc       0x3a strftime.o
                0x000000800000f4cc                strftime
 .text          0x000000800000f506       0x27 clock.o
                0x000000800000f506                clock
 .text          0x000000800000f52d       0x3c difftime.o
                0x000000800000f52d                difftime
 .text          0x000000800000f569       0x2e mktime.o
                0x000000800000f569                mktime
 .text          0x000000800000f597      0x19b math.o
                0x000000800000f597                log10
                0x000000800000f5d0                ldexp
                0x000000800000f60c                frexp
                0x000000800000f649                atan2
                0x000000800000f687                cosh
                0x000000800000f6c0                tanh
                0x000000800000f6f9                sinh
 .text          0x000000800000f732       0x6e pow.o
                0x000000800000f732                pow
 .text          0x000000800000f7a0       0x3b sqrt.o
                0x000000800000f7a0                sqrt
 .text          0x000000800000f7db       0x39 atan.o
                0x000000800000f7db                atan
 .text          0x000000800000f814       0x39 acos.o
                0x000000800000f814                acos
 .text          0x000000800000f84d       0x39 asin.o
                0x000000800000f84d                asin
 .text          0x000000800000f886      0x312 sin.o
                0x000000800000f886                __sinus
                0x000000800000fb4f                sin
 .text          0x000000800000fb98       0x7d tan.o
                0x000000800000fb98                tan
 .text          0x000000800000fc15       0x85 cos.o
                0x000000800000fc15                cos
 .text          0x000000800000fc9a       0x39 floor.o
                0x000000800000fc9a                floor
 .text          0x000000800000fcd3       0x54 ceil.o
                0x000000800000fcd3                ceil
 .text          0x000000800000fd27       0x61 exp.o
                0x000000800000fd27                exp
 .text          0x000000800000fd88      0x11a log.o
                0x000000800000fd88                log
 .text          0x000000800000fea2       0x48 fmax.o
                0x000000800000fea2                fmax
 .text          0x000000800000feea       0x48 fmin.o
                0x000000800000feea                fmin
 .text          0x000000800000ff32       0x47 fminf.o
                0x000000800000ff32                fminf
 .text          0x000000800000ff79       0x36 min.o
                0x000000800000ff79                min
 .text          0x000000800000ffaf       0x36 max.o
                0x000000800000ffaf                max
 .text          0x000000800000ffe5       0x5f fabs.o
                0x000000800000ffe5                fabs
 *fill*         0x0000008000010044        0xc 
 .text          0x0000008000010050        0x2 lbm.o
                0x0000008000010050                __sin
                0x0000008000010051                cosine
 .text          0x0000008000010052       0x39 log2.o
                0x0000008000010052                log2
 .text          0x000000800001008b      0x14b modf.o
                0x000000800001008b                modf
 .text          0x00000080000101d6       0x32 locale.o
                0x00000080000101d6                setlocale
 .text          0x0000008000010208       0xbb signal.o
                0x0000008000010208                signal
                0x0000008000010266                sigaction
 *fill*         0x00000080000102c3        0xd 
 .text          0x00000080000102d0       0x2c setjmp.o
                0x00000080000102d0                setjmp
 *fill*         0x00000080000102fc        0x4 
 .text          0x0000008000010300       0x2f longjmp.o
                0x0000008000010300                longjmp
                0x0000008000011000                . = ALIGN (0x1000)
 *fill*         0x000000800001032f      0xcd1 

.iplt           0x0000008000011000        0x0
 .iplt          0x0000008000011000        0x0 setup.o

.data           0x0000008000011000     0x4000
                0x0000008000011000                data = .
                0x0000008000011000                _data = .
                0x0000008000011000                __data = .
 *(.data)
 .data          0x0000008000011000       0x18 setup.o
                0x0000008000011000                argc
                0x0000008000011008                argv
                0x0000008000011010                pwd_ptr
 .data          0x0000008000011018        0x0 crt0.o
 .data          0x0000008000011018        0x0 pci.o
 .data          0x0000008000011018        0x0 file.o
 .data          0x0000008000011018        0x0 cfs.o
 .data          0x0000008000011018        0x0 alloc.o
 .data          0x0000008000011018        0x0 pipe.o
 .data          0x0000008000011018        0x0 path.o
 .data          0x0000008000011018        0x0 socket.o
 .data          0x0000008000011018        0x0 inet.o
 .data          0x0000008000011018        0x0 communication.o
 .data          0x0000008000011018        0x0 sys_exit.o
 .data          0x0000008000011018        0x0 wait.o
 .data          0x0000008000011018        0x0 exectve.o
 *fill*         0x0000008000011018        0x8 
 .data          0x0000008000011020      0x500 dns.o
                0x0000008000011020                dns_servers
 .data          0x0000008000011520        0x0 pthread.o
 .data          0x0000008000011520        0x0 gui.o
 .data          0x0000008000011520     0x1000 font8x16.o
                0x0000008000011520                font8x16
 .data          0x0000008000012520        0x0 window.o
 .data          0x0000008000012520        0x0 bmp.o
 .data          0x0000008000012520      0x240 font.o
                0x0000008000012520                A__
 .data          0x0000008000012760        0x0 border.o
 .data          0x0000008000012760        0x0 libterm.o
 .data          0x0000008000012760        0x0 memcmp.o
 .data          0x0000008000012760        0x0 memcpy.o
 .data          0x0000008000012760        0x0 memset.o
 .data          0x0000008000012760        0x0 strcasecmp.o
 .data          0x0000008000012760        0x0 strcat.o
 .data          0x0000008000012760        0x0 strchr.o
 .data          0x0000008000012760        0x0 strcmp.o
 .data          0x0000008000012760        0x0 strcpy.o
 .data          0x0000008000012760        0x0 strcspn.o
 .data          0x0000008000012760        0x0 string.o
 .data          0x0000008000012760        0x0 strlen.o
 .data          0x0000008000012760        0x0 strncasecmp.o
 .data          0x0000008000012760        0x0 strncmp.o
 .data          0x0000008000012760        0x0 strncpy.o
 .data          0x0000008000012760        0x0 strpbrk.o
 .data          0x0000008000012760        0x0 strrchr.o
 .data          0x0000008000012760        0x0 strsep.o
 .data          0x0000008000012760        0x0 strspn.o
 .data          0x0000008000012760        0x0 strtok.o
 .data          0x0000008000012760        0x0 strstr.o
 .data          0x0000008000012760        0x0 strdup.o
 .data          0x0000008000012760        0x0 memmove.o
 .data          0x0000008000012760        0x0 strcoll.o
 .data          0x0000008000012760        0x0 strerror.o
 .data          0x0000008000012760        0x0 memchr.o
 .data          0x0000008000012760        0x0 ctype.o
 .data          0x0000008000012760        0x0 tolower.o
 .data          0x0000008000012760        0x0 toupper.o
 .data          0x0000008000012760        0x0 stdio.o
 .data          0x0000008000012760        0x0 fopen.o
 .data          0x0000008000012760        0x0 fclose.o
 .data          0x0000008000012760        0x0 fflush.o
 .data          0x0000008000012760        0x0 putc.o
 .data          0x0000008000012760        0x0 getc.o
 .data          0x0000008000012760        0x0 fputc.o
 .data          0x0000008000012760        0x0 fgetc.o
 .data          0x0000008000012760        0x0 fgets.o
 .data          0x0000008000012760        0x0 fputs.o
 .data          0x0000008000012760        0x0 fread.o
 .data          0x0000008000012760        0x0 fwrite.o
 .data          0x0000008000012760        0x0 remove.o
 .data          0x0000008000012760        0x0 rewind.o
 .data          0x0000008000012760        0x0 fseek.o
 .data          0x0000008000012760        0x0 feof.o
 .data          0x0000008000012760        0x0 ftell.o
 .data          0x0000008000012760        0x0 vfprintf.o
 .data          0x0000008000012760        0x0 fprintf.o
 .data          0x0000008000012760        0x0 vsprintf.o
 .data          0x0000008000012760        0x0 sprintf.o
 .data          0x0000008000012760        0x0 snprintf.o
 .data          0x0000008000012760        0x0 vsnprintf.o
 .data          0x0000008000012760        0x0 putchar.o
 .data          0x0000008000012760        0x0 puts.o
 .data          0x0000008000012760        0x0 printf.o
 .data          0x0000008000012760        0x0 sscanf.o
 .data          0x0000008000012760        0x0 perror.o
 .data          0x0000008000012760        0x0 vfscanf.o
 .data          0x0000008000012760        0x0 fscanf.o
 .data          0x0000008000012760        0x0 scanf.o
 .data          0x0000008000012760        0x0 ungetc.o
 .data          0x0000008000012760        0x0 getchar.o
 .data          0x0000008000012760        0x0 freopen.o
 .data          0x0000008000012760        0x0 tmpnam.o
 .data          0x0000008000012760        0x0 rename.o
 .data          0x0000008000012760        0x0 ferror.o
 .data          0x0000008000012760        0x0 setvbuf.o
 .data          0x0000008000012760        0x0 clearerr.o
 .data          0x0000008000012760        0x0 tmpfile.o
 .data          0x0000008000012760        0x0 itoa.o
 .data          0x0000008000012760        0x0 i2hex.o
 .data          0x0000008000012760        0x0 malloc.o
 .data          0x0000008000012760        0x0 calloc.o
 .data          0x0000008000012760        0x0 free.o
 .data          0x0000008000012760        0x0 realloc.o
 .data          0x0000008000012760        0x0 div.o
 .data          0x0000008000012760        0x0 ldiv.o
 .data          0x0000008000012760        0x0 lldiv.o
 .data          0x0000008000012760        0x0 strtol.o
 .data          0x0000008000012760        0x0 atoi.o
 .data          0x0000008000012760        0x0 atol.o
 .data          0x0000008000012760        0x0 strtoul.o
 .data          0x0000008000012760        0x0 exit.o
 .data          0x0000008000012760        0x0 getenv.o
 .data          0x0000008000012760        0x0 qsort.o
 .data          0x0000008000012760        0x0 system.o
 .data          0x0000008000012760        0x8 strtod.o
                0x0000008000012760                _infinity
 .data          0x0000008000012768        0x0 ftoa.o
 .data          0x0000008000012768        0x0 atof.o
 .data          0x0000008000012768        0x0 strtof.o
 .data          0x0000008000012768        0x0 strtold.o
 .data          0x0000008000012768        0x0 abs.o
 .data          0x0000008000012768        0x0 ltoa.o
 .data          0x0000008000012768        0x0 utoa.o
 .data          0x0000008000012768        0x0 srand.o
 .data          0x0000008000012768        0x0 rand.o
 .data          0x0000008000012768        0x0 abort.o
 .data          0x0000008000012768        0x0 errno.o
 .data          0x0000008000012768        0x0 time.o
 .data          0x0000008000012768        0x0 gmtime.o
 .data          0x0000008000012768        0x0 localtime.o
 .data          0x0000008000012768        0x0 strftime.o
 .data          0x0000008000012768        0x0 clock.o
 .data          0x0000008000012768        0x0 difftime.o
 .data          0x0000008000012768        0x0 mktime.o
 .data          0x0000008000012768        0x0 math.o
 .data          0x0000008000012768        0x0 pow.o
 .data          0x0000008000012768        0x0 sqrt.o
 .data          0x0000008000012768        0x0 atan.o
 .data          0x0000008000012768        0x0 acos.o
 .data          0x0000008000012768        0x0 asin.o
 .data          0x0000008000012768        0x0 sin.o
 .data          0x0000008000012768        0x0 tan.o
 .data          0x0000008000012768        0x0 cos.o
 .data          0x0000008000012768        0x0 floor.o
 .data          0x0000008000012768        0x0 ceil.o
 .data          0x0000008000012768        0x0 exp.o
 .data          0x0000008000012768        0x0 log.o
 .data          0x0000008000012768        0x0 fmax.o
 .data          0x0000008000012768        0x0 fmin.o
 .data          0x0000008000012768        0x0 fminf.o
 .data          0x0000008000012768        0x0 min.o
 .data          0x0000008000012768        0x0 max.o
 .data          0x0000008000012768        0x0 fabs.o
 .data          0x0000008000012768        0x0 log2.o
 .data          0x0000008000012768        0x0 modf.o
 .data          0x0000008000012768        0x0 locale.o
 .data          0x0000008000012768        0x0 signal.o
 *(.rodata)
 .rodata        0x0000008000012768     0x1614 pci.o
 *fill*         0x0000008000013d7c        0x4 
 .rodata        0x0000008000013d80       0x96 cfs.o
 .rodata        0x0000008000013e16       0x11 alloc.o
 .rodata        0x0000008000013e27        0x4 path.o
 *fill*         0x0000008000013e2b        0x5 
 .rodata        0x0000008000013e30       0x21 socket.o
 .rodata        0x0000008000013e51        0x3 inet.o
 .rodata        0x0000008000013e54       0x36 communication.o
 .rodata        0x0000008000013e8a       0x2e exectve.o
 .rodata        0x0000008000013eb8       0x56 dns.o
 .rodata        0x0000008000013f0e        0x6 window.o
 .rodata        0x0000008000013f14       0x40 bmp.o
 .rodata        0x0000008000013f54        0xb strerror.o
 *fill*         0x0000008000013f5f        0x1 
 .rodata        0x0000008000013f60      0x100 ctype.o
                0x0000008000013f60                _ctype
 .rodata        0x0000008000014060       0x11 stdio.o
 *fill*         0x0000008000014071        0x7 
 .rodata        0x0000008000014078      0x1f8 vfprintf.o
 .rodata        0x0000008000014270      0x200 vsprintf.o
 .rodata        0x0000008000014470       0x11 sscanf.o
 *fill*         0x0000008000014481        0x7 
 .rodata        0x0000008000014488      0x1f0 vfscanf.o
 .rodata        0x0000008000014678       0x12 freopen.o
 .rodata        0x000000800001468a        0x3 rename.o
 .rodata        0x000000800001468d        0xa ferror.o
 .rodata        0x0000008000014697        0xb setvbuf.o
 .rodata        0x00000080000146a2        0xc clearerr.o
 .rodata        0x00000080000146ae        0xb tmpfile.o
 .rodata        0x00000080000146b9        0x4 getenv.o
 .rodata        0x00000080000146bd       0x1d system.o
 *fill*         0x00000080000146da        0x6 
 .rodata        0x00000080000146e0       0x20 strtod.o
 .rodata        0x0000008000014700       0x28 ftoa.o
 .rodata        0x0000008000014728        0x8 difftime.o
 .rodata        0x0000008000014730        0x8 math.o
 .rodata        0x0000008000014738        0x8 atan.o
 .rodata        0x0000008000014740        0x8 acos.o
 .rodata        0x0000008000014748        0x8 asin.o
 .rodata        0x0000008000014750       0x90 sin.o
 .rodata        0x00000080000147e0       0x20 cos.o
 .rodata        0x0000008000014800        0x8 floor.o
 .rodata        0x0000008000014808        0x8 exp.o
 .rodata        0x0000008000014810       0x30 log.o
 .rodata        0x0000008000014840       0x20 fabs.o
 .rodata        0x0000008000014860        0x8 log2.o
 .rodata        0x0000008000014868       0x42 signal.o
                0x0000008000015000                . = ALIGN (0x1000)
 *fill*         0x00000080000148aa      0x756 

.got            0x0000008000015000       0x70
 .got           0x0000008000015000       0x70 setup.o

.got.plt        0x0000008000015070       0x18
 .got.plt       0x0000008000015070       0x18 setup.o
                0x0000008000015070                _GLOBAL_OFFSET_TABLE_

.igot.plt       0x0000008000015088        0x0
 .igot.plt      0x0000008000015088        0x0 setup.o

.data.rel.local
                0x00000080000150a0     0x1400
 .data.rel.local
                0x00000080000150a0     0x1400 pci.o
                0x00000080000150a0                pci_classes
                0x00000080000158a0                pci_class_names

.bss            0x00000080000164a0    0x10b60
                0x00000080000164a0                bss = .
                0x00000080000164a0                _bss = .
                0x00000080000164a0                __bss = .
 *(.bss)
 .bss           0x00000080000164a0        0x0 crt0.o
 .bss           0x00000080000164a0        0x0 pci.o
 .bss           0x00000080000164a0        0x0 file.o
 .bss           0x00000080000164a0        0x0 cfs.o
 .bss           0x00000080000164a0        0x0 alloc.o
 .bss           0x00000080000164a0        0x0 pipe.o
 .bss           0x00000080000164a0        0x0 path.o
 .bss           0x00000080000164a0        0x0 socket.o
 .bss           0x00000080000164a0        0x0 inet.o
 .bss           0x00000080000164a0        0x0 communication.o
 .bss           0x00000080000164a0        0x0 sys_exit.o
 .bss           0x00000080000164a0        0x0 wait.o
 .bss           0x00000080000164a0        0x0 exectve.o
 .bss           0x00000080000164a0        0x0 dns.o
 .bss           0x00000080000164a0        0x0 pthread.o
 .bss           0x00000080000164a0        0x0 gui.o
 .bss           0x00000080000164a0        0x0 font8x16.o
 .bss           0x00000080000164a0        0x0 window.o
 .bss           0x00000080000164a0        0x0 bmp.o
 .bss           0x00000080000164a0        0x0 font.o
 .bss           0x00000080000164a0        0x0 border.o
 .bss           0x00000080000164a0        0x0 libterm.o
 .bss           0x00000080000164a0        0x0 memcmp.o
 .bss           0x00000080000164a0        0x0 memcpy.o
 .bss           0x00000080000164a0        0x0 memset.o
 .bss           0x00000080000164a0        0x0 strcasecmp.o
 .bss           0x00000080000164a0        0x0 strcat.o
 .bss           0x00000080000164a0        0x0 strchr.o
 .bss           0x00000080000164a0        0x0 strcmp.o
 .bss           0x00000080000164a0        0x0 strcpy.o
 .bss           0x00000080000164a0        0x0 strcspn.o
 .bss           0x00000080000164a0        0x0 string.o
 .bss           0x00000080000164a0        0x0 strlen.o
 .bss           0x00000080000164a0        0x0 strncasecmp.o
 .bss           0x00000080000164a0        0x0 strncmp.o
 .bss           0x00000080000164a0        0x0 strncpy.o
 .bss           0x00000080000164a0        0x0 strpbrk.o
 .bss           0x00000080000164a0        0x0 strrchr.o
 .bss           0x00000080000164a0        0x0 strsep.o
 .bss           0x00000080000164a0        0x0 strspn.o
 .bss           0x00000080000164a0        0x8 strtok.o
 .bss           0x00000080000164a8        0x0 strstr.o
 .bss           0x00000080000164a8        0x0 strdup.o
 .bss           0x00000080000164a8        0x0 memmove.o
 .bss           0x00000080000164a8        0x0 strcoll.o
 .bss           0x00000080000164a8        0x0 strerror.o
 .bss           0x00000080000164a8        0x0 memchr.o
 .bss           0x00000080000164a8        0x0 ctype.o
 .bss           0x00000080000164a8        0x0 tolower.o
 .bss           0x00000080000164a8        0x0 toupper.o
 .bss           0x00000080000164a8        0x0 stdio.o
 .bss           0x00000080000164a8        0x0 fopen.o
 .bss           0x00000080000164a8        0x0 fclose.o
 .bss           0x00000080000164a8        0x0 fflush.o
 .bss           0x00000080000164a8        0x0 putc.o
 .bss           0x00000080000164a8        0x0 getc.o
 .bss           0x00000080000164a8        0x0 fputc.o
 .bss           0x00000080000164a8        0x0 fgetc.o
 .bss           0x00000080000164a8        0x0 fgets.o
 .bss           0x00000080000164a8        0x0 fputs.o
 .bss           0x00000080000164a8        0x0 fread.o
 .bss           0x00000080000164a8        0x0 fwrite.o
 .bss           0x00000080000164a8        0x0 remove.o
 .bss           0x00000080000164a8        0x0 rewind.o
 .bss           0x00000080000164a8        0x0 fseek.o
 .bss           0x00000080000164a8        0x0 feof.o
 .bss           0x00000080000164a8        0x0 ftell.o
 .bss           0x00000080000164a8        0x0 vfprintf.o
 .bss           0x00000080000164a8        0x0 fprintf.o
 .bss           0x00000080000164a8        0x0 vsprintf.o
 .bss           0x00000080000164a8        0x0 sprintf.o
 .bss           0x00000080000164a8        0x0 snprintf.o
 *fill*         0x00000080000164a8       0x18 
 .bss           0x00000080000164c0    0x10000 vsnprintf.o
 .bss           0x00000080000264c0        0x0 putchar.o
 .bss           0x00000080000264c0        0x0 puts.o
 .bss           0x00000080000264c0        0x0 printf.o
 .bss           0x00000080000264c0        0x0 sscanf.o
 .bss           0x00000080000264c0        0x0 perror.o
 .bss           0x00000080000264c0      0x200 vfscanf.o
 .bss           0x00000080000266c0        0x0 fscanf.o
 .bss           0x00000080000266c0        0x0 scanf.o
 .bss           0x00000080000266c0        0x0 ungetc.o
 .bss           0x00000080000266c0        0x0 getchar.o
 .bss           0x00000080000266c0        0x0 freopen.o
 .bss           0x00000080000266c0       0x60 tmpnam.o
 .bss           0x0000008000026720        0x0 rename.o
 .bss           0x0000008000026720        0x0 ferror.o
 .bss           0x0000008000026720        0x0 setvbuf.o
 .bss           0x0000008000026720        0x0 clearerr.o
 .bss           0x0000008000026720        0x0 tmpfile.o
 .bss           0x0000008000026720        0x0 itoa.o
 .bss           0x0000008000026720        0x0 i2hex.o
 .bss           0x0000008000026720        0x0 malloc.o
 .bss           0x0000008000026720        0x0 calloc.o
 .bss           0x0000008000026720        0x0 free.o
 .bss           0x0000008000026720        0x0 realloc.o
 .bss           0x0000008000026720        0x0 div.o
 .bss           0x0000008000026720        0x0 ldiv.o
 .bss           0x0000008000026720        0x0 lldiv.o
 .bss           0x0000008000026720        0x0 strtol.o
 .bss           0x0000008000026720        0x0 atoi.o
 .bss           0x0000008000026720        0x0 atol.o
 .bss           0x0000008000026720        0x0 strtoul.o
 .bss           0x0000008000026720        0x0 exit.o
 .bss           0x0000008000026720        0x0 getenv.o
 .bss           0x0000008000026720        0xc qsort.o
 .bss           0x000000800002672c        0x0 system.o
 .bss           0x000000800002672c        0x0 strtod.o
 .bss           0x000000800002672c        0x0 ftoa.o
 .bss           0x000000800002672c        0x0 atof.o
 .bss           0x000000800002672c        0x0 strtof.o
 .bss           0x000000800002672c        0x0 strtold.o
 .bss           0x000000800002672c        0x0 abs.o
 .bss           0x000000800002672c        0x0 ltoa.o
 .bss           0x000000800002672c        0x0 utoa.o
 .bss           0x000000800002672c        0x0 srand.o
 .bss           0x000000800002672c        0x0 rand.o
 .bss           0x000000800002672c        0x0 abort.o
 .bss           0x000000800002672c        0x0 errno.o
 .bss           0x000000800002672c        0x0 time.o
 .bss           0x000000800002672c        0x0 gmtime.o
 .bss           0x000000800002672c        0x0 localtime.o
 .bss           0x000000800002672c        0x0 strftime.o
 .bss           0x000000800002672c        0x0 clock.o
 .bss           0x000000800002672c        0x0 difftime.o
 .bss           0x000000800002672c        0x0 mktime.o
 .bss           0x000000800002672c        0x0 math.o
 .bss           0x000000800002672c        0x0 pow.o
 .bss           0x000000800002672c        0x0 sqrt.o
 .bss           0x000000800002672c        0x0 atan.o
 .bss           0x000000800002672c        0x0 acos.o
 .bss           0x000000800002672c        0x0 asin.o
 .bss           0x000000800002672c        0x0 sin.o
 .bss           0x000000800002672c        0x0 tan.o
 .bss           0x000000800002672c        0x0 cos.o
 .bss           0x000000800002672c        0x0 floor.o
 .bss           0x000000800002672c        0x0 ceil.o
 .bss           0x000000800002672c        0x0 exp.o
 .bss           0x000000800002672c        0x0 log.o
 .bss           0x000000800002672c        0x0 fmax.o
 .bss           0x000000800002672c        0x0 fmin.o
 .bss           0x000000800002672c        0x0 fminf.o
 .bss           0x000000800002672c        0x0 min.o
 .bss           0x000000800002672c        0x0 max.o
 .bss           0x000000800002672c        0x0 fabs.o
 .bss           0x000000800002672c        0x0 log2.o
 .bss           0x000000800002672c        0x0 modf.o
 .bss           0x000000800002672c        0x0 locale.o
 .bss           0x000000800002672c        0x0 signal.o
 *(COMMON)
 *fill*         0x000000800002672c        0x4 
 COMMON         0x0000008000026730       0x68 crt0.o
                0x0000008000026730                stdout
                0x0000008000026738                __tm
                0x0000008000026740                mouse2
                0x0000008000026748                __pipe__
                0x0000008000026750                user
                0x0000008000026758                stdin
                0x0000008000026760                obj_list
                0x0000008000026768                pwd
                0x0000008000026770                ptr_mouse2
                0x0000008000026778                stderr
                0x0000008000026780                mouse
                0x0000008000026788                __window
                0x0000008000026790                pipe_r
 *fill*         0x0000008000026798        0x8 
 COMMON         0x00000080000267a0      0x820 cfs.o
                0x00000080000267a0                fs_directory
                0x00000080000267c0                _BLK_
 COMMON         0x0000008000026fc0        0x8 libterm.o
                0x0000008000026fc0                term_bg_color
                0x0000008000026fc4                term_fg_color
 COMMON         0x0000008000026fc8        0x4 errno.o
                0x0000008000026fc8                errno
                0x0000008000027000                . = ALIGN (0x1000)
 *fill*         0x0000008000026fcc       0x34 

.eh_frame       0x0000008000027000     0x3000
                0x0000008000027000                eh_frame = .
 *(.eh_frame)
 .eh_frame      0x0000008000027000       0x48 crt0.o
 .eh_frame      0x0000008000027048       0x98 pci.o
                                         0xb0 (size before relaxing)
 .eh_frame      0x00000080000270e0      0x1f8 file.o
                                        0x210 (size before relaxing)
 .eh_frame      0x00000080000272d8      0x350 cfs.o
                                        0x368 (size before relaxing)
 .eh_frame      0x0000008000027628       0x60 alloc.o
                                         0x78 (size before relaxing)
 .eh_frame      0x0000008000027688       0x60 pipe.o
                                         0x78 (size before relaxing)
 .eh_frame      0x00000080000276e8       0xc8 path.o
                                         0xe0 (size before relaxing)
 .eh_frame      0x00000080000277b0      0x1a8 socket.o
                                        0x1c0 (size before relaxing)
 .eh_frame      0x0000008000027958       0xd0 inet.o
                                         0xe8 (size before relaxing)
 .eh_frame      0x0000008000027a28       0x70 communication.o
                                         0x88 (size before relaxing)
 .eh_frame      0x0000008000027a98       0x20 sys_exit.o
                                         0x38 (size before relaxing)
 .eh_frame      0x0000008000027ab8       0x20 wait.o
                                         0x38 (size before relaxing)
 .eh_frame      0x0000008000027ad8       0x30 exectve.o
                                         0x48 (size before relaxing)
 .eh_frame      0x0000008000027b08       0x90 dns.o
                                         0xa8 (size before relaxing)
 .eh_frame      0x0000008000027b98       0x68 pthread.o
                                         0x80 (size before relaxing)
 .eh_frame      0x0000008000027c00       0x48 gui.o
                                         0x60 (size before relaxing)
 .eh_frame      0x0000008000027c48      0x2b0 window.o
                                        0x2c8 (size before relaxing)
 .eh_frame      0x0000008000027ef8       0x58 bmp.o
                                         0x70 (size before relaxing)
 .eh_frame      0x0000008000027f50       0x28 font.o
                                         0x40 (size before relaxing)
 .eh_frame      0x0000008000027f78       0x30 border.o
                                         0x48 (size before relaxing)
 .eh_frame      0x0000008000027fa8       0x20 libterm.o
                                         0x38 (size before relaxing)
 .eh_frame      0x0000008000027fc8       0x20 memcmp.o
                                         0x38 (size before relaxing)
 .eh_frame      0x0000008000027fe8       0x20 memcpy.o
                                         0x38 (size before relaxing)
 .eh_frame      0x0000008000028008       0x20 memset.o
                                         0x38 (size before relaxing)
 .eh_frame      0x0000008000028028       0x28 strcasecmp.o
                                         0x40 (size before relaxing)
 .eh_frame      0x0000008000028050       0x28 strcat.o
                                         0x40 (size before relaxing)
 .eh_frame      0x0000008000028078       0x20 strchr.o
                                         0x38 (size before relaxing)
 .eh_frame      0x0000008000028098       0x20 strcmp.o
                                         0x38 (size before relaxing)
 .eh_frame      0x00000080000280b8       0x20 strcpy.o
                                         0x38 (size before relaxing)
 .eh_frame      0x00000080000280d8       0x48 strcspn.o
                                         0x60 (size before relaxing)
 .eh_frame      0x0000008000028120       0x20 strlen.o
                                         0x38 (size before relaxing)
 .eh_frame      0x0000008000028140       0x28 strncasecmp.o
                                         0x40 (size before relaxing)
 .eh_frame      0x0000008000028168       0x20 strncmp.o
                                         0x38 (size before relaxing)
 .eh_frame      0x0000008000028188       0x20 strncpy.o
                                         0x38 (size before relaxing)
 .eh_frame      0x00000080000281a8       0x28 strpbrk.o
                                         0x40 (size before relaxing)
 .eh_frame      0x00000080000281d0       0x28 strrchr.o
                                         0x40 (size before relaxing)
 .eh_frame      0x00000080000281f8       0x20 strsep.o
                                         0x38 (size before relaxing)
 .eh_frame      0x0000008000028218       0x20 strspn.o
                                         0x38 (size before relaxing)
 .eh_frame      0x0000008000028238       0x40 strtok.o
                                         0x58 (size before relaxing)
 .eh_frame      0x0000008000028278       0x28 strstr.o
                                         0x40 (size before relaxing)
 .eh_frame      0x00000080000282a0       0x28 strdup.o
                                         0x40 (size before relaxing)
 .eh_frame      0x00000080000282c8       0x20 memmove.o
                                         0x38 (size before relaxing)
 .eh_frame      0x00000080000282e8       0x28 strcoll.o
                                         0x40 (size before relaxing)
 .eh_frame      0x0000008000028310       0x20 strerror.o
                                         0x38 (size before relaxing)
 .eh_frame      0x0000008000028330       0x20 memchr.o
                                         0x38 (size before relaxing)
 .eh_frame      0x0000008000028350       0x20 tolower.o
                                         0x38 (size before relaxing)
 .eh_frame      0x0000008000028370       0x20 toupper.o
                                         0x38 (size before relaxing)
 .eh_frame      0x0000008000028390       0x28 stdio.o
                                         0x40 (size before relaxing)
 .eh_frame      0x00000080000283b8       0x28 fopen.o
                                         0x40 (size before relaxing)
 .eh_frame      0x00000080000283e0       0x28 fclose.o
                                         0x40 (size before relaxing)
 .eh_frame      0x0000008000028408       0x28 fflush.o
                                         0x40 (size before relaxing)
 .eh_frame      0x0000008000028430       0x28 putc.o
                                         0x40 (size before relaxing)
 .eh_frame      0x0000008000028458       0x28 getc.o
                                         0x40 (size before relaxing)
 .eh_frame      0x0000008000028480       0x28 fputc.o
                                         0x40 (size before relaxing)
 .eh_frame      0x00000080000284a8       0x28 fgetc.o
                                         0x40 (size before relaxing)
 .eh_frame      0x00000080000284d0       0x30 fgets.o
                                         0x48 (size before relaxing)
 .eh_frame      0x0000008000028500       0x28 fputs.o
                                         0x40 (size before relaxing)
 .eh_frame      0x0000008000028528       0x28 fread.o
                                         0x40 (size before relaxing)
 .eh_frame      0x0000008000028550       0x28 fwrite.o
                                         0x40 (size before relaxing)
 .eh_frame      0x0000008000028578       0x28 remove.o
                                         0x40 (size before relaxing)
 .eh_frame      0x00000080000285a0       0x28 rewind.o
                                         0x40 (size before relaxing)
 .eh_frame      0x00000080000285c8       0x28 fseek.o
                                         0x40 (size before relaxing)
 .eh_frame      0x00000080000285f0       0x20 feof.o
                                         0x38 (size before relaxing)
 .eh_frame      0x0000008000028610       0x28 ftell.o
                                         0x40 (size before relaxing)
 .eh_frame      0x0000008000028638       0x50 vfprintf.o
                                         0x68 (size before relaxing)
 .eh_frame      0x0000008000028688       0x28 fprintf.o
                                         0x40 (size before relaxing)
 .eh_frame      0x00000080000286b0       0x70 vsprintf.o
                                         0x88 (size before relaxing)
 .eh_frame      0x0000008000028720       0x28 sprintf.o
                                         0x40 (size before relaxing)
 .eh_frame      0x0000008000028748       0x28 snprintf.o
                                         0x40 (size before relaxing)
 .eh_frame      0x0000008000028770       0x28 vsnprintf.o
                                         0x40 (size before relaxing)
 .eh_frame      0x0000008000028798       0x28 putchar.o
                                         0x40 (size before relaxing)
 .eh_frame      0x00000080000287c0       0x28 puts.o
                                         0x40 (size before relaxing)
 .eh_frame      0x00000080000287e8       0x28 printf.o
                                         0x40 (size before relaxing)
 .eh_frame      0x0000008000028810       0x20 sscanf.o
                                         0x38 (size before relaxing)
 .eh_frame      0x0000008000028830       0x28 perror.o
                                         0x40 (size before relaxing)
 .eh_frame      0x0000008000028858       0xe8 vfscanf.o
                                        0x100 (size before relaxing)
 .eh_frame      0x0000008000028940       0x28 fscanf.o
                                         0x40 (size before relaxing)
 .eh_frame      0x0000008000028968       0x28 scanf.o
                                         0x40 (size before relaxing)
 .eh_frame      0x0000008000028990       0x20 ungetc.o
                                         0x38 (size before relaxing)
 .eh_frame      0x00000080000289b0       0x28 getchar.o
                                         0x40 (size before relaxing)
 .eh_frame      0x00000080000289d8       0x20 freopen.o
                                         0x38 (size before relaxing)
 .eh_frame      0x00000080000289f8       0x48 tmpnam.o
                                         0x60 (size before relaxing)
 .eh_frame      0x0000008000028a40       0x28 rename.o
                                         0x40 (size before relaxing)
 .eh_frame      0x0000008000028a68       0x20 ferror.o
                                         0x38 (size before relaxing)
 .eh_frame      0x0000008000028a88       0x20 setvbuf.o
                                         0x38 (size before relaxing)
 .eh_frame      0x0000008000028aa8       0x20 clearerr.o
                                         0x38 (size before relaxing)
 .eh_frame      0x0000008000028ac8       0x20 tmpfile.o
                                         0x38 (size before relaxing)
 .eh_frame      0x0000008000028ae8       0x20 itoa.o
                                         0x38 (size before relaxing)
 .eh_frame      0x0000008000028b08       0x30 i2hex.o
                                         0x48 (size before relaxing)
 .eh_frame      0x0000008000028b38       0x28 malloc.o
                                         0x40 (size before relaxing)
 .eh_frame      0x0000008000028b60       0x28 calloc.o
                                         0x40 (size before relaxing)
 .eh_frame      0x0000008000028b88       0x28 free.o
                                         0x40 (size before relaxing)
 .eh_frame      0x0000008000028bb0       0x28 realloc.o
                                         0x40 (size before relaxing)
 .eh_frame      0x0000008000028bd8       0x20 div.o
                                         0x38 (size before relaxing)
 .eh_frame      0x0000008000028bf8       0x20 ldiv.o
                                         0x38 (size before relaxing)
 .eh_frame      0x0000008000028c18       0x20 lldiv.o
                                         0x38 (size before relaxing)
 .eh_frame      0x0000008000028c38       0x20 strtol.o
                                         0x38 (size before relaxing)
 .eh_frame      0x0000008000028c58       0x28 atoi.o
                                         0x40 (size before relaxing)
 .eh_frame      0x0000008000028c80       0x28 atol.o
                                         0x40 (size before relaxing)
 .eh_frame      0x0000008000028ca8       0x38 strtoul.o
                                         0x50 (size before relaxing)
 .eh_frame      0x0000008000028ce0       0x28 exit.o
                                         0x40 (size before relaxing)
 .eh_frame      0x0000008000028d08       0x28 getenv.o
                                         0x40 (size before relaxing)
 .eh_frame      0x0000008000028d30       0x98 qsort.o
                                         0xb0 (size before relaxing)
 .eh_frame      0x0000008000028dc8       0x28 system.o
                                         0x40 (size before relaxing)
 .eh_frame      0x0000008000028df0       0x20 strtod.o
                                         0x38 (size before relaxing)
 .eh_frame      0x0000008000028e10       0x50 ftoa.o
                                         0x68 (size before relaxing)
 .eh_frame      0x0000008000028e60       0x28 atof.o
                                         0x40 (size before relaxing)
 .eh_frame      0x0000008000028e88       0x28 strtof.o
                                         0x40 (size before relaxing)
 .eh_frame      0x0000008000028eb0       0x28 strtold.o
                                         0x40 (size before relaxing)
 .eh_frame      0x0000008000028ed8       0x20 abs.o
                                         0x38 (size before relaxing)
 .eh_frame      0x0000008000028ef8       0x48 ltoa.o
                                         0x60 (size before relaxing)
 .eh_frame      0x0000008000028f40       0x48 utoa.o
                                         0x60 (size before relaxing)
 .eh_frame      0x0000008000028f88       0x20 srand.o
                                         0x38 (size before relaxing)
 .eh_frame      0x0000008000028fa8       0x20 rand.o
                                         0x38 (size before relaxing)
 .eh_frame      0x0000008000028fc8       0x28 abort.o
                                         0x40 (size before relaxing)
 .eh_frame      0x0000008000028ff0       0x20 time.o
                                         0x38 (size before relaxing)
 .eh_frame      0x0000008000029010       0x20 gmtime.o
                                         0x38 (size before relaxing)
 .eh_frame      0x0000008000029030       0x20 localtime.o
                                         0x38 (size before relaxing)
 .eh_frame      0x0000008000029050       0x20 strftime.o
                                         0x38 (size before relaxing)
 .eh_frame      0x0000008000029070       0x20 clock.o
                                         0x38 (size before relaxing)
 .eh_frame      0x0000008000029090       0x20 difftime.o
                                         0x38 (size before relaxing)
 .eh_frame      0x00000080000290b0       0x20 mktime.o
                                         0x38 (size before relaxing)
 .eh_frame      0x00000080000290d0       0xe0 math.o
                                         0xf8 (size before relaxing)
 .eh_frame      0x00000080000291b0       0x20 pow.o
                                         0x38 (size before relaxing)
 .eh_frame      0x00000080000291d0       0x20 sqrt.o
                                         0x38 (size before relaxing)
 .eh_frame      0x00000080000291f0       0x20 atan.o
                                         0x38 (size before relaxing)
 .eh_frame      0x0000008000029210       0x20 acos.o
                                         0x38 (size before relaxing)
 .eh_frame      0x0000008000029230       0x20 asin.o
                                         0x38 (size before relaxing)
 .eh_frame      0x0000008000029250       0x50 sin.o
                                         0x68 (size before relaxing)
 .eh_frame      0x00000080000292a0       0x28 tan.o
                                         0x40 (size before relaxing)
 .eh_frame      0x00000080000292c8       0x28 cos.o
                                         0x40 (size before relaxing)
 .eh_frame      0x00000080000292f0       0x20 floor.o
                                         0x38 (size before relaxing)
 .eh_frame      0x0000008000029310       0x20 ceil.o
                                         0x38 (size before relaxing)
 .eh_frame      0x0000008000029330       0x28 exp.o
                                         0x40 (size before relaxing)
 .eh_frame      0x0000008000029358       0x20 log.o
                                         0x38 (size before relaxing)
 .eh_frame      0x0000008000029378       0x20 fmax.o
                                         0x38 (size before relaxing)
 .eh_frame      0x0000008000029398       0x20 fmin.o
                                         0x38 (size before relaxing)
 .eh_frame      0x00000080000293b8       0x20 fminf.o
                                         0x38 (size before relaxing)
 .eh_frame      0x00000080000293d8       0x20 min.o
                                         0x38 (size before relaxing)
 .eh_frame      0x00000080000293f8       0x20 max.o
                                         0x38 (size before relaxing)
 .eh_frame      0x0000008000029418       0x20 fabs.o
                                         0x38 (size before relaxing)
 .eh_frame      0x0000008000029438       0x20 log2.o
                                         0x38 (size before relaxing)
 .eh_frame      0x0000008000029458       0x20 modf.o
                                         0x38 (size before relaxing)
 .eh_frame      0x0000008000029478       0x20 locale.o
                                         0x38 (size before relaxing)
 .eh_frame      0x0000008000029498       0x38 signal.o
                                         0x50 (size before relaxing)
                0x000000800002a000                . = ALIGN (0x1000)
 *fill*         0x00000080000294d0      0xb30 
                0x000000800002a000                end = .
                0x000000800002a000                _end = .
                0x000000800002a000                __end = .
LOAD setup.o
LOAD crt0.o
LOAD pci.o
LOAD file.o
LOAD cfs.o
LOAD alloc.o
LOAD pipe.o
LOAD path.o
LOAD socket.o
LOAD inet.o
LOAD communication.o
LOAD sys_exit.o
LOAD wait.o
LOAD exectve.o
LOAD dns.o
LOAD pthread.o
LOAD gui.o
LOAD font8x16.o
LOAD window.o
LOAD bmp.o
LOAD font.o
LOAD border.o
LOAD libterm.o
LOAD memcmp.o
LOAD memcpy.o
LOAD memset.o
LOAD strcasecmp.o
LOAD strcat.o
LOAD strchr.o
LOAD strcmp.o
LOAD strcpy.o
LOAD strcspn.o
LOAD string.o
LOAD strlen.o
LOAD strncasecmp.o
LOAD strncmp.o
LOAD strncpy.o
LOAD strpbrk.o
LOAD strrchr.o
LOAD strsep.o
LOAD strspn.o
LOAD strtok.o
LOAD strstr.o
LOAD strdup.o
LOAD memmove.o
LOAD strcoll.o
LOAD strerror.o
LOAD memchr.o
LOAD ctype.o
LOAD tolower.o
LOAD toupper.o
LOAD stdio.o
LOAD fopen.o
LOAD fclose.o
LOAD fflush.o
LOAD putc.o
LOAD getc.o
LOAD fputc.o
LOAD fgetc.o
LOAD fgets.o
LOAD fputs.o
LOAD fread.o
LOAD fwrite.o
LOAD remove.o
LOAD rewind.o
LOAD fseek.o
LOAD feof.o
LOAD ftell.o
LOAD vfprintf.o
LOAD fprintf.o
LOAD vsprintf.o
LOAD sprintf.o
LOAD snprintf.o
LOAD vsnprintf.o
LOAD putchar.o
LOAD puts.o
LOAD printf.o
LOAD sscanf.o
LOAD perror.o
LOAD vfscanf.o
LOAD fscanf.o
LOAD scanf.o
LOAD ungetc.o
LOAD getchar.o
LOAD freopen.o
LOAD tmpnam.o
LOAD rename.o
LOAD ferror.o
LOAD setvbuf.o
LOAD clearerr.o
LOAD tmpfile.o
LOAD itoa.o
LOAD i2hex.o
LOAD malloc.o
LOAD calloc.o
LOAD free.o
LOAD realloc.o
LOAD div.o
LOAD ldiv.o
LOAD lldiv.o
LOAD strtol.o
LOAD atoi.o
LOAD atol.o
LOAD strtoul.o
LOAD exit.o
LOAD getenv.o
LOAD qsort.o
LOAD system.o
LOAD strtod.o
LOAD ftoa.o
LOAD atof.o
LOAD strtof.o
LOAD strtold.o
LOAD abs.o
LOAD ltoa.o
LOAD utoa.o
LOAD srand.o
LOAD rand.o
LOAD abort.o
LOAD errno.o
LOAD time.o
LOAD gmtime.o
LOAD localtime.o
LOAD strftime.o
LOAD clock.o
LOAD difftime.o
LOAD mktime.o
LOAD math.o
LOAD pow.o
LOAD sqrt.o
LOAD atan.o
LOAD acos.o
LOAD asin.o
LOAD sin.o
LOAD tan.o
LOAD cos.o
LOAD floor.o
LOAD ceil.o
LOAD exp.o
LOAD log.o
LOAD fmax.o
LOAD fmin.o
LOAD fminf.o
LOAD min.o
LOAD max.o
LOAD fabs.o
LOAD lbm.o
LOAD log2.o
LOAD modf.o
LOAD locale.o
LOAD signal.o
LOAD setjmp.o
LOAD longjmp.o
OUTPUT(pci.bin elf64-x86-64)

.rela.dyn       0x000000800002a000        0x0
 .rela.got      0x000000800002a000        0x0 setup.o
 .rela.iplt     0x000000800002a000        0x0 setup.o
 .rela.text     0x000000800002a000        0x0 setup.o

.comment        0x0000000000000000       0x2b
 .comment       0x0000000000000000       0x2b crt0.o
                                         0x2c (size before relaxing)
 .comment       0x000000000000002b       0x2c pci.o
 .comment       0x000000000000002b       0x2c file.o
 .comment       0x000000000000002b       0x2c cfs.o
 .comment       0x000000000000002b       0x2c alloc.o
 .comment       0x000000000000002b       0x2c pipe.o
 .comment       0x000000000000002b       0x2c path.o
 .comment       0x000000000000002b       0x2c socket.o
 .comment       0x000000000000002b       0x2c inet.o
 .comment       0x000000000000002b       0x2c communication.o
 .comment       0x000000000000002b       0x2c sys_exit.o
 .comment       0x000000000000002b       0x2c wait.o
 .comment       0x000000000000002b       0x2c exectve.o
 .comment       0x000000000000002b       0x2c dns.o
 .comment       0x000000000000002b       0x2c pthread.o
 .comment       0x000000000000002b       0x2c gui.o
 .comment       0x000000000000002b       0x2c font8x16.o
 .comment       0x000000000000002b       0x2c window.o
 .comment       0x000000000000002b       0x2c bmp.o
 .comment       0x000000000000002b       0x2c font.o
 .comment       0x000000000000002b       0x2c border.o
 .comment       0x000000000000002b       0x2c libterm.o
 .comment       0x000000000000002b       0x2c memcmp.o
 .comment       0x000000000000002b       0x2c memcpy.o
 .comment       0x000000000000002b       0x2c memset.o
 .comment       0x000000000000002b       0x2c strcasecmp.o
 .comment       0x000000000000002b       0x2c strcat.o
 .comment       0x000000000000002b       0x2c strchr.o
 .comment       0x000000000000002b       0x2c strcmp.o
 .comment       0x000000000000002b       0x2c strcpy.o
 .comment       0x000000000000002b       0x2c strcspn.o
 .comment       0x000000000000002b       0x2c string.o
 .comment       0x000000000000002b       0x2c strlen.o
 .comment       0x000000000000002b       0x2c strncasecmp.o
 .comment       0x000000000000002b       0x2c strncmp.o
 .comment       0x000000000000002b       0x2c strncpy.o
 .comment       0x000000000000002b       0x2c strpbrk.o
 .comment       0x000000000000002b       0x2c strrchr.o
 .comment       0x000000000000002b       0x2c strsep.o
 .comment       0x000000000000002b       0x2c strspn.o
 .comment       0x000000000000002b       0x2c strtok.o
 .comment       0x000000000000002b       0x2c strstr.o
 .comment       0x000000000000002b       0x2c strdup.o
 .comment       0x000000000000002b       0x2c memmove.o
 .comment       0x000000000000002b       0x2c strcoll.o
 .comment       0x000000000000002b       0x2c strerror.o
 .comment       0x000000000000002b       0x2c memchr.o
 .comment       0x000000000000002b       0x2c ctype.o
 .comment       0x000000000000002b       0x2c tolower.o
 .comment       0x000000000000002b       0x2c toupper.o
 .comment       0x000000000000002b       0x2c stdio.o
 .comment       0x000000000000002b       0x2c fopen.o
 .comment       0x000000000000002b       0x2c fclose.o
 .comment       0x000000000000002b       0x2c fflush.o
 .comment       0x000000000000002b       0x2c putc.o
 .comment       0x000000000000002b       0x2c getc.o
 .comment       0x000000000000002b       0x2c fputc.o
 .comment       0x000000000000002b       0x2c fgetc.o
 .comment       0x000000000000002b       0x2c fgets.o
 .comment       0x000000000000002b       0x2c fputs.o
 .comment       0x000000000000002b       0x2c fread.o
 .comment       0x000000000000002b       0x2c fwrite.o
 .comment       0x000000000000002b       0x2c remove.o
 .comment       0x000000000000002b       0x2c rewind.o
 .comment       0x000000000000002b       0x2c fseek.o
 .comment       0x000000000000002b       0x2c feof.o
 .comment       0x000000000000002b       0x2c ftell.o
 .comment       0x000000000000002b       0x2c vfprintf.o
 .comment       0x000000000000002b       0x2c fprintf.o
 .comment       0x000000000000002b       0x2c vsprintf.o
 .comment       0x000000000000002b       0x2c sprintf.o
 .comment       0x000000000000002b       0x2c snprintf.o
 .comment       0x000000000000002b       0x2c vsnprintf.o
 .comment       0x000000000000002b       0x2c putchar.o
 .comment       0x000000000000002b       0x2c puts.o
 .comment       0x000000000000002b       0x2c printf.o
 .comment       0x000000000000002b       0x2c sscanf.o
 .comment       0x000000000000002b       0x2c perror.o
 .comment       0x000000000000002b       0x2c vfscanf.o
 .comment       0x000000000000002b       0x2c fscanf.o
 .comment       0x000000000000002b       0x2c scanf.o
 .comment       0x000000000000002b       0x2c ungetc.o
 .comment       0x000000000000002b       0x2c getchar.o
 .comment       0x000000000000002b       0x2c freopen.o
 .comment       0x000000000000002b       0x2c tmpnam.o
 .comment       0x000000000000002b       0x2c rename.o
 .comment       0x000000000000002b       0x2c ferror.o
 .comment       0x000000000000002b       0x2c setvbuf.o
 .comment       0x000000000000002b       0x2c clearerr.o
 .comment       0x000000000000002b       0x2c tmpfile.o
 .comment       0x000000000000002b       0x2c itoa.o
 .comment       0x000000000000002b       0x2c i2hex.o
 .comment       0x000000000000002b       0x2c malloc.o
 .comment       0x000000000000002b       0x2c calloc.o
 .comment       0x000000000000002b       0x2c free.o
 .comment       0x000000000000002b       0x2c realloc.o
 .comment       0x000000000000002b       0x2c div.o
 .comment       0x000000000000002b       0x2c ldiv.o
 .comment       0x000000000000002b       0x2c lldiv.o
 .comment       0x000000000000002b       0x2c strtol.o
 .comment       0x000000000000002b       0x2c atoi.o
 .comment       0x000000000000002b       0x2c atol.o
 .comment       0x000000000000002b       0x2c strtoul.o
 .comment       0x000000000000002b       0x2c exit.o
 .comment       0x000000000000002b       0x2c getenv.o
 .comment       0x000000000000002b       0x2c qsort.o
 .comment       0x000000000000002b       0x2c system.o
 .comment       0x000000000000002b       0x2c strtod.o
 .comment       0x000000000000002b       0x2c ftoa.o
 .comment       0x000000000000002b       0x2c atof.o
 .comment       0x000000000000002b       0x2c strtof.o
 .comment       0x000000000000002b       0x2c strtold.o
 .comment       0x000000000000002b       0x2c abs.o
 .comment       0x000000000000002b       0x2c ltoa.o
 .comment       0x000000000000002b       0x2c utoa.o
 .comment       0x000000000000002b       0x2c srand.o
 .comment       0x000000000000002b       0x2c rand.o
 .comment       0x000000000000002b       0x2c abort.o
 .comment       0x000000000000002b       0x2c errno.o
 .comment       0x000000000000002b       0x2c time.o
 .comment       0x000000000000002b       0x2c gmtime.o
 .comment       0x000000000000002b       0x2c localtime.o
 .comment       0x000000000000002b       0x2c strftime.o
 .comment       0x000000000000002b       0x2c clock.o
 .comment       0x000000000000002b       0x2c difftime.o
 .comment       0x000000000000002b       0x2c mktime.o
 .comment       0x000000000000002b       0x2c math.o
 .comment       0x000000000000002b       0x2c pow.o
 .comment       0x000000000000002b       0x2c sqrt.o
 .comment       0x000000000000002b       0x2c atan.o
 .comment       0x000000000000002b       0x2c acos.o
 .comment       0x000000000000002b       0x2c asin.o
 .comment       0x000000000000002b       0x2c sin.o
 .comment       0x000000000000002b       0x2c tan.o
 .comment       0x000000000000002b       0x2c cos.o
 .comment       0x000000000000002b       0x2c floor.o
 .comment       0x000000000000002b       0x2c ceil.o
 .comment       0x000000000000002b       0x2c exp.o
 .comment       0x000000000000002b       0x2c log.o
 .comment       0x000000000000002b       0x2c fmax.o
 .comment       0x000000000000002b       0x2c fmin.o
 .comment       0x000000000000002b       0x2c fminf.o
 .comment       0x000000000000002b       0x2c min.o
 .comment       0x000000000000002b       0x2c max.o
 .comment       0x000000000000002b       0x2c fabs.o
 .comment       0x000000000000002b       0x2c log2.o
 .comment       0x000000000000002b       0x2c modf.o
 .comment       0x000000000000002b       0x2c locale.o
 .comment       0x000000000000002b       0x2c signal.o

.note.GNU-stack
                0x0000000000000000        0x0
 .note.GNU-stack
                0x0000000000000000        0x0 crt0.o
 .note.GNU-stack
                0x0000000000000000        0x0 pci.o
 .note.GNU-stack
                0x0000000000000000        0x0 file.o
 .note.GNU-stack
                0x0000000000000000        0x0 cfs.o
 .note.GNU-stack
                0x0000000000000000        0x0 alloc.o
 .note.GNU-stack
                0x0000000000000000        0x0 pipe.o
 .note.GNU-stack
                0x0000000000000000        0x0 path.o
 .note.GNU-stack
                0x0000000000000000        0x0 socket.o
 .note.GNU-stack
                0x0000000000000000        0x0 inet.o
 .note.GNU-stack
                0x0000000000000000        0x0 communication.o
 .note.GNU-stack
                0x0000000000000000        0x0 sys_exit.o
 .note.GNU-stack
                0x0000000000000000        0x0 wait.o
 .note.GNU-stack
                0x0000000000000000        0x0 exectve.o
 .note.GNU-stack
                0x0000000000000000        0x0 dns.o
 .note.GNU-stack
                0x0000000000000000        0x0 pthread.o
 .note.GNU-stack
                0x0000000000000000        0x0 gui.o
 .note.GNU-stack
                0x0000000000000000        0x0 font8x16.o
 .note.GNU-stack
                0x0000000000000000        0x0 window.o
 .note.GNU-stack
                0x0000000000000000        0x0 bmp.o
 .note.GNU-stack
                0x0000000000000000        0x0 font.o
 .note.GNU-stack
                0x0000000000000000        0x0 border.o
 .note.GNU-stack
                0x0000000000000000        0x0 libterm.o
 .note.GNU-stack
                0x0000000000000000        0x0 memcmp.o
 .note.GNU-stack
                0x0000000000000000        0x0 memcpy.o
 .note.GNU-stack
                0x0000000000000000        0x0 memset.o
 .note.GNU-stack
                0x0000000000000000        0x0 strcasecmp.o
 .note.GNU-stack
                0x0000000000000000        0x0 strcat.o
 .note.GNU-stack
                0x0000000000000000        0x0 strchr.o
 .note.GNU-stack
                0x0000000000000000        0x0 strcmp.o
 .note.GNU-stack
                0x0000000000000000        0x0 strcpy.o
 .note.GNU-stack
                0x0000000000000000        0x0 strcspn.o
 .note.GNU-stack
                0x0000000000000000        0x0 string.o
 .note.GNU-stack
                0x0000000000000000        0x0 strlen.o
 .note.GNU-stack
                0x0000000000000000        0x0 strncasecmp.o
 .note.GNU-stack
                0x0000000000000000        0x0 strncmp.o
 .note.GNU-stack
                0x0000000000000000        0x0 strncpy.o
 .note.GNU-stack
                0x0000000000000000        0x0 strpbrk.o
 .note.GNU-stack
                0x0000000000000000        0x0 strrchr.o
 .note.GNU-stack
                0x0000000000000000        0x0 strsep.o
 .note.GNU-stack
                0x0000000000000000        0x0 strspn.o
 .note.GNU-stack
                0x0000000000000000        0x0 strtok.o
 .note.GNU-stack
                0x0000000000000000        0x0 strstr.o
 .note.GNU-stack
                0x0000000000000000        0x0 strdup.o
 .note.GNU-stack
                0x0000000000000000        0x0 memmove.o
 .note.GNU-stack
                0x0000000000000000        0x0 strcoll.o
 .note.GNU-stack
                0x0000000000000000        0x0 strerror.o
 .note.GNU-stack
                0x0000000000000000        0x0 memchr.o
 .note.GNU-stack
                0x0000000000000000        0x0 ctype.o
 .note.GNU-stack
                0x0000000000000000        0x0 tolower.o
 .note.GNU-stack
                0x0000000000000000        0x0 toupper.o
 .note.GNU-stack
                0x0000000000000000        0x0 stdio.o
 .note.GNU-stack
                0x0000000000000000        0x0 fopen.o
 .note.GNU-stack
                0x0000000000000000        0x0 fclose.o
 .note.GNU-stack
                0x0000000000000000        0x0 fflush.o
 .note.GNU-stack
                0x0000000000000000        0x0 putc.o
 .note.GNU-stack
                0x0000000000000000        0x0 getc.o
 .note.GNU-stack
                0x0000000000000000        0x0 fputc.o
 .note.GNU-stack
                0x0000000000000000        0x0 fgetc.o
 .note.GNU-stack
                0x0000000000000000        0x0 fgets.o
 .note.GNU-stack
                0x0000000000000000        0x0 fputs.o
 .note.GNU-stack
                0x0000000000000000        0x0 fread.o
 .note.GNU-stack
                0x0000000000000000        0x0 fwrite.o
 .note.GNU-stack
                0x0000000000000000        0x0 remove.o
 .note.GNU-stack
                0x0000000000000000        0x0 rewind.o
 .note.GNU-stack
                0x0000000000000000        0x0 fseek.o
 .note.GNU-stack
                0x0000000000000000        0x0 feof.o
 .note.GNU-stack
                0x0000000000000000        0x0 ftell.o
 .note.GNU-stack
                0x0000000000000000        0x0 vfprintf.o
 .note.GNU-stack
                0x0000000000000000        0x0 fprintf.o
 .note.GNU-stack
                0x0000000000000000        0x0 vsprintf.o
 .note.GNU-stack
                0x0000000000000000        0x0 sprintf.o
 .note.GNU-stack
                0x0000000000000000        0x0 snprintf.o
 .note.GNU-stack
                0x0000000000000000        0x0 vsnprintf.o
 .note.GNU-stack
                0x0000000000000000        0x0 putchar.o
 .note.GNU-stack
                0x0000000000000000        0x0 puts.o
 .note.GNU-stack
                0x0000000000000000        0x0 printf.o
 .note.GNU-stack
                0x0000000000000000        0x0 sscanf.o
 .note.GNU-stack
                0x0000000000000000        0x0 perror.o
 .note.GNU-stack
                0x0000000000000000        0x0 vfscanf.o
 .note.GNU-stack
                0x0000000000000000        0x0 fscanf.o
 .note.GNU-stack
                0x0000000000000000        0x0 scanf.o
 .note.GNU-stack
                0x0000000000000000        0x0 ungetc.o
 .note.GNU-stack
                0x0000000000000000        0x0 getchar.o
 .note.GNU-stack
                0x0000000000000000        0x0 freopen.o
 .note.GNU-stack
                0x0000000000000000        0x0 tmpnam.o
 .note.GNU-stack
                0x0000000000000000        0x0 rename.o
 .note.GNU-stack
                0x0000000000000000        0x0 ferror.o
 .note.GNU-stack
                0x0000000000000000        0x0 setvbuf.o
 .note.GNU-stack
                0x0000000000000000        0x0 clearerr.o
 .note.GNU-stack
                0x0000000000000000        0x0 tmpfile.o
 .note.GNU-stack
                0x0000000000000000        0x0 itoa.o
 .note.GNU-stack
                0x0000000000000000        0x0 i2hex.o
 .note.GNU-stack
                0x0000000000000000        0x0 malloc.o
 .note.GNU-stack
                0x0000000000000000        0x0 calloc.o
 .note.GNU-stack
                0x0000000000000000        0x0 free.o
 .note.GNU-stack
                0x0000000000000000        0x0 realloc.o
 .note.GNU-stack
                0x0000000000000000        0x0 div.o
 .note.GNU-stack
                0x0000000000000000        0x0 ldiv.o
 .note.GNU-stack
                0x0000000000000000        0x0 lldiv.o
 .note.GNU-stack
                0x0000000000000000        0x0 strtol.o
 .note.GNU-stack
                0x0000000000000000        0x0 atoi.o
 .note.GNU-stack
                0x0000000000000000        0x0 atol.o
 .note.GNU-stack
                0x0000000000000000        0x0 strtoul.o
 .note.GNU-stack
                0x0000000000000000        0x0 exit.o
 .note.GNU-stack
                0x0000000000000000        0x0 getenv.o
 .note.GNU-stack
                0x0000000000000000        0x0 qsort.o
 .note.GNU-stack
                0x0000000000000000        0x0 system.o
 .note.GNU-stack
                0x0000000000000000        0x0 strtod.o
 .note.GNU-stack
                0x0000000000000000        0x0 ftoa.o
 .note.GNU-stack
                0x0000000000000000        0x0 atof.o
 .note.GNU-stack
                0x0000000000000000        0x0 strtof.o
 .note.GNU-stack
                0x0000000000000000        0x0 strtold.o
 .note.GNU-stack
                0x0000000000000000        0x0 abs.o
 .note.GNU-stack
                0x0000000000000000        0x0 ltoa.o
 .note.GNU-stack
                0x0000000000000000        0x0 utoa.o
 .note.GNU-stack
                0x0000000000000000        0x0 srand.o
 .note.GNU-stack
                0x0000000000000000        0x0 rand.o
 .note.GNU-stack
                0x0000000000000000        0x0 abort.o
 .note.GNU-stack
                0x0000000000000000        0x0 errno.o
 .note.GNU-stack
                0x0000000000000000        0x0 time.o
 .note.GNU-stack
                0x0000000000000000        0x0 gmtime.o
 .note.GNU-stack
                0x0000000000000000        0x0 localtime.o
 .note.GNU-stack
                0x0000000000000000        0x0 strftime.o
 .note.GNU-stack
                0x0000000000000000        0x0 clock.o
 .note.GNU-stack
                0x0000000000000000        0x0 difftime.o
 .note.GNU-stack
                0x0000000000000000        0x0 mktime.o
 .note.GNU-stack
                0x0000000000000000        0x0 math.o
 .note.GNU-stack
                0x0000000000000000        0x0 pow.o
 .note.GNU-stack
                0x0000000000000000        0x0 sqrt.o
 .note.GNU-stack
                0x0000000000000000        0x0 atan.o
 .note.GNU-stack
                0x0000000000000000        0x0 acos.o
 .note.GNU-stack
                0x0000000000000000        0x0 asin.o
 .note.GNU-stack
                0x0000000000000000        0x0 sin.o
 .note.GNU-stack
                0x0000000000000000        0x0 tan.o
 .note.GNU-stack
                0x0000000000000000        0x0 cos.o
 .note.GNU-stack
                0x0000000000000000        0x0 floor.o
 .note.GNU-stack
                0x0000000000000000        0x0 ceil.o
 .note.GNU-stack
                0x0000000000000000        0x0 exp.o
 .note.GNU-stack
                0x0000000000000000        0x0 log.o
 .note.GNU-stack
                0x0000000000000000        0x0 fmax.o
 .note.GNU-stack
                0x0000000000000000        0x0 fmin.o
 .note.GNU-stack
                0x0000000000000000        0x0 fminf.o
 .note.GNU-stack
                0x0000000000000000        0x0 min.o
 .note.GNU-stack
                0x0000000000000000        0x0 max.o
 .note.GNU-stack
                0x0000000000000000        0x0 fabs.o
 .note.GNU-stack
                0x0000000000000000        0x0 log2.o
 .note.GNU-stack
                0x0000000000000000        0x0 modf.o
 .note.GNU-stack
                0x0000000000000000        0x0 locale.o
 .note.GNU-stack
                0x0000000000000000        0x0 signal.o
